[transformers] Model config: bos_token_id must be `None` or an integer within the vocabulary (between 0 and 31999), got 49406. This may result in unexpected behavior.
[transformers] Model config: eos_token_id must be `None` or an integer within the vocabulary (between 0 and 31999), got 49407. This may result in unexpected behavior.
Loading weights:   0%|          | 0/408 [00:00<?, ?it/s]Loading weights: 100%|██████████| 408/408 [00:00<00:00, 10588.01it/s]
00:10.768  render           | Saved: '/tmp/clearvla_eval_glass_45586.png'
00:11.444  render           | Saved: '/tmp/clearvla_eval_glass_45586.png'
/Users/yogyamehrotra/miniconda3/envs/clearvla/lib/python3.11/site-packages/transformers/image_processing_backends.py:135: UserWarning: The given NumPy array is not writable, and PyTorch does not support non-writable tensors. This means writing to this tensor will result in undefined behavior. You may want to copy the array to protect its data or make it writable before converting it to a tensor. This type of warning will be suppressed for the rest of this program. (Triggered internally at /Users/runner/work/pytorch/pytorch/torch/csrc/utils/tensor_numpy.cpp:219.)
  image = torch.from_numpy(image).contiguous()
00:12.964  render           | Saved: '/tmp/clearvla_eval_glass_45586.png'
00:13.360  render           | Saved: '/tmp/clearvla_eval_glass_45586.png'
00:13.888  render           | Saved: '/tmp/clearvla_eval_glass_45586.png'
00:14.333  render           | Saved: '/tmp/clearvla_eval_glass_45586.png'
00:15.533  render           | Saved: '/tmp/clearvla_eval_glass_45586.png'
00:16.119  render           | Saved: '/tmp/clearvla_eval_glass_45586.png'
00:19.233  render           | Saved: '/tmp/clearvla_eval_glass_45586.png'
00:20.382  render           | Saved: '/tmp/clearvla_eval_glass_45586.png'
00:27.348  render           | Saved: '/tmp/clearvla_eval_glass_45586.png'
00:27.977  render           | Saved: '/tmp/clearvla_eval_glass_45586.png'
00:29.933  render           | Saved: '/tmp/clearvla_eval_glass_45586.png'
00:30.710  render           | Saved: '/tmp/clearvla_eval_glass_45586.png'
00:32.028  render           | Saved: '/tmp/clearvla_eval_glass_45586.png'
00:33.262  render           | Saved: '/tmp/clearvla_eval_glass_45586.png'
00:35.462  render           | Saved: '/tmp/clearvla_eval_glass_45586.png'
00:37.288  render           | Saved: '/tmp/clearvla_eval_glass_45586.png'
00:39.960  render           | Saved: '/tmp/clearvla_eval_glass_45586.png'
00:40.652  render           | Saved: '/tmp/clearvla_eval_glass_45586.png'
00:41.846  render           | Saved: '/tmp/clearvla_eval_glass_45586.png'
00:42.874  render           | Saved: '/tmp/clearvla_eval_glass_45586.png'
00:45.287  render           | Saved: '/tmp/clearvla_eval_glass_45586.png'
00:46.558  render           | Saved: '/tmp/clearvla_eval_glass_45586.png'
00:49.277  render           | Saved: '/tmp/clearvla_eval_glass_45586.png'
00:50.653  render           | Saved: '/tmp/clearvla_eval_glass_45586.png'
00:51.962  render           | Saved: '/tmp/clearvla_eval_glass_45586.png'
00:52.741  render           | Saved: '/tmp/clearvla_eval_glass_45586.png'
00:55.173  render           | Saved: '/tmp/clearvla_eval_glass_45586.png'
00:55.976  render           | Saved: '/tmp/clearvla_eval_glass_45586.png'
00:57.069  render           | Saved: '/tmp/clearvla_eval_glass_45586.png'
00:57.763  render           | Saved: '/tmp/clearvla_eval_glass_45586.png'
00:59.110  render           | Saved: '/tmp/clearvla_eval_glass_45586.png'
00:59.885  render           | Saved: '/tmp/clearvla_eval_glass_45586.png'
01:02.244  render           | Saved: '/tmp/clearvla_eval_glass_45586.png'
01:04.101  render           | Saved: '/tmp/clearvla_eval_glass_45586.png'
01:07.297  render           | Saved: '/tmp/clearvla_eval_glass_45586.png'
01:08.290  render           | Saved: '/tmp/clearvla_eval_glass_45586.png'
01:09.704  render           | Saved: '/tmp/clearvla_eval_glass_45586.png'
01:11.408  render           | Saved: '/tmp/clearvla_eval_glass_45586.png'
01:18.402  render           | Saved: '/tmp/clearvla_eval_glass_45586.png'
01:20.551  render           | Saved: '/tmp/clearvla_eval_glass_45586.png'
01:27.629  render           | Saved: '/tmp/clearvla_eval_glass_45586.png'
01:28.984  render           | Saved: '/tmp/clearvla_eval_glass_45586.png'
01:35.117  render           | Saved: '/tmp/clearvla_eval_glass_45586.png'
01:36.845  render           | Saved: '/tmp/clearvla_eval_glass_45586.png'
01:40.939  render           | Saved: '/tmp/clearvla_eval_glass_45586.png'
01:42.087  render           | Saved: '/tmp/clearvla_eval_glass_45586.png'
01:45.217  render           | Saved: '/tmp/clearvla_eval_glass_45586.png'
01:46.672  render           | Saved: '/tmp/clearvla_eval_glass_45586.png'
01:47.631  render           | Saved: '/tmp/clearvla_eval_glass_45586.png'
01:48.060  render           | Saved: '/tmp/clearvla_eval_glass_45586.png'
01:48.711  render           | Saved: '/tmp/clearvla_eval_glass_45586.png'
01:49.288  render           | Saved: '/tmp/clearvla_eval_glass_45586.png'
01:50.735  render           | Saved: '/tmp/clearvla_eval_glass_45586.png'
01:51.347  render           | Saved: '/tmp/clearvla_eval_glass_45586.png'
01:52.051  render           | Saved: '/tmp/clearvla_eval_glass_45586.png'
01:52.692  render           | Saved: '/tmp/clearvla_eval_glass_45586.png'
01:53.447  render           | Saved: '/tmp/clearvla_eval_glass_45586.png'
01:54.121  render           | Saved: '/tmp/clearvla_eval_glass_45586.png'
01:54.871  render           | Saved: '/tmp/clearvla_eval_glass_45586.png'
01:55.512  render           | Saved: '/tmp/clearvla_eval_glass_45586.png'
01:56.249  render           | Saved: '/tmp/clearvla_eval_glass_45586.png'
01:56.939  render           | Saved: '/tmp/clearvla_eval_glass_45586.png'
01:57.797  render           | Saved: '/tmp/clearvla_eval_glass_45586.png'
01:58.989  render           | Saved: '/tmp/clearvla_eval_glass_45586.png'
02:00.291  render           | Saved: '/tmp/clearvla_eval_glass_45586.png'
02:00.946  render           | Saved: '/tmp/clearvla_eval_glass_45586.png'
02:01.930  render           | Saved: '/tmp/clearvla_eval_glass_45586.png'
02:02.766  render           | Saved: '/tmp/clearvla_eval_glass_45586.png'
02:03.563  render           | Saved: '/tmp/clearvla_eval_glass_45586.png'
02:04.208  render           | Saved: '/tmp/clearvla_eval_glass_45586.png'
02:04.950  render           | Saved: '/tmp/clearvla_eval_glass_45586.png'
02:05.497  render           | Saved: '/tmp/clearvla_eval_glass_45586.png'
02:06.191  render           | Saved: '/tmp/clearvla_eval_glass_45586.png'
02:06.782  render           | Saved: '/tmp/clearvla_eval_glass_45586.png'
02:09.737  render           | Saved: '/tmp/clearvla_eval_glass_45586.png'
02:10.348  render           | Saved: '/tmp/clearvla_eval_glass_45586.png'
02:11.831  render           | Saved: '/tmp/clearvla_eval_glass_45586.png'
02:12.455  render           | Saved: '/tmp/clearvla_eval_glass_45586.png'
02:13.516  render           | Saved: '/tmp/clearvla_eval_glass_45586.png'
02:14.263  render           | Saved: '/tmp/clearvla_eval_glass_45586.png'
02:15.403  render           | Saved: '/tmp/clearvla_eval_glass_45586.png'
02:15.939  render           | Saved: '/tmp/clearvla_eval_glass_45586.png'
02:16.607  render           | Saved: '/tmp/clearvla_eval_glass_45586.png'
02:17.176  render           | Saved: '/tmp/clearvla_eval_glass_45586.png'
02:18.067  render           | Saved: '/tmp/clearvla_eval_glass_45586.png'
02:18.584  render           | Saved: '/tmp/clearvla_eval_glass_45586.png'
02:19.244  render           | Saved: '/tmp/clearvla_eval_glass_45586.png'
02:19.753  render           | Saved: '/tmp/clearvla_eval_glass_45586.png'
02:20.430  render           | Saved: '/tmp/clearvla_eval_glass_45586.png'
02:21.257  render           | Saved: '/tmp/clearvla_eval_glass_45586.png'
02:22.794  render           | Saved: '/tmp/clearvla_eval_glass_45586.png'
02:23.327  render           | Saved: '/tmp/clearvla_eval_glass_45586.png'
02:24.733  render           | Saved: '/tmp/clearvla_eval_glass_45586.png'
02:25.225  render           | Saved: '/tmp/clearvla_eval_glass_45586.png'
02:26.085  render           | Saved: '/tmp/clearvla_eval_glass_45586.png'
02:26.673  render           | Saved: '/tmp/clearvla_eval_glass_45586.png'
02:27.347  render           | Saved: '/tmp/clearvla_eval_glass_45586.png'
02:27.889  render           | Saved: '/tmp/clearvla_eval_glass_45586.png'
02:28.601  render           | Saved: '/tmp/clearvla_eval_glass_45586.png'
02:29.190  render           | Saved: '/tmp/clearvla_eval_glass_45586.png'
02:29.950  render           | Saved: '/tmp/clearvla_eval_glass_45586.png'
02:30.599  render           | Saved: '/tmp/clearvla_eval_glass_45586.png'
02:31.269  render           | Saved: '/tmp/clearvla_eval_glass_45586.png'
02:31.842  render           | Saved: '/tmp/clearvla_eval_glass_45586.png'
02:32.553  render           | Saved: '/tmp/clearvla_eval_glass_45586.png'
02:33.154  render           | Saved: '/tmp/clearvla_eval_glass_45586.png'
02:33.891  render           | Saved: '/tmp/clearvla_eval_glass_45586.png'
02:34.563  render           | Saved: '/tmp/clearvla_eval_glass_45586.png'
02:35.302  render           | Saved: '/tmp/clearvla_eval_glass_45586.png'
02:35.942  render           | Saved: '/tmp/clearvla_eval_glass_45586.png'
02:36.674  render           | Saved: '/tmp/clearvla_eval_glass_45586.png'
02:37.344  render           | Saved: '/tmp/clearvla_eval_glass_45586.png'
02:38.336  render           | Saved: '/tmp/clearvla_eval_glass_45586.png'
02:39.027  render           | Saved: '/tmp/clearvla_eval_glass_45586.png'
02:40.538  render           | Saved: '/tmp/clearvla_eval_glass_45586.png'
02:41.113  render           | Saved: '/tmp/clearvla_eval_glass_45586.png'
02:41.927  render           | Saved: '/tmp/clearvla_eval_glass_45586.png'
02:42.739  render           | Saved: '/tmp/clearvla_eval_glass_45586.png'
02:43.650  render           | Saved: '/tmp/clearvla_eval_glass_45586.png'
02:44.271  render           | Saved: '/tmp/clearvla_eval_glass_45586.png'
02:45.425  render           | Saved: '/tmp/clearvla_eval_glass_45586.png'
02:46.137  render           | Saved: '/tmp/clearvla_eval_glass_45586.png'
02:47.108  render           | Saved: '/tmp/clearvla_eval_glass_45586.png'
02:47.563  render           | Saved: '/tmp/clearvla_eval_glass_45586.png'
02:48.058  render           | Saved: '/tmp/clearvla_eval_glass_45586.png'
02:48.644  render           | Saved: '/tmp/clearvla_eval_glass_45586.png'
02:49.370  render           | Saved: '/tmp/clearvla_eval_glass_45586.png'
02:49.951  render           | Saved: '/tmp/clearvla_eval_glass_45586.png'
02:50.692  render           | Saved: '/tmp/clearvla_eval_glass_45586.png'
02:51.320  render           | Saved: '/tmp/clearvla_eval_glass_45586.png'
02:52.186  render           | Saved: '/tmp/clearvla_eval_glass_45586.png'
02:52.946  render           | Saved: '/tmp/clearvla_eval_glass_45586.png'
02:53.944  render           | Saved: '/tmp/clearvla_eval_glass_45586.png'
02:54.546  render           | Saved: '/tmp/clearvla_eval_glass_45586.png'
02:55.294  render           | Saved: '/tmp/clearvla_eval_glass_45586.png'
02:55.822  render           | Saved: '/tmp/clearvla_eval_glass_45586.png'
02:56.504  render           | Saved: '/tmp/clearvla_eval_glass_45586.png'
02:57.017  render           | Saved: '/tmp/clearvla_eval_glass_45586.png'
02:57.732  render           | Saved: '/tmp/clearvla_eval_glass_45586.png'
02:58.198  render           | Saved: '/tmp/clearvla_eval_glass_45586.png'
02:58.765  render           | Saved: '/tmp/clearvla_eval_glass_45586.png'
02:59.276  render           | Saved: '/tmp/clearvla_eval_glass_45586.png'
02:59.896  render           | Saved: '/tmp/clearvla_eval_glass_45586.png'
03:00.346  render           | Saved: '/tmp/clearvla_eval_glass_45586.png'
03:01.358  render           | Saved: '/tmp/clearvla_eval_glass_45586.png'
03:01.929  render           | Saved: '/tmp/clearvla_eval_glass_45586.png'
03:02.909  render           | Saved: '/tmp/clearvla_eval_glass_45586.png'
03:03.809  render           | Saved: '/tmp/clearvla_eval_glass_45586.png'
03:04.463  render           | Saved: '/tmp/clearvla_eval_glass_45586.png'
03:05.129  render           | Saved: '/tmp/clearvla_eval_glass_45586.png'
03:08.331  render           | Saved: '/tmp/clearvla_eval_glass_45586.png'
03:09.024  render           | Saved: '/tmp/clearvla_eval_glass_45586.png'
03:10.113  render           | Saved: '/tmp/clearvla_eval_glass_45586.png'
03:10.760  render           | Saved: '/tmp/clearvla_eval_glass_45586.png'
03:11.552  render           | Saved: '/tmp/clearvla_eval_glass_45586.png'
03:12.231  render           | Saved: '/tmp/clearvla_eval_glass_45586.png'
03:12.933  render           | Saved: '/tmp/clearvla_eval_glass_45586.png'
03:13.598  render           | Saved: '/tmp/clearvla_eval_glass_45586.png'
03:14.296  render           | Saved: '/tmp/clearvla_eval_glass_45586.png'
03:15.005  render           | Saved: '/tmp/clearvla_eval_glass_45586.png'
03:15.910  render           | Saved: '/tmp/clearvla_eval_glass_45586.png'
03:16.562  render           | Saved: '/tmp/clearvla_eval_glass_45586.png'
03:17.421  render           | Saved: '/tmp/clearvla_eval_glass_45586.png'
03:18.100  render           | Saved: '/tmp/clearvla_eval_glass_45586.png'
03:19.383  render           | Saved: '/tmp/clearvla_eval_glass_45586.png'
03:20.519  render           | Saved: '/tmp/clearvla_eval_glass_45586.png'
03:21.503  render           | Saved: '/tmp/clearvla_eval_glass_45586.png'
03:22.060  render           | Saved: '/tmp/clearvla_eval_glass_45586.png'
03:22.881  render           | Saved: '/tmp/clearvla_eval_glass_45586.png'
03:23.706  render           | Saved: '/tmp/clearvla_eval_glass_45586.png'
03:24.561  render           | Saved: '/tmp/clearvla_eval_glass_45586.png'
03:25.326  render           | Saved: '/tmp/clearvla_eval_glass_45586.png'
03:26.641  render           | Saved: '/tmp/clearvla_eval_glass_45586.png'
03:28.347  render           | Saved: '/tmp/clearvla_eval_glass_45586.png'
03:30.284  render           | Saved: '/tmp/clearvla_eval_glass_45586.png'
03:30.984  render           | Saved: '/tmp/clearvla_eval_glass_45586.png'
03:34.669  render           | Saved: '/tmp/clearvla_eval_glass_45586.png'
03:35.369  render           | Saved: '/tmp/clearvla_eval_glass_45586.png'
03:36.144  render           | Saved: '/tmp/clearvla_eval_glass_45586.png'
03:36.855  render           | Saved: '/tmp/clearvla_eval_glass_45586.png'
03:37.680  render           | Saved: '/tmp/clearvla_eval_glass_45586.png'
03:38.445  render           | Saved: '/tmp/clearvla_eval_glass_45586.png'
03:39.502  render           | Saved: '/tmp/clearvla_eval_glass_45586.png'
03:40.156  render           | Saved: '/tmp/clearvla_eval_glass_45586.png'
03:41.031  render           | Saved: '/tmp/clearvla_eval_glass_45586.png'
03:41.700  render           | Saved: '/tmp/clearvla_eval_glass_45586.png'
03:42.601  render           | Saved: '/tmp/clearvla_eval_glass_45586.png'
03:43.445  render           | Saved: '/tmp/clearvla_eval_glass_45586.png'
03:44.738  render           | Saved: '/tmp/clearvla_eval_glass_45586.png'
03:45.415  render           | Saved: '/tmp/clearvla_eval_glass_45586.png'
03:46.337  render           | Saved: '/tmp/clearvla_eval_glass_45586.png'
03:47.001  render           | Saved: '/tmp/clearvla_eval_glass_45586.png'
03:47.909  render           | Saved: '/tmp/clearvla_eval_glass_45586.png'
03:48.612  render           | Saved: '/tmp/clearvla_eval_glass_45586.png'
03:49.433  render           | Saved: '/tmp/clearvla_eval_glass_45586.png'
03:50.169  render           | Saved: '/tmp/clearvla_eval_glass_45586.png'
03:50.987  render           | Saved: '/tmp/clearvla_eval_glass_45586.png'
03:51.707  render           | Saved: '/tmp/clearvla_eval_glass_45586.png'
03:52.708  render           | Saved: '/tmp/clearvla_eval_glass_45586.png'
03:53.446  render           | Saved: '/tmp/clearvla_eval_glass_45586.png'
03:54.408  render           | Saved: '/tmp/clearvla_eval_glass_45586.png'
03:55.085  render           | Saved: '/tmp/clearvla_eval_glass_45586.png'
03:56.021  render           | Saved: '/tmp/clearvla_eval_glass_45586.png'
03:56.684  render           | Saved: '/tmp/clearvla_eval_glass_45586.png'
03:57.524  render           | Saved: '/tmp/clearvla_eval_glass_45586.png'
03:58.282  render           | Saved: '/tmp/clearvla_eval_glass_45586.png'
03:59.274  render           | Saved: '/tmp/clearvla_eval_glass_45586.png'
04:00.007  render           | Saved: '/tmp/clearvla_eval_glass_45586.png'
04:00.923  render           | Saved: '/tmp/clearvla_eval_glass_45586.png'
04:01.627  render           | Saved: '/tmp/clearvla_eval_glass_45586.png'
04:02.391  render           | Saved: '/tmp/clearvla_eval_glass_45586.png'
04:03.003  render           | Saved: '/tmp/clearvla_eval_glass_45586.png'
04:03.736  render           | Saved: '/tmp/clearvla_eval_glass_45586.png'
04:05.252  render           | Saved: '/tmp/clearvla_eval_glass_45586.png'
04:06.189  render           | Saved: '/tmp/clearvla_eval_glass_45586.png'
04:07.064  render           | Saved: '/tmp/clearvla_eval_glass_45586.png'
04:07.939  render           | Saved: '/tmp/clearvla_eval_glass_45586.png'
04:08.550  render           | Saved: '/tmp/clearvla_eval_glass_45586.png'
04:09.938  render           | Saved: '/tmp/clearvla_eval_glass_45586.png'
04:10.553  render           | Saved: '/tmp/clearvla_eval_glass_45586.png'
04:11.281  render           | Saved: '/tmp/clearvla_eval_glass_45586.png'
04:11.752  render           | Saved: '/tmp/clearvla_eval_glass_45586.png'
04:12.795  render           | Saved: '/tmp/clearvla_eval_glass_45586.png'
04:13.559  render           | Saved: '/tmp/clearvla_eval_glass_45586.png'
04:14.718  render           | Saved: '/tmp/clearvla_eval_glass_45586.png'
04:15.271  render           | Saved: '/tmp/clearvla_eval_glass_45586.png'
04:18.207  render           | Saved: '/tmp/clearvla_eval_glass_45586.png'
04:18.973  render           | Saved: '/tmp/clearvla_eval_glass_45586.png'
04:20.146  render           | Saved: '/tmp/clearvla_eval_glass_45586.png'
04:20.837  render           | Saved: '/tmp/clearvla_eval_glass_45586.png'
04:21.836  render           | Saved: '/tmp/clearvla_eval_glass_45586.png'
04:22.811  render           | Saved: '/tmp/clearvla_eval_glass_45586.png'
04:25.723  render           | Saved: '/tmp/clearvla_eval_glass_45586.png'
04:26.378  render           | Saved: '/tmp/clearvla_eval_glass_45586.png'
04:27.589  render           | Saved: '/tmp/clearvla_eval_glass_45586.png'
04:28.239  render           | Saved: '/tmp/clearvla_eval_glass_45586.png'
04:29.194  render           | Saved: '/tmp/clearvla_eval_glass_45586.png'
04:29.823  render           | Saved: '/tmp/clearvla_eval_glass_45586.png'
04:30.588  render           | Saved: '/tmp/clearvla_eval_glass_45586.png'
04:31.256  render           | Saved: '/tmp/clearvla_eval_glass_45586.png'
04:32.143  render           | Saved: '/tmp/clearvla_eval_glass_45586.png'
04:32.917  render           | Saved: '/tmp/clearvla_eval_glass_45586.png'
04:33.985  render           | Saved: '/tmp/clearvla_eval_glass_45586.png'
04:34.567  render           | Saved: '/tmp/clearvla_eval_glass_45586.png'
04:35.355  render           | Saved: '/tmp/clearvla_eval_glass_45586.png'
04:35.984  render           | Saved: '/tmp/clearvla_eval_glass_45586.png'
04:36.740  render           | Saved: '/tmp/clearvla_eval_glass_45586.png'
04:37.411  render           | Saved: '/tmp/clearvla_eval_glass_45586.png'
04:38.219  render           | Saved: '/tmp/clearvla_eval_glass_45586.png'
04:38.950  render           | Saved: '/tmp/clearvla_eval_glass_45586.png'
04:39.725  render           | Saved: '/tmp/clearvla_eval_glass_45586.png'
04:40.351  render           | Saved: '/tmp/clearvla_eval_glass_45586.png'
04:41.108  render           | Saved: '/tmp/clearvla_eval_glass_45586.png'
04:41.760  render           | Saved: '/tmp/clearvla_eval_glass_45586.png'
04:43.023  render           | Saved: '/tmp/clearvla_eval_glass_45586.png'
04:43.700  render           | Saved: '/tmp/clearvla_eval_glass_45586.png'
04:44.943  render           | Saved: '/tmp/clearvla_eval_glass_45586.png'
04:45.725  render           | Saved: '/tmp/clearvla_eval_glass_45586.png'
04:46.859  render           | Saved: '/tmp/clearvla_eval_glass_45586.png'
04:47.531  render           | Saved: '/tmp/clearvla_eval_glass_45586.png'
04:48.276  render           | Saved: '/tmp/clearvla_eval_glass_45586.png'
04:48.907  render           | Saved: '/tmp/clearvla_eval_glass_45586.png'
04:49.671  render           | Saved: '/tmp/clearvla_eval_glass_45586.png'
04:50.968  render           | Saved: '/tmp/clearvla_eval_glass_45586.png'
04:52.924  render           | Saved: '/tmp/clearvla_eval_glass_45586.png'
04:53.499  render           | Saved: '/tmp/clearvla_eval_glass_45586.png'
04:55.306  render           | Saved: '/tmp/clearvla_eval_glass_45586.png'
04:56.156  render           | Saved: '/tmp/clearvla_eval_glass_45586.png'
04:56.983  render           | Saved: '/tmp/clearvla_eval_glass_45586.png'
04:57.404  render           | Saved: '/tmp/clearvla_eval_glass_45586.png'
04:57.835  render           | Saved: '/tmp/clearvla_eval_glass_45586.png'
04:58.182  render           | Saved: '/tmp/clearvla_eval_glass_45586.png'
04:58.666  render           | Saved: '/tmp/clearvla_eval_glass_45586.png'
04:59.034  render           | Saved: '/tmp/clearvla_eval_glass_45586.png'
04:59.483  render           | Saved: '/tmp/clearvla_eval_glass_45586.png'
04:59.900  render           | Saved: '/tmp/clearvla_eval_glass_45586.png'
05:00.360  render           | Saved: '/tmp/clearvla_eval_glass_45586.png'
05:00.726  render           | Saved: '/tmp/clearvla_eval_glass_45586.png'
05:01.178  render           | Saved: '/tmp/clearvla_eval_glass_45586.png'
05:01.545  render           | Saved: '/tmp/clearvla_eval_glass_45586.png'
05:02.019  render           | Saved: '/tmp/clearvla_eval_glass_45586.png'
05:02.399  render           | Saved: '/tmp/clearvla_eval_glass_45586.png'
05:02.892  render           | Saved: '/tmp/clearvla_eval_glass_45586.png'
05:03.236  render           | Saved: '/tmp/clearvla_eval_glass_45586.png'
05:03.634  render           | Saved: '/tmp/clearvla_eval_glass_45586.png'
05:03.979  render           | Saved: '/tmp/clearvla_eval_glass_45586.png'
05:04.385  render           | Saved: '/tmp/clearvla_eval_glass_45586.png'
05:05.085  render           | Saved: '/tmp/clearvla_eval_glass_45586.png'
05:05.502  render           | Saved: '/tmp/clearvla_eval_glass_45586.png'
05:05.843  render           | Saved: '/tmp/clearvla_eval_glass_45586.png'
05:06.238  render           | Saved: '/tmp/clearvla_eval_glass_45586.png'
05:06.571  render           | Saved: '/tmp/clearvla_eval_glass_45586.png'
05:06.962  render           | Saved: '/tmp/clearvla_eval_glass_45586.png'
05:07.296  render           | Saved: '/tmp/clearvla_eval_glass_45586.png'
05:07.697  render           | Saved: '/tmp/clearvla_eval_glass_45586.png'
05:08.036  render           | Saved: '/tmp/clearvla_eval_glass_45586.png'
05:08.438  render           | Saved: '/tmp/clearvla_eval_glass_45586.png'
05:09.117  render           | Saved: '/tmp/clearvla_eval_glass_45586.png'
05:09.748  render           | Saved: '/tmp/clearvla_eval_glass_45586.png'
05:10.122  render           | Saved: '/tmp/clearvla_eval_glass_45586.png'
05:10.651  render           | Saved: '/tmp/clearvla_eval_glass_45586.png'
05:11.046  render           | Saved: '/tmp/clearvla_eval_glass_45586.png'
05:12.953  render           | Saved: '/tmp/clearvla_eval_glass_45586.png'
05:13.312  render           | Saved: '/tmp/clearvla_eval_glass_45586.png'
05:14.001  render           | Saved: '/tmp/clearvla_eval_glass_45586.png'
05:14.413  render           | Saved: '/tmp/clearvla_eval_glass_45586.png'
05:15.206  render           | Saved: '/tmp/clearvla_eval_glass_45586.png'
05:15.613  render           | Saved: '/tmp/clearvla_eval_glass_45586.png'
05:16.104  render           | Saved: '/tmp/clearvla_eval_glass_45586.png'
05:16.503  render           | Saved: '/tmp/clearvla_eval_glass_45586.png'
05:16.936  render           | Saved: '/tmp/clearvla_eval_glass_45586.png'
05:17.284  render           | Saved: '/tmp/clearvla_eval_glass_45586.png'
05:17.717  render           | Saved: '/tmp/clearvla_eval_glass_45586.png'
05:18.085  render           | Saved: '/tmp/clearvla_eval_glass_45586.png'
05:18.540  render           | Saved: '/tmp/clearvla_eval_glass_45586.png'
05:19.236  render           | Saved: '/tmp/clearvla_eval_glass_45586.png'
05:19.794  render           | Saved: '/tmp/clearvla_eval_glass_45586.png'
05:20.148  render           | Saved: '/tmp/clearvla_eval_glass_45586.png'
05:20.575  render           | Saved: '/tmp/clearvla_eval_glass_45586.png'
05:20.938  render           | Saved: '/tmp/clearvla_eval_glass_45586.png'
05:21.446  render           | Saved: '/tmp/clearvla_eval_glass_45586.png'
05:22.156  render           | Saved: '/tmp/clearvla_eval_glass_45586.png'
05:22.910  render           | Saved: '/tmp/clearvla_eval_glass_45586.png'
05:23.436  render           | Saved: '/tmp/clearvla_eval_glass_45586.png'
05:24.135  render           | Saved: '/tmp/clearvla_eval_glass_45586.png'
05:24.746  render           | Saved: '/tmp/clearvla_eval_glass_45586.png'
05:25.750  render           | Saved: '/tmp/clearvla_eval_glass_45586.png'
05:26.302  render           | Saved: '/tmp/clearvla_eval_glass_45586.png'
05:28.156  render           | Saved: '/tmp/clearvla_eval_glass_45586.png'
05:28.684  render           | Saved: '/tmp/clearvla_eval_glass_45586.png'
05:29.331  render           | Saved: '/tmp/clearvla_eval_glass_45586.png'
05:29.787  render           | Saved: '/tmp/clearvla_eval_glass_45586.png'
05:30.294  render           | Saved: '/tmp/clearvla_eval_glass_45586.png'
05:31.354  render           | Saved: '/tmp/clearvla_eval_glass_45586.png'
05:33.507  render           | Saved: '/tmp/clearvla_eval_glass_45586.png'
05:34.358  render           | Saved: '/tmp/clearvla_eval_glass_45586.png'
05:37.940  render           | Saved: '/tmp/clearvla_eval_glass_45586.png'
05:38.481  render           | Saved: '/tmp/clearvla_eval_glass_45586.png'
05:39.038  render           | Saved: '/tmp/clearvla_eval_glass_45586.png'
05:39.528  render           | Saved: '/tmp/clearvla_eval_glass_45586.png'
05:40.815  render           | Saved: '/tmp/clearvla_eval_glass_45586.png'
05:41.353  render           | Saved: '/tmp/clearvla_eval_glass_45586.png'
05:41.983  render           | Saved: '/tmp/clearvla_eval_glass_45586.png'
05:42.451  render           | Saved: '/tmp/clearvla_eval_glass_45586.png'
05:43.035  render           | Saved: '/tmp/clearvla_eval_glass_45586.png'
05:43.510  render           | Saved: '/tmp/clearvla_eval_glass_45586.png'
05:44.584  render           | Saved: '/tmp/clearvla_eval_glass_45586.png'
05:45.159  render           | Saved: '/tmp/clearvla_eval_glass_45586.png'
05:45.709  render           | Saved: '/tmp/clearvla_eval_glass_45586.png'
05:46.861  render           | Saved: '/tmp/clearvla_eval_glass_45586.png'
05:50.851  render           | Saved: '/tmp/clearvla_eval_glass_45586.png'
05:51.633  render           | Saved: '/tmp/clearvla_eval_glass_45586.png'
05:52.719  render           | Saved: '/tmp/clearvla_eval_glass_45586.png'
05:53.222  render           | Saved: '/tmp/clearvla_eval_glass_45586.png'
05:54.018  render           | Saved: '/tmp/clearvla_eval_glass_45586.png'
05:54.460  render           | Saved: '/tmp/clearvla_eval_glass_45586.png'
05:55.674  render           | Saved: '/tmp/clearvla_eval_glass_45586.png'
05:56.235  render           | Saved: '/tmp/clearvla_eval_glass_45586.png'
05:56.932  render           | Saved: '/tmp/clearvla_eval_glass_45586.png'
05:57.396  render           | Saved: '/tmp/clearvla_eval_glass_45586.png'
05:58.660  render           | Saved: '/tmp/clearvla_eval_glass_45586.png'
05:59.197  render           | Saved: '/tmp/clearvla_eval_glass_45586.png'
05:59.938  render           | Saved: '/tmp/clearvla_eval_glass_45586.png'
06:00.372  render           | Saved: '/tmp/clearvla_eval_glass_45586.png'
06:00.939  render           | Saved: '/tmp/clearvla_eval_glass_45586.png'
06:01.372  render           | Saved: '/tmp/clearvla_eval_glass_45586.png'
06:01.972  render           | Saved: '/tmp/clearvla_eval_glass_45586.png'
06:02.763  render           | Saved: '/tmp/clearvla_eval_glass_45586.png'
06:04.306  render           | Saved: '/tmp/clearvla_eval_glass_45586.png'
06:04.832  render           | Saved: '/tmp/clearvla_eval_glass_45586.png'
06:05.562  render           | Saved: '/tmp/clearvla_eval_glass_45586.png'
06:06.127  render           | Saved: '/tmp/clearvla_eval_glass_45586.png'
06:06.654  render           | Saved: '/tmp/clearvla_eval_glass_45586.png'
06:07.234  render           | Saved: '/tmp/clearvla_eval_glass_45586.png'
06:08.785  render           | Saved: '/tmp/clearvla_eval_glass_45586.png'
06:09.359  render           | Saved: '/tmp/clearvla_eval_glass_45586.png'
06:10.074  render           | Saved: '/tmp/clearvla_eval_glass_45586.png'
06:10.585  render           | Saved: '/tmp/clearvla_eval_glass_45586.png'
06:12.666  render           | Saved: '/tmp/clearvla_eval_glass_45586.png'
06:13.658  render           | Saved: '/tmp/clearvla_eval_glass_45586.png'
06:16.334  render           | Saved: '/tmp/clearvla_eval_glass_45586.png'
06:17.069  render           | Saved: '/tmp/clearvla_eval_glass_45586.png'
06:17.737  render           | Saved: '/tmp/clearvla_eval_glass_45586.png'
06:18.191  render           | Saved: '/tmp/clearvla_eval_glass_45586.png'
06:19.545  render           | Saved: '/tmp/clearvla_eval_glass_45586.png'
06:20.189  render           | Saved: '/tmp/clearvla_eval_glass_45586.png'
06:20.855  render           | Saved: '/tmp/clearvla_eval_glass_45586.png'
06:21.345  render           | Saved: '/tmp/clearvla_eval_glass_45586.png'
06:22.598  render           | Saved: '/tmp/clearvla_eval_glass_45586.png'
06:23.152  render           | Saved: '/tmp/clearvla_eval_glass_45586.png'
06:23.907  render           | Saved: '/tmp/clearvla_eval_glass_45586.png'
06:24.387  render           | Saved: '/tmp/clearvla_eval_glass_45586.png'
06:24.930  render           | Saved: '/tmp/clearvla_eval_glass_45586.png'
06:25.420  render           | Saved: '/tmp/clearvla_eval_glass_45586.png'
06:25.951  render           | Saved: '/tmp/clearvla_eval_glass_45586.png'
06:26.437  render           | Saved: '/tmp/clearvla_eval_glass_45586.png'
06:27.468  render           | Saved: '/tmp/clearvla_eval_glass_45586.png'
06:28.077  render           | Saved: '/tmp/clearvla_eval_glass_45586.png'
06:29.329  render           | Saved: '/tmp/clearvla_eval_glass_45586.png'
06:30.186  render           | Saved: '/tmp/clearvla_eval_glass_45586.png'
06:31.602  render           | Saved: '/tmp/clearvla_eval_glass_45586.png'
06:32.058  render           | Saved: '/tmp/clearvla_eval_glass_45586.png'
06:32.645  render           | Saved: '/tmp/clearvla_eval_glass_45586.png'
06:33.529  render           | Saved: '/tmp/clearvla_eval_glass_45586.png'
06:35.614  render           | Saved: '/tmp/clearvla_eval_glass_45586.png'
06:36.496  render           | Saved: '/tmp/clearvla_eval_glass_45586.png'
06:41.038  render           | Saved: '/tmp/clearvla_eval_glass_45586.png'
06:42.283  render           | Saved: '/tmp/clearvla_eval_glass_45586.png'
06:45.637  render           | Saved: '/tmp/clearvla_eval_glass_45586.png'
06:46.250  render           | Saved: '/tmp/clearvla_eval_glass_45586.png'
06:46.960  render           | Saved: '/tmp/clearvla_eval_glass_45586.png'
06:47.394  render           | Saved: '/tmp/clearvla_eval_glass_45586.png'
06:48.027  render           | Saved: '/tmp/clearvla_eval_glass_45586.png'
06:49.420  render           | Saved: '/tmp/clearvla_eval_glass_45586.png'
06:53.511  render           | Saved: '/tmp/clearvla_eval_glass_45586.png'
06:54.229  render           | Saved: '/tmp/clearvla_eval_glass_45586.png'
06:55.289  render           | Saved: '/tmp/clearvla_eval_glass_45586.png'
06:55.866  render           | Saved: '/tmp/clearvla_eval_glass_45586.png'
06:57.377  render           | Saved: '/tmp/clearvla_eval_glass_45586.png'
06:58.025  render           | Saved: '/tmp/clearvla_eval_glass_45586.png'
07:01.794  render           | Saved: '/tmp/clearvla_eval_glass_45586.png'
07:03.101  render           | Saved: '/tmp/clearvla_eval_glass_45586.png'
07:06.704  render           | Saved: '/tmp/clearvla_eval_glass_45586.png'
07:07.301  render           | Saved: '/tmp/clearvla_eval_glass_45586.png'
07:08.160  render           | Saved: '/tmp/clearvla_eval_glass_45586.png'
07:08.767  render           | Saved: '/tmp/clearvla_eval_glass_45586.png'
07:10.397  render           | Saved: '/tmp/clearvla_eval_glass_45586.png'
07:11.701  render           | Saved: '/tmp/clearvla_eval_glass_45586.png'
07:13.227  render           | Saved: '/tmp/clearvla_eval_glass_45586.png'
07:13.967  render           | Saved: '/tmp/clearvla_eval_glass_45586.png'
07:14.786  render           | Saved: '/tmp/clearvla_eval_glass_45586.png'
07:15.431  render           | Saved: '/tmp/clearvla_eval_glass_45586.png'
07:16.493  render           | Saved: '/tmp/clearvla_eval_glass_45586.png'
07:17.302  render           | Saved: '/tmp/clearvla_eval_glass_45586.png'
07:20.294  render           | Saved: '/tmp/clearvla_eval_glass_45586.png'
07:20.974  render           | Saved: '/tmp/clearvla_eval_glass_45586.png'
07:24.244  render           | Saved: '/tmp/clearvla_eval_glass_45586.png'
07:24.729  render           | Saved: '/tmp/clearvla_eval_glass_45586.png'
07:25.550  render           | Saved: '/tmp/clearvla_eval_glass_45586.png'
07:26.580  render           | Saved: '/tmp/clearvla_eval_glass_45586.png'
07:27.582  render           | Saved: '/tmp/clearvla_eval_glass_45586.png'
07:28.047  render           | Saved: '/tmp/clearvla_eval_glass_45586.png'
07:29.145  render           | Saved: '/tmp/clearvla_eval_glass_45586.png'
07:29.574  render           | Saved: '/tmp/clearvla_eval_glass_45586.png'
07:30.052  render           | Saved: '/tmp/clearvla_eval_glass_45586.png'
07:30.485  render           | Saved: '/tmp/clearvla_eval_glass_45586.png'
07:30.959  render           | Saved: '/tmp/clearvla_eval_glass_45586.png'
07:32.096  render           | Saved: '/tmp/clearvla_eval_glass_45586.png'
07:35.427  render           | Saved: '/tmp/clearvla_eval_glass_45586.png'
07:36.383  render           | Saved: '/tmp/clearvla_eval_glass_45586.png'
07:37.219  render           | Saved: '/tmp/clearvla_eval_glass_45586.png'
07:38.226  render           | Saved: '/tmp/clearvla_eval_glass_45586.png'
07:39.721  render           | Saved: '/tmp/clearvla_eval_glass_45586.png'
07:40.415  render           | Saved: '/tmp/clearvla_eval_glass_45586.png'
07:44.490  render           | Saved: '/tmp/clearvla_eval_glass_45586.png'
07:45.374  render           | Saved: '/tmp/clearvla_eval_glass_45586.png'
07:48.073  render           | Saved: '/tmp/clearvla_eval_glass_45586.png'
07:49.187  render           | Saved: '/tmp/clearvla_eval_glass_45586.png'
07:51.155  render           | Saved: '/tmp/clearvla_eval_glass_45586.png'
07:51.758  render           | Saved: '/tmp/clearvla_eval_glass_45586.png'
07:52.590  render           | Saved: '/tmp/clearvla_eval_glass_45586.png'
07:53.471  render           | Saved: '/tmp/clearvla_eval_glass_45586.png'
07:56.534  render           | Saved: '/tmp/clearvla_eval_glass_45586.png'
07:57.176  render           | Saved: '/tmp/clearvla_eval_glass_45586.png'
08:01.253  render           | Saved: '/tmp/clearvla_eval_glass_45586.png'
08:01.801  render           | Saved: '/tmp/clearvla_eval_glass_45586.png'
08:02.605  render           | Saved: '/tmp/clearvla_eval_glass_45586.png'
08:03.057  render           | Saved: '/tmp/clearvla_eval_glass_45586.png'
08:03.556  render           | Saved: '/tmp/clearvla_eval_glass_45586.png'
08:03.996  render           | Saved: '/tmp/clearvla_eval_glass_45586.png'
08:05.099  render           | Saved: '/tmp/clearvla_eval_glass_45586.png'
08:05.841  render           | Saved: '/tmp/clearvla_eval_glass_45586.png'
08:10.479  render           | Saved: '/tmp/clearvla_eval_glass_45586.png'
08:11.241  render           | Saved: '/tmp/clearvla_eval_glass_45586.png'
08:13.736  render           | Saved: '/tmp/clearvla_eval_glass_45586.png'
08:14.160  render           | Saved: '/tmp/clearvla_eval_glass_45586.png'
08:14.694  render           | Saved: '/tmp/clearvla_eval_glass_45586.png'
08:15.083  render           | Saved: '/tmp/clearvla_eval_glass_45586.png'
08:16.154  render           | Saved: '/tmp/clearvla_eval_glass_45586.png'
08:17.013  render           | Saved: '/tmp/clearvla_eval_glass_45586.png'
08:20.331  render           | Saved: '/tmp/clearvla_eval_glass_45586.png'
08:21.202  render           | Saved: '/tmp/clearvla_eval_glass_45586.png'
08:22.414  render           | Saved: '/tmp/clearvla_eval_glass_45586.png'
08:22.971  render           | Saved: '/tmp/clearvla_eval_glass_45586.png'
08:23.810  render           | Saved: '/tmp/clearvla_eval_glass_45586.png'
08:24.280  render           | Saved: '/tmp/clearvla_eval_glass_45586.png'
08:24.812  render           | Saved: '/tmp/clearvla_eval_glass_45586.png'
08:25.541  render           | Saved: '/tmp/clearvla_eval_glass_45586.png'
08:26.812  render           | Saved: '/tmp/clearvla_eval_glass_45586.png'
08:27.347  render           | Saved: '/tmp/clearvla_eval_glass_45586.png'
08:28.044  render           | Saved: '/tmp/clearvla_eval_glass_45586.png'
08:28.519  render           | Saved: '/tmp/clearvla_eval_glass_45586.png'
08:29.373  render           | Saved: '/tmp/clearvla_eval_glass_45586.png'
08:29.710  render           | Saved: '/tmp/clearvla_eval_glass_45586.png'
08:31.009  render           | Saved: '/tmp/clearvla_eval_glass_45586.png'
08:31.678  render           | Saved: '/tmp/clearvla_eval_glass_45586.png'
08:33.337  render           | Saved: '/tmp/clearvla_eval_glass_45586.png'
08:33.796  render           | Saved: '/tmp/clearvla_eval_glass_45586.png'
08:34.923  render           | Saved: '/tmp/clearvla_eval_glass_45586.png'
08:35.624  render           | Saved: '/tmp/clearvla_eval_glass_45586.png'
08:39.982  render           | Saved: '/tmp/clearvla_eval_glass_45586.png'
08:40.612  render           | Saved: '/tmp/clearvla_eval_glass_45586.png'
08:41.640  render           | Saved: '/tmp/clearvla_eval_glass_45586.png'
08:42.137  render           | Saved: '/tmp/clearvla_eval_glass_45586.png'
08:43.325  render           | Saved: '/tmp/clearvla_eval_glass_45586.png'
08:43.916  render           | Saved: '/tmp/clearvla_eval_glass_45586.png'
08:44.463  render           | Saved: '/tmp/clearvla_eval_glass_45586.png'
08:44.977  render           | Saved: '/tmp/clearvla_eval_glass_45586.png'
08:46.154  render           | Saved: '/tmp/clearvla_eval_glass_45586.png'
08:46.770  render           | Saved: '/tmp/clearvla_eval_glass_45586.png'
08:47.367  render           | Saved: '/tmp/clearvla_eval_glass_45586.png'
08:47.812  render           | Saved: '/tmp/clearvla_eval_glass_45586.png'
08:48.359  render           | Saved: '/tmp/clearvla_eval_glass_45586.png'
08:48.843  render           | Saved: '/tmp/clearvla_eval_glass_45586.png'
08:50.303  render           | Saved: '/tmp/clearvla_eval_glass_45586.png'
08:51.183  render           | Saved: '/tmp/clearvla_eval_glass_45586.png'
08:51.965  render           | Saved: '/tmp/clearvla_eval_glass_45586.png'
08:52.389  render           | Saved: '/tmp/clearvla_eval_glass_45586.png'
08:52.956  render           | Saved: '/tmp/clearvla_eval_glass_45586.png'
08:53.303  render           | Saved: '/tmp/clearvla_eval_glass_45586.png'
08:53.957  render           | Saved: '/tmp/clearvla_eval_glass_45586.png'
08:54.418  render           | Saved: '/tmp/clearvla_eval_glass_45586.png'
08:54.948  render           | Saved: '/tmp/clearvla_eval_glass_45586.png'
08:55.404  render           | Saved: '/tmp/clearvla_eval_glass_45586.png'
08:56.468  render           | Saved: '/tmp/clearvla_eval_glass_45586.png'
08:57.191  render           | Saved: '/tmp/clearvla_eval_glass_45586.png'
08:59.831  render           | Saved: '/tmp/clearvla_eval_glass_45586.png'
09:00.949  render           | Saved: '/tmp/clearvla_eval_glass_45586.png'
09:03.840  render           | Saved: '/tmp/clearvla_eval_glass_45586.png'
09:04.989  render           | Saved: '/tmp/clearvla_eval_glass_45586.png'
09:12.281  render           | Saved: '/tmp/clearvla_eval_glass_45586.png'
09:13.072  render           | Saved: '/tmp/clearvla_eval_glass_45586.png'
09:16.035  render           | Saved: '/tmp/clearvla_eval_glass_45586.png'
09:17.201  render           | Saved: '/tmp/clearvla_eval_glass_45586.png'
09:20.275  render           | Saved: '/tmp/clearvla_eval_glass_45586.png'
09:20.839  render           | Saved: '/tmp/clearvla_eval_glass_45586.png'
09:21.530  render           | Saved: '/tmp/clearvla_eval_glass_45586.png'
09:21.967  render           | Saved: '/tmp/clearvla_eval_glass_45586.png'
09:22.518  render           | Saved: '/tmp/clearvla_eval_glass_45586.png'
09:22.949  render           | Saved: '/tmp/clearvla_eval_glass_45586.png'
09:23.528  render           | Saved: '/tmp/clearvla_eval_glass_45586.png'
09:24.540  render           | Saved: '/tmp/clearvla_eval_glass_45586.png'
09:26.439  render           | Saved: '/tmp/clearvla_eval_glass_45586.png'
09:27.154  render           | Saved: '/tmp/clearvla_eval_glass_45586.png'
09:27.857  render           | Saved: '/tmp/clearvla_eval_glass_45586.png'
09:28.342  render           | Saved: '/tmp/clearvla_eval_glass_45586.png'
09:28.862  render           | Saved: '/tmp/clearvla_eval_glass_45586.png'
09:30.271  render           | Saved: '/tmp/clearvla_eval_glass_45586.png'
09:32.351  render           | Saved: '/tmp/clearvla_eval_glass_45586.png'
09:33.324  render           | Saved: '/tmp/clearvla_eval_glass_45586.png'
09:36.831  render           | Saved: '/tmp/clearvla_eval_glass_45586.png'
09:37.409  render           | Saved: '/tmp/clearvla_eval_glass_45586.png'
09:38.070  render           | Saved: '/tmp/clearvla_eval_glass_45586.png'
09:38.504  render           | Saved: '/tmp/clearvla_eval_glass_45586.png'
09:39.609  render           | Saved: '/tmp/clearvla_eval_glass_45586.png'
09:40.276  render           | Saved: '/tmp/clearvla_eval_glass_45586.png'
09:45.676  render           | Saved: '/tmp/clearvla_eval_glass_45586.png'
09:46.447  render           | Saved: '/tmp/clearvla_eval_glass_45586.png'
09:48.926  render           | Saved: '/tmp/clearvla_eval_glass_45586.png'
09:49.888  render           | Saved: '/tmp/clearvla_eval_glass_45586.png'
09:52.029  render           | Saved: '/tmp/clearvla_eval_glass_45586.png'
09:52.597  render           | Saved: '/tmp/clearvla_eval_glass_45586.png'
09:53.352  render           | Saved: '/tmp/clearvla_eval_glass_45586.png'
09:53.830  render           | Saved: '/tmp/clearvla_eval_glass_45586.png'
09:54.353  render           | Saved: '/tmp/clearvla_eval_glass_45586.png'
09:54.819  render           | Saved: '/tmp/clearvla_eval_glass_45586.png'
09:55.366  render           | Saved: '/tmp/clearvla_eval_glass_45586.png'
09:55.798  render           | Saved: '/tmp/clearvla_eval_glass_45586.png'
09:56.361  render           | Saved: '/tmp/clearvla_eval_glass_45586.png'
09:56.765  render           | Saved: '/tmp/clearvla_eval_glass_45586.png'
09:58.178  render           | Saved: '/tmp/clearvla_eval_glass_45586.png'
09:58.994  render           | Saved: '/tmp/clearvla_eval_glass_45586.png'
10:00.055  render           | Saved: '/tmp/clearvla_eval_glass_45586.png'
10:00.487  render           | Saved: '/tmp/clearvla_eval_glass_45586.png'
10:01.047  render           | Saved: '/tmp/clearvla_eval_glass_45586.png'
10:01.425  render           | Saved: '/tmp/clearvla_eval_glass_45586.png'
10:01.978  render           | Saved: '/tmp/clearvla_eval_glass_45586.png'
10:02.365  render           | Saved: '/tmp/clearvla_eval_glass_45586.png'
10:02.903  render           | Saved: '/tmp/clearvla_eval_glass_45586.png'
10:03.939  render           | Saved: '/tmp/clearvla_eval_glass_45586.png'
10:05.701  render           | Saved: '/tmp/clearvla_eval_glass_45586.png'
10:06.451  render           | Saved: '/tmp/clearvla_eval_glass_45586.png'
10:07.158  render           | Saved: '/tmp/clearvla_eval_glass_45586.png'
10:08.034  render           | Saved: '/tmp/clearvla_eval_glass_45586.png'
10:08.838  render           | Saved: '/tmp/clearvla_eval_glass_45586.png'
10:09.897  render           | Saved: '/tmp/clearvla_eval_glass_45586.png'
10:12.120  render           | Saved: '/tmp/clearvla_eval_glass_45586.png'
10:12.710  render           | Saved: '/tmp/clearvla_eval_glass_45586.png'
10:15.328  render           | Saved: '/tmp/clearvla_eval_glass_45586.png'
10:16.020  render           | Saved: '/tmp/clearvla_eval_glass_45586.png'
10:17.441  render           | Saved: '/tmp/clearvla_eval_glass_45586.png'
10:17.900  render           | Saved: '/tmp/clearvla_eval_glass_45586.png'
10:18.443  render           | Saved: '/tmp/clearvla_eval_glass_45586.png'
10:18.889  render           | Saved: '/tmp/clearvla_eval_glass_45586.png'
10:19.367  render           | Saved: '/tmp/clearvla_eval_glass_45586.png'
10:19.801  render           | Saved: '/tmp/clearvla_eval_glass_45586.png'
10:20.453  render           | Saved: '/tmp/clearvla_eval_glass_45586.png'
10:21.053  render           | Saved: '/tmp/clearvla_eval_glass_45586.png'
10:21.852  render           | Saved: '/tmp/clearvla_eval_glass_45586.png'
10:23.023  render           | Saved: '/tmp/clearvla_eval_glass_45586.png'
10:26.243  render           | Saved: '/tmp/clearvla_eval_glass_45586.png'
10:26.823  render           | Saved: '/tmp/clearvla_eval_glass_45586.png'
10:27.518  render           | Saved: '/tmp/clearvla_eval_glass_45586.png'
10:28.010  render           | Saved: '/tmp/clearvla_eval_glass_45586.png'
10:29.357  render           | Saved: '/tmp/clearvla_eval_glass_45586.png'
10:29.947  render           | Saved: '/tmp/clearvla_eval_glass_45586.png'
10:34.781  render           | Saved: '/tmp/clearvla_eval_glass_45586.png'
10:35.410  render           | Saved: '/tmp/clearvla_eval_glass_45586.png'
10:37.675  render           | Saved: '/tmp/clearvla_eval_glass_45586.png'
10:38.313  render           | Saved: '/tmp/clearvla_eval_glass_45586.png'
10:38.964  render           | Saved: '/tmp/clearvla_eval_glass_45586.png'
10:39.582  render           | Saved: '/tmp/clearvla_eval_glass_45586.png'
10:40.748  render           | Saved: '/tmp/clearvla_eval_glass_45586.png'
10:41.348  render           | Saved: '/tmp/clearvla_eval_glass_45586.png'
10:42.089  render           | Saved: '/tmp/clearvla_eval_glass_45586.png'
10:42.525  render           | Saved: '/tmp/clearvla_eval_glass_45586.png'
10:43.094  render           | Saved: '/tmp/clearvla_eval_glass_45586.png'
10:43.577  render           | Saved: '/tmp/clearvla_eval_glass_45586.png'
10:44.463  render           | Saved: '/tmp/clearvla_eval_glass_45586.png'
10:45.119  render           | Saved: '/tmp/clearvla_eval_glass_45586.png'
10:46.667  render           | Saved: '/tmp/clearvla_eval_glass_45586.png'
10:47.260  render           | Saved: '/tmp/clearvla_eval_glass_45586.png'
10:48.267  render           | Saved: '/tmp/clearvla_eval_glass_45586.png'
10:48.958  render           | Saved: '/tmp/clearvla_eval_glass_45586.png'
10:49.632  render           | Saved: '/tmp/clearvla_eval_glass_45586.png'
10:50.041  render           | Saved: '/tmp/clearvla_eval_glass_45586.png'
10:51.034  render           | Saved: '/tmp/clearvla_eval_glass_45586.png'
10:51.678  render           | Saved: '/tmp/clearvla_eval_glass_45586.png'
10:55.138  render           | Saved: '/tmp/clearvla_eval_glass_45586.png'
10:56.111  render           | Saved: '/tmp/clearvla_eval_glass_45586.png'
10:58.288  render           | Saved: '/tmp/clearvla_eval_glass_45586.png'
10:59.459  render           | Saved: '/tmp/clearvla_eval_glass_45586.png'
11:02.530  render           | Saved: '/tmp/clearvla_eval_glass_45586.png'
11:03.391  render           | Saved: '/tmp/clearvla_eval_glass_45586.png'
11:08.362  render           | Saved: '/tmp/clearvla_eval_glass_45586.png'
11:09.186  render           | Saved: '/tmp/clearvla_eval_glass_45586.png'
11:10.039  render           | Saved: '/tmp/clearvla_eval_glass_45586.png'
11:10.824  render           | Saved: '/tmp/clearvla_eval_glass_45586.png'
11:11.547  render           | Saved: '/tmp/clearvla_eval_glass_45586.png'
11:12.510  render           | Saved: '/tmp/clearvla_eval_glass_45586.png'
11:13.347  render           | Saved: '/tmp/clearvla_eval_glass_45586.png'
11:13.778  render           | Saved: '/tmp/clearvla_eval_glass_45586.png'
11:14.304  render           | Saved: '/tmp/clearvla_eval_glass_45586.png'
11:14.790  render           | Saved: '/tmp/clearvla_eval_glass_45586.png'
11:15.875  render           | Saved: '/tmp/clearvla_eval_glass_45586.png'
11:16.642  render           | Saved: '/tmp/clearvla_eval_glass_45586.png'
11:17.561  render           | Saved: '/tmp/clearvla_eval_glass_45586.png'
11:18.014  render           | Saved: '/tmp/clearvla_eval_glass_45586.png'
11:18.559  render           | Saved: '/tmp/clearvla_eval_glass_45586.png'
11:19.023  render           | Saved: '/tmp/clearvla_eval_glass_45586.png'
11:19.579  render           | Saved: '/tmp/clearvla_eval_glass_45586.png'
11:20.449  render           | Saved: '/tmp/clearvla_eval_glass_45586.png'
11:23.294  render           | Saved: '/tmp/clearvla_eval_glass_45586.png'
11:24.292  render           | Saved: '/tmp/clearvla_eval_glass_45586.png'
11:28.183  render           | Saved: '/tmp/clearvla_eval_glass_45586.png'
11:28.840  render           | Saved: '/tmp/clearvla_eval_glass_45586.png'
11:30.264  render           | Saved: '/tmp/clearvla_eval_glass_45586.png'
11:30.809  render           | Saved: '/tmp/clearvla_eval_glass_45586.png'
11:31.416  render           | Saved: '/tmp/clearvla_eval_glass_45586.png'
11:32.453  render           | Saved: '/tmp/clearvla_eval_glass_45586.png'
11:34.786  render           | Saved: '/tmp/clearvla_eval_glass_45586.png'
11:35.336  render           | Saved: '/tmp/clearvla_eval_glass_45586.png'
11:36.063  render           | Saved: '/tmp/clearvla_eval_glass_45586.png'
11:36.543  render           | Saved: '/tmp/clearvla_eval_glass_45586.png'
11:37.063  render           | Saved: '/tmp/clearvla_eval_glass_45586.png'
11:37.517  render           | Saved: '/tmp/clearvla_eval_glass_45586.png'
11:38.092  render           | Saved: '/tmp/clearvla_eval_glass_45586.png'
11:39.054  render           | Saved: '/tmp/clearvla_eval_glass_45586.png'
11:40.932  render           | Saved: '/tmp/clearvla_eval_glass_45586.png'
11:42.098  render           | Saved: '/tmp/clearvla_eval_glass_45586.png'
11:45.756  render           | Saved: '/tmp/clearvla_eval_glass_45586.png'
11:46.344  render           | Saved: '/tmp/clearvla_eval_glass_45586.png'
11:47.047  render           | Saved: '/tmp/clearvla_eval_glass_45586.png'
11:47.503  render           | Saved: '/tmp/clearvla_eval_glass_45586.png'
11:48.215  render           | Saved: '/tmp/clearvla_eval_glass_45586.png'
11:48.900  render           | Saved: '/tmp/clearvla_eval_glass_45586.png'
11:49.804  render           | Saved: '/tmp/clearvla_eval_glass_45586.png'
11:50.697  render           | Saved: '/tmp/clearvla_eval_glass_45586.png'
11:51.983  render           | Saved: '/tmp/clearvla_eval_glass_45586.png'
11:52.627  render           | Saved: '/tmp/clearvla_eval_glass_45586.png'
11:53.397  render           | Saved: '/tmp/clearvla_eval_glass_45586.png'
11:54.027  render           | Saved: '/tmp/clearvla_eval_glass_45586.png'
11:55.561  render           | Saved: '/tmp/clearvla_eval_glass_45586.png'
11:56.127  render           | Saved: '/tmp/clearvla_eval_glass_45586.png'
11:56.840  render           | Saved: '/tmp/clearvla_eval_glass_45586.png'
11:57.294  render           | Saved: '/tmp/clearvla_eval_glass_45586.png'
11:58.404  render           | Saved: '/tmp/clearvla_eval_glass_45586.png'
11:59.236  render           | Saved: '/tmp/clearvla_eval_glass_45586.png'
12:03.646  render           | Saved: '/tmp/clearvla_eval_glass_45586.png'
12:04.335  render           | Saved: '/tmp/clearvla_eval_glass_45586.png'
12:06.007  render           | Saved: '/tmp/clearvla_eval_glass_45586.png'
12:06.792  render           | Saved: '/tmp/clearvla_eval_glass_45586.png'
12:11.041  render           | Saved: '/tmp/clearvla_eval_glass_45586.png'
12:11.613  render           | Saved: '/tmp/clearvla_eval_glass_45586.png'
[full/glass] pour: 2/10  (12.1 min, 49.8 s/ep)
12:15.003  render           | Saved: '/tmp/clearvla_eval_glass_45586.png'
12:16.309  render           | Saved: '/tmp/clearvla_eval_glass_45586.png'
12:20.175  render           | Saved: '/tmp/clearvla_eval_glass_45586.png'
12:21.060  render           | Saved: '/tmp/clearvla_eval_glass_45586.png'
12:22.533  render           | Saved: '/tmp/clearvla_eval_glass_45586.png'
12:23.190  render           | Saved: '/tmp/clearvla_eval_glass_45586.png'
12:26.485  render           | Saved: '/tmp/clearvla_eval_glass_45586.png'
12:27.498  render           | Saved: '/tmp/clearvla_eval_glass_45586.png'
12:28.364  render           | Saved: '/tmp/clearvla_eval_glass_45586.png'
12:28.769  render           | Saved: '/tmp/clearvla_eval_glass_45586.png'
12:29.321  render           | Saved: '/tmp/clearvla_eval_glass_45586.png'
12:29.750  render           | Saved: '/tmp/clearvla_eval_glass_45586.png'
12:30.334  render           | Saved: '/tmp/clearvla_eval_glass_45586.png'
12:31.415  render           | Saved: '/tmp/clearvla_eval_glass_45586.png'
12:34.733  render           | Saved: '/tmp/clearvla_eval_glass_45586.png'
12:35.309  render           | Saved: '/tmp/clearvla_eval_glass_45586.png'
12:35.971  render           | Saved: '/tmp/clearvla_eval_glass_45586.png'
12:36.451  render           | Saved: '/tmp/clearvla_eval_glass_45586.png'
12:36.932  render           | Saved: '/tmp/clearvla_eval_glass_45586.png'
12:37.402  render           | Saved: '/tmp/clearvla_eval_glass_45586.png'
12:38.152  render           | Saved: '/tmp/clearvla_eval_glass_45586.png'
12:38.657  render           | Saved: '/tmp/clearvla_eval_glass_45586.png'
12:39.301  render           | Saved: '/tmp/clearvla_eval_glass_45586.png'
12:39.830  render           | Saved: '/tmp/clearvla_eval_glass_45586.png'
12:40.438  render           | Saved: '/tmp/clearvla_eval_glass_45586.png'
12:41.134  render           | Saved: '/tmp/clearvla_eval_glass_45586.png'
12:42.531  render           | Saved: '/tmp/clearvla_eval_glass_45586.png'
12:43.238  render           | Saved: '/tmp/clearvla_eval_glass_45586.png'
12:45.090  render           | Saved: '/tmp/clearvla_eval_glass_45586.png'
12:45.525  render           | Saved: '/tmp/clearvla_eval_glass_45586.png'
12:46.075  render           | Saved: '/tmp/clearvla_eval_glass_45586.png'
12:47.100  render           | Saved: '/tmp/clearvla_eval_glass_45586.png'
12:49.553  render           | Saved: '/tmp/clearvla_eval_glass_45586.png'
12:50.192  render           | Saved: '/tmp/clearvla_eval_glass_45586.png'
12:51.356  render           | Saved: '/tmp/clearvla_eval_glass_45586.png'
12:51.965  render           | Saved: '/tmp/clearvla_eval_glass_45586.png'
12:54.044  render           | Saved: '/tmp/clearvla_eval_glass_45586.png'
12:55.374  render           | Saved: '/tmp/clearvla_eval_glass_45586.png'
12:58.842  render           | Saved: '/tmp/clearvla_eval_glass_45586.png'
12:59.417  render           | Saved: '/tmp/clearvla_eval_glass_45586.png'
13:00.010  render           | Saved: '/tmp/clearvla_eval_glass_45586.png'
13:01.114  render           | Saved: '/tmp/clearvla_eval_glass_45586.png'
13:05.053  render           | Saved: '/tmp/clearvla_eval_glass_45586.png'
13:05.703  render           | Saved: '/tmp/clearvla_eval_glass_45586.png'
13:06.429  render           | Saved: '/tmp/clearvla_eval_glass_45586.png'
13:06.927  render           | Saved: '/tmp/clearvla_eval_glass_45586.png'
13:07.453  render           | Saved: '/tmp/clearvla_eval_glass_45586.png'
13:07.944  render           | Saved: '/tmp/clearvla_eval_glass_45586.png'
13:09.165  render           | Saved: '/tmp/clearvla_eval_glass_45586.png'
13:09.765  render           | Saved: '/tmp/clearvla_eval_glass_45586.png'
13:10.497  render           | Saved: '/tmp/clearvla_eval_glass_45586.png'
13:10.982  render           | Saved: '/tmp/clearvla_eval_glass_45586.png'
13:11.512  render           | Saved: '/tmp/clearvla_eval_glass_45586.png'
13:11.950  render           | Saved: '/tmp/clearvla_eval_glass_45586.png'
13:12.474  render           | Saved: '/tmp/clearvla_eval_glass_45586.png'
13:12.904  render           | Saved: '/tmp/clearvla_eval_glass_45586.png'
13:13.984  render           | Saved: '/tmp/clearvla_eval_glass_45586.png'
13:14.805  render           | Saved: '/tmp/clearvla_eval_glass_45586.png'
13:17.512  render           | Saved: '/tmp/clearvla_eval_glass_45586.png'
13:18.296  render           | Saved: '/tmp/clearvla_eval_glass_45586.png'
13:19.012  render           | Saved: '/tmp/clearvla_eval_glass_45586.png'
13:19.417  render           | Saved: '/tmp/clearvla_eval_glass_45586.png'
13:19.951  render           | Saved: '/tmp/clearvla_eval_glass_45586.png'
13:20.356  render           | Saved: '/tmp/clearvla_eval_glass_45586.png'
13:20.921  render           | Saved: '/tmp/clearvla_eval_glass_45586.png'
13:21.346  render           | Saved: '/tmp/clearvla_eval_glass_45586.png'
13:21.788  render           | Saved: '/tmp/clearvla_eval_glass_45586.png'
13:22.285  render           | Saved: '/tmp/clearvla_eval_glass_45586.png'
13:23.247  render           | Saved: '/tmp/clearvla_eval_glass_45586.png'
13:23.910  render           | Saved: '/tmp/clearvla_eval_glass_45586.png'
13:27.550  render           | Saved: '/tmp/clearvla_eval_glass_45586.png'
13:28.150  render           | Saved: '/tmp/clearvla_eval_glass_45586.png'
13:30.169  render           | Saved: '/tmp/clearvla_eval_glass_45586.png'
13:30.790  render           | Saved: '/tmp/clearvla_eval_glass_45586.png'
13:31.531  render           | Saved: '/tmp/clearvla_eval_glass_45586.png'
13:31.931  render           | Saved: '/tmp/clearvla_eval_glass_45586.png'
13:34.337  render           | Saved: '/tmp/clearvla_eval_glass_45586.png'
13:34.858  render           | Saved: '/tmp/clearvla_eval_glass_45586.png'
13:36.154  render           | Saved: '/tmp/clearvla_eval_glass_45586.png'
13:37.191  render           | Saved: '/tmp/clearvla_eval_glass_45586.png'
13:39.392  render           | Saved: '/tmp/clearvla_eval_glass_45586.png'
13:40.003  render           | Saved: '/tmp/clearvla_eval_glass_45586.png'
13:40.668  render           | Saved: '/tmp/clearvla_eval_glass_45586.png'
13:41.513  render           | Saved: '/tmp/clearvla_eval_glass_45586.png'
13:44.160  render           | Saved: '/tmp/clearvla_eval_glass_45586.png'
13:44.759  render           | Saved: '/tmp/clearvla_eval_glass_45586.png'
13:45.422  render           | Saved: '/tmp/clearvla_eval_glass_45586.png'
13:45.862  render           | Saved: '/tmp/clearvla_eval_glass_45586.png'
13:46.371  render           | Saved: '/tmp/clearvla_eval_glass_45586.png'
13:46.817  render           | Saved: '/tmp/clearvla_eval_glass_45586.png'
13:47.393  render           | Saved: '/tmp/clearvla_eval_glass_45586.png'
13:48.582  render           | Saved: '/tmp/clearvla_eval_glass_45586.png'
13:51.500  render           | Saved: '/tmp/clearvla_eval_glass_45586.png'
13:52.003  render           | Saved: '/tmp/clearvla_eval_glass_45586.png'
13:52.558  render           | Saved: '/tmp/clearvla_eval_glass_45586.png'
13:53.068  render           | Saved: '/tmp/clearvla_eval_glass_45586.png'
13:54.333  render           | Saved: '/tmp/clearvla_eval_glass_45586.png'
13:55.036  render           | Saved: '/tmp/clearvla_eval_glass_45586.png'
13:56.111  render           | Saved: '/tmp/clearvla_eval_glass_45586.png'
13:56.584  render           | Saved: '/tmp/clearvla_eval_glass_45586.png'
13:57.099  render           | Saved: '/tmp/clearvla_eval_glass_45586.png'
13:57.571  render           | Saved: '/tmp/clearvla_eval_glass_45586.png'
13:58.088  render           | Saved: '/tmp/clearvla_eval_glass_45586.png'
13:58.928  render           | Saved: '/tmp/clearvla_eval_glass_45586.png'
13:59.795  render           | Saved: '/tmp/clearvla_eval_glass_45586.png'
14:00.420  render           | Saved: '/tmp/clearvla_eval_glass_45586.png'
14:01.192  render           | Saved: '/tmp/clearvla_eval_glass_45586.png'
14:02.302  render           | Saved: '/tmp/clearvla_eval_glass_45586.png'
14:05.021  render           | Saved: '/tmp/clearvla_eval_glass_45586.png'
14:05.818  render           | Saved: '/tmp/clearvla_eval_glass_45586.png'
14:06.694  render           | Saved: '/tmp/clearvla_eval_glass_45586.png'
14:07.385  render           | Saved: '/tmp/clearvla_eval_glass_45586.png'
14:08.147  render           | Saved: '/tmp/clearvla_eval_glass_45586.png'
14:09.145  render           | Saved: '/tmp/clearvla_eval_glass_45586.png'
14:11.006  render           | Saved: '/tmp/clearvla_eval_glass_45586.png'
14:11.665  render           | Saved: '/tmp/clearvla_eval_glass_45586.png'
14:12.379  render           | Saved: '/tmp/clearvla_eval_glass_45586.png'
14:12.888  render           | Saved: '/tmp/clearvla_eval_glass_45586.png'
14:13.415  render           | Saved: '/tmp/clearvla_eval_glass_45586.png'
14:13.887  render           | Saved: '/tmp/clearvla_eval_glass_45586.png'
14:14.462  render           | Saved: '/tmp/clearvla_eval_glass_45586.png'
14:15.048  render           | Saved: '/tmp/clearvla_eval_glass_45586.png'
14:15.763  render           | Saved: '/tmp/clearvla_eval_glass_45586.png'
14:16.484  render           | Saved: '/tmp/clearvla_eval_glass_45586.png'
14:17.872  render           | Saved: '/tmp/clearvla_eval_glass_45586.png'
14:18.670  render           | Saved: '/tmp/clearvla_eval_glass_45586.png'
14:22.235  render           | Saved: '/tmp/clearvla_eval_glass_45586.png'
14:23.658  render           | Saved: '/tmp/clearvla_eval_glass_45586.png'
14:26.829  render           | Saved: '/tmp/clearvla_eval_glass_45586.png'
14:27.392  render           | Saved: '/tmp/clearvla_eval_glass_45586.png'
14:28.485  render           | Saved: '/tmp/clearvla_eval_glass_45586.png'
14:28.939  render           | Saved: '/tmp/clearvla_eval_glass_45586.png'
14:29.518  render           | Saved: '/tmp/clearvla_eval_glass_45586.png'
14:29.973  render           | Saved: '/tmp/clearvla_eval_glass_45586.png'
14:31.019  render           | Saved: '/tmp/clearvla_eval_glass_45586.png'
14:31.741  render           | Saved: '/tmp/clearvla_eval_glass_45586.png'
14:35.186  render           | Saved: '/tmp/clearvla_eval_glass_45586.png'
14:36.183  render           | Saved: '/tmp/clearvla_eval_glass_45586.png'
14:41.158  render           | Saved: '/tmp/clearvla_eval_glass_45586.png'
14:41.831  render           | Saved: '/tmp/clearvla_eval_glass_45586.png'
14:46.570  render           | Saved: '/tmp/clearvla_eval_glass_45586.png'
14:47.204  render           | Saved: '/tmp/clearvla_eval_glass_45586.png'
14:47.892  render           | Saved: '/tmp/clearvla_eval_glass_45586.png'
14:49.075  render           | Saved: '/tmp/clearvla_eval_glass_45586.png'
14:52.063  render           | Saved: '/tmp/clearvla_eval_glass_45586.png'
14:52.790  render           | Saved: '/tmp/clearvla_eval_glass_45586.png'
14:56.531  render           | Saved: '/tmp/clearvla_eval_glass_45586.png'
14:57.059  render           | Saved: '/tmp/clearvla_eval_glass_45586.png'
14:58.376  render           | Saved: '/tmp/clearvla_eval_glass_45586.png'
14:58.827  render           | Saved: '/tmp/clearvla_eval_glass_45586.png'
14:59.335  render           | Saved: '/tmp/clearvla_eval_glass_45586.png'
15:00.645  render           | Saved: '/tmp/clearvla_eval_glass_45586.png'
15:04.918  render           | Saved: '/tmp/clearvla_eval_glass_45586.png'
15:05.484  render           | Saved: '/tmp/clearvla_eval_glass_45586.png'
15:09.002  render           | Saved: '/tmp/clearvla_eval_glass_45586.png'
15:09.538  render           | Saved: '/tmp/clearvla_eval_glass_45586.png'
15:13.575  render           | Saved: '/tmp/clearvla_eval_glass_45586.png'
15:14.226  render           | Saved: '/tmp/clearvla_eval_glass_45586.png'
15:14.956  render           | Saved: '/tmp/clearvla_eval_glass_45586.png'
15:15.523  render           | Saved: '/tmp/clearvla_eval_glass_45586.png'
15:16.451  render           | Saved: '/tmp/clearvla_eval_glass_45586.png'
15:17.012  render           | Saved: '/tmp/clearvla_eval_glass_45586.png'
15:17.663  render           | Saved: '/tmp/clearvla_eval_glass_45586.png'
15:18.133  render           | Saved: '/tmp/clearvla_eval_glass_45586.png'
15:18.628  render           | Saved: '/tmp/clearvla_eval_glass_45586.png'
15:19.087  render           | Saved: '/tmp/clearvla_eval_glass_45586.png'
15:19.632  render           | Saved: '/tmp/clearvla_eval_glass_45586.png'
15:20.722  render           | Saved: '/tmp/clearvla_eval_glass_45586.png'
15:23.601  render           | Saved: '/tmp/clearvla_eval_glass_45586.png'
15:24.585  render           | Saved: '/tmp/clearvla_eval_glass_45586.png'
15:27.361  render           | Saved: '/tmp/clearvla_eval_glass_45586.png'
15:28.262  render           | Saved: '/tmp/clearvla_eval_glass_45586.png'
15:30.671  render           | Saved: '/tmp/clearvla_eval_glass_45586.png'
15:31.233  render           | Saved: '/tmp/clearvla_eval_glass_45586.png'
15:32.705  render           | Saved: '/tmp/clearvla_eval_glass_45586.png'
15:33.602  render           | Saved: '/tmp/clearvla_eval_glass_45586.png'
15:35.619  render           | Saved: '/tmp/clearvla_eval_glass_45586.png'
15:36.480  render           | Saved: '/tmp/clearvla_eval_glass_45586.png'
15:40.202  render           | Saved: '/tmp/clearvla_eval_glass_45586.png'
15:40.874  render           | Saved: '/tmp/clearvla_eval_glass_45586.png'
15:42.397  render           | Saved: '/tmp/clearvla_eval_glass_45586.png'
15:42.886  render           | Saved: '/tmp/clearvla_eval_glass_45586.png'
15:43.404  render           | Saved: '/tmp/clearvla_eval_glass_45586.png'
15:44.141  render           | Saved: '/tmp/clearvla_eval_glass_45586.png'
15:45.254  render           | Saved: '/tmp/clearvla_eval_glass_45586.png'
15:45.886  render           | Saved: '/tmp/clearvla_eval_glass_45586.png'
15:46.946  render           | Saved: '/tmp/clearvla_eval_glass_45586.png'
15:47.458  render           | Saved: '/tmp/clearvla_eval_glass_45586.png'
15:48.134  render           | Saved: '/tmp/clearvla_eval_glass_45586.png'
15:49.123  render           | Saved: '/tmp/clearvla_eval_glass_45586.png'
15:51.797  render           | Saved: '/tmp/clearvla_eval_glass_45586.png'
15:52.830  render           | Saved: '/tmp/clearvla_eval_glass_45586.png'
15:54.856  render           | Saved: '/tmp/clearvla_eval_glass_45586.png'
15:55.858  render           | Saved: '/tmp/clearvla_eval_glass_45586.png'
15:56.862  render           | Saved: '/tmp/clearvla_eval_glass_45586.png'
15:57.427  render           | Saved: '/tmp/clearvla_eval_glass_45586.png'
15:58.120  render           | Saved: '/tmp/clearvla_eval_glass_45586.png'
15:58.986  render           | Saved: '/tmp/clearvla_eval_glass_45586.png'
15:59.811  render           | Saved: '/tmp/clearvla_eval_glass_45586.png'
16:00.266  render           | Saved: '/tmp/clearvla_eval_glass_45586.png'
16:00.726  render           | Saved: '/tmp/clearvla_eval_glass_45586.png'
16:01.195  render           | Saved: '/tmp/clearvla_eval_glass_45586.png'
16:01.914  render           | Saved: '/tmp/clearvla_eval_glass_45586.png'
16:02.655  render           | Saved: '/tmp/clearvla_eval_glass_45586.png'
16:03.858  render           | Saved: '/tmp/clearvla_eval_glass_45586.png'
16:04.410  render           | Saved: '/tmp/clearvla_eval_glass_45586.png'
16:04.943  render           | Saved: '/tmp/clearvla_eval_glass_45586.png'
16:05.911  render           | Saved: '/tmp/clearvla_eval_glass_45586.png'
16:09.921  render           | Saved: '/tmp/clearvla_eval_glass_45586.png'
16:10.621  render           | Saved: '/tmp/clearvla_eval_glass_45586.png'
16:14.632  render           | Saved: '/tmp/clearvla_eval_glass_45586.png'
16:15.493  render           | Saved: '/tmp/clearvla_eval_glass_45586.png'
16:20.069  render           | Saved: '/tmp/clearvla_eval_glass_45586.png'
16:20.661  render           | Saved: '/tmp/clearvla_eval_glass_45586.png'
16:21.408  render           | Saved: '/tmp/clearvla_eval_glass_45586.png'
16:21.902  render           | Saved: '/tmp/clearvla_eval_glass_45586.png'
16:22.444  render           | Saved: '/tmp/clearvla_eval_glass_45586.png'
16:22.915  render           | Saved: '/tmp/clearvla_eval_glass_45586.png'
16:23.617  render           | Saved: '/tmp/clearvla_eval_glass_45586.png'
16:24.187  render           | Saved: '/tmp/clearvla_eval_glass_45586.png'
16:25.114  render           | Saved: '/tmp/clearvla_eval_glass_45586.png'
16:25.803  render           | Saved: '/tmp/clearvla_eval_glass_45586.png'
16:26.471  render           | Saved: '/tmp/clearvla_eval_glass_45586.png'
16:26.941  render           | Saved: '/tmp/clearvla_eval_glass_45586.png'
16:27.408  render           | Saved: '/tmp/clearvla_eval_glass_45586.png'
16:28.496  render           | Saved: '/tmp/clearvla_eval_glass_45586.png'
16:31.122  render           | Saved: '/tmp/clearvla_eval_glass_45586.png'
16:31.887  render           | Saved: '/tmp/clearvla_eval_glass_45586.png'
16:38.976  render           | Saved: '/tmp/clearvla_eval_glass_45586.png'
16:39.763  render           | Saved: '/tmp/clearvla_eval_glass_45586.png'
16:44.238  render           | Saved: '/tmp/clearvla_eval_glass_45586.png'
16:45.046  render           | Saved: '/tmp/clearvla_eval_glass_45586.png'
16:49.659  render           | Saved: '/tmp/clearvla_eval_glass_45586.png'
16:50.230  render           | Saved: '/tmp/clearvla_eval_glass_45586.png'
16:50.785  render           | Saved: '/tmp/clearvla_eval_glass_45586.png'
16:51.300  render           | Saved: '/tmp/clearvla_eval_glass_45586.png'
16:52.442  render           | Saved: '/tmp/clearvla_eval_glass_45586.png'
16:53.025  render           | Saved: '/tmp/clearvla_eval_glass_45586.png'
16:54.007  render           | Saved: '/tmp/clearvla_eval_glass_45586.png'
16:54.486  render           | Saved: '/tmp/clearvla_eval_glass_45586.png'
16:55.109  render           | Saved: '/tmp/clearvla_eval_glass_45586.png'
16:55.672  render           | Saved: '/tmp/clearvla_eval_glass_45586.png'
16:56.430  render           | Saved: '/tmp/clearvla_eval_glass_45586.png'
16:57.175  render           | Saved: '/tmp/clearvla_eval_glass_45586.png'
16:57.891  render           | Saved: '/tmp/clearvla_eval_glass_45586.png'
16:59.122  render           | Saved: '/tmp/clearvla_eval_glass_45586.png'
17:03.224  render           | Saved: '/tmp/clearvla_eval_glass_45586.png'
17:03.886  render           | Saved: '/tmp/clearvla_eval_glass_45586.png'
17:04.549  render           | Saved: '/tmp/clearvla_eval_glass_45586.png'
17:05.029  render           | Saved: '/tmp/clearvla_eval_glass_45586.png'
17:05.573  render           | Saved: '/tmp/clearvla_eval_glass_45586.png'
17:06.669  render           | Saved: '/tmp/clearvla_eval_glass_45586.png'
17:09.931  render           | Saved: '/tmp/clearvla_eval_glass_45586.png'
17:11.154  render           | Saved: '/tmp/clearvla_eval_glass_45586.png'
17:14.783  render           | Saved: '/tmp/clearvla_eval_glass_45586.png'
17:15.270  render           | Saved: '/tmp/clearvla_eval_glass_45586.png'
17:15.788  render           | Saved: '/tmp/clearvla_eval_glass_45586.png'
17:17.173  render           | Saved: '/tmp/clearvla_eval_glass_45586.png'
17:18.008  render           | Saved: '/tmp/clearvla_eval_glass_45586.png'
17:18.443  render           | Saved: '/tmp/clearvla_eval_glass_45586.png'
17:18.969  render           | Saved: '/tmp/clearvla_eval_glass_45586.png'
17:19.433  render           | Saved: '/tmp/clearvla_eval_glass_45586.png'
17:19.981  render           | Saved: '/tmp/clearvla_eval_glass_45586.png'
17:20.478  render           | Saved: '/tmp/clearvla_eval_glass_45586.png'
17:21.541  render           | Saved: '/tmp/clearvla_eval_glass_45586.png'
17:22.241  render           | Saved: '/tmp/clearvla_eval_glass_45586.png'
17:26.260  render           | Saved: '/tmp/clearvla_eval_glass_45586.png'
17:26.952  render           | Saved: '/tmp/clearvla_eval_glass_45586.png'
17:27.540  render           | Saved: '/tmp/clearvla_eval_glass_45586.png'
17:28.222  render           | Saved: '/tmp/clearvla_eval_glass_45586.png'
17:28.818  render           | Saved: '/tmp/clearvla_eval_glass_45586.png'
17:29.800  render           | Saved: '/tmp/clearvla_eval_glass_45586.png'
17:33.410  render           | Saved: '/tmp/clearvla_eval_glass_45586.png'
17:33.994  render           | Saved: '/tmp/clearvla_eval_glass_45586.png'
17:36.213  render           | Saved: '/tmp/clearvla_eval_glass_45586.png'
17:36.651  render           | Saved: '/tmp/clearvla_eval_glass_45586.png'
17:37.535  render           | Saved: '/tmp/clearvla_eval_glass_45586.png'
17:38.128  render           | Saved: '/tmp/clearvla_eval_glass_45586.png'
17:38.905  render           | Saved: '/tmp/clearvla_eval_glass_45586.png'
17:39.693  render           | Saved: '/tmp/clearvla_eval_glass_45586.png'
17:41.133  render           | Saved: '/tmp/clearvla_eval_glass_45586.png'
17:41.700  render           | Saved: '/tmp/clearvla_eval_glass_45586.png'
17:42.301  render           | Saved: '/tmp/clearvla_eval_glass_45586.png'
17:42.814  render           | Saved: '/tmp/clearvla_eval_glass_45586.png'
17:43.411  render           | Saved: '/tmp/clearvla_eval_glass_45586.png'
17:44.382  render           | Saved: '/tmp/clearvla_eval_glass_45586.png'
17:48.156  render           | Saved: '/tmp/clearvla_eval_glass_45586.png'
17:48.689  render           | Saved: '/tmp/clearvla_eval_glass_45586.png'
17:49.530  render           | Saved: '/tmp/clearvla_eval_glass_45586.png'
17:50.516  render           | Saved: '/tmp/clearvla_eval_glass_45586.png'
17:51.355  render           | Saved: '/tmp/clearvla_eval_glass_45586.png'
17:51.768  render           | Saved: '/tmp/clearvla_eval_glass_45586.png'
17:52.309  render           | Saved: '/tmp/clearvla_eval_glass_45586.png'
17:52.743  render           | Saved: '/tmp/clearvla_eval_glass_45586.png'
17:53.849  render           | Saved: '/tmp/clearvla_eval_glass_45586.png'
17:54.500  render           | Saved: '/tmp/clearvla_eval_glass_45586.png'
17:55.301  render           | Saved: '/tmp/clearvla_eval_glass_45586.png'
17:55.781  render           | Saved: '/tmp/clearvla_eval_glass_45586.png'
17:57.149  render           | Saved: '/tmp/clearvla_eval_glass_45586.png'
17:57.905  render           | Saved: '/tmp/clearvla_eval_glass_45586.png'
17:59.046  render           | Saved: '/tmp/clearvla_eval_glass_45586.png'
17:59.501  render           | Saved: '/tmp/clearvla_eval_glass_45586.png'
18:00.020  render           | Saved: '/tmp/clearvla_eval_glass_45586.png'
18:00.510  render           | Saved: '/tmp/clearvla_eval_glass_45586.png'
18:01.038  render           | Saved: '/tmp/clearvla_eval_glass_45586.png'
18:01.401  render           | Saved: '/tmp/clearvla_eval_glass_45586.png'
18:01.810  render           | Saved: '/tmp/clearvla_eval_glass_45586.png'
18:02.408  render           | Saved: '/tmp/clearvla_eval_glass_45586.png'
18:03.735  render           | Saved: '/tmp/clearvla_eval_glass_45586.png'
18:04.444  render           | Saved: '/tmp/clearvla_eval_glass_45586.png'
18:05.166  render           | Saved: '/tmp/clearvla_eval_glass_45586.png'
18:05.635  render           | Saved: '/tmp/clearvla_eval_glass_45586.png'
18:06.168  render           | Saved: '/tmp/clearvla_eval_glass_45586.png'
18:06.649  render           | Saved: '/tmp/clearvla_eval_glass_45586.png'
18:07.207  render           | Saved: '/tmp/clearvla_eval_glass_45586.png'
18:08.389  render           | Saved: '/tmp/clearvla_eval_glass_45586.png'
18:10.547  render           | Saved: '/tmp/clearvla_eval_glass_45586.png'
18:11.024  render           | Saved: '/tmp/clearvla_eval_glass_45586.png'
18:11.570  render           | Saved: '/tmp/clearvla_eval_glass_45586.png'
18:12.719  render           | Saved: '/tmp/clearvla_eval_glass_45586.png'
18:13.602  render           | Saved: '/tmp/clearvla_eval_glass_45586.png'
18:14.063  render           | Saved: '/tmp/clearvla_eval_glass_45586.png'
18:14.590  render           | Saved: '/tmp/clearvla_eval_glass_45586.png'
18:15.048  render           | Saved: '/tmp/clearvla_eval_glass_45586.png'
18:15.537  render           | Saved: '/tmp/clearvla_eval_glass_45586.png'
18:15.990  render           | Saved: '/tmp/clearvla_eval_glass_45586.png'
18:16.498  render           | Saved: '/tmp/clearvla_eval_glass_45586.png'
18:16.993  render           | Saved: '/tmp/clearvla_eval_glass_45586.png'
18:18.255  render           | Saved: '/tmp/clearvla_eval_glass_45586.png'
18:19.047  render           | Saved: '/tmp/clearvla_eval_glass_45586.png'
18:19.790  render           | Saved: '/tmp/clearvla_eval_glass_45586.png'
18:20.167  render           | Saved: '/tmp/clearvla_eval_glass_45586.png'
18:20.588  render           | Saved: '/tmp/clearvla_eval_glass_45586.png'
18:21.059  render           | Saved: '/tmp/clearvla_eval_glass_45586.png'
18:21.587  render           | Saved: '/tmp/clearvla_eval_glass_45586.png'
18:22.034  render           | Saved: '/tmp/clearvla_eval_glass_45586.png'
18:22.534  render           | Saved: '/tmp/clearvla_eval_glass_45586.png'
18:23.890  render           | Saved: '/tmp/clearvla_eval_glass_45586.png'
18:26.046  render           | Saved: '/tmp/clearvla_eval_glass_45586.png'
18:26.597  render           | Saved: '/tmp/clearvla_eval_glass_45586.png'
18:27.289  render           | Saved: '/tmp/clearvla_eval_glass_45586.png'
18:27.811  render           | Saved: '/tmp/clearvla_eval_glass_45586.png'
18:28.506  render           | Saved: '/tmp/clearvla_eval_glass_45586.png'
18:29.226  render           | Saved: '/tmp/clearvla_eval_glass_45586.png'
18:30.540  render           | Saved: '/tmp/clearvla_eval_glass_45586.png'
18:31.154  render           | Saved: '/tmp/clearvla_eval_glass_45586.png'
18:31.838  render           | Saved: '/tmp/clearvla_eval_glass_45586.png'
18:32.328  render           | Saved: '/tmp/clearvla_eval_glass_45586.png'
18:32.820  render           | Saved: '/tmp/clearvla_eval_glass_45586.png'
18:33.293  render           | Saved: '/tmp/clearvla_eval_glass_45586.png'
18:36.214  render           | Saved: '/tmp/clearvla_eval_glass_45586.png'
18:37.222  render           | Saved: '/tmp/clearvla_eval_glass_45586.png'
18:41.966  render           | Saved: '/tmp/clearvla_eval_glass_45586.png'
18:42.967  render           | Saved: '/tmp/clearvla_eval_glass_45586.png'
18:44.543  render           | Saved: '/tmp/clearvla_eval_glass_45586.png'
18:45.255  render           | Saved: '/tmp/clearvla_eval_glass_45586.png'
18:48.290  render           | Saved: '/tmp/clearvla_eval_glass_45586.png'
18:49.459  render           | Saved: '/tmp/clearvla_eval_glass_45586.png'
18:52.799  render           | Saved: '/tmp/clearvla_eval_glass_45586.png'
18:53.462  render           | Saved: '/tmp/clearvla_eval_glass_45586.png'
18:54.406  render           | Saved: '/tmp/clearvla_eval_glass_45586.png'
18:54.804  render           | Saved: '/tmp/clearvla_eval_glass_45586.png'
18:55.368  render           | Saved: '/tmp/clearvla_eval_glass_45586.png'
18:56.244  render           | Saved: '/tmp/clearvla_eval_glass_45586.png'
18:57.897  render           | Saved: '/tmp/clearvla_eval_glass_45586.png'
18:58.538  render           | Saved: '/tmp/clearvla_eval_glass_45586.png'
19:01.711  render           | Saved: '/tmp/clearvla_eval_glass_45586.png'
19:02.193  render           | Saved: '/tmp/clearvla_eval_glass_45586.png'
19:02.833  render           | Saved: '/tmp/clearvla_eval_glass_45586.png'
19:03.758  render           | Saved: '/tmp/clearvla_eval_glass_45586.png'
19:07.179  render           | Saved: '/tmp/clearvla_eval_glass_45586.png'
19:07.832  render           | Saved: '/tmp/clearvla_eval_glass_45586.png'
19:08.530  render           | Saved: '/tmp/clearvla_eval_glass_45586.png'
19:08.999  render           | Saved: '/tmp/clearvla_eval_glass_45586.png'
19:09.487  render           | Saved: '/tmp/clearvla_eval_glass_45586.png'
19:09.980  render           | Saved: '/tmp/clearvla_eval_glass_45586.png'
19:10.756  render           | Saved: '/tmp/clearvla_eval_glass_45586.png'
19:11.674  render           | Saved: '/tmp/clearvla_eval_glass_45586.png'
19:12.568  render           | Saved: '/tmp/clearvla_eval_glass_45586.png'
19:13.602  render           | Saved: '/tmp/clearvla_eval_glass_45586.png'
19:18.327  render           | Saved: '/tmp/clearvla_eval_glass_45586.png'
19:18.972  render           | Saved: '/tmp/clearvla_eval_glass_45586.png'
19:19.489  render           | Saved: '/tmp/clearvla_eval_glass_45586.png'
19:19.952  render           | Saved: '/tmp/clearvla_eval_glass_45586.png'
19:20.520  render           | Saved: '/tmp/clearvla_eval_glass_45586.png'
19:21.687  render           | Saved: '/tmp/clearvla_eval_glass_45586.png'
19:24.525  render           | Saved: '/tmp/clearvla_eval_glass_45586.png'
19:24.998  render           | Saved: '/tmp/clearvla_eval_glass_45586.png'
19:25.564  render           | Saved: '/tmp/clearvla_eval_glass_45586.png'
19:26.091  render           | Saved: '/tmp/clearvla_eval_glass_45586.png'
19:26.927  render           | Saved: '/tmp/clearvla_eval_glass_45586.png'
19:27.709  render           | Saved: '/tmp/clearvla_eval_glass_45586.png'
19:28.499  render           | Saved: '/tmp/clearvla_eval_glass_45586.png'
19:29.154  render           | Saved: '/tmp/clearvla_eval_glass_45586.png'
19:30.595  render           | Saved: '/tmp/clearvla_eval_glass_45586.png'
19:31.322  render           | Saved: '/tmp/clearvla_eval_glass_45586.png'
19:36.905  render           | Saved: '/tmp/clearvla_eval_glass_45586.png'
19:37.595  render           | Saved: '/tmp/clearvla_eval_glass_45586.png'
19:43.594  render           | Saved: '/tmp/clearvla_eval_glass_45586.png'
19:44.222  render           | Saved: '/tmp/clearvla_eval_glass_45586.png'
19:44.935  render           | Saved: '/tmp/clearvla_eval_glass_45586.png'
19:45.356  render           | Saved: '/tmp/clearvla_eval_glass_45586.png'
19:45.895  render           | Saved: '/tmp/clearvla_eval_glass_45586.png'
19:46.330  render           | Saved: '/tmp/clearvla_eval_glass_45586.png'
19:48.015  render           | Saved: '/tmp/clearvla_eval_glass_45586.png'
19:48.886  render           | Saved: '/tmp/clearvla_eval_glass_45586.png'
19:49.725  render           | Saved: '/tmp/clearvla_eval_glass_45586.png'
19:50.161  render           | Saved: '/tmp/clearvla_eval_glass_45586.png'
19:50.722  render           | Saved: '/tmp/clearvla_eval_glass_45586.png'
19:51.212  render           | Saved: '/tmp/clearvla_eval_glass_45586.png'
19:51.734  render           | Saved: '/tmp/clearvla_eval_glass_45586.png'
19:52.231  render           | Saved: '/tmp/clearvla_eval_glass_45586.png'
19:52.943  render           | Saved: '/tmp/clearvla_eval_glass_45586.png'
19:53.737  render           | Saved: '/tmp/clearvla_eval_glass_45586.png'
19:55.399  render           | Saved: '/tmp/clearvla_eval_glass_45586.png'
19:56.082  render           | Saved: '/tmp/clearvla_eval_glass_45586.png'
19:58.166  render           | Saved: '/tmp/clearvla_eval_glass_45586.png'
19:58.646  render           | Saved: '/tmp/clearvla_eval_glass_45586.png'
19:59.520  render           | Saved: '/tmp/clearvla_eval_glass_45586.png'
20:00.069  render           | Saved: '/tmp/clearvla_eval_glass_45586.png'
20:01.154  render           | Saved: '/tmp/clearvla_eval_glass_45586.png'
20:01.784  render           | Saved: '/tmp/clearvla_eval_glass_45586.png'
20:03.201  render           | Saved: '/tmp/clearvla_eval_glass_45586.png'
20:03.864  render           | Saved: '/tmp/clearvla_eval_glass_45586.png'
20:04.551  render           | Saved: '/tmp/clearvla_eval_glass_45586.png'
20:05.829  render           | Saved: '/tmp/clearvla_eval_glass_45586.png'
20:07.901  render           | Saved: '/tmp/clearvla_eval_glass_45586.png'
20:08.571  render           | Saved: '/tmp/clearvla_eval_glass_45586.png'
20:10.099  render           | Saved: '/tmp/clearvla_eval_glass_45586.png'
20:10.797  render           | Saved: '/tmp/clearvla_eval_glass_45586.png'
20:11.724  render           | Saved: '/tmp/clearvla_eval_glass_45586.png'
20:12.109  render           | Saved: '/tmp/clearvla_eval_glass_45586.png'
20:12.627  render           | Saved: '/tmp/clearvla_eval_glass_45586.png'
20:13.036  render           | Saved: '/tmp/clearvla_eval_glass_45586.png'
20:13.649  render           | Saved: '/tmp/clearvla_eval_glass_45586.png'
20:14.752  render           | Saved: '/tmp/clearvla_eval_glass_45586.png'
20:18.055  render           | Saved: '/tmp/clearvla_eval_glass_45586.png'
20:18.534  render           | Saved: '/tmp/clearvla_eval_glass_45586.png'
20:20.927  render           | Saved: '/tmp/clearvla_eval_glass_45586.png'
20:21.424  render           | Saved: '/tmp/clearvla_eval_glass_45586.png'
20:22.074  render           | Saved: '/tmp/clearvla_eval_glass_45586.png'
20:22.498  render           | Saved: '/tmp/clearvla_eval_glass_45586.png'
20:23.055  render           | Saved: '/tmp/clearvla_eval_glass_45586.png'
20:23.510  render           | Saved: '/tmp/clearvla_eval_glass_45586.png'
20:24.136  render           | Saved: '/tmp/clearvla_eval_glass_45586.png'
20:25.299  render           | Saved: '/tmp/clearvla_eval_glass_45586.png'
20:27.234  render           | Saved: '/tmp/clearvla_eval_glass_45586.png'
20:27.758  render           | Saved: '/tmp/clearvla_eval_glass_45586.png'
20:28.488  render           | Saved: '/tmp/clearvla_eval_glass_45586.png'
20:28.906  render           | Saved: '/tmp/clearvla_eval_glass_45586.png'
20:29.471  render           | Saved: '/tmp/clearvla_eval_glass_45586.png'
20:29.892  render           | Saved: '/tmp/clearvla_eval_glass_45586.png'
20:30.546  render           | Saved: '/tmp/clearvla_eval_glass_45586.png'
20:31.568  render           | Saved: '/tmp/clearvla_eval_glass_45586.png'
20:35.330  render           | Saved: '/tmp/clearvla_eval_glass_45586.png'
20:35.947  render           | Saved: '/tmp/clearvla_eval_glass_45586.png'
20:37.246  render           | Saved: '/tmp/clearvla_eval_glass_45586.png'
20:37.760  render           | Saved: '/tmp/clearvla_eval_glass_45586.png'
20:38.710  render           | Saved: '/tmp/clearvla_eval_glass_45586.png'
20:39.299  render           | Saved: '/tmp/clearvla_eval_glass_45586.png'
20:40.411  render           | Saved: '/tmp/clearvla_eval_glass_45586.png'
20:41.011  render           | Saved: '/tmp/clearvla_eval_glass_45586.png'
20:41.661  render           | Saved: '/tmp/clearvla_eval_glass_45586.png'
20:42.129  render           | Saved: '/tmp/clearvla_eval_glass_45586.png'
20:42.863  render           | Saved: '/tmp/clearvla_eval_glass_45586.png'
20:43.875  render           | Saved: '/tmp/clearvla_eval_glass_45586.png'
20:46.188  render           | Saved: '/tmp/clearvla_eval_glass_45586.png'
20:46.800  render           | Saved: '/tmp/clearvla_eval_glass_45586.png'
20:48.165  render           | Saved: '/tmp/clearvla_eval_glass_45586.png'
20:49.862  render           | Saved: '/tmp/clearvla_eval_glass_45586.png'
20:52.177  render           | Saved: '/tmp/clearvla_eval_glass_45586.png'
20:53.288  render           | Saved: '/tmp/clearvla_eval_glass_45586.png'
20:57.741  render           | Saved: '/tmp/clearvla_eval_glass_45586.png'
20:58.271  render           | Saved: '/tmp/clearvla_eval_glass_45586.png'
21:00.627  render           | Saved: '/tmp/clearvla_eval_glass_45586.png'
21:01.203  render           | Saved: '/tmp/clearvla_eval_glass_45586.png'
21:01.903  render           | Saved: '/tmp/clearvla_eval_glass_45586.png'
21:02.381  render           | Saved: '/tmp/clearvla_eval_glass_45586.png'
21:02.890  render           | Saved: '/tmp/clearvla_eval_glass_45586.png'
21:03.417  render           | Saved: '/tmp/clearvla_eval_glass_45586.png'
21:04.334  render           | Saved: '/tmp/clearvla_eval_glass_45586.png'
21:05.001  render           | Saved: '/tmp/clearvla_eval_glass_45586.png'
21:05.662  render           | Saved: '/tmp/clearvla_eval_glass_45586.png'
21:06.882  render           | Saved: '/tmp/clearvla_eval_glass_45586.png'
21:09.367  render           | Saved: '/tmp/clearvla_eval_glass_45586.png'
21:10.036  render           | Saved: '/tmp/clearvla_eval_glass_45586.png'
21:11.223  render           | Saved: '/tmp/clearvla_eval_glass_45586.png'
21:11.731  render           | Saved: '/tmp/clearvla_eval_glass_45586.png'
21:12.989  render           | Saved: '/tmp/clearvla_eval_glass_45586.png'
21:13.479  render           | Saved: '/tmp/clearvla_eval_glass_45586.png'
21:14.193  render           | Saved: '/tmp/clearvla_eval_glass_45586.png'
21:14.627  render           | Saved: '/tmp/clearvla_eval_glass_45586.png'
21:15.177  render           | Saved: '/tmp/clearvla_eval_glass_45586.png'
21:15.637  render           | Saved: '/tmp/clearvla_eval_glass_45586.png'
21:16.510  render           | Saved: '/tmp/clearvla_eval_glass_45586.png'
21:17.151  render           | Saved: '/tmp/clearvla_eval_glass_45586.png'
21:18.162  render           | Saved: '/tmp/clearvla_eval_glass_45586.png'
21:18.722  render           | Saved: '/tmp/clearvla_eval_glass_45586.png'
21:19.564  render           | Saved: '/tmp/clearvla_eval_glass_45586.png'
21:20.223  render           | Saved: '/tmp/clearvla_eval_glass_45586.png'
21:21.572  render           | Saved: '/tmp/clearvla_eval_glass_45586.png'
21:22.248  render           | Saved: '/tmp/clearvla_eval_glass_45586.png'
21:23.946  render           | Saved: '/tmp/clearvla_eval_glass_45586.png'
21:24.989  render           | Saved: '/tmp/clearvla_eval_glass_45586.png'
21:26.038  render           | Saved: '/tmp/clearvla_eval_glass_45586.png'
21:26.583  render           | Saved: '/tmp/clearvla_eval_glass_45586.png'
21:28.126  render           | Saved: '/tmp/clearvla_eval_glass_45586.png'
21:28.682  render           | Saved: '/tmp/clearvla_eval_glass_45586.png'
21:32.055  render           | Saved: '/tmp/clearvla_eval_glass_45586.png'
21:32.948  render           | Saved: '/tmp/clearvla_eval_glass_45586.png'
21:34.631  render           | Saved: '/tmp/clearvla_eval_glass_45586.png'
21:35.521  render           | Saved: '/tmp/clearvla_eval_glass_45586.png'
21:37.476  render           | Saved: '/tmp/clearvla_eval_glass_45586.png'
21:38.096  render           | Saved: '/tmp/clearvla_eval_glass_45586.png'
21:41.857  render           | Saved: '/tmp/clearvla_eval_glass_45586.png'
21:42.473  render           | Saved: '/tmp/clearvla_eval_glass_45586.png'
21:45.794  render           | Saved: '/tmp/clearvla_eval_glass_45586.png'
21:46.767  render           | Saved: '/tmp/clearvla_eval_glass_45586.png'
21:50.317  render           | Saved: '/tmp/clearvla_eval_glass_45586.png'
21:51.411  render           | Saved: '/tmp/clearvla_eval_glass_45586.png'
21:53.458  render           | Saved: '/tmp/clearvla_eval_glass_45586.png'
21:54.045  render           | Saved: '/tmp/clearvla_eval_glass_45586.png'
21:54.759  render           | Saved: '/tmp/clearvla_eval_glass_45586.png'
21:55.256  render           | Saved: '/tmp/clearvla_eval_glass_45586.png'
21:56.365  render           | Saved: '/tmp/clearvla_eval_glass_45586.png'
21:57.525  render           | Saved: '/tmp/clearvla_eval_glass_45586.png'
21:59.826  render           | Saved: '/tmp/clearvla_eval_glass_45586.png'
22:00.390  render           | Saved: '/tmp/clearvla_eval_glass_45586.png'
22:01.042  render           | Saved: '/tmp/clearvla_eval_glass_45586.png'
22:01.508  render           | Saved: '/tmp/clearvla_eval_glass_45586.png'
22:02.796  render           | Saved: '/tmp/clearvla_eval_glass_45586.png'
22:03.429  render           | Saved: '/tmp/clearvla_eval_glass_45586.png'
22:04.170  render           | Saved: '/tmp/clearvla_eval_glass_45586.png'
22:04.625  render           | Saved: '/tmp/clearvla_eval_glass_45586.png'
22:05.148  render           | Saved: '/tmp/clearvla_eval_glass_45586.png'
22:05.576  render           | Saved: '/tmp/clearvla_eval_glass_45586.png'
22:06.099  render           | Saved: '/tmp/clearvla_eval_glass_45586.png'
22:06.564  render           | Saved: '/tmp/clearvla_eval_glass_45586.png'
22:07.771  render           | Saved: '/tmp/clearvla_eval_glass_45586.png'
22:08.395  render           | Saved: '/tmp/clearvla_eval_glass_45586.png'
22:09.118  render           | Saved: '/tmp/clearvla_eval_glass_45586.png'
22:09.589  render           | Saved: '/tmp/clearvla_eval_glass_45586.png'
22:10.177  render           | Saved: '/tmp/clearvla_eval_glass_45586.png'
22:10.770  render           | Saved: '/tmp/clearvla_eval_glass_45586.png'
22:12.391  render           | Saved: '/tmp/clearvla_eval_glass_45586.png'
22:12.899  render           | Saved: '/tmp/clearvla_eval_glass_45586.png'
22:13.573  render           | Saved: '/tmp/clearvla_eval_glass_45586.png'
22:14.092  render           | Saved: '/tmp/clearvla_eval_glass_45586.png'
22:15.261  render           | Saved: '/tmp/clearvla_eval_glass_45586.png'
22:15.890  render           | Saved: '/tmp/clearvla_eval_glass_45586.png'
22:16.618  render           | Saved: '/tmp/clearvla_eval_glass_45586.png'
22:17.110  render           | Saved: '/tmp/clearvla_eval_glass_45586.png'
22:17.616  render           | Saved: '/tmp/clearvla_eval_glass_45586.png'
22:18.113  render           | Saved: '/tmp/clearvla_eval_glass_45586.png'
22:18.645  render           | Saved: '/tmp/clearvla_eval_glass_45586.png'
22:19.137  render           | Saved: '/tmp/clearvla_eval_glass_45586.png'
22:19.683  render           | Saved: '/tmp/clearvla_eval_glass_45586.png'
22:20.977  render           | Saved: '/tmp/clearvla_eval_glass_45586.png'
22:21.901  render           | Saved: '/tmp/clearvla_eval_glass_45586.png'
22:22.381  render           | Saved: '/tmp/clearvla_eval_glass_45586.png'
22:23.008  render           | Saved: '/tmp/clearvla_eval_glass_45586.png'
22:23.472  render           | Saved: '/tmp/clearvla_eval_glass_45586.png'
22:23.992  render           | Saved: '/tmp/clearvla_eval_glass_45586.png'
22:24.477  render           | Saved: '/tmp/clearvla_eval_glass_45586.png'
22:25.064  render           | Saved: '/tmp/clearvla_eval_glass_45586.png'
22:26.109  render           | Saved: '/tmp/clearvla_eval_glass_45586.png'
22:29.360  render           | Saved: '/tmp/clearvla_eval_glass_45586.png'
22:29.899  render           | Saved: '/tmp/clearvla_eval_glass_45586.png'
22:30.636  render           | Saved: '/tmp/clearvla_eval_glass_45586.png'
22:31.848  render           | Saved: '/tmp/clearvla_eval_glass_45586.png'
22:33.570  render           | Saved: '/tmp/clearvla_eval_glass_45586.png'
22:34.225  render           | Saved: '/tmp/clearvla_eval_glass_45586.png'
22:35.385  render           | Saved: '/tmp/clearvla_eval_glass_45586.png'
22:36.778  render           | Saved: '/tmp/clearvla_eval_glass_45586.png'
22:40.636  render           | Saved: '/tmp/clearvla_eval_glass_45586.png'
22:41.272  render           | Saved: '/tmp/clearvla_eval_glass_45586.png'
22:42.078  render           | Saved: '/tmp/clearvla_eval_glass_45586.png'
22:43.318  render           | Saved: '/tmp/clearvla_eval_glass_45586.png'
22:45.459  render           | Saved: '/tmp/clearvla_eval_glass_45586.png'
22:46.057  render           | Saved: '/tmp/clearvla_eval_glass_45586.png'
22:46.758  render           | Saved: '/tmp/clearvla_eval_glass_45586.png'
22:47.216  render           | Saved: '/tmp/clearvla_eval_glass_45586.png'
22:47.727  render           | Saved: '/tmp/clearvla_eval_glass_45586.png'
22:48.247  render           | Saved: '/tmp/clearvla_eval_glass_45586.png'
22:48.700  render           | Saved: '/tmp/clearvla_eval_glass_45586.png'
22:49.093  render           | Saved: '/tmp/clearvla_eval_glass_45586.png'
22:50.305  render           | Saved: '/tmp/clearvla_eval_glass_45586.png'
22:50.954  render           | Saved: '/tmp/clearvla_eval_glass_45586.png'
22:53.966  render           | Saved: '/tmp/clearvla_eval_glass_45586.png'
22:54.682  render           | Saved: '/tmp/clearvla_eval_glass_45586.png'
22:58.189  render           | Saved: '/tmp/clearvla_eval_glass_45586.png'
22:59.000  render           | Saved: '/tmp/clearvla_eval_glass_45586.png'
23:02.901  render           | Saved: '/tmp/clearvla_eval_glass_45586.png'
23:03.787  render           | Saved: '/tmp/clearvla_eval_glass_45586.png'
23:05.248  render           | Saved: '/tmp/clearvla_eval_glass_45586.png'
23:05.995  render           | Saved: '/tmp/clearvla_eval_glass_45586.png'
23:10.418  render           | Saved: '/tmp/clearvla_eval_glass_45586.png'
23:11.117  render           | Saved: '/tmp/clearvla_eval_glass_45586.png'
23:13.693  render           | Saved: '/tmp/clearvla_eval_glass_45586.png'
23:14.635  render           | Saved: '/tmp/clearvla_eval_glass_45586.png'
23:15.867  render           | Saved: '/tmp/clearvla_eval_glass_45586.png'
23:16.606  render           | Saved: '/tmp/clearvla_eval_glass_45586.png'
23:20.755  render           | Saved: '/tmp/clearvla_eval_glass_45586.png'
23:21.361  render           | Saved: '/tmp/clearvla_eval_glass_45586.png'
23:22.072  render           | Saved: '/tmp/clearvla_eval_glass_45586.png'
23:22.550  render           | Saved: '/tmp/clearvla_eval_glass_45586.png'
23:23.075  render           | Saved: '/tmp/clearvla_eval_glass_45586.png'
23:23.547  render           | Saved: '/tmp/clearvla_eval_glass_45586.png'
23:24.656  render           | Saved: '/tmp/clearvla_eval_glass_45586.png'
23:25.383  render           | Saved: '/tmp/clearvla_eval_glass_45586.png'
23:26.240  render           | Saved: '/tmp/clearvla_eval_glass_45586.png'
23:26.652  render           | Saved: '/tmp/clearvla_eval_glass_45586.png'
23:27.180  render           | Saved: '/tmp/clearvla_eval_glass_45586.png'
23:27.588  render           | Saved: '/tmp/clearvla_eval_glass_45586.png'
23:28.102  render           | Saved: '/tmp/clearvla_eval_glass_45586.png'
23:28.544  render           | Saved: '/tmp/clearvla_eval_glass_45586.png'
23:29.189  render           | Saved: '/tmp/clearvla_eval_glass_45586.png'
23:29.646  render           | Saved: '/tmp/clearvla_eval_glass_45586.png'
23:30.170  render           | Saved: '/tmp/clearvla_eval_glass_45586.png'
23:31.302  render           | Saved: '/tmp/clearvla_eval_glass_45586.png'
23:34.458  render           | Saved: '/tmp/clearvla_eval_glass_45586.png'
23:35.012  render           | Saved: '/tmp/clearvla_eval_glass_45586.png'
23:35.896  render           | Saved: '/tmp/clearvla_eval_glass_45586.png'
23:36.324  render           | Saved: '/tmp/clearvla_eval_glass_45586.png'
23:36.834  render           | Saved: '/tmp/clearvla_eval_glass_45586.png'
23:37.279  render           | Saved: '/tmp/clearvla_eval_glass_45586.png'
23:38.742  render           | Saved: '/tmp/clearvla_eval_glass_45586.png'
23:39.717  render           | Saved: '/tmp/clearvla_eval_glass_45586.png'
23:42.829  render           | Saved: '/tmp/clearvla_eval_glass_45586.png'
23:43.210  render           | Saved: '/tmp/clearvla_eval_glass_45586.png'
23:43.751  render           | Saved: '/tmp/clearvla_eval_glass_45586.png'
23:44.127  render           | Saved: '/tmp/clearvla_eval_glass_45586.png'
23:44.666  render           | Saved: '/tmp/clearvla_eval_glass_45586.png'
23:45.052  render           | Saved: '/tmp/clearvla_eval_glass_45586.png'
[full/glass] pour: 6/20  (23.6 min, 47.9 s/ep)
done 20 new episodes in 23.6 min -> /Users/yogyamehrotra/Desktop/ClearVLA/results/week3/interim_v3_newrule/full_glass.jsonl
