[transformers] Model config: bos_token_id must be `None` or an integer within the vocabulary (between 0 and 31999), got 49406. This may result in unexpected behavior.
[transformers] Model config: eos_token_id must be `None` or an integer within the vocabulary (between 0 and 31999), got 49407. This may result in unexpected behavior.
Loading weights:   0%|          | 0/408 [00:00<?, ?it/s]Loading weights: 100%|██████████| 408/408 [00:00<00:00, 9725.65it/s]
00:18.656  render           | Saved: '/tmp/clearvla_eval_opaque_98444.png'
/Users/yogyamehrotra/miniconda3/envs/clearvla/lib/python3.11/site-packages/transformers/image_processing_backends.py:135: UserWarning: The given NumPy array is not writable, and PyTorch does not support non-writable tensors. This means writing to this tensor will result in undefined behavior. You may want to copy the array to protect its data or make it writable before converting it to a tensor. This type of warning will be suppressed for the rest of this program. (Triggered internally at /Users/runner/work/pytorch/pytorch/torch/csrc/utils/tensor_numpy.cpp:219.)
  image = torch.from_numpy(image).contiguous()
00:20.920  render           | Saved: '/tmp/clearvla_eval_opaque_98444.png'
00:21.402  render           | Saved: '/tmp/clearvla_eval_opaque_98444.png'
00:21.929  render           | Saved: '/tmp/clearvla_eval_opaque_98444.png'
00:22.438  render           | Saved: '/tmp/clearvla_eval_opaque_98444.png'
00:22.921  render           | Saved: '/tmp/clearvla_eval_opaque_98444.png'
00:23.849  render           | Saved: '/tmp/clearvla_eval_opaque_98444.png'
00:24.452  render           | Saved: '/tmp/clearvla_eval_opaque_98444.png'
00:24.965  render           | Saved: '/tmp/clearvla_eval_opaque_98444.png'
00:25.465  render           | Saved: '/tmp/clearvla_eval_opaque_98444.png'
00:25.965  render           | Saved: '/tmp/clearvla_eval_opaque_98444.png'
00:26.485  render           | Saved: '/tmp/clearvla_eval_opaque_98444.png'
00:26.988  render           | Saved: '/tmp/clearvla_eval_opaque_98444.png'
00:27.494  render           | Saved: '/tmp/clearvla_eval_opaque_98444.png'
00:27.999  render           | Saved: '/tmp/clearvla_eval_opaque_98444.png'
00:28.496  render           | Saved: '/tmp/clearvla_eval_opaque_98444.png'
00:28.971  render           | Saved: '/tmp/clearvla_eval_opaque_98444.png'
00:29.497  render           | Saved: '/tmp/clearvla_eval_opaque_98444.png'
00:30.078  render           | Saved: '/tmp/clearvla_eval_opaque_98444.png'
00:30.598  render           | Saved: '/tmp/clearvla_eval_opaque_98444.png'
00:31.074  render           | Saved: '/tmp/clearvla_eval_opaque_98444.png'
00:31.606  render           | Saved: '/tmp/clearvla_eval_opaque_98444.png'
00:32.137  render           | Saved: '/tmp/clearvla_eval_opaque_98444.png'
00:32.685  render           | Saved: '/tmp/clearvla_eval_opaque_98444.png'
00:33.207  render           | Saved: '/tmp/clearvla_eval_opaque_98444.png'
00:33.676  render           | Saved: '/tmp/clearvla_eval_opaque_98444.png'
00:34.272  render           | Saved: '/tmp/clearvla_eval_opaque_98444.png'
00:34.805  render           | Saved: '/tmp/clearvla_eval_opaque_98444.png'
00:35.313  render           | Saved: '/tmp/clearvla_eval_opaque_98444.png'
00:35.846  render           | Saved: '/tmp/clearvla_eval_opaque_98444.png'
00:36.384  render           | Saved: '/tmp/clearvla_eval_opaque_98444.png'
00:36.932  render           | Saved: '/tmp/clearvla_eval_opaque_98444.png'
00:37.417  render           | Saved: '/tmp/clearvla_eval_opaque_98444.png'
00:37.919  render           | Saved: '/tmp/clearvla_eval_opaque_98444.png'
00:38.421  render           | Saved: '/tmp/clearvla_eval_opaque_98444.png'
00:38.971  render           | Saved: '/tmp/clearvla_eval_opaque_98444.png'
00:39.508  render           | Saved: '/tmp/clearvla_eval_opaque_98444.png'
00:40.026  render           | Saved: '/tmp/clearvla_eval_opaque_98444.png'
00:41.386  render           | Saved: '/tmp/clearvla_eval_opaque_98444.png'
00:42.036  render           | Saved: '/tmp/clearvla_eval_opaque_98444.png'
00:42.535  render           | Saved: '/tmp/clearvla_eval_opaque_98444.png'
00:43.061  render           | Saved: '/tmp/clearvla_eval_opaque_98444.png'
00:43.564  render           | Saved: '/tmp/clearvla_eval_opaque_98444.png'
00:44.031  render           | Saved: '/tmp/clearvla_eval_opaque_98444.png'
00:44.711  render           | Saved: '/tmp/clearvla_eval_opaque_98444.png'
00:45.260  render           | Saved: '/tmp/clearvla_eval_opaque_98444.png'
00:45.744  render           | Saved: '/tmp/clearvla_eval_opaque_98444.png'
00:46.210  render           | Saved: '/tmp/clearvla_eval_opaque_98444.png'
00:46.680  render           | Saved: '/tmp/clearvla_eval_opaque_98444.png'
00:47.112  render           | Saved: '/tmp/clearvla_eval_opaque_98444.png'
00:47.653  render           | Saved: '/tmp/clearvla_eval_opaque_98444.png'
00:48.310  render           | Saved: '/tmp/clearvla_eval_opaque_98444.png'
00:48.841  render           | Saved: '/tmp/clearvla_eval_opaque_98444.png'
00:49.368  render           | Saved: '/tmp/clearvla_eval_opaque_98444.png'
00:49.884  render           | Saved: '/tmp/clearvla_eval_opaque_98444.png'
00:50.431  render           | Saved: '/tmp/clearvla_eval_opaque_98444.png'
00:50.959  render           | Saved: '/tmp/clearvla_eval_opaque_98444.png'
00:51.480  render           | Saved: '/tmp/clearvla_eval_opaque_98444.png'
00:52.012  render           | Saved: '/tmp/clearvla_eval_opaque_98444.png'
00:52.500  render           | Saved: '/tmp/clearvla_eval_opaque_98444.png'
00:53.113  render           | Saved: '/tmp/clearvla_eval_opaque_98444.png'
00:53.677  render           | Saved: '/tmp/clearvla_eval_opaque_98444.png'
00:54.204  render           | Saved: '/tmp/clearvla_eval_opaque_98444.png'
00:54.692  render           | Saved: '/tmp/clearvla_eval_opaque_98444.png'
00:55.247  render           | Saved: '/tmp/clearvla_eval_opaque_98444.png'
00:55.797  render           | Saved: '/tmp/clearvla_eval_opaque_98444.png'
00:56.305  render           | Saved: '/tmp/clearvla_eval_opaque_98444.png'
00:56.818  render           | Saved: '/tmp/clearvla_eval_opaque_98444.png'
00:57.345  render           | Saved: '/tmp/clearvla_eval_opaque_98444.png'
00:57.947  render           | Saved: '/tmp/clearvla_eval_opaque_98444.png'
00:58.448  render           | Saved: '/tmp/clearvla_eval_opaque_98444.png'
00:58.957  render           | Saved: '/tmp/clearvla_eval_opaque_98444.png'
00:59.449  render           | Saved: '/tmp/clearvla_eval_opaque_98444.png'
01:00.031  render           | Saved: '/tmp/clearvla_eval_opaque_98444.png'
01:00.534  render           | Saved: '/tmp/clearvla_eval_opaque_98444.png'
01:01.030  render           | Saved: '/tmp/clearvla_eval_opaque_98444.png'
01:02.248  render           | Saved: '/tmp/clearvla_eval_opaque_98444.png'
01:02.799  render           | Saved: '/tmp/clearvla_eval_opaque_98444.png'
01:03.294  render           | Saved: '/tmp/clearvla_eval_opaque_98444.png'
01:03.829  render           | Saved: '/tmp/clearvla_eval_opaque_98444.png'
01:04.334  render           | Saved: '/tmp/clearvla_eval_opaque_98444.png'
01:04.830  render           | Saved: '/tmp/clearvla_eval_opaque_98444.png'
01:05.525  render           | Saved: '/tmp/clearvla_eval_opaque_98444.png'
01:06.229  render           | Saved: '/tmp/clearvla_eval_opaque_98444.png'
01:06.802  render           | Saved: '/tmp/clearvla_eval_opaque_98444.png'
01:07.327  render           | Saved: '/tmp/clearvla_eval_opaque_98444.png'
01:07.855  render           | Saved: '/tmp/clearvla_eval_opaque_98444.png'
01:08.369  render           | Saved: '/tmp/clearvla_eval_opaque_98444.png'
01:08.912  render           | Saved: '/tmp/clearvla_eval_opaque_98444.png'
01:09.425  render           | Saved: '/tmp/clearvla_eval_opaque_98444.png'
01:09.952  render           | Saved: '/tmp/clearvla_eval_opaque_98444.png'
01:10.493  render           | Saved: '/tmp/clearvla_eval_opaque_98444.png'
01:10.976  render           | Saved: '/tmp/clearvla_eval_opaque_98444.png'
01:11.553  render           | Saved: '/tmp/clearvla_eval_opaque_98444.png'
01:12.054  render           | Saved: '/tmp/clearvla_eval_opaque_98444.png'
01:12.547  render           | Saved: '/tmp/clearvla_eval_opaque_98444.png'
01:13.061  render           | Saved: '/tmp/clearvla_eval_opaque_98444.png'
01:13.641  render           | Saved: '/tmp/clearvla_eval_opaque_98444.png'
01:14.151  render           | Saved: '/tmp/clearvla_eval_opaque_98444.png'
01:14.695  render           | Saved: '/tmp/clearvla_eval_opaque_98444.png'
01:15.223  render           | Saved: '/tmp/clearvla_eval_opaque_98444.png'
01:15.717  render           | Saved: '/tmp/clearvla_eval_opaque_98444.png'
01:16.305  render           | Saved: '/tmp/clearvla_eval_opaque_98444.png'
01:16.817  render           | Saved: '/tmp/clearvla_eval_opaque_98444.png'
01:17.335  render           | Saved: '/tmp/clearvla_eval_opaque_98444.png'
01:17.830  render           | Saved: '/tmp/clearvla_eval_opaque_98444.png'
01:18.432  render           | Saved: '/tmp/clearvla_eval_opaque_98444.png'
01:18.979  render           | Saved: '/tmp/clearvla_eval_opaque_98444.png'
01:19.512  render           | Saved: '/tmp/clearvla_eval_opaque_98444.png'
01:19.999  render           | Saved: '/tmp/clearvla_eval_opaque_98444.png'
01:20.567  render           | Saved: '/tmp/clearvla_eval_opaque_98444.png'
01:21.084  render           | Saved: '/tmp/clearvla_eval_opaque_98444.png'
01:21.622  render           | Saved: '/tmp/clearvla_eval_opaque_98444.png'
01:22.149  render           | Saved: '/tmp/clearvla_eval_opaque_98444.png'
01:23.342  render           | Saved: '/tmp/clearvla_eval_opaque_98444.png'
01:23.882  render           | Saved: '/tmp/clearvla_eval_opaque_98444.png'
01:24.374  render           | Saved: '/tmp/clearvla_eval_opaque_98444.png'
01:25.000  render           | Saved: '/tmp/clearvla_eval_opaque_98444.png'
01:25.538  render           | Saved: '/tmp/clearvla_eval_opaque_98444.png'
01:26.017  render           | Saved: '/tmp/clearvla_eval_opaque_98444.png'
01:26.654  render           | Saved: '/tmp/clearvla_eval_opaque_98444.png'
01:27.163  render           | Saved: '/tmp/clearvla_eval_opaque_98444.png'
01:27.691  render           | Saved: '/tmp/clearvla_eval_opaque_98444.png'
01:28.179  render           | Saved: '/tmp/clearvla_eval_opaque_98444.png'
01:28.810  render           | Saved: '/tmp/clearvla_eval_opaque_98444.png'
01:29.340  render           | Saved: '/tmp/clearvla_eval_opaque_98444.png'
01:29.883  render           | Saved: '/tmp/clearvla_eval_opaque_98444.png'
01:30.375  render           | Saved: '/tmp/clearvla_eval_opaque_98444.png'
01:30.959  render           | Saved: '/tmp/clearvla_eval_opaque_98444.png'
01:31.480  render           | Saved: '/tmp/clearvla_eval_opaque_98444.png'
01:32.020  render           | Saved: '/tmp/clearvla_eval_opaque_98444.png'
01:32.532  render           | Saved: '/tmp/clearvla_eval_opaque_98444.png'
01:33.133  render           | Saved: '/tmp/clearvla_eval_opaque_98444.png'
01:33.653  render           | Saved: '/tmp/clearvla_eval_opaque_98444.png'
01:34.166  render           | Saved: '/tmp/clearvla_eval_opaque_98444.png'
01:34.710  render           | Saved: '/tmp/clearvla_eval_opaque_98444.png'
01:35.295  render           | Saved: '/tmp/clearvla_eval_opaque_98444.png'
01:35.792  render           | Saved: '/tmp/clearvla_eval_opaque_98444.png'
01:36.318  render           | Saved: '/tmp/clearvla_eval_opaque_98444.png'
01:36.823  render           | Saved: '/tmp/clearvla_eval_opaque_98444.png'
01:37.328  render           | Saved: '/tmp/clearvla_eval_opaque_98444.png'
01:37.877  render           | Saved: '/tmp/clearvla_eval_opaque_98444.png'
01:38.396  render           | Saved: '/tmp/clearvla_eval_opaque_98444.png'
01:38.912  render           | Saved: '/tmp/clearvla_eval_opaque_98444.png'
01:39.448  render           | Saved: '/tmp/clearvla_eval_opaque_98444.png'
01:39.935  render           | Saved: '/tmp/clearvla_eval_opaque_98444.png'
01:40.495  render           | Saved: '/tmp/clearvla_eval_opaque_98444.png'
01:41.009  render           | Saved: '/tmp/clearvla_eval_opaque_98444.png'
01:41.534  render           | Saved: '/tmp/clearvla_eval_opaque_98444.png'
01:42.054  render           | Saved: '/tmp/clearvla_eval_opaque_98444.png'
01:42.647  render           | Saved: '/tmp/clearvla_eval_opaque_98444.png'
01:43.159  render           | Saved: '/tmp/clearvla_eval_opaque_98444.png'
01:44.333  render           | Saved: '/tmp/clearvla_eval_opaque_98444.png'
01:44.881  render           | Saved: '/tmp/clearvla_eval_opaque_98444.png'
01:45.359  render           | Saved: '/tmp/clearvla_eval_opaque_98444.png'
01:45.930  render           | Saved: '/tmp/clearvla_eval_opaque_98444.png'
01:46.447  render           | Saved: '/tmp/clearvla_eval_opaque_98444.png'
01:46.965  render           | Saved: '/tmp/clearvla_eval_opaque_98444.png'
01:47.497  render           | Saved: '/tmp/clearvla_eval_opaque_98444.png'
01:48.083  render           | Saved: '/tmp/clearvla_eval_opaque_98444.png'
01:48.615  render           | Saved: '/tmp/clearvla_eval_opaque_98444.png'
01:49.169  render           | Saved: '/tmp/clearvla_eval_opaque_98444.png'
01:49.763  render           | Saved: '/tmp/clearvla_eval_opaque_98444.png'
01:50.354  render           | Saved: '/tmp/clearvla_eval_opaque_98444.png'
01:50.877  render           | Saved: '/tmp/clearvla_eval_opaque_98444.png'
01:51.383  render           | Saved: '/tmp/clearvla_eval_opaque_98444.png'
01:51.905  render           | Saved: '/tmp/clearvla_eval_opaque_98444.png'
01:52.415  render           | Saved: '/tmp/clearvla_eval_opaque_98444.png'
01:53.003  render           | Saved: '/tmp/clearvla_eval_opaque_98444.png'
01:53.516  render           | Saved: '/tmp/clearvla_eval_opaque_98444.png'
01:54.050  render           | Saved: '/tmp/clearvla_eval_opaque_98444.png'
01:54.581  render           | Saved: '/tmp/clearvla_eval_opaque_98444.png'
01:55.088  render           | Saved: '/tmp/clearvla_eval_opaque_98444.png'
01:55.674  render           | Saved: '/tmp/clearvla_eval_opaque_98444.png'
01:56.213  render           | Saved: '/tmp/clearvla_eval_opaque_98444.png'
01:56.723  render           | Saved: '/tmp/clearvla_eval_opaque_98444.png'
01:57.262  render           | Saved: '/tmp/clearvla_eval_opaque_98444.png'
01:57.772  render           | Saved: '/tmp/clearvla_eval_opaque_98444.png'
01:58.380  render           | Saved: '/tmp/clearvla_eval_opaque_98444.png'
01:58.970  render           | Saved: '/tmp/clearvla_eval_opaque_98444.png'
01:59.478  render           | Saved: '/tmp/clearvla_eval_opaque_98444.png'
02:00.267  render           | Saved: '/tmp/clearvla_eval_opaque_98444.png'
02:01.002  render           | Saved: '/tmp/clearvla_eval_opaque_98444.png'
02:01.589  render           | Saved: '/tmp/clearvla_eval_opaque_98444.png'
02:02.113  render           | Saved: '/tmp/clearvla_eval_opaque_98444.png'
02:02.642  render           | Saved: '/tmp/clearvla_eval_opaque_98444.png'
02:03.196  render           | Saved: '/tmp/clearvla_eval_opaque_98444.png'
02:03.690  render           | Saved: '/tmp/clearvla_eval_opaque_98444.png'
02:04.255  render           | Saved: '/tmp/clearvla_eval_opaque_98444.png'
02:04.779  render           | Saved: '/tmp/clearvla_eval_opaque_98444.png'
02:05.847  render           | Saved: '/tmp/clearvla_eval_opaque_98444.png'
02:06.332  render           | Saved: '/tmp/clearvla_eval_opaque_98444.png'
02:06.959  render           | Saved: '/tmp/clearvla_eval_opaque_98444.png'
02:07.494  render           | Saved: '/tmp/clearvla_eval_opaque_98444.png'
02:07.997  render           | Saved: '/tmp/clearvla_eval_opaque_98444.png'
02:08.521  render           | Saved: '/tmp/clearvla_eval_opaque_98444.png'
02:09.035  render           | Saved: '/tmp/clearvla_eval_opaque_98444.png'
02:09.636  render           | Saved: '/tmp/clearvla_eval_opaque_98444.png'
02:10.156  render           | Saved: '/tmp/clearvla_eval_opaque_98444.png'
02:10.669  render           | Saved: '/tmp/clearvla_eval_opaque_98444.png'
02:11.193  render           | Saved: '/tmp/clearvla_eval_opaque_98444.png'
02:11.705  render           | Saved: '/tmp/clearvla_eval_opaque_98444.png'
02:12.222  render           | Saved: '/tmp/clearvla_eval_opaque_98444.png'
02:12.781  render           | Saved: '/tmp/clearvla_eval_opaque_98444.png'
02:13.315  render           | Saved: '/tmp/clearvla_eval_opaque_98444.png'
02:13.824  render           | Saved: '/tmp/clearvla_eval_opaque_98444.png'
02:14.343  render           | Saved: '/tmp/clearvla_eval_opaque_98444.png'
02:14.828  render           | Saved: '/tmp/clearvla_eval_opaque_98444.png'
02:15.326  render           | Saved: '/tmp/clearvla_eval_opaque_98444.png'
02:15.908  render           | Saved: '/tmp/clearvla_eval_opaque_98444.png'
02:16.399  render           | Saved: '/tmp/clearvla_eval_opaque_98444.png'
02:16.935  render           | Saved: '/tmp/clearvla_eval_opaque_98444.png'
02:17.464  render           | Saved: '/tmp/clearvla_eval_opaque_98444.png'
02:17.968  render           | Saved: '/tmp/clearvla_eval_opaque_98444.png'
02:18.461  render           | Saved: '/tmp/clearvla_eval_opaque_98444.png'
02:19.041  render           | Saved: '/tmp/clearvla_eval_opaque_98444.png'
02:19.565  render           | Saved: '/tmp/clearvla_eval_opaque_98444.png'
02:20.090  render           | Saved: '/tmp/clearvla_eval_opaque_98444.png'
02:20.614  render           | Saved: '/tmp/clearvla_eval_opaque_98444.png'
02:21.160  render           | Saved: '/tmp/clearvla_eval_opaque_98444.png'
02:21.745  render           | Saved: '/tmp/clearvla_eval_opaque_98444.png'
02:22.239  render           | Saved: '/tmp/clearvla_eval_opaque_98444.png'
02:22.780  render           | Saved: '/tmp/clearvla_eval_opaque_98444.png'
02:23.285  render           | Saved: '/tmp/clearvla_eval_opaque_98444.png'
02:23.818  render           | Saved: '/tmp/clearvla_eval_opaque_98444.png'
02:24.323  render           | Saved: '/tmp/clearvla_eval_opaque_98444.png'
02:24.888  render           | Saved: '/tmp/clearvla_eval_opaque_98444.png'
02:25.413  render           | Saved: '/tmp/clearvla_eval_opaque_98444.png'
02:26.523  render           | Saved: '/tmp/clearvla_eval_opaque_98444.png'
02:27.012  render           | Saved: '/tmp/clearvla_eval_opaque_98444.png'
02:27.555  render           | Saved: '/tmp/clearvla_eval_opaque_98444.png'
02:28.091  render           | Saved: '/tmp/clearvla_eval_opaque_98444.png'
02:28.616  render           | Saved: '/tmp/clearvla_eval_opaque_98444.png'
02:29.135  render           | Saved: '/tmp/clearvla_eval_opaque_98444.png'
02:29.664  render           | Saved: '/tmp/clearvla_eval_opaque_98444.png'
02:30.156  render           | Saved: '/tmp/clearvla_eval_opaque_98444.png'
02:30.694  render           | Saved: '/tmp/clearvla_eval_opaque_98444.png'
02:31.231  render           | Saved: '/tmp/clearvla_eval_opaque_98444.png'
02:31.762  render           | Saved: '/tmp/clearvla_eval_opaque_98444.png'
02:32.293  render           | Saved: '/tmp/clearvla_eval_opaque_98444.png'
02:32.802  render           | Saved: '/tmp/clearvla_eval_opaque_98444.png'
02:33.344  render           | Saved: '/tmp/clearvla_eval_opaque_98444.png'
02:33.849  render           | Saved: '/tmp/clearvla_eval_opaque_98444.png'
02:34.409  render           | Saved: '/tmp/clearvla_eval_opaque_98444.png'
02:34.953  render           | Saved: '/tmp/clearvla_eval_opaque_98444.png'
02:35.487  render           | Saved: '/tmp/clearvla_eval_opaque_98444.png'
02:36.005  render           | Saved: '/tmp/clearvla_eval_opaque_98444.png'
02:36.545  render           | Saved: '/tmp/clearvla_eval_opaque_98444.png'
02:37.046  render           | Saved: '/tmp/clearvla_eval_opaque_98444.png'
02:37.628  render           | Saved: '/tmp/clearvla_eval_opaque_98444.png'
02:38.175  render           | Saved: '/tmp/clearvla_eval_opaque_98444.png'
02:38.692  render           | Saved: '/tmp/clearvla_eval_opaque_98444.png'
02:39.206  render           | Saved: '/tmp/clearvla_eval_opaque_98444.png'
02:39.727  render           | Saved: '/tmp/clearvla_eval_opaque_98444.png'
02:40.228  render           | Saved: '/tmp/clearvla_eval_opaque_98444.png'
02:40.814  render           | Saved: '/tmp/clearvla_eval_opaque_98444.png'
02:41.320  render           | Saved: '/tmp/clearvla_eval_opaque_98444.png'
02:42.040  render           | Saved: '/tmp/clearvla_eval_opaque_98444.png'
02:42.658  render           | Saved: '/tmp/clearvla_eval_opaque_98444.png'
02:43.203  render           | Saved: '/tmp/clearvla_eval_opaque_98444.png'
02:43.735  render           | Saved: '/tmp/clearvla_eval_opaque_98444.png'
02:44.269  render           | Saved: '/tmp/clearvla_eval_opaque_98444.png'
02:44.802  render           | Saved: '/tmp/clearvla_eval_opaque_98444.png'
02:45.292  render           | Saved: '/tmp/clearvla_eval_opaque_98444.png'
02:45.890  render           | Saved: '/tmp/clearvla_eval_opaque_98444.png'
02:46.414  render           | Saved: '/tmp/clearvla_eval_opaque_98444.png'
02:47.502  render           | Saved: '/tmp/clearvla_eval_opaque_98444.png'
02:47.996  render           | Saved: '/tmp/clearvla_eval_opaque_98444.png'
02:48.694  render           | Saved: '/tmp/clearvla_eval_opaque_98444.png'
02:49.245  render           | Saved: '/tmp/clearvla_eval_opaque_98444.png'
02:49.769  render           | Saved: '/tmp/clearvla_eval_opaque_98444.png'
02:50.320  render           | Saved: '/tmp/clearvla_eval_opaque_98444.png'
02:50.924  render           | Saved: '/tmp/clearvla_eval_opaque_98444.png'
02:51.479  render           | Saved: '/tmp/clearvla_eval_opaque_98444.png'
02:52.000  render           | Saved: '/tmp/clearvla_eval_opaque_98444.png'
02:52.522  render           | Saved: '/tmp/clearvla_eval_opaque_98444.png'
02:53.043  render           | Saved: '/tmp/clearvla_eval_opaque_98444.png'
02:53.580  render           | Saved: '/tmp/clearvla_eval_opaque_98444.png'
02:54.161  render           | Saved: '/tmp/clearvla_eval_opaque_98444.png'
02:54.711  render           | Saved: '/tmp/clearvla_eval_opaque_98444.png'
02:55.243  render           | Saved: '/tmp/clearvla_eval_opaque_98444.png'
02:55.777  render           | Saved: '/tmp/clearvla_eval_opaque_98444.png'
02:56.290  render           | Saved: '/tmp/clearvla_eval_opaque_98444.png'
02:56.903  render           | Saved: '/tmp/clearvla_eval_opaque_98444.png'
02:57.431  render           | Saved: '/tmp/clearvla_eval_opaque_98444.png'
02:57.968  render           | Saved: '/tmp/clearvla_eval_opaque_98444.png'
02:58.495  render           | Saved: '/tmp/clearvla_eval_opaque_98444.png'
02:59.012  render           | Saved: '/tmp/clearvla_eval_opaque_98444.png'
02:59.600  render           | Saved: '/tmp/clearvla_eval_opaque_98444.png'
03:00.153  render           | Saved: '/tmp/clearvla_eval_opaque_98444.png'
03:00.712  render           | Saved: '/tmp/clearvla_eval_opaque_98444.png'
03:01.211  render           | Saved: '/tmp/clearvla_eval_opaque_98444.png'
03:01.822  render           | Saved: '/tmp/clearvla_eval_opaque_98444.png'
03:02.392  render           | Saved: '/tmp/clearvla_eval_opaque_98444.png'
03:02.948  render           | Saved: '/tmp/clearvla_eval_opaque_98444.png'
03:03.721  render           | Saved: '/tmp/clearvla_eval_opaque_98444.png'
03:04.471  render           | Saved: '/tmp/clearvla_eval_opaque_98444.png'
03:05.025  render           | Saved: '/tmp/clearvla_eval_opaque_98444.png'
03:05.586  render           | Saved: '/tmp/clearvla_eval_opaque_98444.png'
03:06.139  render           | Saved: '/tmp/clearvla_eval_opaque_98444.png'
03:06.697  render           | Saved: '/tmp/clearvla_eval_opaque_98444.png'
03:07.246  render           | Saved: '/tmp/clearvla_eval_opaque_98444.png'
03:07.805  render           | Saved: '/tmp/clearvla_eval_opaque_98444.png'
03:08.365  render           | Saved: '/tmp/clearvla_eval_opaque_98444.png'
03:09.558  render           | Saved: '/tmp/clearvla_eval_opaque_98444.png'
03:10.110  render           | Saved: '/tmp/clearvla_eval_opaque_98444.png'
03:10.685  render           | Saved: '/tmp/clearvla_eval_opaque_98444.png'
03:11.232  render           | Saved: '/tmp/clearvla_eval_opaque_98444.png'
03:11.758  render           | Saved: '/tmp/clearvla_eval_opaque_98444.png'
03:12.313  render           | Saved: '/tmp/clearvla_eval_opaque_98444.png'
03:12.882  render           | Saved: '/tmp/clearvla_eval_opaque_98444.png'
03:13.417  render           | Saved: '/tmp/clearvla_eval_opaque_98444.png'
03:13.986  render           | Saved: '/tmp/clearvla_eval_opaque_98444.png'
03:14.578  render           | Saved: '/tmp/clearvla_eval_opaque_98444.png'
03:15.203  render           | Saved: '/tmp/clearvla_eval_opaque_98444.png'
03:15.864  render           | Saved: '/tmp/clearvla_eval_opaque_98444.png'
03:16.433  render           | Saved: '/tmp/clearvla_eval_opaque_98444.png'
03:17.012  render           | Saved: '/tmp/clearvla_eval_opaque_98444.png'
03:17.564  render           | Saved: '/tmp/clearvla_eval_opaque_98444.png'
03:18.151  render           | Saved: '/tmp/clearvla_eval_opaque_98444.png'
03:18.802  render           | Saved: '/tmp/clearvla_eval_opaque_98444.png'
03:19.408  render           | Saved: '/tmp/clearvla_eval_opaque_98444.png'
03:20.087  render           | Saved: '/tmp/clearvla_eval_opaque_98444.png'
03:20.732  render           | Saved: '/tmp/clearvla_eval_opaque_98444.png'
03:21.400  render           | Saved: '/tmp/clearvla_eval_opaque_98444.png'
03:21.995  render           | Saved: '/tmp/clearvla_eval_opaque_98444.png'
03:22.567  render           | Saved: '/tmp/clearvla_eval_opaque_98444.png'
03:23.159  render           | Saved: '/tmp/clearvla_eval_opaque_98444.png'
03:23.756  render           | Saved: '/tmp/clearvla_eval_opaque_98444.png'
03:24.319  render           | Saved: '/tmp/clearvla_eval_opaque_98444.png'
03:24.949  render           | Saved: '/tmp/clearvla_eval_opaque_98444.png'
03:25.531  render           | Saved: '/tmp/clearvla_eval_opaque_98444.png'
03:26.094  render           | Saved: '/tmp/clearvla_eval_opaque_98444.png'
03:26.672  render           | Saved: '/tmp/clearvla_eval_opaque_98444.png'
03:27.361  render           | Saved: '/tmp/clearvla_eval_opaque_98444.png'
03:28.122  render           | Saved: '/tmp/clearvla_eval_opaque_98444.png'
03:28.737  render           | Saved: '/tmp/clearvla_eval_opaque_98444.png'
03:29.337  render           | Saved: '/tmp/clearvla_eval_opaque_98444.png'
03:29.942  render           | Saved: '/tmp/clearvla_eval_opaque_98444.png'
03:30.574  render           | Saved: '/tmp/clearvla_eval_opaque_98444.png'
03:31.238  render           | Saved: '/tmp/clearvla_eval_opaque_98444.png'
03:31.877  render           | Saved: '/tmp/clearvla_eval_opaque_98444.png'
03:33.287  render           | Saved: '/tmp/clearvla_eval_opaque_98444.png'
03:33.967  render           | Saved: '/tmp/clearvla_eval_opaque_98444.png'
03:34.635  render           | Saved: '/tmp/clearvla_eval_opaque_98444.png'
03:35.258  render           | Saved: '/tmp/clearvla_eval_opaque_98444.png'
03:36.027  render           | Saved: '/tmp/clearvla_eval_opaque_98444.png'
03:36.787  render           | Saved: '/tmp/clearvla_eval_opaque_98444.png'
03:37.439  render           | Saved: '/tmp/clearvla_eval_opaque_98444.png'
03:38.125  render           | Saved: '/tmp/clearvla_eval_opaque_98444.png'
03:38.738  render           | Saved: '/tmp/clearvla_eval_opaque_98444.png'
03:39.369  render           | Saved: '/tmp/clearvla_eval_opaque_98444.png'
03:39.962  render           | Saved: '/tmp/clearvla_eval_opaque_98444.png'
03:40.634  render           | Saved: '/tmp/clearvla_eval_opaque_98444.png'
03:41.268  render           | Saved: '/tmp/clearvla_eval_opaque_98444.png'
03:41.961  render           | Saved: '/tmp/clearvla_eval_opaque_98444.png'
03:42.600  render           | Saved: '/tmp/clearvla_eval_opaque_98444.png'
03:43.312  render           | Saved: '/tmp/clearvla_eval_opaque_98444.png'
03:43.961  render           | Saved: '/tmp/clearvla_eval_opaque_98444.png'
03:44.593  render           | Saved: '/tmp/clearvla_eval_opaque_98444.png'
03:45.234  render           | Saved: '/tmp/clearvla_eval_opaque_98444.png'
03:45.861  render           | Saved: '/tmp/clearvla_eval_opaque_98444.png'
03:46.486  render           | Saved: '/tmp/clearvla_eval_opaque_98444.png'
03:47.166  render           | Saved: '/tmp/clearvla_eval_opaque_98444.png'
03:47.820  render           | Saved: '/tmp/clearvla_eval_opaque_98444.png'
03:48.477  render           | Saved: '/tmp/clearvla_eval_opaque_98444.png'
03:49.143  render           | Saved: '/tmp/clearvla_eval_opaque_98444.png'
03:49.827  render           | Saved: '/tmp/clearvla_eval_opaque_98444.png'
03:50.485  render           | Saved: '/tmp/clearvla_eval_opaque_98444.png'
03:51.155  render           | Saved: '/tmp/clearvla_eval_opaque_98444.png'
03:51.855  render           | Saved: '/tmp/clearvla_eval_opaque_98444.png'
03:52.507  render           | Saved: '/tmp/clearvla_eval_opaque_98444.png'
03:53.246  render           | Saved: '/tmp/clearvla_eval_opaque_98444.png'
03:53.973  render           | Saved: '/tmp/clearvla_eval_opaque_98444.png'
03:54.662  render           | Saved: '/tmp/clearvla_eval_opaque_98444.png'
03:55.342  render           | Saved: '/tmp/clearvla_eval_opaque_98444.png'
03:55.992  render           | Saved: '/tmp/clearvla_eval_opaque_98444.png'
03:56.675  render           | Saved: '/tmp/clearvla_eval_opaque_98444.png'
03:57.397  render           | Saved: '/tmp/clearvla_eval_opaque_98444.png'
03:58.097  render           | Saved: '/tmp/clearvla_eval_opaque_98444.png'
[full/opaque] pour: 0/10  (3.8 min, 25.5 s/ep)
03:59.634  render           | Saved: '/tmp/clearvla_eval_opaque_98444.png'
04:00.418  render           | Saved: '/tmp/clearvla_eval_opaque_98444.png'
04:01.168  render           | Saved: '/tmp/clearvla_eval_opaque_98444.png'
04:01.875  render           | Saved: '/tmp/clearvla_eval_opaque_98444.png'
04:02.601  render           | Saved: '/tmp/clearvla_eval_opaque_98444.png'
04:03.306  render           | Saved: '/tmp/clearvla_eval_opaque_98444.png'
04:03.966  render           | Saved: '/tmp/clearvla_eval_opaque_98444.png'
04:04.679  render           | Saved: '/tmp/clearvla_eval_opaque_98444.png'
04:05.340  render           | Saved: '/tmp/clearvla_eval_opaque_98444.png'
04:06.064  render           | Saved: '/tmp/clearvla_eval_opaque_98444.png'
04:06.760  render           | Saved: '/tmp/clearvla_eval_opaque_98444.png'
04:07.500  render           | Saved: '/tmp/clearvla_eval_opaque_98444.png'
04:08.175  render           | Saved: '/tmp/clearvla_eval_opaque_98444.png'
04:08.844  render           | Saved: '/tmp/clearvla_eval_opaque_98444.png'
04:09.523  render           | Saved: '/tmp/clearvla_eval_opaque_98444.png'
04:10.211  render           | Saved: '/tmp/clearvla_eval_opaque_98444.png'
04:10.910  render           | Saved: '/tmp/clearvla_eval_opaque_98444.png'
04:11.593  render           | Saved: '/tmp/clearvla_eval_opaque_98444.png'
04:12.304  render           | Saved: '/tmp/clearvla_eval_opaque_98444.png'
04:12.970  render           | Saved: '/tmp/clearvla_eval_opaque_98444.png'
04:13.671  render           | Saved: '/tmp/clearvla_eval_opaque_98444.png'
04:14.352  render           | Saved: '/tmp/clearvla_eval_opaque_98444.png'
04:15.069  render           | Saved: '/tmp/clearvla_eval_opaque_98444.png'
04:15.749  render           | Saved: '/tmp/clearvla_eval_opaque_98444.png'
04:16.428  render           | Saved: '/tmp/clearvla_eval_opaque_98444.png'
04:17.160  render           | Saved: '/tmp/clearvla_eval_opaque_98444.png'
04:17.848  render           | Saved: '/tmp/clearvla_eval_opaque_98444.png'
04:18.506  render           | Saved: '/tmp/clearvla_eval_opaque_98444.png'
04:19.178  render           | Saved: '/tmp/clearvla_eval_opaque_98444.png'
04:19.831  render           | Saved: '/tmp/clearvla_eval_opaque_98444.png'
04:21.004  render           | Saved: '/tmp/clearvla_eval_opaque_98444.png'
04:21.764  render           | Saved: '/tmp/clearvla_eval_opaque_98444.png'
04:22.380  render           | Saved: '/tmp/clearvla_eval_opaque_98444.png'
04:22.990  render           | Saved: '/tmp/clearvla_eval_opaque_98444.png'
04:23.574  render           | Saved: '/tmp/clearvla_eval_opaque_98444.png'
04:24.204  render           | Saved: '/tmp/clearvla_eval_opaque_98444.png'
04:24.846  render           | Saved: '/tmp/clearvla_eval_opaque_98444.png'
04:25.502  render           | Saved: '/tmp/clearvla_eval_opaque_98444.png'
04:26.861  render           | Saved: '/tmp/clearvla_eval_opaque_98444.png'
04:27.480  render           | Saved: '/tmp/clearvla_eval_opaque_98444.png'
04:28.171  render           | Saved: '/tmp/clearvla_eval_opaque_98444.png'
04:28.788  render           | Saved: '/tmp/clearvla_eval_opaque_98444.png'
04:29.455  render           | Saved: '/tmp/clearvla_eval_opaque_98444.png'
04:30.109  render           | Saved: '/tmp/clearvla_eval_opaque_98444.png'
04:30.782  render           | Saved: '/tmp/clearvla_eval_opaque_98444.png'
04:31.424  render           | Saved: '/tmp/clearvla_eval_opaque_98444.png'
04:32.073  render           | Saved: '/tmp/clearvla_eval_opaque_98444.png'
04:32.743  render           | Saved: '/tmp/clearvla_eval_opaque_98444.png'
04:33.414  render           | Saved: '/tmp/clearvla_eval_opaque_98444.png'
04:34.084  render           | Saved: '/tmp/clearvla_eval_opaque_98444.png'
04:34.750  render           | Saved: '/tmp/clearvla_eval_opaque_98444.png'
04:35.397  render           | Saved: '/tmp/clearvla_eval_opaque_98444.png'
04:36.040  render           | Saved: '/tmp/clearvla_eval_opaque_98444.png'
04:36.715  render           | Saved: '/tmp/clearvla_eval_opaque_98444.png'
04:37.364  render           | Saved: '/tmp/clearvla_eval_opaque_98444.png'
04:38.097  render           | Saved: '/tmp/clearvla_eval_opaque_98444.png'
04:38.723  render           | Saved: '/tmp/clearvla_eval_opaque_98444.png'
04:39.398  render           | Saved: '/tmp/clearvla_eval_opaque_98444.png'
04:40.051  render           | Saved: '/tmp/clearvla_eval_opaque_98444.png'
04:40.712  render           | Saved: '/tmp/clearvla_eval_opaque_98444.png'
04:41.350  render           | Saved: '/tmp/clearvla_eval_opaque_98444.png'
04:42.017  render           | Saved: '/tmp/clearvla_eval_opaque_98444.png'
04:42.679  render           | Saved: '/tmp/clearvla_eval_opaque_98444.png'
04:43.335  render           | Saved: '/tmp/clearvla_eval_opaque_98444.png'
04:43.983  render           | Saved: '/tmp/clearvla_eval_opaque_98444.png'
04:44.634  render           | Saved: '/tmp/clearvla_eval_opaque_98444.png'
04:45.355  render           | Saved: '/tmp/clearvla_eval_opaque_98444.png'
04:46.002  render           | Saved: '/tmp/clearvla_eval_opaque_98444.png'
04:46.662  render           | Saved: '/tmp/clearvla_eval_opaque_98444.png'
04:47.499  render           | Saved: '/tmp/clearvla_eval_opaque_98444.png'
04:48.310  render           | Saved: '/tmp/clearvla_eval_opaque_98444.png'
04:48.958  render           | Saved: '/tmp/clearvla_eval_opaque_98444.png'
04:49.625  render           | Saved: '/tmp/clearvla_eval_opaque_98444.png'
04:50.292  render           | Saved: '/tmp/clearvla_eval_opaque_98444.png'
04:50.981  render           | Saved: '/tmp/clearvla_eval_opaque_98444.png'
04:51.608  render           | Saved: '/tmp/clearvla_eval_opaque_98444.png'
04:53.008  render           | Saved: '/tmp/clearvla_eval_opaque_98444.png'
04:53.685  render           | Saved: '/tmp/clearvla_eval_opaque_98444.png'
04:54.361  render           | Saved: '/tmp/clearvla_eval_opaque_98444.png'
04:55.047  render           | Saved: '/tmp/clearvla_eval_opaque_98444.png'
04:55.784  render           | Saved: '/tmp/clearvla_eval_opaque_98444.png'
04:56.472  render           | Saved: '/tmp/clearvla_eval_opaque_98444.png'
04:57.165  render           | Saved: '/tmp/clearvla_eval_opaque_98444.png'
04:57.859  render           | Saved: '/tmp/clearvla_eval_opaque_98444.png'
04:58.531  render           | Saved: '/tmp/clearvla_eval_opaque_98444.png'
04:59.197  render           | Saved: '/tmp/clearvla_eval_opaque_98444.png'
04:59.853  render           | Saved: '/tmp/clearvla_eval_opaque_98444.png'
05:00.538  render           | Saved: '/tmp/clearvla_eval_opaque_98444.png'
05:01.286  render           | Saved: '/tmp/clearvla_eval_opaque_98444.png'
05:02.198  render           | Saved: '/tmp/clearvla_eval_opaque_98444.png'
05:02.970  render           | Saved: '/tmp/clearvla_eval_opaque_98444.png'
05:03.720  render           | Saved: '/tmp/clearvla_eval_opaque_98444.png'
05:04.524  render           | Saved: '/tmp/clearvla_eval_opaque_98444.png'
05:05.249  render           | Saved: '/tmp/clearvla_eval_opaque_98444.png'
05:05.947  render           | Saved: '/tmp/clearvla_eval_opaque_98444.png'
05:06.677  render           | Saved: '/tmp/clearvla_eval_opaque_98444.png'
05:07.373  render           | Saved: '/tmp/clearvla_eval_opaque_98444.png'
05:08.060  render           | Saved: '/tmp/clearvla_eval_opaque_98444.png'
05:08.769  render           | Saved: '/tmp/clearvla_eval_opaque_98444.png'
05:09.431  render           | Saved: '/tmp/clearvla_eval_opaque_98444.png'
05:10.142  render           | Saved: '/tmp/clearvla_eval_opaque_98444.png'
05:10.882  render           | Saved: '/tmp/clearvla_eval_opaque_98444.png'
05:11.548  render           | Saved: '/tmp/clearvla_eval_opaque_98444.png'
05:12.267  render           | Saved: '/tmp/clearvla_eval_opaque_98444.png'
05:12.944  render           | Saved: '/tmp/clearvla_eval_opaque_98444.png'
05:13.614  render           | Saved: '/tmp/clearvla_eval_opaque_98444.png'
05:14.295  render           | Saved: '/tmp/clearvla_eval_opaque_98444.png'
05:15.270  render           | Saved: '/tmp/clearvla_eval_opaque_98444.png'
05:16.202  render           | Saved: '/tmp/clearvla_eval_opaque_98444.png'
05:16.917  render           | Saved: '/tmp/clearvla_eval_opaque_98444.png'
05:17.640  render           | Saved: '/tmp/clearvla_eval_opaque_98444.png'
05:18.359  render           | Saved: '/tmp/clearvla_eval_opaque_98444.png'
05:19.016  render           | Saved: '/tmp/clearvla_eval_opaque_98444.png'
05:19.710  render           | Saved: '/tmp/clearvla_eval_opaque_98444.png'
05:21.120  render           | Saved: '/tmp/clearvla_eval_opaque_98444.png'
05:21.820  render           | Saved: '/tmp/clearvla_eval_opaque_98444.png'
05:22.472  render           | Saved: '/tmp/clearvla_eval_opaque_98444.png'
05:23.123  render           | Saved: '/tmp/clearvla_eval_opaque_98444.png'
05:23.755  render           | Saved: '/tmp/clearvla_eval_opaque_98444.png'
05:24.397  render           | Saved: '/tmp/clearvla_eval_opaque_98444.png'
05:25.035  render           | Saved: '/tmp/clearvla_eval_opaque_98444.png'
05:25.683  render           | Saved: '/tmp/clearvla_eval_opaque_98444.png'
05:26.345  render           | Saved: '/tmp/clearvla_eval_opaque_98444.png'
05:27.000  render           | Saved: '/tmp/clearvla_eval_opaque_98444.png'
05:27.635  render           | Saved: '/tmp/clearvla_eval_opaque_98444.png'
05:28.301  render           | Saved: '/tmp/clearvla_eval_opaque_98444.png'
05:28.962  render           | Saved: '/tmp/clearvla_eval_opaque_98444.png'
05:29.620  render           | Saved: '/tmp/clearvla_eval_opaque_98444.png'
05:30.289  render           | Saved: '/tmp/clearvla_eval_opaque_98444.png'
05:30.928  render           | Saved: '/tmp/clearvla_eval_opaque_98444.png'
05:31.589  render           | Saved: '/tmp/clearvla_eval_opaque_98444.png'
05:32.258  render           | Saved: '/tmp/clearvla_eval_opaque_98444.png'
05:32.998  render           | Saved: '/tmp/clearvla_eval_opaque_98444.png'
05:33.656  render           | Saved: '/tmp/clearvla_eval_opaque_98444.png'
05:34.328  render           | Saved: '/tmp/clearvla_eval_opaque_98444.png'
05:34.992  render           | Saved: '/tmp/clearvla_eval_opaque_98444.png'
05:35.657  render           | Saved: '/tmp/clearvla_eval_opaque_98444.png'
05:36.347  render           | Saved: '/tmp/clearvla_eval_opaque_98444.png'
05:36.997  render           | Saved: '/tmp/clearvla_eval_opaque_98444.png'
05:37.684  render           | Saved: '/tmp/clearvla_eval_opaque_98444.png'
05:38.304  render           | Saved: '/tmp/clearvla_eval_opaque_98444.png'
05:39.037  render           | Saved: '/tmp/clearvla_eval_opaque_98444.png'
05:39.676  render           | Saved: '/tmp/clearvla_eval_opaque_98444.png'
05:40.353  render           | Saved: '/tmp/clearvla_eval_opaque_98444.png'
05:41.021  render           | Saved: '/tmp/clearvla_eval_opaque_98444.png'
05:41.861  render           | Saved: '/tmp/clearvla_eval_opaque_98444.png'
05:42.554  render           | Saved: '/tmp/clearvla_eval_opaque_98444.png'
05:43.282  render           | Saved: '/tmp/clearvla_eval_opaque_98444.png'
05:43.931  render           | Saved: '/tmp/clearvla_eval_opaque_98444.png'
05:44.602  render           | Saved: '/tmp/clearvla_eval_opaque_98444.png'
05:45.254  render           | Saved: '/tmp/clearvla_eval_opaque_98444.png'
05:45.908  render           | Saved: '/tmp/clearvla_eval_opaque_98444.png'
05:47.498  render           | Saved: '/tmp/clearvla_eval_opaque_98444.png'
05:48.486  render           | Saved: '/tmp/clearvla_eval_opaque_98444.png'
05:49.213  render           | Saved: '/tmp/clearvla_eval_opaque_98444.png'
05:49.864  render           | Saved: '/tmp/clearvla_eval_opaque_98444.png'
05:50.517  render           | Saved: '/tmp/clearvla_eval_opaque_98444.png'
05:51.181  render           | Saved: '/tmp/clearvla_eval_opaque_98444.png'
05:51.831  render           | Saved: '/tmp/clearvla_eval_opaque_98444.png'
05:52.470  render           | Saved: '/tmp/clearvla_eval_opaque_98444.png'
05:53.134  render           | Saved: '/tmp/clearvla_eval_opaque_98444.png'
05:53.805  render           | Saved: '/tmp/clearvla_eval_opaque_98444.png'
05:54.524  render           | Saved: '/tmp/clearvla_eval_opaque_98444.png'
05:55.178  render           | Saved: '/tmp/clearvla_eval_opaque_98444.png'
05:55.840  render           | Saved: '/tmp/clearvla_eval_opaque_98444.png'
05:56.481  render           | Saved: '/tmp/clearvla_eval_opaque_98444.png'
05:57.169  render           | Saved: '/tmp/clearvla_eval_opaque_98444.png'
05:57.822  render           | Saved: '/tmp/clearvla_eval_opaque_98444.png'
05:58.486  render           | Saved: '/tmp/clearvla_eval_opaque_98444.png'
05:59.116  render           | Saved: '/tmp/clearvla_eval_opaque_98444.png'
05:59.792  render           | Saved: '/tmp/clearvla_eval_opaque_98444.png'
06:00.445  render           | Saved: '/tmp/clearvla_eval_opaque_98444.png'
06:01.088  render           | Saved: '/tmp/clearvla_eval_opaque_98444.png'
06:01.784  render           | Saved: '/tmp/clearvla_eval_opaque_98444.png'
06:02.433  render           | Saved: '/tmp/clearvla_eval_opaque_98444.png'
06:03.138  render           | Saved: '/tmp/clearvla_eval_opaque_98444.png'
06:03.752  render           | Saved: '/tmp/clearvla_eval_opaque_98444.png'
06:04.509  render           | Saved: '/tmp/clearvla_eval_opaque_98444.png'
06:05.227  render           | Saved: '/tmp/clearvla_eval_opaque_98444.png'
06:05.887  render           | Saved: '/tmp/clearvla_eval_opaque_98444.png'
06:06.542  render           | Saved: '/tmp/clearvla_eval_opaque_98444.png'
06:07.196  render           | Saved: '/tmp/clearvla_eval_opaque_98444.png'
06:07.860  render           | Saved: '/tmp/clearvla_eval_opaque_98444.png'
06:08.745  render           | Saved: '/tmp/clearvla_eval_opaque_98444.png'
06:09.675  render           | Saved: '/tmp/clearvla_eval_opaque_98444.png'
06:10.335  render           | Saved: '/tmp/clearvla_eval_opaque_98444.png'
06:10.980  render           | Saved: '/tmp/clearvla_eval_opaque_98444.png'
06:11.640  render           | Saved: '/tmp/clearvla_eval_opaque_98444.png'
06:12.294  render           | Saved: '/tmp/clearvla_eval_opaque_98444.png'
06:12.950  render           | Saved: '/tmp/clearvla_eval_opaque_98444.png'
06:14.409  render           | Saved: '/tmp/clearvla_eval_opaque_98444.png'
06:15.071  render           | Saved: '/tmp/clearvla_eval_opaque_98444.png'
06:15.710  render           | Saved: '/tmp/clearvla_eval_opaque_98444.png'
06:16.364  render           | Saved: '/tmp/clearvla_eval_opaque_98444.png'
06:17.094  render           | Saved: '/tmp/clearvla_eval_opaque_98444.png'
06:17.773  render           | Saved: '/tmp/clearvla_eval_opaque_98444.png'
06:18.436  render           | Saved: '/tmp/clearvla_eval_opaque_98444.png'
06:19.084  render           | Saved: '/tmp/clearvla_eval_opaque_98444.png'
06:19.748  render           | Saved: '/tmp/clearvla_eval_opaque_98444.png'
06:20.416  render           | Saved: '/tmp/clearvla_eval_opaque_98444.png'
06:21.073  render           | Saved: '/tmp/clearvla_eval_opaque_98444.png'
06:21.800  render           | Saved: '/tmp/clearvla_eval_opaque_98444.png'
06:22.522  render           | Saved: '/tmp/clearvla_eval_opaque_98444.png'
06:23.188  render           | Saved: '/tmp/clearvla_eval_opaque_98444.png'
06:23.834  render           | Saved: '/tmp/clearvla_eval_opaque_98444.png'
06:24.539  render           | Saved: '/tmp/clearvla_eval_opaque_98444.png'
06:25.284  render           | Saved: '/tmp/clearvla_eval_opaque_98444.png'
06:25.965  render           | Saved: '/tmp/clearvla_eval_opaque_98444.png'
06:26.614  render           | Saved: '/tmp/clearvla_eval_opaque_98444.png'
06:27.307  render           | Saved: '/tmp/clearvla_eval_opaque_98444.png'
06:27.932  render           | Saved: '/tmp/clearvla_eval_opaque_98444.png'
06:28.615  render           | Saved: '/tmp/clearvla_eval_opaque_98444.png'
06:29.270  render           | Saved: '/tmp/clearvla_eval_opaque_98444.png'
06:29.921  render           | Saved: '/tmp/clearvla_eval_opaque_98444.png'
06:30.571  render           | Saved: '/tmp/clearvla_eval_opaque_98444.png'
06:31.220  render           | Saved: '/tmp/clearvla_eval_opaque_98444.png'
06:31.941  render           | Saved: '/tmp/clearvla_eval_opaque_98444.png'
06:32.607  render           | Saved: '/tmp/clearvla_eval_opaque_98444.png'
06:33.279  render           | Saved: '/tmp/clearvla_eval_opaque_98444.png'
06:33.934  render           | Saved: '/tmp/clearvla_eval_opaque_98444.png'
06:34.579  render           | Saved: '/tmp/clearvla_eval_opaque_98444.png'
06:35.449  render           | Saved: '/tmp/clearvla_eval_opaque_98444.png'
06:36.314  render           | Saved: '/tmp/clearvla_eval_opaque_98444.png'
06:37.040  render           | Saved: '/tmp/clearvla_eval_opaque_98444.png'
06:37.696  render           | Saved: '/tmp/clearvla_eval_opaque_98444.png'
06:38.350  render           | Saved: '/tmp/clearvla_eval_opaque_98444.png'
06:39.000  render           | Saved: '/tmp/clearvla_eval_opaque_98444.png'
06:39.666  render           | Saved: '/tmp/clearvla_eval_opaque_98444.png'
06:41.200  render           | Saved: '/tmp/clearvla_eval_opaque_98444.png'
06:42.055  render           | Saved: '/tmp/clearvla_eval_opaque_98444.png'
06:42.687  render           | Saved: '/tmp/clearvla_eval_opaque_98444.png'
06:43.388  render           | Saved: '/tmp/clearvla_eval_opaque_98444.png'
06:44.011  render           | Saved: '/tmp/clearvla_eval_opaque_98444.png'
06:44.729  render           | Saved: '/tmp/clearvla_eval_opaque_98444.png'
06:45.404  render           | Saved: '/tmp/clearvla_eval_opaque_98444.png'
06:46.072  render           | Saved: '/tmp/clearvla_eval_opaque_98444.png'
06:46.723  render           | Saved: '/tmp/clearvla_eval_opaque_98444.png'
06:47.358  render           | Saved: '/tmp/clearvla_eval_opaque_98444.png'
06:48.065  render           | Saved: '/tmp/clearvla_eval_opaque_98444.png'
06:48.714  render           | Saved: '/tmp/clearvla_eval_opaque_98444.png'
06:49.371  render           | Saved: '/tmp/clearvla_eval_opaque_98444.png'
06:50.015  render           | Saved: '/tmp/clearvla_eval_opaque_98444.png'
06:50.751  render           | Saved: '/tmp/clearvla_eval_opaque_98444.png'
06:51.385  render           | Saved: '/tmp/clearvla_eval_opaque_98444.png'
06:52.044  render           | Saved: '/tmp/clearvla_eval_opaque_98444.png'
06:52.697  render           | Saved: '/tmp/clearvla_eval_opaque_98444.png'
06:53.340  render           | Saved: '/tmp/clearvla_eval_opaque_98444.png'
06:54.017  render           | Saved: '/tmp/clearvla_eval_opaque_98444.png'
06:54.679  render           | Saved: '/tmp/clearvla_eval_opaque_98444.png'
06:55.353  render           | Saved: '/tmp/clearvla_eval_opaque_98444.png'
06:56.015  render           | Saved: '/tmp/clearvla_eval_opaque_98444.png'
06:56.680  render           | Saved: '/tmp/clearvla_eval_opaque_98444.png'
06:57.332  render           | Saved: '/tmp/clearvla_eval_opaque_98444.png'
06:58.052  render           | Saved: '/tmp/clearvla_eval_opaque_98444.png'
06:58.697  render           | Saved: '/tmp/clearvla_eval_opaque_98444.png'
06:59.367  render           | Saved: '/tmp/clearvla_eval_opaque_98444.png'
07:00.045  render           | Saved: '/tmp/clearvla_eval_opaque_98444.png'
07:00.708  render           | Saved: '/tmp/clearvla_eval_opaque_98444.png'
07:01.379  render           | Saved: '/tmp/clearvla_eval_opaque_98444.png'
07:02.271  render           | Saved: '/tmp/clearvla_eval_opaque_98444.png'
07:03.074  render           | Saved: '/tmp/clearvla_eval_opaque_98444.png'
07:03.754  render           | Saved: '/tmp/clearvla_eval_opaque_98444.png'
07:04.453  render           | Saved: '/tmp/clearvla_eval_opaque_98444.png'
07:05.096  render           | Saved: '/tmp/clearvla_eval_opaque_98444.png'
07:05.798  render           | Saved: '/tmp/clearvla_eval_opaque_98444.png'
07:06.470  render           | Saved: '/tmp/clearvla_eval_opaque_98444.png'
07:07.954  render           | Saved: '/tmp/clearvla_eval_opaque_98444.png'
07:08.730  render           | Saved: '/tmp/clearvla_eval_opaque_98444.png'
07:09.340  render           | Saved: '/tmp/clearvla_eval_opaque_98444.png'
07:10.031  render           | Saved: '/tmp/clearvla_eval_opaque_98444.png'
07:10.650  render           | Saved: '/tmp/clearvla_eval_opaque_98444.png'
07:11.359  render           | Saved: '/tmp/clearvla_eval_opaque_98444.png'
07:12.009  render           | Saved: '/tmp/clearvla_eval_opaque_98444.png'
07:12.682  render           | Saved: '/tmp/clearvla_eval_opaque_98444.png'
07:13.339  render           | Saved: '/tmp/clearvla_eval_opaque_98444.png'
07:14.024  render           | Saved: '/tmp/clearvla_eval_opaque_98444.png'
07:14.682  render           | Saved: '/tmp/clearvla_eval_opaque_98444.png'
07:15.353  render           | Saved: '/tmp/clearvla_eval_opaque_98444.png'
07:16.096  render           | Saved: '/tmp/clearvla_eval_opaque_98444.png'
07:16.774  render           | Saved: '/tmp/clearvla_eval_opaque_98444.png'
07:17.448  render           | Saved: '/tmp/clearvla_eval_opaque_98444.png'
07:18.114  render           | Saved: '/tmp/clearvla_eval_opaque_98444.png'
07:18.815  render           | Saved: '/tmp/clearvla_eval_opaque_98444.png'
07:19.592  render           | Saved: '/tmp/clearvla_eval_opaque_98444.png'
07:20.312  render           | Saved: '/tmp/clearvla_eval_opaque_98444.png'
07:20.979  render           | Saved: '/tmp/clearvla_eval_opaque_98444.png'
07:21.658  render           | Saved: '/tmp/clearvla_eval_opaque_98444.png'
07:22.340  render           | Saved: '/tmp/clearvla_eval_opaque_98444.png'
07:23.039  render           | Saved: '/tmp/clearvla_eval_opaque_98444.png'
07:23.733  render           | Saved: '/tmp/clearvla_eval_opaque_98444.png'
07:24.358  render           | Saved: '/tmp/clearvla_eval_opaque_98444.png'
07:25.080  render           | Saved: '/tmp/clearvla_eval_opaque_98444.png'
07:25.724  render           | Saved: '/tmp/clearvla_eval_opaque_98444.png'
07:26.383  render           | Saved: '/tmp/clearvla_eval_opaque_98444.png'
07:27.043  render           | Saved: '/tmp/clearvla_eval_opaque_98444.png'
07:27.716  render           | Saved: '/tmp/clearvla_eval_opaque_98444.png'
07:28.378  render           | Saved: '/tmp/clearvla_eval_opaque_98444.png'
07:29.384  render           | Saved: '/tmp/clearvla_eval_opaque_98444.png'
07:30.453  render           | Saved: '/tmp/clearvla_eval_opaque_98444.png'
07:31.259  render           | Saved: '/tmp/clearvla_eval_opaque_98444.png'
07:31.986  render           | Saved: '/tmp/clearvla_eval_opaque_98444.png'
07:32.754  render           | Saved: '/tmp/clearvla_eval_opaque_98444.png'
07:33.432  render           | Saved: '/tmp/clearvla_eval_opaque_98444.png'
07:34.101  render           | Saved: '/tmp/clearvla_eval_opaque_98444.png'
07:35.697  render           | Saved: '/tmp/clearvla_eval_opaque_98444.png'
07:36.624  render           | Saved: '/tmp/clearvla_eval_opaque_98444.png'
07:37.249  render           | Saved: '/tmp/clearvla_eval_opaque_98444.png'
07:37.867  render           | Saved: '/tmp/clearvla_eval_opaque_98444.png'
07:38.490  render           | Saved: '/tmp/clearvla_eval_opaque_98444.png'
07:39.106  render           | Saved: '/tmp/clearvla_eval_opaque_98444.png'
07:39.741  render           | Saved: '/tmp/clearvla_eval_opaque_98444.png'
07:40.360  render           | Saved: '/tmp/clearvla_eval_opaque_98444.png'
07:40.995  render           | Saved: '/tmp/clearvla_eval_opaque_98444.png'
07:41.612  render           | Saved: '/tmp/clearvla_eval_opaque_98444.png'
07:42.315  render           | Saved: '/tmp/clearvla_eval_opaque_98444.png'
07:42.906  render           | Saved: '/tmp/clearvla_eval_opaque_98444.png'
07:43.601  render           | Saved: '/tmp/clearvla_eval_opaque_98444.png'
07:44.240  render           | Saved: '/tmp/clearvla_eval_opaque_98444.png'
07:44.934  render           | Saved: '/tmp/clearvla_eval_opaque_98444.png'
07:45.587  render           | Saved: '/tmp/clearvla_eval_opaque_98444.png'
07:46.234  render           | Saved: '/tmp/clearvla_eval_opaque_98444.png'
07:46.897  render           | Saved: '/tmp/clearvla_eval_opaque_98444.png'
07:47.572  render           | Saved: '/tmp/clearvla_eval_opaque_98444.png'
07:48.219  render           | Saved: '/tmp/clearvla_eval_opaque_98444.png'
07:48.885  render           | Saved: '/tmp/clearvla_eval_opaque_98444.png'
07:49.545  render           | Saved: '/tmp/clearvla_eval_opaque_98444.png'
07:50.187  render           | Saved: '/tmp/clearvla_eval_opaque_98444.png'
07:51.647  render           | Saved: '/tmp/clearvla_eval_opaque_98444.png'
07:52.313  render           | Saved: '/tmp/clearvla_eval_opaque_98444.png'
07:52.965  render           | Saved: '/tmp/clearvla_eval_opaque_98444.png'
07:53.602  render           | Saved: '/tmp/clearvla_eval_opaque_98444.png'
07:54.316  render           | Saved: '/tmp/clearvla_eval_opaque_98444.png'
07:54.986  render           | Saved: '/tmp/clearvla_eval_opaque_98444.png'
07:55.638  render           | Saved: '/tmp/clearvla_eval_opaque_98444.png'
07:56.667  render           | Saved: '/tmp/clearvla_eval_opaque_98444.png'
07:57.651  render           | Saved: '/tmp/clearvla_eval_opaque_98444.png'
07:58.375  render           | Saved: '/tmp/clearvla_eval_opaque_98444.png'
07:59.072  render           | Saved: '/tmp/clearvla_eval_opaque_98444.png'
07:59.714  render           | Saved: '/tmp/clearvla_eval_opaque_98444.png'
08:00.402  render           | Saved: '/tmp/clearvla_eval_opaque_98444.png'
08:01.036  render           | Saved: '/tmp/clearvla_eval_opaque_98444.png'
08:01.694  render           | Saved: '/tmp/clearvla_eval_opaque_98444.png'
08:02.371  render           | Saved: '/tmp/clearvla_eval_opaque_98444.png'
08:03.061  render           | Saved: '/tmp/clearvla_eval_opaque_98444.png'
08:03.703  render           | Saved: '/tmp/clearvla_eval_opaque_98444.png'
08:04.322  render           | Saved: '/tmp/clearvla_eval_opaque_98444.png'
08:04.955  render           | Saved: '/tmp/clearvla_eval_opaque_98444.png'
08:05.682  render           | Saved: '/tmp/clearvla_eval_opaque_98444.png'
08:06.346  render           | Saved: '/tmp/clearvla_eval_opaque_98444.png'
08:07.015  render           | Saved: '/tmp/clearvla_eval_opaque_98444.png'
08:07.726  render           | Saved: '/tmp/clearvla_eval_opaque_98444.png'
08:08.353  render           | Saved: '/tmp/clearvla_eval_opaque_98444.png'
08:09.137  render           | Saved: '/tmp/clearvla_eval_opaque_98444.png'
08:09.907  render           | Saved: '/tmp/clearvla_eval_opaque_98444.png'
08:10.631  render           | Saved: '/tmp/clearvla_eval_opaque_98444.png'
08:11.327  render           | Saved: '/tmp/clearvla_eval_opaque_98444.png'
08:12.168  render           | Saved: '/tmp/clearvla_eval_opaque_98444.png'
08:12.968  render           | Saved: '/tmp/clearvla_eval_opaque_98444.png'
08:13.689  render           | Saved: '/tmp/clearvla_eval_opaque_98444.png'
08:14.396  render           | Saved: '/tmp/clearvla_eval_opaque_98444.png'
08:15.167  render           | Saved: '/tmp/clearvla_eval_opaque_98444.png'
08:15.836  render           | Saved: '/tmp/clearvla_eval_opaque_98444.png'
08:16.649  render           | Saved: '/tmp/clearvla_eval_opaque_98444.png'
08:17.345  render           | Saved: '/tmp/clearvla_eval_opaque_98444.png'
08:18.125  render           | Saved: '/tmp/clearvla_eval_opaque_98444.png'
[full/opaque] pour: 1/20  (8.2 min, 27.2 s/ep)
done 20 new episodes in 8.2 min -> /Users/yogyamehrotra/Desktop/ClearVLA/results/week3/interim11k/full_opaque.jsonl
