[transformers] Model config: bos_token_id must be `None` or an integer within the vocabulary (between 0 and 31999), got 49406. This may result in unexpected behavior.
[transformers] Model config: eos_token_id must be `None` or an integer within the vocabulary (between 0 and 31999), got 49407. This may result in unexpected behavior.
Loading weights:   0%|          | 0/408 [00:00<?, ?it/s]Loading weights: 100%|██████████| 408/408 [00:00<00:00, 9127.54it/s]
00:08.706  render           | Saved: '/tmp/clearvla_eval_opaque_58384.png'
00:09.168  render           | Saved: '/tmp/clearvla_eval_opaque_58384.png'
/Users/yogyamehrotra/miniconda3/envs/clearvla/lib/python3.11/site-packages/transformers/image_processing_backends.py:135: UserWarning: The given NumPy array is not writable, and PyTorch does not support non-writable tensors. This means writing to this tensor will result in undefined behavior. You may want to copy the array to protect its data or make it writable before converting it to a tensor. This type of warning will be suppressed for the rest of this program. (Triggered internally at /Users/runner/work/pytorch/pytorch/torch/csrc/utils/tensor_numpy.cpp:219.)
  image = torch.from_numpy(image).contiguous()
00:09.995  render           | Saved: '/tmp/clearvla_eval_opaque_58384.png'
00:10.404  render           | Saved: '/tmp/clearvla_eval_opaque_58384.png'
00:10.924  render           | Saved: '/tmp/clearvla_eval_opaque_58384.png'
00:11.300  render           | Saved: '/tmp/clearvla_eval_opaque_58384.png'
00:11.799  render           | Saved: '/tmp/clearvla_eval_opaque_58384.png'
00:12.184  render           | Saved: '/tmp/clearvla_eval_opaque_58384.png'
00:12.675  render           | Saved: '/tmp/clearvla_eval_opaque_58384.png'
00:13.071  render           | Saved: '/tmp/clearvla_eval_opaque_58384.png'
00:13.541  render           | Saved: '/tmp/clearvla_eval_opaque_58384.png'
00:13.957  render           | Saved: '/tmp/clearvla_eval_opaque_58384.png'
00:14.442  render           | Saved: '/tmp/clearvla_eval_opaque_58384.png'
00:14.851  render           | Saved: '/tmp/clearvla_eval_opaque_58384.png'
00:15.336  render           | Saved: '/tmp/clearvla_eval_opaque_58384.png'
00:15.739  render           | Saved: '/tmp/clearvla_eval_opaque_58384.png'
00:16.224  render           | Saved: '/tmp/clearvla_eval_opaque_58384.png'
00:16.626  render           | Saved: '/tmp/clearvla_eval_opaque_58384.png'
00:17.105  render           | Saved: '/tmp/clearvla_eval_opaque_58384.png'
00:17.514  render           | Saved: '/tmp/clearvla_eval_opaque_58384.png'
00:18.009  render           | Saved: '/tmp/clearvla_eval_opaque_58384.png'
00:18.406  render           | Saved: '/tmp/clearvla_eval_opaque_58384.png'
00:18.905  render           | Saved: '/tmp/clearvla_eval_opaque_58384.png'
00:19.299  render           | Saved: '/tmp/clearvla_eval_opaque_58384.png'
00:19.778  render           | Saved: '/tmp/clearvla_eval_opaque_58384.png'
00:20.191  render           | Saved: '/tmp/clearvla_eval_opaque_58384.png'
00:20.659  render           | Saved: '/tmp/clearvla_eval_opaque_58384.png'
00:21.074  render           | Saved: '/tmp/clearvla_eval_opaque_58384.png'
00:21.551  render           | Saved: '/tmp/clearvla_eval_opaque_58384.png'
00:21.960  render           | Saved: '/tmp/clearvla_eval_opaque_58384.png'
00:22.453  render           | Saved: '/tmp/clearvla_eval_opaque_58384.png'
00:22.862  render           | Saved: '/tmp/clearvla_eval_opaque_58384.png'
00:23.380  render           | Saved: '/tmp/clearvla_eval_opaque_58384.png'
00:23.769  render           | Saved: '/tmp/clearvla_eval_opaque_58384.png'
00:24.299  render           | Saved: '/tmp/clearvla_eval_opaque_58384.png'
00:24.680  render           | Saved: '/tmp/clearvla_eval_opaque_58384.png'
00:25.174  render           | Saved: '/tmp/clearvla_eval_opaque_58384.png'
00:25.573  render           | Saved: '/tmp/clearvla_eval_opaque_58384.png'
00:26.081  render           | Saved: '/tmp/clearvla_eval_opaque_58384.png'
00:26.468  render           | Saved: '/tmp/clearvla_eval_opaque_58384.png'
00:26.973  render           | Saved: '/tmp/clearvla_eval_opaque_58384.png'
00:27.366  render           | Saved: '/tmp/clearvla_eval_opaque_58384.png'
00:27.837  render           | Saved: '/tmp/clearvla_eval_opaque_58384.png'
00:28.249  render           | Saved: '/tmp/clearvla_eval_opaque_58384.png'
00:28.720  render           | Saved: '/tmp/clearvla_eval_opaque_58384.png'
00:29.129  render           | Saved: '/tmp/clearvla_eval_opaque_58384.png'
00:29.656  render           | Saved: '/tmp/clearvla_eval_opaque_58384.png'
00:30.190  render           | Saved: '/tmp/clearvla_eval_opaque_58384.png'
00:31.091  render           | Saved: '/tmp/clearvla_eval_opaque_58384.png'
00:31.801  render           | Saved: '/tmp/clearvla_eval_opaque_58384.png'
00:32.690  render           | Saved: '/tmp/clearvla_eval_opaque_58384.png'
00:33.294  render           | Saved: '/tmp/clearvla_eval_opaque_58384.png'
00:34.239  render           | Saved: '/tmp/clearvla_eval_opaque_58384.png'
00:35.122  render           | Saved: '/tmp/clearvla_eval_opaque_58384.png'
00:36.201  render           | Saved: '/tmp/clearvla_eval_opaque_58384.png'
00:36.851  render           | Saved: '/tmp/clearvla_eval_opaque_58384.png'
00:37.875  render           | Saved: '/tmp/clearvla_eval_opaque_58384.png'
00:38.567  render           | Saved: '/tmp/clearvla_eval_opaque_58384.png'
00:39.498  render           | Saved: '/tmp/clearvla_eval_opaque_58384.png'
00:40.087  render           | Saved: '/tmp/clearvla_eval_opaque_58384.png'
00:41.031  render           | Saved: '/tmp/clearvla_eval_opaque_58384.png'
00:41.591  render           | Saved: '/tmp/clearvla_eval_opaque_58384.png'
00:42.374  render           | Saved: '/tmp/clearvla_eval_opaque_58384.png'
00:43.036  render           | Saved: '/tmp/clearvla_eval_opaque_58384.png'
00:43.858  render           | Saved: '/tmp/clearvla_eval_opaque_58384.png'
00:44.559  render           | Saved: '/tmp/clearvla_eval_opaque_58384.png'
00:45.472  render           | Saved: '/tmp/clearvla_eval_opaque_58384.png'
00:46.241  render           | Saved: '/tmp/clearvla_eval_opaque_58384.png'
00:47.343  render           | Saved: '/tmp/clearvla_eval_opaque_58384.png'
00:48.070  render           | Saved: '/tmp/clearvla_eval_opaque_58384.png'
00:49.024  render           | Saved: '/tmp/clearvla_eval_opaque_58384.png'
00:49.672  render           | Saved: '/tmp/clearvla_eval_opaque_58384.png'
00:50.352  render           | Saved: '/tmp/clearvla_eval_opaque_58384.png'
00:50.888  render           | Saved: '/tmp/clearvla_eval_opaque_58384.png'
00:51.457  render           | Saved: '/tmp/clearvla_eval_opaque_58384.png'
00:51.977  render           | Saved: '/tmp/clearvla_eval_opaque_58384.png'
00:52.667  render           | Saved: '/tmp/clearvla_eval_opaque_58384.png'
00:53.239  render           | Saved: '/tmp/clearvla_eval_opaque_58384.png'
00:53.967  render           | Saved: '/tmp/clearvla_eval_opaque_58384.png'
00:54.559  render           | Saved: '/tmp/clearvla_eval_opaque_58384.png'
00:55.266  render           | Saved: '/tmp/clearvla_eval_opaque_58384.png'
00:55.900  render           | Saved: '/tmp/clearvla_eval_opaque_58384.png'
00:56.607  render           | Saved: '/tmp/clearvla_eval_opaque_58384.png'
00:57.241  render           | Saved: '/tmp/clearvla_eval_opaque_58384.png'
00:58.052  render           | Saved: '/tmp/clearvla_eval_opaque_58384.png'
00:58.723  render           | Saved: '/tmp/clearvla_eval_opaque_58384.png'
00:59.540  render           | Saved: '/tmp/clearvla_eval_opaque_58384.png'
01:00.199  render           | Saved: '/tmp/clearvla_eval_opaque_58384.png'
01:00.925  render           | Saved: '/tmp/clearvla_eval_opaque_58384.png'
01:01.615  render           | Saved: '/tmp/clearvla_eval_opaque_58384.png'
01:02.401  render           | Saved: '/tmp/clearvla_eval_opaque_58384.png'
01:02.984  render           | Saved: '/tmp/clearvla_eval_opaque_58384.png'
01:03.745  render           | Saved: '/tmp/clearvla_eval_opaque_58384.png'
01:04.430  render           | Saved: '/tmp/clearvla_eval_opaque_58384.png'
01:05.161  render           | Saved: '/tmp/clearvla_eval_opaque_58384.png'
01:05.815  render           | Saved: '/tmp/clearvla_eval_opaque_58384.png'
01:06.684  render           | Saved: '/tmp/clearvla_eval_opaque_58384.png'
01:07.344  render           | Saved: '/tmp/clearvla_eval_opaque_58384.png'
01:08.256  render           | Saved: '/tmp/clearvla_eval_opaque_58384.png'
01:08.913  render           | Saved: '/tmp/clearvla_eval_opaque_58384.png'
01:09.656  render           | Saved: '/tmp/clearvla_eval_opaque_58384.png'
01:10.325  render           | Saved: '/tmp/clearvla_eval_opaque_58384.png'
01:11.154  render           | Saved: '/tmp/clearvla_eval_opaque_58384.png'
01:11.770  render           | Saved: '/tmp/clearvla_eval_opaque_58384.png'
01:12.605  render           | Saved: '/tmp/clearvla_eval_opaque_58384.png'
01:13.249  render           | Saved: '/tmp/clearvla_eval_opaque_58384.png'
01:14.135  render           | Saved: '/tmp/clearvla_eval_opaque_58384.png'
01:14.753  render           | Saved: '/tmp/clearvla_eval_opaque_58384.png'
01:15.586  render           | Saved: '/tmp/clearvla_eval_opaque_58384.png'
01:16.309  render           | Saved: '/tmp/clearvla_eval_opaque_58384.png'
01:17.151  render           | Saved: '/tmp/clearvla_eval_opaque_58384.png'
01:17.855  render           | Saved: '/tmp/clearvla_eval_opaque_58384.png'
01:18.747  render           | Saved: '/tmp/clearvla_eval_opaque_58384.png'
01:19.589  render           | Saved: '/tmp/clearvla_eval_opaque_58384.png'
01:20.541  render           | Saved: '/tmp/clearvla_eval_opaque_58384.png'
01:21.162  render           | Saved: '/tmp/clearvla_eval_opaque_58384.png'
01:22.029  render           | Saved: '/tmp/clearvla_eval_opaque_58384.png'
01:22.957  render           | Saved: '/tmp/clearvla_eval_opaque_58384.png'
01:24.054  render           | Saved: '/tmp/clearvla_eval_opaque_58384.png'
01:24.756  render           | Saved: '/tmp/clearvla_eval_opaque_58384.png'
01:25.720  render           | Saved: '/tmp/clearvla_eval_opaque_58384.png'
01:26.432  render           | Saved: '/tmp/clearvla_eval_opaque_58384.png'
01:27.367  render           | Saved: '/tmp/clearvla_eval_opaque_58384.png'
01:28.248  render           | Saved: '/tmp/clearvla_eval_opaque_58384.png'
01:29.252  render           | Saved: '/tmp/clearvla_eval_opaque_58384.png'
01:29.954  render           | Saved: '/tmp/clearvla_eval_opaque_58384.png'
01:30.890  render           | Saved: '/tmp/clearvla_eval_opaque_58384.png'
01:31.554  render           | Saved: '/tmp/clearvla_eval_opaque_58384.png'
01:32.494  render           | Saved: '/tmp/clearvla_eval_opaque_58384.png'
01:33.241  render           | Saved: '/tmp/clearvla_eval_opaque_58384.png'
01:34.259  render           | Saved: '/tmp/clearvla_eval_opaque_58384.png'
01:35.123  render           | Saved: '/tmp/clearvla_eval_opaque_58384.png'
01:36.123  render           | Saved: '/tmp/clearvla_eval_opaque_58384.png'
01:36.742  render           | Saved: '/tmp/clearvla_eval_opaque_58384.png'
01:37.498  render           | Saved: '/tmp/clearvla_eval_opaque_58384.png'
01:38.117  render           | Saved: '/tmp/clearvla_eval_opaque_58384.png'
01:38.876  render           | Saved: '/tmp/clearvla_eval_opaque_58384.png'
01:39.521  render           | Saved: '/tmp/clearvla_eval_opaque_58384.png'
01:40.284  render           | Saved: '/tmp/clearvla_eval_opaque_58384.png'
01:40.865  render           | Saved: '/tmp/clearvla_eval_opaque_58384.png'
01:41.611  render           | Saved: '/tmp/clearvla_eval_opaque_58384.png'
01:42.229  render           | Saved: '/tmp/clearvla_eval_opaque_58384.png'
01:42.842  render           | Saved: '/tmp/clearvla_eval_opaque_58384.png'
01:43.327  render           | Saved: '/tmp/clearvla_eval_opaque_58384.png'
01:43.928  render           | Saved: '/tmp/clearvla_eval_opaque_58384.png'
01:44.389  render           | Saved: '/tmp/clearvla_eval_opaque_58384.png'
01:44.913  render           | Saved: '/tmp/clearvla_eval_opaque_58384.png'
01:45.380  render           | Saved: '/tmp/clearvla_eval_opaque_58384.png'
01:45.858  render           | Saved: '/tmp/clearvla_eval_opaque_58384.png'
01:46.332  render           | Saved: '/tmp/clearvla_eval_opaque_58384.png'
01:47.467  render           | Saved: '/tmp/clearvla_eval_opaque_58384.png'
01:47.904  render           | Saved: '/tmp/clearvla_eval_opaque_58384.png'
01:48.418  render           | Saved: '/tmp/clearvla_eval_opaque_58384.png'
01:48.851  render           | Saved: '/tmp/clearvla_eval_opaque_58384.png'
01:49.333  render           | Saved: '/tmp/clearvla_eval_opaque_58384.png'
01:49.793  render           | Saved: '/tmp/clearvla_eval_opaque_58384.png'
01:50.270  render           | Saved: '/tmp/clearvla_eval_opaque_58384.png'
01:50.720  render           | Saved: '/tmp/clearvla_eval_opaque_58384.png'
01:51.194  render           | Saved: '/tmp/clearvla_eval_opaque_58384.png'
01:51.662  render           | Saved: '/tmp/clearvla_eval_opaque_58384.png'
