train 27716 frames / 810 episodes; val 3094 frames
params: 30.281M
/Users/yogyamehrotra/Desktop/ClearVLA/data/dataset.py:64: UserWarning: The given NumPy array is not writable, and PyTorch does not support non-writable tensors. This means writing to this tensor will result in undefined behavior. You may want to copy the array to protect its data or make it writable before converting it to a tensor. This type of warning will be suppressed for the rest of this program. (Triggered internally at /Users/runner/work/pytorch/pytorch/torch/csrc/utils/tensor_numpy.cpp:219.)
  vis = torch.from_numpy(np.asarray(self._mm(t, m)[row]))                                   # (196,768) fp16
{'step': 100, 'loss': 1.3998231494426727, 'lr': 1e-05, 'gn': 3.382300853729248, 'it_s': 2.7360282726724807}
{'step': 200, 'loss': 0.5650313305854797, 'lr': 2e-05, 'gn': 2.4877684116363525, 'it_s': 2.7139234528140146}
{'step': 300, 'loss': 0.46049044370651243, 'lr': 3e-05, 'gn': 3.014138698577881, 'it_s': 2.7107496913727003}
{'step': 400, 'loss': 0.39434394508600235, 'lr': 4e-05, 'gn': 2.719672441482544, 'it_s': 2.7078827046765155}
{'step': 500, 'loss': 0.3482014364004135, 'lr': 5e-05, 'gn': 2.81001877784729, 'it_s': 2.7253423344649983}
{'step': 600, 'loss': 0.2949042887985706, 'lr': 6e-05, 'gn': 2.465470552444458, 'it_s': 2.741083388836387}
{'step': 700, 'loss': 0.26158110812306407, 'lr': 7.000000000000001e-05, 'gn': 2.1599910259246826, 'it_s': 2.7265594433847835}
{'step': 800, 'loss': 0.24482711404561996, 'lr': 8e-05, 'gn': 1.8994992971420288, 'it_s': 2.714670613555929}
{'step': 900, 'loss': 0.22801746025681496, 'lr': 9e-05, 'gn': 1.2989052534103394, 'it_s': 2.7132771541544782}
{'step': 1000, 'loss': 0.2096263861656189, 'lr': 0.0001, 'gn': 1.3143813610076904, 'it_s': 2.7253501494475487}
  val 0.5769
{'step': 1100, 'loss': 0.19096517831087112, 'lr': 9.999907511312648e-05, 'gn': 1.572327971458435, 'it_s': 2.726454020728954}
{'step': 1200, 'loss': 0.16937839291989804, 'lr': 9.999630049052437e-05, 'gn': 1.2018816471099854, 'it_s': 2.7342375542750417}
{'step': 1300, 'loss': 0.14472781352698802, 'lr': 9.999167624624756e-05, 'gn': 1.1025183200836182, 'it_s': 2.737284677610398}
{'step': 1400, 'loss': 0.12703637018799782, 'lr': 9.99852025703806e-05, 'gn': 1.0968613624572754, 'it_s': 2.745884920996808}
{'step': 1500, 'loss': 0.11597548387944698, 'lr': 9.997687972903096e-05, 'gn': 1.1469693183898926, 'it_s': 2.752925814753014}
{'step': 1600, 'loss': 0.10670941606163979, 'lr': 9.996670806431805e-05, 'gn': 1.087478756904602, 'it_s': 2.7580349331606957}
{'step': 1700, 'loss': 0.10487118437886238, 'lr': 9.995468799435917e-05, 'gn': 1.1580402851104736, 'it_s': 2.761456141242094}
{'step': 1800, 'loss': 0.09775243170559406, 'lr': 9.99408200132523e-05, 'gn': 1.0467579364776611, 'it_s': 2.7655214926087983}
{'step': 1900, 'loss': 0.09040321730077266, 'lr': 9.992510469105585e-05, 'gn': 0.613153874874115, 'it_s': 2.7696641258468393}
{'step': 2000, 'loss': 0.09026841409504413, 'lr': 9.990754267376514e-05, 'gn': 0.7254888415336609, 'it_s': 2.7729403818374947}
  val 0.1798
{'step': 2100, 'loss': 0.08480468794703483, 'lr': 9.988813468328593e-05, 'gn': 0.955661952495575, 'it_s': 2.7691134733867933}
{'step': 2200, 'loss': 0.08458473972976208, 'lr': 9.98668815174047e-05, 'gn': 0.6920979619026184, 'it_s': 2.770366084962446}
{'step': 2300, 'loss': 0.08326951511204243, 'lr': 9.984378404975582e-05, 'gn': 0.9938331246376038, 'it_s': 2.774330855974687}
{'step': 2400, 'loss': 0.0781758328154683, 'lr': 9.981884322978577e-05, 'gn': 0.8486779928207397, 'it_s': 2.7774777884778414}
{'step': 2500, 'loss': 0.0770972078293562, 'lr': 9.979206008271392e-05, 'gn': 0.8266474008560181, 'it_s': 2.779073136702172}
{'step': 2600, 'loss': 0.07254877235740423, 'lr': 9.976343570949058e-05, 'gn': 0.7449595928192139, 'it_s': 2.7794897592333836}
{'step': 2700, 'loss': 0.07359133657068014, 'lr': 9.973297128675162e-05, 'gn': 0.822105348110199, 'it_s': 2.782504359893673}
{'step': 2800, 'loss': 0.07438600476831198, 'lr': 9.970066806677013e-05, 'gn': 0.8158377408981323, 'it_s': 2.7853203206628154}
{'step': 2900, 'loss': 0.06659759666770697, 'lr': 9.966652737740493e-05, 'gn': 0.7208935618400574, 'it_s': 2.7876121456697596}
{'step': 3000, 'loss': 0.0712808721140027, 'lr': 9.963055062204608e-05, 'gn': 0.8165180683135986, 'it_s': 2.7887325874067006}
  val 0.0743
{'step': 3100, 'loss': 0.06767995692789555, 'lr': 9.959273927955708e-05, 'gn': 0.6629437804222107, 'it_s': 2.7865675575645845}
{'step': 3200, 'loss': 0.06613755777478218, 'lr': 9.955309490421409e-05, 'gn': 0.7782948613166809, 'it_s': 2.788649518758117}
{'step': 3300, 'loss': 0.06246880918741226, 'lr': 9.951161912564213e-05, 'gn': 0.6172961592674255, 'it_s': 2.7902212326402505}
{'step': 3400, 'loss': 0.06556223966181278, 'lr': 9.946831364874801e-05, 'gn': 0.87868732213974, 'it_s': 2.790683864446604}
{'step': 3500, 'loss': 0.06242458220571279, 'lr': 9.942318025365026e-05, 'gn': 0.8001794815063477, 'it_s': 2.7911790593337003}
{'step': 3600, 'loss': 0.05998688817024231, 'lr': 9.937622079560597e-05, 'gn': 0.5834627747535706, 'it_s': 2.793084449702712}
{'step': 3700, 'loss': 0.06274311125278473, 'lr': 9.932743720493456e-05, 'gn': 0.726446807384491, 'it_s': 2.7948169666518066}
{'step': 3800, 'loss': 0.061369372010231016, 'lr': 9.927683148693835e-05, 'gn': 0.7225367426872253, 'it_s': 2.7959040041765113}
{'step': 3900, 'loss': 0.056930674389004704, 'lr': 9.922440572182018e-05, 'gn': 0.6736660003662109, 'it_s': 2.7958516849567654}
{'step': 4000, 'loss': 0.0596729363873601, 'lr': 9.917016206459795e-05, 'gn': 0.6986115574836731, 'it_s': 2.7939705882560606}
  val 0.0539
{'step': 4100, 'loss': 0.05609278649091721, 'lr': 9.911410274501593e-05, 'gn': 0.6899777054786682, 'it_s': 2.786939045599456}
{'step': 4200, 'loss': 0.056345425844192505, 'lr': 9.905623006745319e-05, 'gn': 0.8096356987953186, 'it_s': 2.7850635817763707}
{'step': 4300, 'loss': 0.05682552415877581, 'lr': 9.899654641082883e-05, 'gn': 0.6381852030754089, 'it_s': 2.7826190174700067}
{'step': 4400, 'loss': 0.05651540394872427, 'lr': 9.893505422850419e-05, 'gn': 0.6068645119667053, 'it_s': 2.781260887464005}
{'step': 4500, 'loss': 0.054919301867485046, 'lr': 9.887175604818206e-05, 'gn': 0.7993699312210083, 'it_s': 2.7804343565120067}
{'step': 4600, 'loss': 0.053634011149406434, 'lr': 9.880665447180272e-05, 'gn': 0.7617230415344238, 'it_s': 2.7753201271290884}
{'step': 4700, 'loss': 0.05422468587756157, 'lr': 9.873975217543696e-05, 'gn': 0.6050959229469299, 'it_s': 2.772607535207443}
{'step': 4800, 'loss': 0.052273848950862886, 'lr': 9.867105190917617e-05, 'gn': 0.6681937575340271, 'it_s': 2.7688604024698384}
{'step': 4900, 'loss': 0.05237635895609856, 'lr': 9.860055649701919e-05, 'gn': 0.6120721101760864, 'it_s': 2.7672328228310823}
{'step': 5000, 'loss': 0.051063312068581584, 'lr': 9.852826883675633e-05, 'gn': 0.7007431387901306, 'it_s': 2.764715288988635}
  val 0.0402
{'step': 5100, 'loss': 0.051829660180956125, 'lr': 9.845419189985015e-05, 'gn': 0.6580963134765625, 'it_s': 2.758974944463256}
{'step': 5200, 'loss': 0.0520459495857358, 'lr': 9.83783287313134e-05, 'gn': 0.9016045928001404, 'it_s': 2.7564982709233323}
{'step': 5300, 'loss': 0.05197218790650368, 'lr': 9.83006824495838e-05, 'gn': 0.561712920665741, 'it_s': 2.755589245069596}
{'step': 5400, 'loss': 0.049614210352301596, 'lr': 9.822125624639587e-05, 'gn': 0.7425752282142639, 'it_s': 2.7545239259135217}
{'step': 5500, 'loss': 0.048658742625266316, 'lr': 9.814005338664973e-05, 'gn': 0.8741350173950195, 'it_s': 2.751381472362671}
{'step': 5600, 'loss': 0.0487516475468874, 'lr': 9.80570772082769e-05, 'gn': 0.5043660998344421, 'it_s': 2.7475233095230385}
{'step': 5700, 'loss': 0.048330434393137695, 'lr': 9.797233112210307e-05, 'gn': 0.6813585162162781, 'it_s': 2.746596162493735}
{'step': 5800, 'loss': 0.04929809857159853, 'lr': 9.788581861170792e-05, 'gn': 0.5853784084320068, 'it_s': 2.745246964833395}
{'step': 5900, 'loss': 0.04613781316205859, 'lr': 9.779754323328192e-05, 'gn': 0.7681406736373901, 'it_s': 2.7432069174943163}
{'step': 6000, 'loss': 0.04546033013612032, 'lr': 9.770750861548009e-05, 'gn': 0.5661075711250305, 'it_s': 2.7416396098975597}
  val 0.0328
{'step': 6100, 'loss': 0.047304317858070134, 'lr': 9.761571845927296e-05, 'gn': 0.6414580941200256, 'it_s': 2.738469098523505}
{'step': 6200, 'loss': 0.04578489514067769, 'lr': 9.752217653779432e-05, 'gn': 0.7391570806503296, 'it_s': 2.737792825768893}
{'step': 6300, 'loss': 0.04565179431810975, 'lr': 9.742688669618619e-05, 'gn': 0.6089454293251038, 'it_s': 2.735648757015815}
{'step': 6400, 'loss': 0.04692058043554425, 'lr': 9.732985285144072e-05, 'gn': 0.6865766048431396, 'it_s': 2.7340010783920974}
{'step': 6500, 'loss': 0.046761294826865196, 'lr': 9.723107899223921e-05, 'gn': 0.5949435234069824, 'it_s': 2.7319289483570417}
{'step': 6600, 'loss': 0.043178807571530343, 'lr': 9.713056917878818e-05, 'gn': 0.6305992603302002, 'it_s': 2.7303297871819163}
{'step': 6700, 'loss': 0.046114715170115235, 'lr': 9.702832754265235e-05, 'gn': 0.7634408473968506, 'it_s': 2.728915054121369}
{'step': 6800, 'loss': 0.04450233645737171, 'lr': 9.692435828658494e-05, 'gn': 0.6258364915847778, 'it_s': 2.727509125465328}
{'step': 6900, 'loss': 0.043611495699733493, 'lr': 9.681866568435484e-05, 'gn': 0.5393620729446411, 'it_s': 2.7265213128170274}
{'step': 7000, 'loss': 0.04646045120432973, 'lr': 9.671125408057098e-05, 'gn': 0.5683202147483826, 'it_s': 2.725363145440331}
  val 0.0344
{'step': 7100, 'loss': 0.04518771043047309, 'lr': 9.660212789050367e-05, 'gn': 0.7562474012374878, 'it_s': 2.723534771871886}
{'step': 7200, 'loss': 0.04552495939657092, 'lr': 9.649129159990318e-05, 'gn': 0.7893917560577393, 'it_s': 2.7216918805456767}
{'step': 7300, 'loss': 0.041518384274095294, 'lr': 9.637874976481529e-05, 'gn': 0.6271796822547913, 'it_s': 2.7199076778948608}
{'step': 7400, 'loss': 0.04298898629844189, 'lr': 9.626450701139404e-05, 'gn': 0.413375586271286, 'it_s': 2.7177494817216927}
{'step': 7500, 'loss': 0.043015346825122834, 'lr': 9.614856803571157e-05, 'gn': 0.6858780384063721, 'it_s': 2.716194617682596}
{'step': 7600, 'loss': 0.04109510313719511, 'lr': 9.603093760356506e-05, 'gn': 0.8423775434494019, 'it_s': 2.7146420092713837}
{'step': 7700, 'loss': 0.04327978519722819, 'lr': 9.591162055028088e-05, 'gn': 0.5844921469688416, 'it_s': 2.7134431084865374}
{'step': 7800, 'loss': 0.04242614928632975, 'lr': 9.579062178051572e-05, 'gn': 0.5547324419021606, 'it_s': 2.7124901248504565}
{'step': 7900, 'loss': 0.039576778560876845, 'lr': 9.566794626805511e-05, 'gn': 0.622981607913971, 'it_s': 2.7118071309611538}
{'step': 8000, 'loss': 0.04329211164265871, 'lr': 9.554359905560886e-05, 'gn': 0.5852039456367493, 'it_s': 2.7108010650051146}
  val 0.0303
{'step': 8100, 'loss': 0.04267432084307075, 'lr': 9.541758525460387e-05, 'gn': 0.7017120718955994, 'it_s': 2.708207375125524}
{'step': 8200, 'loss': 0.043417523801326754, 'lr': 9.52899100449739e-05, 'gn': 0.6777728199958801, 'it_s': 2.7070499778171784}
{'step': 8300, 'loss': 0.041987753976136445, 'lr': 9.516057867494678e-05, 'gn': 0.5164002776145935, 'it_s': 2.7065304422800756}
{'step': 8400, 'loss': 0.04381694285199046, 'lr': 9.502959646082854e-05, 'gn': 0.8044042587280273, 'it_s': 2.706258156456773}
{'step': 8500, 'loss': 0.04256798816844821, 'lr': 9.489696878678501e-05, 'gn': 0.8818274736404419, 'it_s': 2.7043924195550635}
{'step': 8600, 'loss': 0.04126390239223838, 'lr': 9.476270110462039e-05, 'gn': 0.5275072455406189, 'it_s': 2.703303333601881}
{'step': 8700, 'loss': 0.04032773159444332, 'lr': 9.462679893355321e-05, 'gn': 0.6540085673332214, 'it_s': 2.7020482955718124}
{'step': 8800, 'loss': 0.04004000440239906, 'lr': 9.448926785998945e-05, 'gn': 0.42541196942329407, 'it_s': 2.701407098537789}
{'step': 8900, 'loss': 0.041366246100515126, 'lr': 9.435011353729281e-05, 'gn': 0.5774281620979309, 'it_s': 2.700762807028039}
{'step': 9000, 'loss': 0.04180488526821136, 'lr': 9.420934168555252e-05, 'gn': 0.524489164352417, 'it_s': 2.700422580893143}
  val 0.0300
{'step': 9100, 'loss': 0.03828803928568959, 'lr': 9.406695809134804e-05, 'gn': 0.4723929166793823, 'it_s': 2.6992505036729337}
{'step': 9200, 'loss': 0.04175985665991902, 'lr': 9.392296860751121e-05, 'gn': 0.6011866927146912, 'it_s': 2.6992257617254607}
{'step': 9300, 'loss': 0.040144073106348516, 'lr': 9.377737915288578e-05, 'gn': 0.5173943638801575, 'it_s': 2.6989462267649182}
{'step': 9400, 'loss': 0.039598329197615384, 'lr': 9.363019571208397e-05, 'gn': 0.5499299168586731, 'it_s': 2.6984602506865647}
{'step': 9500, 'loss': 0.03994059463962912, 'lr': 9.348142433524059e-05, 'gn': 0.7781144380569458, 'it_s': 2.6978888290273884}
{'step': 9600, 'loss': 0.04017104253172874, 'lr': 9.33310711377642e-05, 'gn': 0.5992147326469421, 'it_s': 2.698064183182083}
{'step': 9700, 'loss': 0.03939442049711943, 'lr': 9.317914230008587e-05, 'gn': 0.5103748440742493, 'it_s': 2.6982052013235727}
{'step': 9800, 'loss': 0.041941687390208246, 'lr': 9.302564406740507e-05, 'gn': 0.737758994102478, 'it_s': 2.697779531333466}
{'step': 9900, 'loss': 0.04259113382548094, 'lr': 9.28705827494329e-05, 'gn': 0.7510191202163696, 'it_s': 2.69691987034128}
{'step': 10000, 'loss': 0.04083071166649461, 'lr': 9.271396472013283e-05, 'gn': 0.5386269688606262, 'it_s': 2.696729898287413}
  val 0.0263
{'step': 10100, 'loss': 0.04170761527493596, 'lr': 9.255579641745862e-05, 'gn': 0.7368613481521606, 'it_s': 2.6956850579930918}
{'step': 10200, 'loss': 0.04161198502406478, 'lr': 9.239608434308968e-05, 'gn': 0.7363518476486206, 'it_s': 2.6957665980750507}
{'step': 10300, 'loss': 0.03989666832610965, 'lr': 9.223483506216384e-05, 'gn': 0.9457889199256897, 'it_s': 2.695831994793464}
{'step': 10400, 'loss': 0.04449703810736537, 'lr': 9.207205520300748e-05, 'gn': 0.8702014088630676, 'it_s': 2.6956604946546348}
{'step': 10500, 'loss': 0.042580237444490195, 'lr': 9.190775145686302e-05, 'gn': 0.6555501222610474, 'it_s': 2.6959574049865}
{'step': 10600, 'loss': 0.04072415515780449, 'lr': 9.174193057761394e-05, 'gn': 0.6457512378692627, 'it_s': 2.6964919403203425}
{'step': 10700, 'loss': 0.039683679193258284, 'lr': 9.157459938150713e-05, 'gn': 0.7251132130622864, 'it_s': 2.696667193589508}
{'step': 10800, 'loss': 0.04347357792779803, 'lr': 9.140576474687264e-05, 'gn': 0.9582218527793884, 'it_s': 2.6967617421523893}
{'step': 10900, 'loss': 0.04229796903207898, 'lr': 9.123543361384103e-05, 'gn': 0.6072703003883362, 'it_s': 2.696424894742565}
{'step': 11000, 'loss': 0.04649255311116576, 'lr': 9.106361298405805e-05, 'gn': 0.8779774904251099, 'it_s': 2.6956565842964504}
  val 0.0259
{'step': 11100, 'loss': 0.043454147297889, 'lr': 9.08903099203968e-05, 'gn': 0.6252129077911377, 'it_s': 2.693259659828514}
{'step': 11200, 'loss': 0.04342083003371954, 'lr': 9.071553154666747e-05, 'gn': 0.9236721396446228, 'it_s': 2.692754570652211}
{'step': 11300, 'loss': 0.0459522121027112, 'lr': 9.05392850473244e-05, 'gn': 0.7299811840057373, 'it_s': 2.6925528287633775}
{'step': 11400, 'loss': 0.042922187373042105, 'lr': 9.036157766717092e-05, 'gn': 0.7890318036079407, 'it_s': 2.6927718921395414}
{'step': 11500, 'loss': 0.044074414260685445, 'lr': 9.018241671106135e-05, 'gn': 1.3345648050308228, 'it_s': 2.692889284616153}
{'step': 11600, 'loss': 0.04650666931644082, 'lr': 9.000180954360088e-05, 'gn': 0.9015467166900635, 'it_s': 2.6929953964334827}
{'step': 11700, 'loss': 0.04775320719927549, 'lr': 8.98197635888428e-05, 'gn': 0.7780609726905823, 'it_s': 2.692996605508546}
{'step': 11800, 'loss': 0.04828761164098978, 'lr': 8.963628632998328e-05, 'gn': 0.8706226944923401, 'it_s': 2.693786823224991}
{'step': 11900, 'loss': 0.04505878018215299, 'lr': 8.945138530905377e-05, 'gn': 0.9571676850318909, 'it_s': 2.694521583378833}
{'step': 12000, 'loss': 0.048725189939141274, 'lr': 8.926506812661105e-05, 'gn': 0.7354225516319275, 'it_s': 2.695067825811716}
  val 0.0291
{'step': 12100, 'loss': 0.04583942249417305, 'lr': 8.907734244142475e-05, 'gn': 0.8876927495002747, 'it_s': 2.694553055299364}
{'step': 12200, 'loss': 0.04758012562990189, 'lr': 8.88882159701625e-05, 'gn': 0.6668248176574707, 'it_s': 2.6953678485524746}
{'step': 12300, 'loss': 0.0461305438913405, 'lr': 8.869769648707278e-05, 'gn': 0.7994687557220459, 'it_s': 2.6957553315337757}
{'step': 12400, 'loss': 0.04778583575040102, 'lr': 8.850579182366532e-05, 'gn': 0.9974836707115173, 'it_s': 2.695073849953065}
{'step': 12500, 'loss': 0.04950328290462494, 'lr': 8.83125098683892e-05, 'gn': 0.7213470339775085, 'it_s': 2.6946000706829776}
{'step': 12600, 'loss': 0.05081712240353227, 'lr': 8.811785856630858e-05, 'gn': 0.9551931023597717, 'it_s': 2.6948535302987384}
{'step': 12700, 'loss': 0.04971389852464199, 'lr': 8.792184591877608e-05, 'gn': 0.6538459658622742, 'it_s': 2.6955014886817}
{'step': 12800, 'loss': 0.049092047996819016, 'lr': 8.772447998310388e-05, 'gn': 0.6946702599525452, 'it_s': 2.6960601551052306}
{'step': 12900, 'loss': 0.048830187506973745, 'lr': 8.752576887223262e-05, 'gn': 0.6475057005882263, 'it_s': 2.6964128911812337}
{'step': 13000, 'loss': 0.0495474586635828, 'lr': 8.732572075439774e-05, 'gn': 1.0080642700195312, 'it_s': 2.696607363924692}
  val 0.0340
{'step': 13100, 'loss': 0.0545026527158916, 'lr': 8.712434385279384e-05, 'gn': 0.8860960006713867, 'it_s': 2.6968088232172707}
{'step': 13200, 'loss': 0.049076334927231076, 'lr': 8.69216464452366e-05, 'gn': 0.80373215675354, 'it_s': 2.697108022957127}
{'step': 13300, 'loss': 0.04949008844792843, 'lr': 8.671763686382253e-05, 'gn': 0.7517383098602295, 'it_s': 2.697097666536634}
{'step': 13400, 'loss': 0.050676462948322294, 'lr': 8.651232349458648e-05, 'gn': 1.0231062173843384, 'it_s': 2.697260589693614}
{'step': 13500, 'loss': 0.05308330100029707, 'lr': 8.630571477715689e-05, 'gn': 0.925800621509552, 'it_s': 2.697525897022613}
{'step': 13600, 'loss': 0.05157395031303167, 'lr': 8.609781920440892e-05, 'gn': 0.7983457446098328, 'it_s': 2.6977754298380727}
{'step': 13700, 'loss': 0.05235890582203865, 'lr': 8.588864532211527e-05, 'gn': 0.8928254246711731, 'it_s': 2.697896540547448}
{'step': 13800, 'loss': 0.05026722580194473, 'lr': 8.567820172859498e-05, 'gn': 0.6906079053878784, 'it_s': 2.698123027891455}
{'step': 13900, 'loss': 0.047261311989277605, 'lr': 8.546649707435993e-05, 'gn': 0.8917518258094788, 'it_s': 2.698711579978947}
{'step': 14000, 'loss': 0.045977995283901694, 'lr': 8.525354006175926e-05, 'gn': 0.6791734099388123, 'it_s': 2.6996392231644206}
  val 0.0358
{'step': 14100, 'loss': 0.04716626361012459, 'lr': 8.503933944462166e-05, 'gn': 0.7743237614631653, 'it_s': 2.6996462317306142}
{'step': 14200, 'loss': 0.046078920401632785, 'lr': 8.482390402789554e-05, 'gn': 0.8587863445281982, 'it_s': 2.7000439776460996}
{'step': 14300, 'loss': 0.04304274152964353, 'lr': 8.460724266728707e-05, 'gn': 0.8441693782806396, 'it_s': 2.700302016338508}
{'step': 14400, 'loss': 0.048373958449810746, 'lr': 8.438936426889618e-05, 'gn': 0.8504353761672974, 'it_s': 2.7012832022722195}
{'step': 14500, 'loss': 0.04931758467108011, 'lr': 8.417027778885049e-05, 'gn': 1.433361530303955, 'it_s': 2.7020553557339864}
{'step': 14600, 'loss': 0.05012090194970369, 'lr': 8.394999223293704e-05, 'gn': 0.835960865020752, 'it_s': 2.7026151226550748}
{'step': 14700, 'loss': 0.054596792198717596, 'lr': 8.372851665623225e-05, 'gn': 1.0008188486099243, 'it_s': 2.7028172318289436}
{'step': 14800, 'loss': 0.051416126154363154, 'lr': 8.350586016272965e-05, 'gn': 0.8292222023010254, 'it_s': 2.7034429576701835}
{'step': 14900, 'loss': 0.05436857657507062, 'lr': 8.328203190496556e-05, 'gn': 1.0756384134292603, 'it_s': 2.703963364803239}
{'step': 15000, 'loss': 0.05682839278131723, 'lr': 8.305704108364301e-05, 'gn': 0.8921595811843872, 'it_s': 2.70140097851149}
  val 0.0376
{'step': 15100, 'loss': 0.05305397018790245, 'lr': 8.283089694725341e-05, 'gn': 1.133745789527893, 'it_s': 2.697557595824205}
{'step': 15200, 'loss': 0.05590540423989296, 'lr': 8.26036087916965e-05, 'gn': 0.9283275008201599, 'it_s': 2.694236763560632}
{'step': 15300, 'loss': 0.054251731187105176, 'lr': 8.23751859598981e-05, 'gn': 1.1035555601119995, 'it_s': 2.6902842351918657}
{'step': 15400, 'loss': 0.05361014448106289, 'lr': 8.214563784142614e-05, 'gn': 1.0251842737197876, 'it_s': 2.6869014117785124}
{'step': 15500, 'loss': 0.05510003503412008, 'lr': 8.191497387210472e-05, 'gn': 1.412559986114502, 'it_s': 2.6841348836101018}
{'step': 15600, 'loss': 0.05808565121144056, 'lr': 8.168320353362616e-05, 'gn': 0.8723157048225403, 'it_s': 2.6814081060060966}
{'step': 15700, 'loss': 0.058406101055443284, 'lr': 8.14503363531613e-05, 'gn': 2.2381672859191895, 'it_s': 2.6787105789711756}
{'step': 15800, 'loss': 0.05936148092150688, 'lr': 8.121638190296783e-05, 'gn': 0.9343844652175903, 'it_s': 2.6759776362706065}
{'step': 15900, 'loss': 0.059406950809061526, 'lr': 8.098134979999689e-05, 'gn': 1.0015382766723633, 'it_s': 2.673488705038571}
{'step': 16000, 'loss': 0.05969867564737797, 'lr': 8.074524970549764e-05, 'gn': 1.079691767692566, 'it_s': 2.6707680960325897}
  val 0.0447
{'step': 16100, 'loss': 0.058896652683615686, 'lr': 8.050809132462025e-05, 'gn': 0.8422465920448303, 'it_s': 2.6695322528129903}
{'step': 16200, 'loss': 0.05830059748142958, 'lr': 8.026988440601687e-05, 'gn': 0.840920627117157, 'it_s': 2.670078150159646}
{'step': 16300, 'loss': 0.05701231935992837, 'lr': 8.003063874144092e-05, 'gn': 1.0341432094573975, 'it_s': 2.6707014444939947}
{'step': 16400, 'loss': 0.059124366492033, 'lr': 7.979036416534461e-05, 'gn': 1.0512332916259766, 'it_s': 2.671176289665252}
{'step': 16500, 'loss': 0.060660739466547965, 'lr': 7.954907055447469e-05, 'gn': 1.175036072731018, 'it_s': 2.6720278136094557}
{'step': 16600, 'loss': 0.056402264833450316, 'lr': 7.930676782746642e-05, 'gn': 0.8659040331840515, 'it_s': 2.6734027803685723}
{'step': 16700, 'loss': 0.057766259014606476, 'lr': 7.906346594443584e-05, 'gn': 1.0786646604537964, 'it_s': 2.6747218150711873}
{'step': 16800, 'loss': 0.058264605067670346, 'lr': 7.881917490657043e-05, 'gn': 1.5297116041183472, 'it_s': 2.676031384089473}
{'step': 16900, 'loss': 0.05646315958350897, 'lr': 7.857390475571794e-05, 'gn': 0.9671404957771301, 'it_s': 2.677332509731714}
{'step': 17000, 'loss': 0.05747075408697128, 'lr': 7.832766557397364e-05, 'gn': 1.2839933633804321, 'it_s': 2.6787147965455262}
  val 0.0379
{'step': 17100, 'loss': 0.06089509569108486, 'lr': 7.808046748326579e-05, 'gn': 1.6671408414840698, 'it_s': 2.679630017620011}
{'step': 17200, 'loss': 0.05526062648743391, 'lr': 7.78323206449397e-05, 'gn': 1.278272032737732, 'it_s': 2.6809457135636183}
{'step': 17300, 'loss': 0.05283027233555913, 'lr': 7.758323525934e-05, 'gn': 0.8951886296272278, 'it_s': 2.6822887336686314}
{'step': 17400, 'loss': 0.05535576608031988, 'lr': 7.733322156539126e-05, 'gn': 1.161697506904602, 'it_s': 2.6836096745272884}
{'step': 17500, 'loss': 0.054073144868016246, 'lr': 7.708228984017721e-05, 'gn': 0.977342963218689, 'it_s': 2.6849119738473273}
{'step': 17600, 'loss': 0.05556743245571852, 'lr': 7.683045039851824e-05, 'gn': 0.8834017515182495, 'it_s': 2.686174468200274}
{'step': 17700, 'loss': 0.05817938514053821, 'lr': 7.657771359254743e-05, 'gn': 1.2044823169708252, 'it_s': 2.6874270091189514}
{'step': 17800, 'loss': 0.06596255145967006, 'lr': 7.632408981128494e-05, 'gn': 1.3983731269836426, 'it_s': 2.6886991239277345}
{'step': 17900, 'loss': 0.06205906968563795, 'lr': 7.606958948021107e-05, 'gn': 0.9486687779426575, 'it_s': 2.6899742761542065}
{'step': 18000, 'loss': 0.05510630298405886, 'lr': 7.58142230608376e-05, 'gn': 0.8732907772064209, 'it_s': 2.6912332122219564}
  val 0.0375
{'step': 18100, 'loss': 0.05268864035606384, 'lr': 7.555800105027782e-05, 'gn': 1.0029534101486206, 'it_s': 2.6920052955251976}
{'step': 18200, 'loss': 0.054630462154746054, 'lr': 7.530093398081505e-05, 'gn': 0.9712581038475037, 'it_s': 2.693192113506867}
{'step': 18300, 'loss': 0.05354208204895258, 'lr': 7.504303241946966e-05, 'gn': 0.9490021467208862, 'it_s': 2.6943534791247803}
{'step': 18400, 'loss': 0.05577842824161053, 'lr': 7.47843069675647e-05, 'gn': 1.8490198850631714, 'it_s': 2.69551716533396}
{'step': 18500, 'loss': 0.0562675628438592, 'lr': 7.452476826029012e-05, 'gn': 1.1871892213821411, 'it_s': 2.6966524000096954}
{'step': 18600, 'loss': 0.06044360227882862, 'lr': 7.426442696626565e-05, 'gn': 1.9674582481384277, 'it_s': 2.6978028429203564}
{'step': 18700, 'loss': 0.05722232360392809, 'lr': 7.40032937871022e-05, 'gn': 1.1265488862991333, 'it_s': 2.698944516894041}
{'step': 18800, 'loss': 0.05667372282594443, 'lr': 7.374137945696196e-05, 'gn': 1.1837784051895142, 'it_s': 2.7000548277961673}
{'step': 18900, 'loss': 0.05149948954582215, 'lr': 7.347869474211722e-05, 'gn': 0.9196237921714783, 'it_s': 2.701154794787606}
{'step': 19000, 'loss': 0.04835833806544542, 'lr': 7.321525044050772e-05, 'gn': 0.8703388571739197, 'it_s': 2.7018786492197293}
  val 0.0384
{'step': 19100, 'loss': 0.05559588868170977, 'lr': 7.295105738129688e-05, 'gn': 1.0230154991149902, 'it_s': 2.702059970196793}
{'step': 19200, 'loss': 0.05386577375233173, 'lr': 7.268612642442657e-05, 'gn': 1.105952501296997, 'it_s': 2.702832169815538}
{'step': 19300, 'loss': 0.059408575482666495, 'lr': 7.242046846017078e-05, 'gn': 1.8123555183410645, 'it_s': 2.7035695465985286}
{'step': 19400, 'loss': 0.051405298281461, 'lr': 7.215409440868789e-05, 'gn': 1.0767745971679688, 'it_s': 2.7041936376970894}
{'step': 19500, 'loss': 0.05025923229753971, 'lr': 7.188701521957184e-05, 'gn': 0.8763477802276611, 'it_s': 2.7047755623905982}
{'step': 19600, 'loss': 0.049582608807832, 'lr': 7.161924187140204e-05, 'gn': 1.2044748067855835, 'it_s': 2.7056350444476416}
{'step': 19700, 'loss': 0.05398190649226308, 'lr': 7.135078537129202e-05, 'gn': 0.9108708500862122, 'it_s': 2.7064893481032413}
{'step': 19800, 'loss': 0.04977924237027764, 'lr': 7.108165675443705e-05, 'gn': 1.0480213165283203, 'it_s': 2.7072487547093695}
{'step': 19900, 'loss': 0.0530077662691474, 'lr': 7.081186708366043e-05, 'gn': 1.2682942152023315, 'it_s': 2.707945032326898}
{'step': 20000, 'loss': 0.05306549735367298, 'lr': 7.054142744895885e-05, 'gn': 1.000610589981079, 'it_s': 2.708791525911144}
  val 0.0382
{'step': 20100, 'loss': 0.05530142858624458, 'lr': 7.027034896704645e-05, 'gn': 1.0822778940200806, 'it_s': 2.7089011765057243}
{'step': 20200, 'loss': 0.05246523290872574, 'lr': 6.999864278089789e-05, 'gn': 0.830274760723114, 'it_s': 2.7096173408682382}
{'step': 20300, 'loss': 0.050672708489000795, 'lr': 6.972632005929027e-05, 'gn': 1.3975945711135864, 'it_s': 2.710221342674788}
{'step': 20400, 'loss': 0.05530324514955282, 'lr': 6.945339199634406e-05, 'gn': 1.2298204898834229, 'it_s': 2.7108262093205213}
{'step': 20500, 'loss': 0.0534368066303432, 'lr': 6.917986981106295e-05, 'gn': 1.254145860671997, 'it_s': 2.7115796756089066}
{'step': 20600, 'loss': 0.05065778482705355, 'lr': 6.890576474687264e-05, 'gn': 0.970553457736969, 'it_s': 2.712337757862284}
{'step': 20700, 'loss': 0.05299736145883799, 'lr': 6.863108807115875e-05, 'gn': 1.1310720443725586, 'it_s': 2.713088835048387}
{'step': 20800, 'loss': 0.05026870019733906, 'lr': 6.835585107480357e-05, 'gn': 0.9715109467506409, 'it_s': 2.7138011916414073}
{'step': 20900, 'loss': 0.05242818307131529, 'lr': 6.808006507172203e-05, 'gn': 0.9485360383987427, 'it_s': 2.7145921386946945}
{'step': 21000, 'loss': 0.05027157515287399, 'lr': 6.780374139839647e-05, 'gn': 1.101790428161621, 'it_s': 2.7153316199930906}
  val 0.0403
{'step': 21100, 'loss': 0.05060526261106133, 'lr': 6.752689141341086e-05, 'gn': 1.1506460905075073, 'it_s': 2.715533606369681}
{'step': 21200, 'loss': 0.0483359426446259, 'lr': 6.724952649698371e-05, 'gn': 1.2228121757507324, 'it_s': 2.716122849791153}
{'step': 21300, 'loss': 0.04872384052723646, 'lr': 6.697165805050038e-05, 'gn': 1.529227614402771, 'it_s': 2.716811186503587}
{'step': 21400, 'loss': 0.049240735098719596, 'lr': 6.66932974960444e-05, 'gn': 1.1532350778579712, 'it_s': 2.7175249386360045}
{'step': 21500, 'loss': 0.0497865841537714, 'lr': 6.641445627592783e-05, 'gn': 1.5171794891357422, 'it_s': 2.718201955545801}
{'step': 21600, 'loss': 0.05100708376616239, 'lr': 6.613514585222116e-05, 'gn': 1.0340956449508667, 'it_s': 2.718861002717798}
{'step': 21700, 'loss': 0.04784908015280962, 'lr': 6.585537770628187e-05, 'gn': 1.250171422958374, 'it_s': 2.7195676323487357}
{'step': 21800, 'loss': 0.05753660924732685, 'lr': 6.557516333828269e-05, 'gn': 0.9445266723632812, 'it_s': 2.7203092291276265}
{'step': 21900, 'loss': 0.05164224542677402, 'lr': 6.529451426673875e-05, 'gn': 1.0850610733032227, 'it_s': 2.721054884515742}
{'step': 22000, 'loss': 0.05261643100529909, 'lr': 6.501344202803415e-05, 'gn': 1.2362825870513916, 'it_s': 2.7217651521331256}
  val 0.0352
{'step': 22100, 'loss': 0.04760706560686231, 'lr': 6.473195817594777e-05, 'gn': 0.9118618369102478, 'it_s': 2.722017326754198}
{'step': 22200, 'loss': 0.05070595622062683, 'lr': 6.445007428117822e-05, 'gn': 0.8557716012001038, 'it_s': 2.722720085066747}
{'step': 22300, 'loss': 0.04413378201425076, 'lr': 6.416780193086841e-05, 'gn': 1.5217530727386475, 'it_s': 2.7234186307704515}
{'step': 22400, 'loss': 0.052027456127107144, 'lr': 6.388515272812903e-05, 'gn': 1.2006162405014038, 'it_s': 2.72407853234719}
{'step': 22500, 'loss': 0.04816162321716547, 'lr': 6.360213829156176e-05, 'gn': 1.267313838005066, 'it_s': 2.7247217623382727}
{'step': 22600, 'loss': 0.04768119404092431, 'lr': 6.33187702547816e-05, 'gn': 1.407291293144226, 'it_s': 2.7254175990985794}
{'step': 22700, 'loss': 0.04835997760295868, 'lr': 6.303506026593865e-05, 'gn': 1.0909069776535034, 'it_s': 2.7260971340887017}
{'step': 22800, 'loss': 0.05977478977292776, 'lr': 6.275101998723936e-05, 'gn': 1.4561084508895874, 'it_s': 2.7267787413232045}
{'step': 22900, 'loss': 0.07639125850051641, 'lr': 6.246666109446706e-05, 'gn': 1.2814311981201172, 'it_s': 2.7274587807678965}
{'step': 23000, 'loss': 0.06115832421928644, 'lr': 6.218199527650208e-05, 'gn': 1.2696119546890259, 'it_s': 2.72813866915083}
  val 0.0360
{'step': 23100, 'loss': 0.051497591361403465, 'lr': 6.189703423484122e-05, 'gn': 0.9467307329177856, 'it_s': 2.728426534964409}
{'step': 23200, 'loss': 0.049637323766946795, 'lr': 6.161178968311682e-05, 'gn': 1.1314516067504883, 'it_s': 2.7290577342665308}
{'step': 23300, 'loss': 0.050903317667543885, 'lr': 6.132627334661513e-05, 'gn': 1.1411058902740479, 'it_s': 2.7296613691872724}
{'step': 23400, 'loss': 0.05390299785882235, 'lr': 6.104049696179451e-05, 'gn': 1.8619592189788818, 'it_s': 2.7301940153393778}
{'step': 23500, 'loss': 0.05314764820039272, 'lr': 6.075447227580278e-05, 'gn': 1.1699212789535522, 'it_s': 2.7308012489146143}
{'step': 23600, 'loss': 0.051337634902447464, 'lr': 6.046821104599452e-05, 'gn': 1.3498175144195557, 'it_s': 2.73138802560971}
{'step': 23700, 'loss': 0.052746577989310026, 'lr': 6.018172503944768e-05, 'gn': 1.270882248878479, 'it_s': 2.7319027434935723}
{'step': 23800, 'loss': 0.05490894120186567, 'lr': 5.98950260324799e-05, 'gn': 0.9418038725852966, 'it_s': 2.732268069595666}
{'step': 23900, 'loss': 0.05045889927074313, 'lr': 5.960812581016441e-05, 'gn': 1.2311735153198242, 'it_s': 2.732801487873978}
{'step': 24000, 'loss': 0.05112586084753275, 'lr': 5.932103616584568e-05, 'gn': 0.8765997886657715, 'it_s': 2.733356436358062}
  val 0.0383
{'step': 24100, 'loss': 0.04738647229969502, 'lr': 5.903376890065451e-05, 'gn': 1.0988128185272217, 'it_s': 2.7334887607292657}
{'step': 24200, 'loss': 0.0500539918243885, 'lr': 5.8746335823023025e-05, 'gn': 1.5027039051055908, 'it_s': 2.7338988406507054}
{'step': 24300, 'loss': 0.04669148335233331, 'lr': 5.8458748748199254e-05, 'gn': 0.9737233519554138, 'it_s': 2.734348546098126}
{'step': 24400, 'loss': 0.049046962466090915, 'lr': 5.817101949776143e-05, 'gn': 0.8978460431098938, 'it_s': 2.7348966049097125}
{'step': 24500, 'loss': 0.05009871423244476, 'lr': 5.788315989913209e-05, 'gn': 1.3525584936141968, 'it_s': 2.7354553938415513}
{'step': 24600, 'loss': 0.05207671277225018, 'lr': 5.7595181785091856e-05, 'gn': 1.8192318677902222, 'it_s': 2.7359613603340205}
{'step': 24700, 'loss': 0.05029872577637434, 'lr': 5.730709699329306e-05, 'gn': 1.1689138412475586, 'it_s': 2.736424741642827}
{'step': 24800, 'loss': 0.05776459351181984, 'lr': 5.701891736577318e-05, 'gn': 2.264314651489258, 'it_s': 2.736999960268144}
{'step': 24900, 'loss': 0.06265034183859824, 'lr': 5.673065474846793e-05, 'gn': 1.9856669902801514, 'it_s': 2.7375324693768546}
{'step': 25000, 'loss': 0.06043846242129803, 'lr': 5.64423209907245e-05, 'gn': 1.2243155241012573, 'it_s': 2.7380251702872838}
  val 0.0357
{'step': 25100, 'loss': 0.05223858918994665, 'lr': 5.61539279448143e-05, 'gn': 1.5364265441894531, 'it_s': 2.7376736696122577}
{'step': 25200, 'loss': 0.048382109459489585, 'lr': 5.586548746544592e-05, 'gn': 1.2044130563735962, 'it_s': 2.7381102945004145}
{'step': 25300, 'loss': 0.05153631817549467, 'lr': 5.5577011409277725e-05, 'gn': 1.6870511770248413, 'it_s': 2.738588021384641}
{'step': 25400, 'loss': 0.0502241413667798, 'lr': 5.5288511634430504e-05, 'gn': 1.3135197162628174, 'it_s': 2.7390238495866512}
{'step': 25500, 'loss': 0.050274907145649195, 'lr': 5.5e-05, 'gn': 1.2126970291137695, 'it_s': 2.7394003208297546}
{'step': 25600, 'loss': 0.04765429481863975, 'lr': 5.47114883655695e-05, 'gn': 1.5984654426574707, 'it_s': 2.7398112967055206}
{'step': 25700, 'loss': 0.04655782463029027, 'lr': 5.442298859072227e-05, 'gn': 1.076540231704712, 'it_s': 2.740359539226905}
{'step': 25800, 'loss': 0.04849960956722498, 'lr': 5.4134512534554085e-05, 'gn': 1.131224513053894, 'it_s': 2.740898920923803}
{'step': 25900, 'loss': 0.04573940373957157, 'lr': 5.384607205518571e-05, 'gn': 0.9275946021080017, 'it_s': 2.7413942256778494}
{'step': 26000, 'loss': 0.04337254781275988, 'lr': 5.355767900927552e-05, 'gn': 1.3271722793579102, 'it_s': 2.741866682542779}
  val 0.0374
{'step': 26100, 'loss': 0.050443290676921604, 'lr': 5.326934525153207e-05, 'gn': 1.009724497795105, 'it_s': 2.7420167490803915}
{'step': 26200, 'loss': 0.04781028920784593, 'lr': 5.298108263422685e-05, 'gn': 0.7080723643302917, 'it_s': 2.7425147400771928}
{'step': 26300, 'loss': 0.046106078792363406, 'lr': 5.269290300670694e-05, 'gn': 1.3051271438598633, 'it_s': 2.7429727142948885}
{'step': 26400, 'loss': 0.0458371676877141, 'lr': 5.2404818214908155e-05, 'gn': 1.364091396331787, 'it_s': 2.7433397297581434}
{'step': 26500, 'loss': 0.043696435578167436, 'lr': 5.211684010086793e-05, 'gn': 0.7983412146568298, 'it_s': 2.7438244383291677}
{'step': 26600, 'loss': 0.04624219983816147, 'lr': 5.182898050223857e-05, 'gn': 1.378035068511963, 'it_s': 2.744311412357801}
{'step': 26700, 'loss': 0.04634066859260202, 'lr': 5.1541251251800764e-05, 'gn': 1.3988596200942993, 'it_s': 2.7447843625831427}
{'step': 26800, 'loss': 0.04415043408051133, 'lr': 5.1253664176976985e-05, 'gn': 1.543976068496704, 'it_s': 2.7451998195408946}
{'step': 26900, 'loss': 0.04268647527322173, 'lr': 5.09662310993455e-05, 'gn': 0.9639407396316528, 'it_s': 2.745655403408216}
{'step': 27000, 'loss': 0.04400543488562107, 'lr': 5.0678963834154326e-05, 'gn': 1.14932119846344, 'it_s': 2.746163616343017}
  val 0.0348
{'step': 27100, 'loss': 0.041403882391750815, 'lr': 5.039187418983559e-05, 'gn': 4.248929023742676, 'it_s': 2.7462799698384894}
{'step': 27200, 'loss': 0.041355882342904805, 'lr': 5.010497396752011e-05, 'gn': 1.328708529472351, 'it_s': 2.7467248407741014}
{'step': 27300, 'loss': 0.04485273299738765, 'lr': 4.9818274960552336e-05, 'gn': 1.1475130319595337, 'it_s': 2.747159714846319}
{'step': 27400, 'loss': 0.0472313685156405, 'lr': 4.953178895400548e-05, 'gn': 1.1542978286743164, 'it_s': 2.747644775240768}
{'step': 27500, 'loss': 0.04613324746489525, 'lr': 4.924552772419723e-05, 'gn': 1.6986616849899292, 'it_s': 2.7480800352651222}
{'step': 27600, 'loss': 0.04527999151498079, 'lr': 4.895950303820552e-05, 'gn': 1.1826022863388062, 'it_s': 2.748474467257122}
{'step': 27700, 'loss': 0.042715508677065375, 'lr': 4.8673726653384884e-05, 'gn': 0.874262273311615, 'it_s': 2.7487868951503773}
{'step': 27800, 'loss': 0.04152219906449318, 'lr': 4.83882103168832e-05, 'gn': 1.2691867351531982, 'it_s': 2.7492236248089608}
{'step': 27900, 'loss': 0.047419858667999505, 'lr': 4.810296576515878e-05, 'gn': 1.2607790231704712, 'it_s': 2.7496882794969784}
{'step': 28000, 'loss': 0.045072993133217096, 'lr': 4.781800472349795e-05, 'gn': 0.9012435674667358, 'it_s': 2.7501069242410323}
  val 0.0320
{'step': 28100, 'loss': 0.04153938347473741, 'lr': 4.7533338905532964e-05, 'gn': 1.2468409538269043, 'it_s': 2.7501368095866057}
{'step': 28200, 'loss': 0.04018671764060855, 'lr': 4.724898001276065e-05, 'gn': 0.9773519039154053, 'it_s': 2.7504994246811396}
{'step': 28300, 'loss': 0.038836773578077556, 'lr': 4.696493973406135e-05, 'gn': 1.1174033880233765, 'it_s': 2.7509403592325676}
{'step': 28400, 'loss': 0.04009907299652696, 'lr': 4.668122974521841e-05, 'gn': 0.842256486415863, 'it_s': 2.751375225752408}
{'step': 28500, 'loss': 0.041358213126659396, 'lr': 4.639786170843826e-05, 'gn': 1.332871913909912, 'it_s': 2.751759671509473}
{'step': 28600, 'loss': 0.04616816444322467, 'lr': 4.611484727187098e-05, 'gn': 1.3422242403030396, 'it_s': 2.7521483982470274}
{'step': 28700, 'loss': 0.04193908918648958, 'lr': 4.58321980691316e-05, 'gn': 1.899176836013794, 'it_s': 2.752486655147407}
{'step': 28800, 'loss': 0.044953727703541516, 'lr': 4.554992571882178e-05, 'gn': 1.8596433401107788, 'it_s': 2.7527161827883524}
{'step': 28900, 'loss': 0.043911088183522226, 'lr': 4.5268041824052245e-05, 'gn': 1.4134528636932373, 'it_s': 2.752802421528332}
{'step': 29000, 'loss': 0.03835528090596199, 'lr': 4.498655797196586e-05, 'gn': 1.4305942058563232, 'it_s': 2.752859184416155}
  val 0.0324
{'step': 29100, 'loss': 0.041712921503931286, 'lr': 4.4705485733261264e-05, 'gn': 2.04720401763916, 'it_s': 2.7528020293318156}
{'step': 29200, 'loss': 0.04182916756719351, 'lr': 4.442483666171732e-05, 'gn': 1.48469078540802, 'it_s': 2.7530701904471133}
{'step': 29300, 'loss': 0.04280870957300067, 'lr': 4.414462229371813e-05, 'gn': 1.1516331434249878, 'it_s': 2.753312533855676}
{'step': 29400, 'loss': 0.041702586505562064, 'lr': 4.3864854147778865e-05, 'gn': 1.1175137758255005, 'it_s': 2.753469635666676}
{'step': 29500, 'loss': 0.04091965835541487, 'lr': 4.358554372407218e-05, 'gn': 1.798863172531128, 'it_s': 2.753682691584573}
{'step': 29600, 'loss': 0.047140468414872884, 'lr': 4.330670250395563e-05, 'gn': 1.5710800886154175, 'it_s': 2.7540261080729818}
{'step': 29700, 'loss': 0.0459865508787334, 'lr': 4.302834194949962e-05, 'gn': 1.5169460773468018, 'it_s': 2.754355209165128}
{'step': 29800, 'loss': 0.04439503289759159, 'lr': 4.27504735030163e-05, 'gn': 1.0692167282104492, 'it_s': 2.7546310788919475}
{'step': 29900, 'loss': 0.045039743278175594, 'lr': 4.247310858658916e-05, 'gn': 1.601548194885254, 'it_s': 2.7548785329549617}
{'step': 30000, 'loss': 0.04319947572425008, 'lr': 4.2196258601603544e-05, 'gn': 1.4318846464157104, 'it_s': 2.755291118202433}
  val 0.0282
{'step': 30100, 'loss': 0.04241450713947415, 'lr': 4.1919934928277994e-05, 'gn': 1.1657655239105225, 'it_s': 2.7551310573441694}
{'step': 30200, 'loss': 0.04510190034285188, 'lr': 4.1644148925196424e-05, 'gn': 0.6653234362602234, 'it_s': 2.755352153519472}
{'step': 30300, 'loss': 0.04251747116446495, 'lr': 4.136891192884126e-05, 'gn': 1.2040252685546875, 'it_s': 2.7554147832023195}
{'step': 30400, 'loss': 0.04138951934874058, 'lr': 4.109423525312737e-05, 'gn': 1.1476706266403198, 'it_s': 2.755707372033872}
{'step': 30500, 'loss': 0.0401453641243279, 'lr': 4.082013018893707e-05, 'gn': 1.6067988872528076, 'it_s': 2.7559887010338024}
{'step': 30600, 'loss': 0.042456887401640414, 'lr': 4.0546608003655954e-05, 'gn': 1.1462005376815796, 'it_s': 2.7562361842559526}
{'step': 30700, 'loss': 0.03949660584330559, 'lr': 4.027367994070974e-05, 'gn': 1.4477216005325317, 'it_s': 2.7564455390463407}
{'step': 30800, 'loss': 0.038182981070131065, 'lr': 4.000135721910213e-05, 'gn': 1.0553650856018066, 'it_s': 2.7567140189384967}
{'step': 30900, 'loss': 0.038808334954082965, 'lr': 3.9729651032953565e-05, 'gn': 1.2654393911361694, 'it_s': 2.757076635892724}
{'step': 31000, 'loss': 0.040210114661604165, 'lr': 3.9458572551041165e-05, 'gn': 1.1403547525405884, 'it_s': 2.757408328985289}
  val 0.0257
{'step': 31100, 'loss': 0.0388873696886003, 'lr': 3.9188132916339574e-05, 'gn': 1.5908938646316528, 'it_s': 2.757253895420214}
{'step': 31200, 'loss': 0.03796805268153548, 'lr': 3.891834324556298e-05, 'gn': 1.0026557445526123, 'it_s': 2.757380899677804}
{'step': 31300, 'loss': 0.038095219898968934, 'lr': 3.864921462870799e-05, 'gn': 2.618802547454834, 'it_s': 2.75767225622949}
{'step': 31400, 'loss': 0.039381779097020626, 'lr': 3.8380758128597974e-05, 'gn': 0.9450698494911194, 'it_s': 2.7579448531284876}
{'step': 31500, 'loss': 0.03809533301740885, 'lr': 3.8112984780428174e-05, 'gn': 0.8188541531562805, 'it_s': 2.75816344305052}
{'step': 31600, 'loss': 0.036614588126540185, 'lr': 3.7845905591312125e-05, 'gn': 0.9732068181037903, 'it_s': 2.758312418453845}
{'step': 31700, 'loss': 0.03686532333493233, 'lr': 3.757953153982924e-05, 'gn': 1.243459939956665, 'it_s': 2.7586146706358483}
{'step': 31800, 'loss': 0.03699057398363948, 'lr': 3.7313873575573445e-05, 'gn': 0.9915409684181213, 'it_s': 2.758967366130825}
{'step': 31900, 'loss': 0.038868974559009076, 'lr': 3.7048942618703126e-05, 'gn': 1.3009719848632812, 'it_s': 2.759293789980769}
{'step': 32000, 'loss': 0.03755073798820376, 'lr': 3.678474955949228e-05, 'gn': 1.0540218353271484, 'it_s': 2.7595637225423917}
  val 0.0352
{'step': 32100, 'loss': 0.037731164023280146, 'lr': 3.65213052578828e-05, 'gn': 2.3834726810455322, 'it_s': 2.759516370043732}
{'step': 32200, 'loss': 0.03734228676185012, 'lr': 3.6258620543038054e-05, 'gn': 1.41255521774292, 'it_s': 2.759846665156577}
{'step': 32300, 'loss': 0.03723805809393525, 'lr': 3.599670621289782e-05, 'gn': 3.3556110858917236, 'it_s': 2.760146961001869}
{'step': 32400, 'loss': 0.03552725877612829, 'lr': 3.5735573033734364e-05, 'gn': 1.4050885438919067, 'it_s': 2.760378074416548}
{'step': 32500, 'loss': 0.03703945823013782, 'lr': 3.547523173970989e-05, 'gn': 1.8545869588851929, 'it_s': 2.760577452983007}
{'step': 32600, 'loss': 0.039399191476404666, 'lr': 3.5215693032435314e-05, 'gn': 1.4875383377075195, 'it_s': 2.760899228511513}
{'step': 32700, 'loss': 0.03772679330781102, 'lr': 3.4956967580530335e-05, 'gn': 1.1790121793746948, 'it_s': 2.7611882105472096}
{'step': 32800, 'loss': 0.03660760197788477, 'lr': 3.469906601918494e-05, 'gn': 1.0109788179397583, 'it_s': 2.761464323112261}
{'step': 32900, 'loss': 0.03687243036925793, 'lr': 3.4441998949722175e-05, 'gn': 0.8923287391662598, 'it_s': 2.7616334779084712}
{'step': 33000, 'loss': 0.036124938391149046, 'lr': 3.4185776939162425e-05, 'gn': 1.040818691253662, 'it_s': 2.7619245575003744}
  val 0.0287
{'step': 33100, 'loss': 0.03655679885298014, 'lr': 3.393041051978895e-05, 'gn': 0.9346179366111755, 'it_s': 2.7619277448153228}
{'step': 33200, 'loss': 0.036651081442832946, 'lr': 3.3675910188715066e-05, 'gn': 1.2978919744491577, 'it_s': 2.7621723116223786}
{'step': 33300, 'loss': 0.042360582780092956, 'lr': 3.342228640745258e-05, 'gn': 1.7279255390167236, 'it_s': 2.7623337259042513}
{'step': 33400, 'loss': 0.040619490314275024, 'lr': 3.316954960148175e-05, 'gn': 1.46511709690094, 'it_s': 2.762535194667634}
{'step': 33500, 'loss': 0.03875463156029582, 'lr': 3.291771015982281e-05, 'gn': 0.9316422939300537, 'it_s': 2.762606048335152}
{'step': 33600, 'loss': 0.0371567028015852, 'lr': 3.266677843460876e-05, 'gn': 1.2509452104568481, 'it_s': 2.76260188320524}
{'step': 33700, 'loss': 0.036869252175092695, 'lr': 3.241676474066002e-05, 'gn': 1.662994146347046, 'it_s': 2.7622717197711375}
{'step': 33800, 'loss': 0.03639318436384201, 'lr': 3.216767935506031e-05, 'gn': 0.87901771068573, 'it_s': 2.7621111178600253}
{'step': 33900, 'loss': 0.035792594235390426, 'lr': 3.1919532516734224e-05, 'gn': 0.8803223967552185, 'it_s': 2.7620785633704643}
{'step': 34000, 'loss': 0.03311760304495692, 'lr': 3.167233442602637e-05, 'gn': 0.8694902658462524, 'it_s': 2.761985982631945}
  val 0.0354
{'step': 34100, 'loss': 0.035064682364463806, 'lr': 3.142609524428205e-05, 'gn': 1.5537195205688477, 'it_s': 2.761514020028051}
{'step': 34200, 'loss': 0.03491198681294918, 'lr': 3.118082509342957e-05, 'gn': 1.3760915994644165, 'it_s': 2.7613059336563315}
{'step': 34300, 'loss': 0.03435384802520275, 'lr': 3.0936534055564166e-05, 'gn': 0.9879916310310364, 'it_s': 2.76138858840605}
{'step': 34400, 'loss': 0.034958243407309054, 'lr': 3.0693232172533605e-05, 'gn': 1.6142829656600952, 'it_s': 2.7614045886373946}
{'step': 34500, 'loss': 0.03274811491370201, 'lr': 3.0450929445525313e-05, 'gn': 1.3008015155792236, 'it_s': 2.7611581433653414}
{'step': 34600, 'loss': 0.0325661401823163, 'lr': 3.0209635834655396e-05, 'gn': 1.1819517612457275, 'it_s': 2.760867227881326}
{'step': 34700, 'loss': 0.035930585842579604, 'lr': 2.9969361258559082e-05, 'gn': 1.4428036212921143, 'it_s': 2.7607954977989664}
{'step': 34800, 'loss': 0.03585805792361498, 'lr': 2.9730115593983138e-05, 'gn': 1.633386492729187, 'it_s': 2.760823186907451}
{'step': 34900, 'loss': 0.03578790357336402, 'lr': 2.9491908675379772e-05, 'gn': 1.8916431665420532, 'it_s': 2.760783633971962}
{'step': 35000, 'loss': 0.03722946988418698, 'lr': 2.9254750294502378e-05, 'gn': 1.879457712173462, 'it_s': 2.7608045353018764}
  val 0.0281
{'step': 35100, 'loss': 0.03976831773295999, 'lr': 2.9018650200003138e-05, 'gn': 1.7345861196517944, 'it_s': 2.7604389663499105}
{'step': 35200, 'loss': 0.03508108826354146, 'lr': 2.878361809703218e-05, 'gn': 1.360093355178833, 'it_s': 2.760652493489158}
{'step': 35300, 'loss': 0.03660440834239125, 'lr': 2.8549663646838717e-05, 'gn': 1.5707859992980957, 'it_s': 2.760806053093186}
{'step': 35400, 'loss': 0.035983865689486264, 'lr': 2.8316796466373842e-05, 'gn': 1.441990852355957, 'it_s': 2.760920855581175}
{'step': 35500, 'loss': 0.04072900041937828, 'lr': 2.8085026127895284e-05, 'gn': 2.058164358139038, 'it_s': 2.760889060878216}
{'step': 35600, 'loss': 0.04361511593684554, 'lr': 2.7854362158573863e-05, 'gn': 1.3506056070327759, 'it_s': 2.7609858409112626}
{'step': 35700, 'loss': 0.04244901681318879, 'lr': 2.7624814040101906e-05, 'gn': 1.4685206413269043, 'it_s': 2.7610097539524405}
{'step': 35800, 'loss': 0.039639683440327644, 'lr': 2.739639120830351e-05, 'gn': 1.349229335784912, 'it_s': 2.7609648044968615}
{'step': 35900, 'loss': 0.039033668246120215, 'lr': 2.7169103052746583e-05, 'gn': 2.7388064861297607, 'it_s': 2.7608844905371877}
{'step': 36000, 'loss': 0.036209718082100155, 'lr': 2.6942958916356998e-05, 'gn': 1.628430724143982, 'it_s': 2.760965751821327}
  val 0.0290
{'step': 36100, 'loss': 0.035609280094504356, 'lr': 2.6717968095034437e-05, 'gn': 1.5375410318374634, 'it_s': 2.760924919379313}
{'step': 36200, 'loss': 0.036994497422128916, 'lr': 2.6494139837270365e-05, 'gn': 3.9715609550476074, 'it_s': 2.7610275434139755}
{'step': 36300, 'loss': 0.03462938491255045, 'lr': 2.6271483343767753e-05, 'gn': 1.1675615310668945, 'it_s': 2.7610529605976506}
{'step': 36400, 'loss': 0.03397838110104203, 'lr': 2.6050007767062976e-05, 'gn': 1.5295201539993286, 'it_s': 2.7610698555874618}
{'step': 36500, 'loss': 0.034912192467600106, 'lr': 2.5829722211149526e-05, 'gn': 2.0179805755615234, 'it_s': 2.7612840757973807}
{'step': 36600, 'loss': 0.03559406667947769, 'lr': 2.56106357311038e-05, 'gn': 1.8701378107070923, 'it_s': 2.7614406155744757}
{'step': 36700, 'loss': 0.037241068556904795, 'lr': 2.5392757332712937e-05, 'gn': 1.7650034427642822, 'it_s': 2.761509819958562}
{'step': 36800, 'loss': 0.037616364527493715, 'lr': 2.5176095972104468e-05, 'gn': 1.4319069385528564, 'it_s': 2.7614834602679}
{'step': 36900, 'loss': 0.0390366367995739, 'lr': 2.496066055537834e-05, 'gn': 1.3748902082443237, 'it_s': 2.76171002909681}
{'step': 37000, 'loss': 0.035728821456432344, 'lr': 2.4746459938240742e-05, 'gn': 2.8987174034118652, 'it_s': 2.7616355226551113}
  val 0.0285
{'step': 37100, 'loss': 0.036869390923529866, 'lr': 2.4533502925640085e-05, 'gn': 1.2197688817977905, 'it_s': 2.761346619653833}
{'step': 37200, 'loss': 0.036924442276358604, 'lr': 2.432179827140503e-05, 'gn': 2.1714224815368652, 'it_s': 2.761276997839286}
{'step': 37300, 'loss': 0.03726559281349182, 'lr': 2.4111354677884742e-05, 'gn': 1.6696339845657349, 'it_s': 2.7613855869951505}
{'step': 37400, 'loss': 0.03637968227267265, 'lr': 2.3902180795591093e-05, 'gn': 1.1936781406402588, 'it_s': 2.7615600516872263}
{'step': 37500, 'loss': 0.03494921196252108, 'lr': 2.3694285222843113e-05, 'gn': 0.9914718866348267, 'it_s': 2.761698072172857}
{'step': 37600, 'loss': 0.03495084352791309, 'lr': 2.3487676505413538e-05, 'gn': 2.689039468765259, 'it_s': 2.761741817741089}
{'step': 37700, 'loss': 0.034341632276773455, 'lr': 2.3282363136177485e-05, 'gn': 1.6340893507003784, 'it_s': 2.761774778367853}
{'step': 37800, 'loss': 0.03379492284730077, 'lr': 2.3078353554763403e-05, 'gn': 1.9095793962478638, 'it_s': 2.762025309626934}
{'step': 37900, 'loss': 0.031930034458637235, 'lr': 2.2875656147206156e-05, 'gn': 2.3917236328125, 'it_s': 2.7622300232974646}
{'step': 38000, 'loss': 0.034313076846301555, 'lr': 2.2674279245602265e-05, 'gn': 0.9190858006477356, 'it_s': 2.762264288136472}
  val 0.0301
{'step': 38100, 'loss': 0.03364474987611175, 'lr': 2.2474231127767385e-05, 'gn': 2.151623487472534, 'it_s': 2.7619808191373316}
{'step': 38200, 'loss': 0.03613055588677525, 'lr': 2.227552001689612e-05, 'gn': 2.52984881401062, 'it_s': 2.762194966043154}
{'step': 38300, 'loss': 0.03512683860957622, 'lr': 2.2078154081223936e-05, 'gn': 1.5472661256790161, 'it_s': 2.762375721622918}
{'step': 38400, 'loss': 0.03418448036536574, 'lr': 2.188214143369143e-05, 'gn': 2.4413154125213623, 'it_s': 2.762503866712919}
{'step': 38500, 'loss': 0.03428540099412203, 'lr': 2.1687490131610812e-05, 'gn': 1.381882667541504, 'it_s': 2.7625117650690947}
{'step': 38600, 'loss': 0.034857715610414744, 'lr': 2.1494208176334692e-05, 'gn': 2.007688283920288, 'it_s': 2.7626398702098345}
{'step': 38700, 'loss': 0.03651288567110896, 'lr': 2.1302303512927234e-05, 'gn': 1.796886920928955, 'it_s': 2.7628191325559017}
{'step': 38800, 'loss': 0.034951699748635295, 'lr': 2.1111784029837514e-05, 'gn': 0.8467613458633423, 'it_s': 2.7629376893910975}
{'step': 38900, 'loss': 0.034845328126102686, 'lr': 2.0922657558575272e-05, 'gn': 1.7276058197021484, 'it_s': 2.762909443404113}
{'step': 39000, 'loss': 0.03286639565601945, 'lr': 2.0734931873388952e-05, 'gn': 1.3052093982696533, 'it_s': 2.7627308115464504}
  val 0.0319
{'step': 39100, 'loss': 0.03187770400196314, 'lr': 2.0548614690946236e-05, 'gn': 1.2299667596817017, 'it_s': 2.7624054501639312}
{'step': 39200, 'loss': 0.03414229506626725, 'lr': 2.0363713670016727e-05, 'gn': 1.9055954217910767, 'it_s': 2.7621090017149927}
{'step': 39300, 'loss': 0.03349427429959178, 'lr': 2.018023641115719e-05, 'gn': 2.606858253479004, 'it_s': 2.7617037245505025}
{'step': 39400, 'loss': 0.03527416905388236, 'lr': 1.999819045639912e-05, 'gn': 2.075155019760132, 'it_s': 2.761218716898088}
{'step': 39500, 'loss': 0.03370266579091549, 'lr': 1.9817583288938664e-05, 'gn': 1.8775790929794312, 'it_s': 2.7609749627622535}
{'step': 39600, 'loss': 0.03178847825154662, 'lr': 1.9638422332829096e-05, 'gn': 3.514389753341675, 'it_s': 2.7606343943892986}
{'step': 39700, 'loss': 0.03165976302698255, 'lr': 1.9460714952675598e-05, 'gn': 1.954947590827942, 'it_s': 2.7601812725156933}
{'step': 39800, 'loss': 0.032309948969632386, 'lr': 1.928446845333255e-05, 'gn': 1.3706231117248535, 'it_s': 2.759644958875594}
{'step': 39900, 'loss': 0.03178190130740404, 'lr': 1.9109690079603205e-05, 'gn': 1.2634419202804565, 'it_s': 2.7593580885854725}
{'step': 40000, 'loss': 0.032035314980894326, 'lr': 1.8936387015941958e-05, 'gn': 2.3888590335845947, 'it_s': 2.7592366876202097}
  val 0.0344
{'step': 40100, 'loss': 0.03186551105231047, 'lr': 1.8764566386158973e-05, 'gn': 1.4665403366088867, 'it_s': 2.7587794261320275}
{'step': 40200, 'loss': 0.030323968110606073, 'lr': 1.859423525312737e-05, 'gn': 1.1950359344482422, 'it_s': 2.758611273620538}
{'step': 40300, 'loss': 0.032554045300930735, 'lr': 1.8425400618492882e-05, 'gn': 1.4904230833053589, 'it_s': 2.7585386606791116}
{'step': 40400, 'loss': 0.0317214288841933, 'lr': 1.825806942238606e-05, 'gn': 1.0287811756134033, 'it_s': 2.758607460347657}
{'step': 40500, 'loss': 0.030026592314243317, 'lr': 1.8092248543136988e-05, 'gn': 1.0921157598495483, 'it_s': 2.7586348109606376}
{'step': 40600, 'loss': 0.03071500614285469, 'lr': 1.7927944796992526e-05, 'gn': 1.087167739868164, 'it_s': 2.7585823959830282}
{'step': 40700, 'loss': 0.030470350515097378, 'lr': 1.7765164937836165e-05, 'gn': 1.2795289754867554, 'it_s': 2.7581945505989665}
{'step': 40800, 'loss': 0.03179635990411043, 'lr': 1.7603915656910324e-05, 'gn': 1.9644039869308472, 'it_s': 2.7580317705872273}
{'step': 40900, 'loss': 0.03128513637930155, 'lr': 1.7444203582541383e-05, 'gn': 2.028057336807251, 'it_s': 2.7578042753939993}
{'step': 41000, 'loss': 0.03039546959102154, 'lr': 1.7286035279867173e-05, 'gn': 1.563788652420044, 'it_s': 2.757482569105791}
  val 0.0294
{'step': 41100, 'loss': 0.034983990378677846, 'lr': 1.712941725056711e-05, 'gn': 3.831162691116333, 'it_s': 2.7568489398408818}
{'step': 41200, 'loss': 0.03344649616628885, 'lr': 1.697435593259496e-05, 'gn': 1.3063464164733887, 'it_s': 2.756511630358754}
{'step': 41300, 'loss': 0.030674366308376194, 'lr': 1.6820857699914142e-05, 'gn': 1.495214581489563, 'it_s': 2.756231815919293}
{'step': 41400, 'loss': 0.03024048315361142, 'lr': 1.6668928862235815e-05, 'gn': 1.676528811454773, 'it_s': 2.7558750328754975}
{'step': 41500, 'loss': 0.029310077913105487, 'lr': 1.6518575664759426e-05, 'gn': 1.9598629474639893, 'it_s': 2.7554224584900604}
{'step': 41600, 'loss': 0.030781218353658914, 'lr': 1.6369804287916028e-05, 'gn': 1.6317620277404785, 'it_s': 2.7550824903820432}
{'step': 41700, 'loss': 0.032336365580558774, 'lr': 1.6222620847114226e-05, 'gn': 2.9351274967193604, 'it_s': 2.7548948827471325}
{'step': 41800, 'loss': 0.041631726808846, 'lr': 1.6077031392488793e-05, 'gn': 1.4136077165603638, 'it_s': 2.754662996813312}
{'step': 41900, 'loss': 0.042999050989747045, 'lr': 1.593304190865197e-05, 'gn': 1.6292691230773926, 'it_s': 2.754346708506254}
{'step': 42000, 'loss': 0.03372833369299769, 'lr': 1.579065831444748e-05, 'gn': 2.0975444316864014, 'it_s': 2.753966664254273}
  val 0.0256
{'step': 42100, 'loss': 0.03072705610655248, 'lr': 1.56498864627072e-05, 'gn': 2.4778892993927, 'it_s': 2.7534974202514286}
{'step': 42200, 'loss': 0.03146709468215704, 'lr': 1.5510732140010577e-05, 'gn': 1.7114421129226685, 'it_s': 2.7532319062739146}
{'step': 42300, 'loss': 0.030415227450430394, 'lr': 1.537320106644679e-05, 'gn': 1.718203067779541, 'it_s': 2.7528960623635297}
{'step': 42400, 'loss': 0.030406729858368634, 'lr': 1.5237298895379614e-05, 'gn': 1.6023920774459839, 'it_s': 2.752489583078375}
{'step': 42500, 'loss': 0.030240135118365288, 'lr': 1.5103031213214997e-05, 'gn': 1.5253883600234985, 'it_s': 2.7522231794173644}
{'step': 42600, 'loss': 0.032034317888319494, 'lr': 1.4970403539171475e-05, 'gn': 1.9601832628250122, 'it_s': 2.7520078354356245}
{'step': 42700, 'loss': 0.031267143823206424, 'lr': 1.4839421325053244e-05, 'gn': 1.8442630767822266, 'it_s': 2.751748314143005}
{'step': 42800, 'loss': 0.030597380232065916, 'lr': 1.4710089955026114e-05, 'gn': 1.4916250705718994, 'it_s': 2.751423488576507}
{'step': 42900, 'loss': 0.029118330962955952, 'lr': 1.4582414745396145e-05, 'gn': 2.7059690952301025, 'it_s': 2.751116391487746}
{'step': 43000, 'loss': 0.03037910794839263, 'lr': 1.4456400944391144e-05, 'gn': 1.5891153812408447, 'it_s': 2.75082318938166}
  val 0.0251
{'step': 43100, 'loss': 0.030476887673139573, 'lr': 1.4332053731944896e-05, 'gn': 1.649649977684021, 'it_s': 2.750189112003698}
{'step': 43200, 'loss': 0.02903920190408826, 'lr': 1.4209378219484285e-05, 'gn': 2.38102650642395, 'it_s': 2.749737999905686}
{'step': 43300, 'loss': 0.029694442404434085, 'lr': 1.4088379449719124e-05, 'gn': 1.281823992729187, 'it_s': 2.7492820556626487}
{'step': 43400, 'loss': 0.030420881677418948, 'lr': 1.3969062396434937e-05, 'gn': 1.3349207639694214, 'it_s': 2.7490301178789167}
{'step': 43500, 'loss': 0.03042196486145258, 'lr': 1.3851431964288444e-05, 'gn': 1.0103647708892822, 'it_s': 2.7487122148582546}
{'step': 43600, 'loss': 0.030712917521595953, 'lr': 1.3735492988605972e-05, 'gn': 4.274467945098877, 'it_s': 2.748258511698631}
{'step': 43700, 'loss': 0.029205680917948486, 'lr': 1.3621250235184725e-05, 'gn': 2.2511730194091797, 'it_s': 2.7477917892338786}
{'step': 43800, 'loss': 0.028736760579049586, 'lr': 1.350870840009683e-05, 'gn': 1.3480623960494995, 'it_s': 2.747500498604817}
{'step': 43900, 'loss': 0.029804111681878565, 'lr': 1.3397872109496338e-05, 'gn': 1.87100088596344, 'it_s': 2.747245641714305}
{'step': 44000, 'loss': 0.029562190622091294, 'lr': 1.3288745919429028e-05, 'gn': 1.4199360609054565, 'it_s': 2.7469051534055553}
  val 0.0280
{'step': 44100, 'loss': 0.0293815528601408, 'lr': 1.3181334315645164e-05, 'gn': 1.2646085023880005, 'it_s': 2.746246812227939}
{'step': 44200, 'loss': 0.028157411012798547, 'lr': 1.3075641713415073e-05, 'gn': 1.82034432888031, 'it_s': 2.745845359602415}
{'step': 44300, 'loss': 0.028683022381737828, 'lr': 1.297167245734766e-05, 'gn': 1.324897289276123, 'it_s': 2.7455790338389026}
{'step': 44400, 'loss': 0.02867578716017306, 'lr': 1.2869430821211827e-05, 'gn': 1.2880266904830933, 'it_s': 2.7452810073038405}
{'step': 44500, 'loss': 0.02768166346475482, 'lr': 1.2768921007760787e-05, 'gn': 1.2997456789016724, 'it_s': 2.744913429020741}
{'step': 44600, 'loss': 0.02706332347355783, 'lr': 1.2670147148559289e-05, 'gn': 0.9661862850189209, 'it_s': 2.7444839490763946}
{'step': 44700, 'loss': 0.02946363914757967, 'lr': 1.2573113303813817e-05, 'gn': 1.7769724130630493, 'it_s': 2.7442700233025343}
{'step': 44800, 'loss': 0.02961283380165696, 'lr': 1.247782346220569e-05, 'gn': 1.3244529962539673, 'it_s': 2.7439246348241007}
{'step': 44900, 'loss': 0.029120908956974743, 'lr': 1.2384281540727049e-05, 'gn': 1.3317323923110962, 'it_s': 2.7435192789848313}
{'step': 45000, 'loss': 0.029426840115338564, 'lr': 1.2292491384519912e-05, 'gn': 1.0002555847167969, 'it_s': 2.743089491969757}
  val 0.0315
{'step': 45100, 'loss': 0.029043862596154213, 'lr': 1.2202456766718093e-05, 'gn': 2.478764533996582, 'it_s': 2.7425048393614713}
{'step': 45200, 'loss': 0.02904222661629319, 'lr': 1.2114181388292078e-05, 'gn': 1.8152823448181152, 'it_s': 2.742225129549992}
{'step': 45300, 'loss': 0.027711338289082052, 'lr': 1.2027668877896936e-05, 'gn': 1.7036399841308594, 'it_s': 2.7418923112433284}
{'step': 45400, 'loss': 0.029517964022234083, 'lr': 1.194292279172311e-05, 'gn': 1.1977055072784424, 'it_s': 2.741496156734193}
{'step': 45500, 'loss': 0.029172139428555965, 'lr': 1.1859946613350275e-05, 'gn': 1.600119948387146, 'it_s': 2.7411819950863237}
{'step': 45600, 'loss': 0.027802824415266512, 'lr': 1.1778743753604133e-05, 'gn': 1.4566646814346313, 'it_s': 2.740967722588783}
{'step': 45700, 'loss': 0.027787867784500122, 'lr': 1.1699317550416207e-05, 'gn': 1.69539213180542, 'it_s': 2.7407138609241253}
{'step': 45800, 'loss': 0.028949712868779898, 'lr': 1.1621671268686604e-05, 'gn': 1.4363778829574585, 'it_s': 2.7403812791187327}
{'step': 45900, 'loss': 0.027268275301903486, 'lr': 1.1545808100149851e-05, 'gn': 2.40903902053833, 'it_s': 2.740006675070249}
{'step': 46000, 'loss': 0.029244876336306333, 'lr': 1.1471731163243675e-05, 'gn': 1.678751826286316, 'it_s': 2.739809945458737}
  val 0.0243
{'step': 46100, 'loss': 0.02771484211087227, 'lr': 1.1399443502980814e-05, 'gn': 1.3597264289855957, 'it_s': 2.7392972129440967}
{'step': 46200, 'loss': 0.027561624236404896, 'lr': 1.1328948090823842e-05, 'gn': 1.1687920093536377, 'it_s': 2.7389592566629326}
{'step': 46300, 'loss': 0.027324914671480655, 'lr': 1.1260247824563048e-05, 'gn': 1.3413203954696655, 'it_s': 2.738543939626688}
{'step': 46400, 'loss': 0.027791357422247528, 'lr': 1.1193345528197293e-05, 'gn': 1.2728718519210815, 'it_s': 2.73827835288527}
non-finite loss at step 46411; stopping
