train 88534 frames / 2520 episodes; val 6148 frames
params: 30.381M
{'step': 100, 'loss': 1.5872868764400483, 'lr': 1e-05, 'gn': 2.6491706371307373, 'it_s': 1.1717823519481996}
{'step': 200, 'loss': 0.7040115559101104, 'lr': 2e-05, 'gn': 2.4392359256744385, 'it_s': 1.1673358322834602}
{'step': 300, 'loss': 0.5830141559243203, 'lr': 3e-05, 'gn': 5.529916286468506, 'it_s': 1.168962231318914}
{'step': 400, 'loss': 0.4923263546824455, 'lr': 4e-05, 'gn': 3.164504051208496, 'it_s': 1.1670257156826125}
{'step': 500, 'loss': 0.43094969987869264, 'lr': 5e-05, 'gn': 2.2380058765411377, 'it_s': 1.165665305577168}
{'step': 600, 'loss': 0.3919217213988304, 'lr': 6e-05, 'gn': 4.219822883605957, 'it_s': 1.1649605138620804}
{'step': 700, 'loss': 0.36140594631433487, 'lr': 7.000000000000001e-05, 'gn': 3.276844024658203, 'it_s': 1.1651739694951238}
{'step': 800, 'loss': 0.33325006380677225, 'lr': 8e-05, 'gn': 2.567247152328491, 'it_s': 1.1644156297425143}
{'step': 900, 'loss': 0.29604836061596873, 'lr': 9e-05, 'gn': 1.8317795991897583, 'it_s': 1.1643137432136}
{'step': 1000, 'loss': 0.2520033875107765, 'lr': 0.0001, 'gn': 2.0293941497802734, 'it_s': 1.1662676666628113}
  val 0.6420
{'step': 1100, 'loss': 0.2084467676281929, 'lr': 9.999807902665156e-05, 'gn': 1.6223825216293335, 'it_s': 1.1619943484106843}
{'step': 1200, 'loss': 0.1797839454561472, 'lr': 9.999231627061237e-05, 'gn': 1.357571005821228, 'it_s': 1.1617439035638046}
{'step': 1300, 'loss': 0.1556430345773697, 'lr': 9.998271222388693e-05, 'gn': 1.1938859224319458, 'it_s': 1.1617096142662913}
{'step': 1400, 'loss': 0.14422585889697076, 'lr': 9.996926770643604e-05, 'gn': 1.1573749780654907, 'it_s': 1.1623532452100045}
{'step': 1500, 'loss': 0.13443002507090568, 'lr': 9.995198386610677e-05, 'gn': 1.069726824760437, 'it_s': 1.163342060862967}
{'step': 1600, 'loss': 0.12682141974568367, 'lr': 9.993086217853453e-05, 'gn': 1.0230748653411865, 'it_s': 1.1629514688826494}
{'step': 1700, 'loss': 0.124303083345294, 'lr': 9.990590444701708e-05, 'gn': 1.002561092376709, 'it_s': 1.1626775671391034}
{'step': 1800, 'loss': 0.11737244851887225, 'lr': 9.987711280236048e-05, 'gn': 0.8915431499481201, 'it_s': 1.1630876912019794}
{'step': 1900, 'loss': 0.1079882825911045, 'lr': 9.984448970269726e-05, 'gn': 0.7663432955741882, 'it_s': 1.1631780151906828}
{'step': 2000, 'loss': 0.10655928902328014, 'lr': 9.980803793327656e-05, 'gn': 0.8651507496833801, 'it_s': 1.1637349319282253}
  val 0.2028
{'step': 2100, 'loss': 0.09900624431669712, 'lr': 9.976776060622626e-05, 'gn': 0.7658421993255615, 'it_s': 1.1617018974487778}
{'step': 2200, 'loss': 0.1018815840780735, 'lr': 9.972366116028733e-05, 'gn': 0.7625401020050049, 'it_s': 1.1620233811710319}
{'step': 2300, 'loss': 0.09790284253656864, 'lr': 9.967574336052022e-05, 'gn': 1.0813086032867432, 'it_s': 1.1624645603228136}
{'step': 2400, 'loss': 0.09480074897408486, 'lr': 9.962401129798343e-05, 'gn': 1.0362273454666138, 'it_s': 1.1627547860480596}
{'step': 2500, 'loss': 0.0917129972949624, 'lr': 9.956846938938423e-05, 'gn': 0.9858466982841492, 'it_s': 1.1632125901690489}
{'step': 2600, 'loss': 0.08774934791028499, 'lr': 9.950912237670157e-05, 'gn': 0.9676293134689331, 'it_s': 1.1633354225486814}
{'step': 2700, 'loss': 0.08908457878977061, 'lr': 9.94459753267812e-05, 'gn': 1.0384023189544678, 'it_s': 1.163838991207248}
{'step': 2800, 'loss': 0.08959698047488927, 'lr': 9.937903363090311e-05, 'gn': 0.784576952457428, 'it_s': 1.164138836094283}
{'step': 2900, 'loss': 0.0826737617328763, 'lr': 9.930830300432126e-05, 'gn': 0.7564865350723267, 'it_s': 1.164625567279053}
{'step': 3000, 'loss': 0.08578093308955431, 'lr': 9.923378948577559e-05, 'gn': 0.6231168508529663, 'it_s': 1.1648612745968716}
  val 0.0815
{'step': 3100, 'loss': 0.0847680502012372, 'lr': 9.915549943697644e-05, 'gn': 0.9568679332733154, 'it_s': 1.1634175982575785}
{'step': 3200, 'loss': 0.0817176516726613, 'lr': 9.907343954206147e-05, 'gn': 0.7636151909828186, 'it_s': 1.1634063533173946}
{'step': 3300, 'loss': 0.07942448407411576, 'lr': 9.898761680702496e-05, 'gn': 0.7952886819839478, 'it_s': 1.1636979278001343}
{'step': 3400, 'loss': 0.07885562278330326, 'lr': 9.889803855911966e-05, 'gn': 0.6692383289337158, 'it_s': 1.1641263071053496}
{'step': 3500, 'loss': 0.07740688320249318, 'lr': 9.880471244623119e-05, 'gn': 0.5221453905105591, 'it_s': 1.164455578892537}
{'step': 3600, 'loss': 0.07439299389719962, 'lr': 9.870764643622512e-05, 'gn': 0.605478823184967, 'it_s': 1.164494699614908}
{'step': 3700, 'loss': 0.0765369588509202, 'lr': 9.860684881626674e-05, 'gn': 0.7816084623336792, 'it_s': 1.1645626665706834}
{'step': 3800, 'loss': 0.07638575799763203, 'lr': 9.850232819211343e-05, 'gn': 0.6990256309509277, 'it_s': 1.1647020812727575}
{'step': 3900, 'loss': 0.0717484000325203, 'lr': 9.839409348738002e-05, 'gn': 0.6897276043891907, 'it_s': 1.1649600077292583}
{'step': 4000, 'loss': 0.07552896827459335, 'lr': 9.828215394277687e-05, 'gn': 0.6806598901748657, 'it_s': 1.164840263620214}
  val 0.0573
{'step': 4100, 'loss': 0.07074406273663043, 'lr': 9.816651911532093e-05, 'gn': 0.6159030795097351, 'it_s': 1.1639047711356154}
{'step': 4200, 'loss': 0.06994152717292308, 'lr': 9.804719887751984e-05, 'gn': 0.5055404305458069, 'it_s': 1.1641924261815666}
{'step': 4300, 'loss': 0.07086642976850271, 'lr': 9.792420341652902e-05, 'gn': 0.7045526504516602, 'it_s': 1.1642859008829478}
{'step': 4400, 'loss': 0.06830929208546876, 'lr': 9.779754323328192e-05, 'gn': 0.8608258366584778, 'it_s': 1.1645246839045782}
{'step': 4500, 'loss': 0.07090248249471187, 'lr': 9.766722914159347e-05, 'gn': 0.8971735239028931, 'it_s': 1.1646077775485681}
{'step': 4600, 'loss': 0.06831435974687337, 'lr': 9.753327226723689e-05, 'gn': 0.5891847014427185, 'it_s': 1.1649342740864326}
{'step': 4700, 'loss': 0.06616059359163046, 'lr': 9.739568404699373e-05, 'gn': 0.7197288870811462, 'it_s': 1.1650404623491197}
{'step': 4800, 'loss': 0.0662080030888319, 'lr': 9.725447622767756e-05, 'gn': 0.7322627902030945, 'it_s': 1.1651565230027867}
{'step': 4900, 'loss': 0.06599533319473266, 'lr': 9.710966086513087e-05, 'gn': 0.7059611678123474, 'it_s': 1.165208251490937}
{'step': 5000, 'loss': 0.06364427953958511, 'lr': 9.6961250323196e-05, 'gn': 0.7280919551849365, 'it_s': 1.165474196908025}
  val 0.0434
{'step': 5100, 'loss': 0.06590811625123023, 'lr': 9.680925727265946e-05, 'gn': 0.7793373465538025, 'it_s': 1.1646675061634966}
{'step': 5200, 'loss': 0.06457287207245826, 'lr': 9.665369469017004e-05, 'gn': 0.7467678785324097, 'it_s': 1.164790648068278}
{'step': 5300, 'loss': 0.06576968938112258, 'lr': 9.649457585713109e-05, 'gn': 0.9511516094207764, 'it_s': 1.1650240365901}
{'step': 5400, 'loss': 0.06268431831151247, 'lr': 9.633191435856655e-05, 'gn': 0.6720753312110901, 'it_s': 1.1650087285734592}
{'step': 5500, 'loss': 0.06488702699542045, 'lr': 9.616572408196095e-05, 'gn': 0.7325019240379333, 'it_s': 1.164998523793755}
{'step': 5600, 'loss': 0.061598306000232694, 'lr': 9.599601921607398e-05, 'gn': 0.8192486763000488, 'it_s': 1.1652215457158488}
{'step': 5700, 'loss': 0.06309798665344715, 'lr': 9.582281424972894e-05, 'gn': 0.6472581028938293, 'it_s': 1.1652490832151658}
{'step': 5800, 'loss': 0.06199632152915001, 'lr': 9.56461239705758e-05, 'gn': 0.6094785332679749, 'it_s': 1.1651822773096645}
{'step': 5900, 'loss': 0.06043456640094519, 'lr': 9.546596346382866e-05, 'gn': 0.9099456071853638, 'it_s': 1.165077535024636}
{'step': 6000, 'loss': 0.0589546162635088, 'lr': 9.528234811097782e-05, 'gn': 0.7062057256698608, 'it_s': 1.16507973572999}
  val 0.0391
{'step': 6100, 'loss': 0.060335820838809014, 'lr': 9.509529358847655e-05, 'gn': 0.6972600817680359, 'it_s': 1.164243958352448}
{'step': 6200, 'loss': 0.060368733555078505, 'lr': 9.49048158664028e-05, 'gn': 0.6234468817710876, 'it_s': 1.1641642898052398}
{'step': 6300, 'loss': 0.059481350593268874, 'lr': 9.471093120709552e-05, 'gn': 0.7317711114883423, 'it_s': 1.1641137419214127}
{'step': 6400, 'loss': 0.0611249415203929, 'lr': 9.451365616376641e-05, 'gn': 1.0372697114944458, 'it_s': 1.1642031770675345}
{'step': 6500, 'loss': 0.060096259713172916, 'lr': 9.431300757908664e-05, 'gn': 0.5634569525718689, 'it_s': 1.1642487928567187}
{'step': 6600, 'loss': 0.056263906843960286, 'lr': 9.410900258374877e-05, 'gn': 0.7166981101036072, 'it_s': 1.1641878360488171}
{'step': 6700, 'loss': 0.05946567256003618, 'lr': 9.390165859500436e-05, 'gn': 0.7534749507904053, 'it_s': 1.1642685247489235}
{'step': 6800, 'loss': 0.05896766781806946, 'lr': 9.369099331517677e-05, 'gn': 0.6742041110992432, 'it_s': 1.1643619029090542}
{'step': 6900, 'loss': 0.059179352559149266, 'lr': 9.347702473014991e-05, 'gn': 0.865253210067749, 'it_s': 1.1646741350249474}
{'step': 7000, 'loss': 0.059732257425785064, 'lr': 9.325977110783264e-05, 'gn': 0.8568612337112427, 'it_s': 1.1650190771736573}
  val 0.0372
{'step': 7100, 'loss': 0.059550052732229235, 'lr': 9.303925099659912e-05, 'gn': 0.7804922461509705, 'it_s': 1.164649456812927}
{'step': 7200, 'loss': 0.05870658878237009, 'lr': 9.281548322370518e-05, 'gn': 0.7334021925926208, 'it_s': 1.1648063488710738}
{'step': 7300, 'loss': 0.057860029451549055, 'lr': 9.258848689368095e-05, 'gn': 0.6132537126541138, 'it_s': 1.1651781187329682}
{'step': 7400, 'loss': 0.057654882594943044, 'lr': 9.235828138669977e-05, 'gn': 0.5781108736991882, 'it_s': 1.165448546762162}
{'step': 7500, 'loss': 0.058092113435268405, 'lr': 9.212488635692361e-05, 'gn': 0.7374211549758911, 'it_s': 1.1657572664985723}
{'step': 7600, 'loss': 0.057464271374046805, 'lr': 9.188832173082496e-05, 'gn': 0.6683884263038635, 'it_s': 1.1659525337448506}
{'step': 7700, 'loss': 0.05840205390006304, 'lr': 9.164860770548568e-05, 'gn': 0.6379266381263733, 'it_s': 1.1659908478963883}
{'step': 7800, 'loss': 0.05844107091426849, 'lr': 9.140576474687264e-05, 'gn': 0.5725019574165344, 'it_s': 1.166096738329876}
{'step': 7900, 'loss': 0.05591169584542513, 'lr': 9.115981358809032e-05, 'gn': 0.774967610836029, 'it_s': 1.166067798457427}
{'step': 8000, 'loss': 0.057607855908572675, 'lr': 9.091077522761078e-05, 'gn': 0.7535223364830017, 'it_s': 1.1662329998226997}
  val 0.0377
{'step': 8100, 'loss': 0.05892853386700153, 'lr': 9.065867092748082e-05, 'gn': 0.7088149785995483, 'it_s': 1.1655567759619891}
{'step': 8200, 'loss': 0.05812403127551079, 'lr': 9.040352221150677e-05, 'gn': 0.8311092853546143, 'it_s': 1.1655912986277726}
{'step': 8300, 'loss': 0.05991506092250347, 'lr': 9.01453508634167e-05, 'gn': 0.6508192420005798, 'it_s': 1.165659570635122}
{'step': 8400, 'loss': 0.05727711245417595, 'lr': 8.988417892500084e-05, 'gn': 0.6196949481964111, 'it_s': 1.165838730700265}
{'step': 8500, 'loss': 0.05923190608620644, 'lr': 8.962002869422955e-05, 'gn': 1.0253825187683105, 'it_s': 1.1658104358034038}
{'step': 8600, 'loss': 0.05977334327995777, 'lr': 8.935292272334964e-05, 'gn': 0.5596840381622314, 'it_s': 1.165787081590936}
{'step': 8700, 'loss': 0.05828905526548624, 'lr': 8.908288381695893e-05, 'gn': 0.843504011631012, 'it_s': 1.1658423697268705}
{'step': 8800, 'loss': 0.05959288571029901, 'lr': 8.880993503005932e-05, 'gn': 0.7752739787101746, 'it_s': 1.16603157629009}
{'step': 8900, 'loss': 0.06093721047043801, 'lr': 8.853409966608832e-05, 'gn': 0.7653505206108093, 'it_s': 1.1660042518049696}
{'step': 9000, 'loss': 0.059761951491236684, 'lr': 8.825540127492967e-05, 'gn': 0.7038852572441101, 'it_s': 1.1661359276839895}
  val 0.0382
{'step': 9100, 'loss': 0.05810007266700268, 'lr': 8.797386365090252e-05, 'gn': 0.847560465335846, 'it_s': 1.165702960494883}
{'step': 9200, 'loss': 0.05808953400701285, 'lr': 8.76895108307301e-05, 'gn': 0.8172295689582825, 'it_s': 1.1656576515323644}
{'step': 9300, 'loss': 0.06128685303032398, 'lr': 8.740236709148746e-05, 'gn': 0.8804874420166016, 'it_s': 1.1656175195053187}
{'step': 9400, 'loss': 0.06122942678630352, 'lr': 8.711245694852886e-05, 'gn': 0.9030607342720032, 'it_s': 1.16562724804991}
{'step': 9500, 'loss': 0.061588507182896136, 'lr': 8.681980515339464e-05, 'gn': 0.8833357095718384, 'it_s': 1.1655684915003655}
{'step': 9600, 'loss': 0.06245949372649193, 'lr': 8.652443669169809e-05, 'gn': 0.7900832891464233, 'it_s': 1.1655783808767055}
{'step': 9700, 'loss': 0.06187718529254198, 'lr': 8.622637678099224e-05, 'gn': 0.7533276677131653, 'it_s': 1.165561214366101}
{'step': 9800, 'loss': 0.06288984078913927, 'lr': 8.592565086861683e-05, 'gn': 0.684762179851532, 'it_s': 1.1656412772269584}
{'step': 9900, 'loss': 0.06319817595183849, 'lr': 8.562228462952577e-05, 'gn': 1.35635507106781, 'it_s': 1.1655865352545516}
{'step': 10000, 'loss': 0.06830124236643315, 'lr': 8.531630396409509e-05, 'gn': 0.7982261180877686, 'it_s': 1.165563755510701}
  val 0.0387
{'step': 10100, 'loss': 0.07147868771106004, 'lr': 8.500773499591157e-05, 'gn': 1.0290095806121826, 'it_s': 1.1645877721862725}
{'step': 10200, 'loss': 0.0675573680922389, 'lr': 8.469660406954253e-05, 'gn': 1.2408080101013184, 'it_s': 1.1624174864758265}
{'step': 10300, 'loss': 0.06657288592308759, 'lr': 8.43829377482865e-05, 'gn': 1.01846182346344, 'it_s': 1.1596722195968245}
{'step': 10400, 'loss': 0.06954021193087101, 'lr': 8.406676281190543e-05, 'gn': 0.9391855001449585, 'it_s': 1.1570190834139678}
{'step': 10500, 'loss': 0.06802729092538357, 'lr': 8.374810625433825e-05, 'gn': 1.1638097763061523, 'it_s': 1.1541857630346346}
{'step': 10600, 'loss': 0.06707990281283856, 'lr': 8.342699528139629e-05, 'gn': 0.8555302023887634, 'it_s': 1.1506634636612856}
{'step': 10700, 'loss': 0.062287964150309565, 'lr': 8.310345730844047e-05, 'gn': 1.231249451637268, 'it_s': 1.147725258462435}
{'step': 10800, 'loss': 0.0678467868641019, 'lr': 8.277751995804069e-05, 'gn': 0.9793765544891357, 'it_s': 1.1455678728593897}
{'step': 10900, 'loss': 0.06749753512442112, 'lr': 8.244921105761756e-05, 'gn': 1.596846580505371, 'it_s': 1.1428554629993326}
{'step': 11000, 'loss': 0.06888875707983971, 'lr': 8.211855863706655e-05, 'gn': 0.8457790017127991, 'it_s': 1.1398430865393954}
  val 0.0399
{'step': 11100, 'loss': 0.0658326880261302, 'lr': 8.178559092636485e-05, 'gn': 0.8744034767150879, 'it_s': 1.136421483354399}
{'step': 11200, 'loss': 0.06408151213079691, 'lr': 8.14503363531613e-05, 'gn': 1.1189888715744019, 'it_s': 1.1339586461631646}
{'step': 11300, 'loss': 0.06425244752317667, 'lr': 8.111282354034922e-05, 'gn': 0.8452695608139038, 'it_s': 1.1312288310566372}
{'step': 11400, 'loss': 0.060215708799660206, 'lr': 8.077308130362274e-05, 'gn': 0.8920360803604126, 'it_s': 1.1286863968953298}
{'step': 11500, 'loss': 0.06118887886404991, 'lr': 8.043113864901664e-05, 'gn': 0.951181173324585, 'it_s': 1.1267197233757758}
{'step': 11600, 'loss': 0.05971378345042467, 'lr': 8.008702477042986e-05, 'gn': 0.9945127964019775, 'it_s': 1.124651205032048}
{'step': 11700, 'loss': 0.06403606429696083, 'lr': 7.974076904713303e-05, 'gn': 1.106764554977417, 'it_s': 1.12262934197681}
{'step': 11800, 'loss': 0.0638905917108059, 'lr': 7.939240104126023e-05, 'gn': 1.0140628814697266, 'it_s': 1.1208025018999346}
{'step': 11900, 'loss': 0.06170487381517887, 'lr': 7.904195049528498e-05, 'gn': 0.9979042410850525, 'it_s': 1.1187616273902803}
{'step': 12000, 'loss': 0.06619043905287982, 'lr': 7.868944732948101e-05, 'gn': 1.0203813314437866, 'it_s': 1.1168967609018365}
  val 0.0396
{'step': 12100, 'loss': 0.06404974665492773, 'lr': 7.833492163936774e-05, 'gn': 1.0131887197494507, 'it_s': 1.1151523847180622}
{'step': 12200, 'loss': 0.07241894043982029, 'lr': 7.797840369314081e-05, 'gn': 0.9113292694091797, 'it_s': 1.1158784033825433}
{'step': 12300, 'loss': 0.06282176990061998, 'lr': 7.761992392908792e-05, 'gn': 1.0177171230316162, 'it_s': 1.1162575333331717}
{'step': 12400, 'loss': 0.06371260400861502, 'lr': 7.725951295299006e-05, 'gn': 1.0794034004211426, 'it_s': 1.1156273906315624}
{'step': 12500, 'loss': 0.06457162957638501, 'lr': 7.689720153550853e-05, 'gn': 0.8721081614494324, 'it_s': 1.114932528079968}
{'step': 12600, 'loss': 0.05877499639987946, 'lr': 7.653302060955789e-05, 'gn': 0.9784471392631531, 'it_s': 1.1145492912422736}
{'step': 12700, 'loss': 0.06030690867453813, 'lr': 7.616700126766493e-05, 'gn': 0.7884050607681274, 'it_s': 1.114251325513667}
{'step': 12800, 'loss': 0.059653040468692776, 'lr': 7.57991747593141e-05, 'gn': 0.8943474292755127, 'it_s': 1.1141675064525183}
{'step': 12900, 'loss': 0.06409165378659963, 'lr': 7.542957248827961e-05, 'gn': 0.7106407284736633, 'it_s': 1.1137248948437033}
{'step': 13000, 'loss': 0.061428019925951954, 'lr': 7.505822600994424e-05, 'gn': 1.318532109260559, 'it_s': 1.1135742460126903}
  val 0.0418
{'step': 13100, 'loss': 0.06299910087138415, 'lr': 7.468516702860519e-05, 'gn': 1.0114436149597168, 'it_s': 1.1131559834521252}
{'step': 13200, 'loss': 0.06403347782790661, 'lr': 7.431042739476742e-05, 'gn': 0.9005969166755676, 'it_s': 1.1130728277417283}
{'step': 13300, 'loss': 0.06606921695172786, 'lr': 7.39340391024242e-05, 'gn': 1.0054380893707275, 'it_s': 1.1129858418893672}
{'step': 13400, 'loss': 0.06165886517614126, 'lr': 7.355603428632566e-05, 'gn': 1.341243028640747, 'it_s': 1.112932139210357}
{'step': 13500, 'loss': 0.06260015428066254, 'lr': 7.317644521923528e-05, 'gn': 1.1721643209457397, 'it_s': 1.11285000801177}
{'step': 13600, 'loss': 0.06477702960371971, 'lr': 7.279530430917441e-05, 'gn': 1.5502022504806519, 'it_s': 1.1126439220726185}
{'step': 13700, 'loss': 0.06244150184094906, 'lr': 7.241264409665554e-05, 'gn': 0.8773718476295471, 'it_s': 1.1125272026810318}
{'step': 13800, 'loss': 0.05936277687549591, 'lr': 7.202849725190397e-05, 'gn': 1.2913721799850464, 'it_s': 1.1123827887123596}
{'step': 13900, 'loss': 0.06005949195474386, 'lr': 7.164289657206861e-05, 'gn': 0.9963010549545288, 'it_s': 1.1121110484659897}
{'step': 14000, 'loss': 0.06264956619590521, 'lr': 7.125587497842189e-05, 'gn': 0.858883798122406, 'it_s': 1.112031155268782}
  val 0.0434
{'step': 14100, 'loss': 0.06308955527842044, 'lr': 7.086746551354897e-05, 'gn': 1.1904653310775757, 'it_s': 1.1116361117896087}
{'step': 14200, 'loss': 0.06084517542272806, 'lr': 7.047770133852677e-05, 'gn': 0.8257872462272644, 'it_s': 1.11146875413976}
{'step': 14300, 'loss': 0.06329768918454647, 'lr': 7.008661573009273e-05, 'gn': 1.1534415483474731, 'it_s': 1.1113783324061879}
{'step': 14400, 'loss': 0.06551107607781886, 'lr': 6.969424207780375e-05, 'gn': 0.9904880523681641, 'it_s': 1.1112628896037497}
{'step': 14500, 'loss': 0.06345792878419161, 'lr': 6.930061388118558e-05, 'gn': 1.141742467880249, 'it_s': 1.1112280363593476}
{'step': 14600, 'loss': 0.0659946309030056, 'lr': 6.890576474687264e-05, 'gn': 1.2740169763565063, 'it_s': 1.1110758887969503}
{'step': 14700, 'loss': 0.06818987775593996, 'lr': 6.850972838573888e-05, 'gn': 1.2205806970596313, 'it_s': 1.1110349556273735}
{'step': 14800, 'loss': 0.07238074526190758, 'lr': 6.811253861001962e-05, 'gn': 1.4313035011291504, 'it_s': 1.110986642496891}
{'step': 14900, 'loss': 0.07020911287516356, 'lr': 6.771422933042479e-05, 'gn': 1.054465413093567, 'it_s': 1.1106682924252946}
{'step': 15000, 'loss': 0.0688667244464159, 'lr': 6.731483455324374e-05, 'gn': 1.2027969360351562, 'it_s': 1.1105652824242247}
  val 0.0443
{'step': 15100, 'loss': 0.0738727543503046, 'lr': 6.691438837744192e-05, 'gn': 1.5887712240219116, 'it_s': 1.1101673073782585}
{'step': 15200, 'loss': 0.07121927615255118, 'lr': 6.651292499174961e-05, 'gn': 0.826499879360199, 'it_s': 1.110039309980959}
{'step': 15300, 'loss': 0.06665153715759516, 'lr': 6.611047867174299e-05, 'gn': 1.1999202966690063, 'it_s': 1.1100038938415784}
{'step': 15400, 'loss': 0.07428628392517567, 'lr': 6.570708377691784e-05, 'gn': 0.9836403727531433, 'it_s': 1.1099210179494619}
{'step': 15500, 'loss': 0.06591362871229649, 'lr': 6.530277474775604e-05, 'gn': 1.4162168502807617, 'it_s': 1.1098108379944596}
{'step': 15600, 'loss': 0.06660070974379778, 'lr': 6.48975861027851e-05, 'gn': 1.0284538269042969, 'it_s': 1.1095978331956966}
{'step': 15700, 'loss': 0.06835953708738089, 'lr': 6.449155243563115e-05, 'gn': 1.659678339958191, 'it_s': 1.1095329757822776}
{'step': 15800, 'loss': 0.06801736451685429, 'lr': 6.408470841206546e-05, 'gn': 1.031306266784668, 'it_s': 1.1094246319024144}
{'step': 15900, 'loss': 0.0660200945660472, 'lr': 6.367708876704477e-05, 'gn': 1.3434299230575562, 'it_s': 1.1093333110634158}
{'step': 16000, 'loss': 0.0658670861646533, 'lr': 6.326872830174567e-05, 'gn': 1.1228758096694946, 'it_s': 1.1092630230375313}
  val 0.0483
{'step': 16100, 'loss': 0.0668303632736206, 'lr': 6.285966188059356e-05, 'gn': 1.0634126663208008, 'it_s': 1.1089832073859325}
{'step': 16200, 'loss': 0.06627483334392309, 'lr': 6.244992442828586e-05, 'gn': 1.2280683517456055, 'it_s': 1.1088678964006047}
{'step': 16300, 'loss': 0.06553083430975676, 'lr': 6.20395509268104e-05, 'gn': 1.1898144483566284, 'it_s': 1.1087863035190504}
{'step': 16400, 'loss': 0.06617285519838333, 'lr': 6.16285764124587e-05, 'gn': 1.2802791595458984, 'it_s': 1.1087272960445702}
{'step': 16500, 'loss': 0.0701299936696887, 'lr': 6.12170359728347e-05, 'gn': 1.7768096923828125, 'it_s': 1.1086412138457455}
{'step': 16600, 'loss': 0.06928628981113434, 'lr': 6.080496474385916e-05, 'gn': 1.264182448387146, 'it_s': 1.1084815893893982}
{'step': 16700, 'loss': 0.07221856344491244, 'lr': 6.039239790676975e-05, 'gn': 2.2048938274383545, 'it_s': 1.1083456034272023}
{'step': 16800, 'loss': 0.06688787829130888, 'lr': 5.997937068511754e-05, 'gn': 1.47466242313385, 'it_s': 1.107857974442434}
{'step': 16900, 'loss': 0.0669540336355567, 'lr': 5.956591834175964e-05, 'gn': 1.0838247537612915, 'it_s': 1.10782391313016}
{'step': 17000, 'loss': 0.06439529899507761, 'lr': 5.9152076175848594e-05, 'gn': 1.2795549631118774, 'it_s': 1.107783954465326}
  val 0.0419
{'step': 17100, 'loss': 0.08061463091522456, 'lr': 5.873787951981868e-05, 'gn': 1.5663357973098755, 'it_s': 1.1075234474334388}
{'step': 17200, 'loss': 0.06764306463301181, 'lr': 5.8323363736369336e-05, 'gn': 1.6054191589355469, 'it_s': 1.107528991034336}
{'step': 17300, 'loss': 0.06678904756903649, 'lr': 5.790856421544599e-05, 'gn': 1.3886979818344116, 'it_s': 1.1074927565696457}
{'step': 17400, 'loss': 0.06908785860985517, 'lr': 5.749351637121865e-05, 'gn': 1.538537621498108, 'it_s': 1.1074564753235223}
{'step': 17500, 'loss': 0.07238975215703249, 'lr': 5.707825563905829e-05, 'gn': 1.922251582145691, 'it_s': 1.107340136207471}
{'step': 17600, 'loss': 0.0748283002525568, 'lr': 5.666281747251153e-05, 'gn': 1.2931538820266724, 'it_s': 1.1069886932890949}
{'step': 17700, 'loss': 0.07639797661453486, 'lr': 5.624723734027374e-05, 'gn': 1.9321321249008179, 'it_s': 1.106130749956485}
{'step': 17800, 'loss': 0.07686020564287901, 'lr': 5.583155072316084e-05, 'gn': 1.86309814453125, 'it_s': 1.1047993491603263}
{'step': 17900, 'loss': 0.07449267074465751, 'lr': 5.54157931110801e-05, 'gn': 1.2767164707183838, 'it_s': 1.104301614519902}
{'step': 18000, 'loss': 0.07252564139664174, 'lr': 5.5e-05, 'gn': 1.6493761539459229, 'it_s': 1.1039817513197496}
  val 0.0457
{'step': 18100, 'loss': 0.07511673256754875, 'lr': 5.458420688891992e-05, 'gn': 2.1581737995147705, 'it_s': 1.103629241279859}
{'step': 18200, 'loss': 0.0719088201597333, 'lr': 5.416844927683916e-05, 'gn': 1.8284622430801392, 'it_s': 1.103618105539684}
{'step': 18300, 'loss': 0.08113628070801497, 'lr': 5.375276265972627e-05, 'gn': 2.4089062213897705, 'it_s': 1.103534540290354}
{'step': 18400, 'loss': 0.07929264288395643, 'lr': 5.3337182527488486e-05, 'gn': 1.4084469079971313, 'it_s': 1.103428921669153}
{'step': 18500, 'loss': 0.07994184751063585, 'lr': 5.292174436094173e-05, 'gn': 2.7687745094299316, 'it_s': 1.1033062137838152}
{'step': 18600, 'loss': 0.07868547484278679, 'lr': 5.250648362878135e-05, 'gn': 2.498906373977661, 'it_s': 1.1032779533033594}
{'step': 18700, 'loss': 0.0759342398494482, 'lr': 5.209143578455401e-05, 'gn': 1.8224992752075195, 'it_s': 1.1032549239868934}
{'step': 18800, 'loss': 0.07505967047065497, 'lr': 5.1676636263630674e-05, 'gn': 2.710280179977417, 'it_s': 1.103204789542923}
{'step': 18900, 'loss': 0.07039644256234169, 'lr': 5.126212048018133e-05, 'gn': 2.4231069087982178, 'it_s': 1.103179983238883}
{'step': 19000, 'loss': 0.0727065784484148, 'lr': 5.084792382415142e-05, 'gn': 1.6721774339675903, 'it_s': 1.1030198357513332}
  val 0.0498
{'step': 19100, 'loss': 0.07052076127380133, 'lr': 5.0434081658240376e-05, 'gn': 2.982081651687622, 'it_s': 1.102656961062086}
{'step': 19200, 'loss': 0.06954830054193735, 'lr': 5.002062931488247e-05, 'gn': 1.685058355331421, 'it_s': 1.1025855824993485}
{'step': 19300, 'loss': 0.07251834496855736, 'lr': 4.960760209323027e-05, 'gn': 3.0454201698303223, 'it_s': 1.1024457037079387}
{'step': 19400, 'loss': 0.06687761280685663, 'lr': 4.919503525614086e-05, 'gn': 1.472227931022644, 'it_s': 1.1020413604203265}
{'step': 19500, 'loss': 0.0681201421096921, 'lr': 4.8782964027165314e-05, 'gn': 1.3416181802749634, 'it_s': 1.1017229231724148}
{'step': 19600, 'loss': 0.06365530766546726, 'lr': 4.8371423587541306e-05, 'gn': 1.3582810163497925, 'it_s': 1.1015320490686689}
{'step': 19700, 'loss': 0.06548397995531559, 'lr': 4.7960449073189606e-05, 'gn': 1.4660181999206543, 'it_s': 1.10135518347996}
{'step': 19800, 'loss': 0.06088076710700989, 'lr': 4.7550075571714146e-05, 'gn': 1.3047454357147217, 'it_s': 1.1010135484281138}
{'step': 19900, 'loss': 0.06665792435407639, 'lr': 4.714033811940645e-05, 'gn': 1.7519874572753906, 'it_s': 1.1008423790545072}
{'step': 20000, 'loss': 0.06386494051665068, 'lr': 4.673127169825433e-05, 'gn': 2.5457773208618164, 'it_s': 1.1007904668205433}
  val 0.0489
{'step': 20100, 'loss': 0.0666676064580679, 'lr': 4.632291123295524e-05, 'gn': 1.8559679985046387, 'it_s': 1.1003791934221017}
{'step': 20200, 'loss': 0.06590341094881297, 'lr': 4.5915291587934547e-05, 'gn': 1.680191159248352, 'it_s': 1.1003336290810612}
{'step': 20300, 'loss': 0.061969849951565265, 'lr': 4.5508447564368866e-05, 'gn': 2.0132901668548584, 'it_s': 1.1002690040147285}
{'step': 20400, 'loss': 0.06763848338276147, 'lr': 4.5102413897214926e-05, 'gn': 2.3627588748931885, 'it_s': 1.1001950394831808}
{'step': 20500, 'loss': 0.06623690363019705, 'lr': 4.469722525224398e-05, 'gn': 1.8203903436660767, 'it_s': 1.1000412832711024}
{'step': 20600, 'loss': 0.06579234633594751, 'lr': 4.429291622308217e-05, 'gn': 1.9453150033950806, 'it_s': 1.0998472795202658}
{'step': 20700, 'loss': 0.06446421284228564, 'lr': 4.3889521328257005e-05, 'gn': 2.082881450653076, 'it_s': 1.099732277956943}
{'step': 20800, 'loss': 0.0666728563979268, 'lr': 4.3487075008250396e-05, 'gn': 2.5088491439819336, 'it_s': 1.0996556439080734}
{'step': 20900, 'loss': 0.06753642309457064, 'lr': 4.3085611622558086e-05, 'gn': 2.485330581665039, 'it_s': 1.0995883723674365}
{'step': 21000, 'loss': 0.06595405735075474, 'lr': 4.268516544675627e-05, 'gn': 1.8477526903152466, 'it_s': 1.0987116972129989}
  val 0.0503
{'step': 21100, 'loss': 0.06621512625366449, 'lr': 4.228577066957522e-05, 'gn': 1.456444501876831, 'it_s': 1.0984502081931022}
{'step': 21200, 'loss': 0.06495413277298212, 'lr': 4.1887461389980395e-05, 'gn': 1.6436926126480103, 'it_s': 1.0984470387950436}
{'step': 21300, 'loss': 0.0643683236464858, 'lr': 4.149027161426113e-05, 'gn': 1.786687970161438, 'it_s': 1.0984742254112367}
{'step': 21400, 'loss': 0.06415250416845084, 'lr': 4.109423525312737e-05, 'gn': 1.9404101371765137, 'it_s': 1.0984020669735477}
{'step': 21500, 'loss': 0.06335148077458143, 'lr': 4.069938611881443e-05, 'gn': 1.6958087682724, 'it_s': 1.0981529406494732}
{'step': 21600, 'loss': 0.0629849997907877, 'lr': 4.030575792219626e-05, 'gn': 1.4736769199371338, 'it_s': 1.0981353688039541}
{'step': 21700, 'loss': 0.06693055137991905, 'lr': 3.991338426990729e-05, 'gn': 1.7111914157867432, 'it_s': 1.0979355775933148}
{'step': 21800, 'loss': 0.0672035912424326, 'lr': 3.952229866147324e-05, 'gn': 1.3561290502548218, 'it_s': 1.097909886382964}
{'step': 21900, 'loss': 0.06452878333628177, 'lr': 3.913253448645103e-05, 'gn': 1.781870722770691, 'it_s': 1.0979088539864534}
{'step': 22000, 'loss': 0.0651768508553505, 'lr': 3.874412502157812e-05, 'gn': 1.4877021312713623, 'it_s': 1.097922671587081}
  val 0.0443
{'step': 22100, 'loss': 0.06288022514432669, 'lr': 3.835710342793139e-05, 'gn': 2.3587424755096436, 'it_s': 1.0976079852899954}
{'step': 22200, 'loss': 0.06556333843618631, 'lr': 3.797150274809604e-05, 'gn': 1.956882357597351, 'it_s': 1.0975095160870667}
{'step': 22300, 'loss': 0.06086736410856247, 'lr': 3.758735590334447e-05, 'gn': 2.1864819526672363, 'it_s': 1.0974778020810183}
{'step': 22400, 'loss': 0.06356547120958567, 'lr': 3.720469569082559e-05, 'gn': 1.9831345081329346, 'it_s': 1.0973837063052267}
{'step': 22500, 'loss': 0.06291711915284395, 'lr': 3.6823554780764734e-05, 'gn': 3.033557653427124, 'it_s': 1.0971123803901786}
{'step': 22600, 'loss': 0.06447294767946005, 'lr': 3.6443965713674355e-05, 'gn': 1.7703359127044678, 'it_s': 1.0970168543672145}
{'step': 22700, 'loss': 0.06245027121156454, 'lr': 3.606596089757584e-05, 'gn': 1.8653241395950317, 'it_s': 1.096943304868418}
{'step': 22800, 'loss': 0.06555074263364076, 'lr': 3.56895726052326e-05, 'gn': 2.6682441234588623, 'it_s': 1.096778467919925}
{'step': 22900, 'loss': 0.06263998351991176, 'lr': 3.531483297139482e-05, 'gn': 1.9075417518615723, 'it_s': 1.096703668346286}
{'step': 23000, 'loss': 0.05991508167237043, 'lr': 3.4941773990055786e-05, 'gn': 2.6638259887695312, 'it_s': 1.096554022074245}
  val 0.0429
{'step': 23100, 'loss': 0.05841149680316448, 'lr': 3.45704275117204e-05, 'gn': 1.6595337390899658, 'it_s': 1.0962571981458753}
{'step': 23200, 'loss': 0.05834843959659338, 'lr': 3.420082524068592e-05, 'gn': 2.292046546936035, 'it_s': 1.0961765083091461}
{'step': 23300, 'loss': 0.058909020125865935, 'lr': 3.383299873233509e-05, 'gn': 1.8806661367416382, 'it_s': 1.096102279499998}
{'step': 23400, 'loss': 0.05792648397386074, 'lr': 3.346697939044211e-05, 'gn': 2.0095999240875244, 'it_s': 1.0960171910354017}
{'step': 23500, 'loss': 0.058487223759293556, 'lr': 3.3102798464491474e-05, 'gn': 1.9741904735565186, 'it_s': 1.095960857318895}
{'step': 23600, 'loss': 0.05439335614442825, 'lr': 3.274048704700996e-05, 'gn': 1.652530550956726, 'it_s': 1.0959029301952594}
{'step': 23700, 'loss': 0.05780088547617197, 'lr': 3.23800760709121e-05, 'gn': 1.70220148563385, 'it_s': 1.0956343793098793}
{'step': 23800, 'loss': 0.05971882835030556, 'lr': 3.20215963068592e-05, 'gn': 1.9827046394348145, 'it_s': 1.0954582709202245}
{'step': 23900, 'loss': 0.056833543442189695, 'lr': 3.1665078360632256e-05, 'gn': 2.2248623371124268, 'it_s': 1.0953668597766322}
{'step': 24000, 'loss': 0.05764633804559707, 'lr': 3.1310552670518986e-05, 'gn': 2.2122442722320557, 'it_s': 1.0952914467947008}
  val 0.0434
{'step': 24100, 'loss': 0.05743509780615568, 'lr': 3.095804950471502e-05, 'gn': 1.63175368309021, 'it_s': 1.0948629473546907}
{'step': 24200, 'loss': 0.056458463333547114, 'lr': 3.060759895873978e-05, 'gn': 1.8667229413986206, 'it_s': 1.0948501748165915}
{'step': 24300, 'loss': 0.0564990596473217, 'lr': 3.0259230952866975e-05, 'gn': 1.867785096168518, 'it_s': 1.0949011952943692}
{'step': 24400, 'loss': 0.05628734100610018, 'lr': 2.9912975229570155e-05, 'gn': 1.7844014167785645, 'it_s': 1.0947868354166925}
{'step': 24500, 'loss': 0.05546241566538811, 'lr': 2.956886135098337e-05, 'gn': 2.1348869800567627, 'it_s': 1.0948148574034169}
{'step': 24600, 'loss': 0.05542410880327225, 'lr': 2.9226918696377267e-05, 'gn': 2.184875726699829, 'it_s': 1.0948131896333861}
{'step': 24700, 'loss': 0.05374279145151377, 'lr': 2.8887176459650795e-05, 'gn': 2.9549736976623535, 'it_s': 1.0948517152452786}
{'step': 24800, 'loss': 0.05724586836993694, 'lr': 2.8549663646838717e-05, 'gn': 2.0412402153015137, 'it_s': 1.0948606105230667}
{'step': 24900, 'loss': 0.055231677256524565, 'lr': 2.821440907363516e-05, 'gn': 2.519346237182617, 'it_s': 1.0949026091043639}
{'step': 25000, 'loss': 0.05364301566034555, 'lr': 2.788144136293347e-05, 'gn': 1.7842031717300415, 'it_s': 1.0949429517789606}
  val 0.0413
{'step': 25100, 'loss': 0.05328908406198025, 'lr': 2.755078894238245e-05, 'gn': 1.735355019569397, 'it_s': 1.0947286950166168}
{'step': 25200, 'loss': 0.05191319905221462, 'lr': 2.7222480041959326e-05, 'gn': 2.49717116355896, 'it_s': 1.0946618174426148}
{'step': 25300, 'loss': 0.054060567803680896, 'lr': 2.6896542691559552e-05, 'gn': 2.009345769882202, 'it_s': 1.0946905345414617}
{'step': 25400, 'loss': 0.054152864664793014, 'lr': 2.6573004718603713e-05, 'gn': 1.6792362928390503, 'it_s': 1.094528433550254}
{'step': 25500, 'loss': 0.05329127587378025, 'lr': 2.625189374566175e-05, 'gn': 1.8972597122192383, 'it_s': 1.094301615510277}
{'step': 25600, 'loss': 0.05199481349438429, 'lr': 2.593323718809458e-05, 'gn': 1.8411438465118408, 'it_s': 1.093885442183018}
{'step': 25700, 'loss': 0.057086899727582935, 'lr': 2.5617062251713518e-05, 'gn': 2.0401957035064697, 'it_s': 1.0936781494440493}
{'step': 25800, 'loss': 0.061554984487593174, 'lr': 2.5303395930457492e-05, 'gn': 2.672041177749634, 'it_s': 1.0934434696037916}
{'step': 25900, 'loss': 0.05854689922183752, 'lr': 2.4992265004088454e-05, 'gn': 2.378493547439575, 'it_s': 1.093451988524416}
{'step': 26000, 'loss': 0.05776059217751026, 'lr': 2.4683696035904925e-05, 'gn': 2.279651641845703, 'it_s': 1.0934151636507425}
  val 0.0411
{'step': 26100, 'loss': 0.05681408397853374, 'lr': 2.437771537047423e-05, 'gn': 2.748507022857666, 'it_s': 1.0931257352061285}
{'step': 26200, 'loss': 0.05957384001463652, 'lr': 2.407434913138318e-05, 'gn': 3.2307636737823486, 'it_s': 1.0930877141043638}
{'step': 26300, 'loss': 0.06457690816372633, 'lr': 2.377362321900777e-05, 'gn': 3.0143916606903076, 'it_s': 1.0932213246032956}
{'step': 26400, 'loss': 0.06664047613739968, 'lr': 2.347556330830191e-05, 'gn': 2.4565885066986084, 'it_s': 1.093288395796073}
{'step': 26500, 'loss': 0.06298736061900854, 'lr': 2.3180194846605367e-05, 'gn': 2.590196132659912, 'it_s': 1.0933934267435972}
{'step': 26600, 'loss': 0.06297323547303676, 'lr': 2.288754305147115e-05, 'gn': 3.124375581741333, 'it_s': 1.0935254163314254}
{'step': 26700, 'loss': 0.06481964346021414, 'lr': 2.2597632908512553e-05, 'gn': 2.6293675899505615, 'it_s': 1.0935882523377174}
{'step': 26800, 'loss': 0.06189922660589218, 'lr': 2.231048916926992e-05, 'gn': 2.3749732971191406, 'it_s': 1.0935918022411477}
{'step': 26900, 'loss': 0.0606673938408494, 'lr': 2.2026136349097495e-05, 'gn': 2.5231564044952393, 'it_s': 1.0936225901774101}
{'step': 27000, 'loss': 0.0579021392762661, 'lr': 2.174459872507035e-05, 'gn': 3.3546347618103027, 'it_s': 1.09361957207419}
  val 0.0444
{'step': 27100, 'loss': 0.05614073816686869, 'lr': 2.146590033391168e-05, 'gn': 3.0865559577941895, 'it_s': 1.0934847594544364}
{'step': 27200, 'loss': 0.054708039723336696, 'lr': 2.11900649699407e-05, 'gn': 2.426668405532837, 'it_s': 1.0934860738750076}
{'step': 27300, 'loss': 0.0587932239100337, 'lr': 2.0917116183041076e-05, 'gn': 2.0427215099334717, 'it_s': 1.0935302893232188}
{'step': 27400, 'loss': 0.05527135632932186, 'lr': 2.0647077276650367e-05, 'gn': 1.7472996711730957, 'it_s': 1.0935773100717996}
{'step': 27500, 'loss': 0.05530132330954075, 'lr': 2.037997130577045e-05, 'gn': 2.290515899658203, 'it_s': 1.0936233220837424}
{'step': 27600, 'loss': 0.05390322562307119, 'lr': 2.0115821074999156e-05, 'gn': 2.0232622623443604, 'it_s': 1.0936461505007349}
{'step': 27700, 'loss': 0.05260391257703304, 'lr': 1.9854649136583302e-05, 'gn': 3.174025297164917, 'it_s': 1.0937012384898845}
{'step': 27800, 'loss': 0.055421430207788946, 'lr': 1.959647778849326e-05, 'gn': 3.3868236541748047, 'it_s': 1.0937562315816498}
{'step': 27900, 'loss': 0.05337479095906019, 'lr': 1.934132907251918e-05, 'gn': 2.301151752471924, 'it_s': 1.0937961931418207}
{'step': 28000, 'loss': 0.0538626104220748, 'lr': 1.9089224772389225e-05, 'gn': 2.5565996170043945, 'it_s': 1.093836886066679}
  val 0.0437
{'step': 28100, 'loss': 0.050877530723810196, 'lr': 1.8840186411909684e-05, 'gn': 1.8259761333465576, 'it_s': 1.093729584050191}
{'step': 28200, 'loss': 0.05102229416370392, 'lr': 1.859423525312737e-05, 'gn': 2.7334182262420654, 'it_s': 1.0937748694240197}
{'step': 28300, 'loss': 0.051067137867212294, 'lr': 1.8351392294514325e-05, 'gn': 1.7533063888549805, 'it_s': 1.0938399078134666}
{'step': 28400, 'loss': 0.05127948421984911, 'lr': 1.8111678269175054e-05, 'gn': 2.7359509468078613, 'it_s': 1.0939189375123068}
{'step': 28500, 'loss': 0.04972117062658071, 'lr': 1.7875113643076402e-05, 'gn': 1.805319905281067, 'it_s': 1.0939878405414263}
{'step': 28600, 'loss': 0.05067356966435909, 'lr': 1.764171861330023e-05, 'gn': 2.192340850830078, 'it_s': 1.0940593256373337}
{'step': 28700, 'loss': 0.05011362355202437, 'lr': 1.741151310631906e-05, 'gn': 2.4719717502593994, 'it_s': 1.0941498089023614}
{'step': 28800, 'loss': 0.051010192893445494, 'lr': 1.7184516776294835e-05, 'gn': 2.514221668243408, 'it_s': 1.094243577908168}
{'step': 28900, 'loss': 0.05101458452641964, 'lr': 1.6960749003400894e-05, 'gn': 2.4369301795959473, 'it_s': 1.0943133180298499}
{'step': 29000, 'loss': 0.0500381650403142, 'lr': 1.674022889216737e-05, 'gn': 2.392599582672119, 'it_s': 1.0944154326694724}
  val 0.0417
{'step': 29100, 'loss': 0.052148916497826575, 'lr': 1.6522975269850107e-05, 'gn': 2.9627907276153564, 'it_s': 1.0943538663910342}
{'step': 29200, 'loss': 0.05092017825692892, 'lr': 1.630900668482324e-05, 'gn': 3.097306966781616, 'it_s': 1.0944139054636746}
{'step': 29300, 'loss': 0.0498079377040267, 'lr': 1.6098341404995644e-05, 'gn': 1.9634279012680054, 'it_s': 1.094494916741358}
{'step': 29400, 'loss': 0.051344255767762664, 'lr': 1.5890997416251227e-05, 'gn': 2.7387375831604004, 'it_s': 1.0945343502104798}
{'step': 29500, 'loss': 0.050618547312915325, 'lr': 1.568699242091337e-05, 'gn': 3.231672763824463, 'it_s': 1.0945901396112228}
{'step': 29600, 'loss': 0.053749698288738726, 'lr': 1.5486343836233594e-05, 'gn': 2.2123353481292725, 'it_s': 1.0946510262442235}
{'step': 29700, 'loss': 0.051453103348612785, 'lr': 1.5289068792904494e-05, 'gn': 2.3695311546325684, 'it_s': 1.0947085946730253}
{'step': 29800, 'loss': 0.05052231755107641, 'lr': 1.5095184133597215e-05, 'gn': 3.5122690200805664, 'it_s': 1.0947628281419508}
{'step': 29900, 'loss': 0.05061885926872492, 'lr': 1.490470641152345e-05, 'gn': 2.7998785972595215, 'it_s': 1.09485588672617}
{'step': 30000, 'loss': 0.05212167885154486, 'lr': 1.47176518890222e-05, 'gn': 2.7137041091918945, 'it_s': 1.0948996211564272}
  val 0.0345
{'step': 30100, 'loss': 0.05008220862597227, 'lr': 1.4534036536171351e-05, 'gn': 2.938035249710083, 'it_s': 1.0947700778311729}
{'step': 30200, 'loss': 0.05075102511793375, 'lr': 1.4353876029424203e-05, 'gn': 3.450216770172119, 'it_s': 1.0948381964350449}
{'step': 30300, 'loss': 0.049870422631502154, 'lr': 1.4177185750271057e-05, 'gn': 2.114942789077759, 'it_s': 1.0949167287360289}
{'step': 30400, 'loss': 0.048927897587418556, 'lr': 1.400398078392602e-05, 'gn': 4.451602458953857, 'it_s': 1.0949611390545404}
{'step': 30500, 'loss': 0.04925971768796444, 'lr': 1.3834275918039054e-05, 'gn': 2.629870653152466, 'it_s': 1.095017732513771}
{'step': 30600, 'loss': 0.05034838143736124, 'lr': 1.3668085641433464e-05, 'gn': 3.4244229793548584, 'it_s': 1.0950760568566575}
{'step': 30700, 'loss': 0.048034786395728585, 'lr': 1.3505424142868898e-05, 'gn': 2.3025765419006348, 'it_s': 1.0951533056656753}
{'step': 30800, 'loss': 0.04896688964217901, 'lr': 1.3346305309829971e-05, 'gn': 3.7745659351348877, 'it_s': 1.0952411511990883}
{'step': 30900, 'loss': 0.050017466470599174, 'lr': 1.3190742727340562e-05, 'gn': 2.345507860183716, 'it_s': 1.0952881852105993}
{'step': 31000, 'loss': 0.05097206372767687, 'lr': 1.3038749676803994e-05, 'gn': 3.444326400756836, 'it_s': 1.0953533462429021}
  val 0.0324
{'step': 31100, 'loss': 0.05024521976709366, 'lr': 1.289033913486914e-05, 'gn': 4.791170597076416, 'it_s': 1.0952726490042044}
{'step': 31200, 'loss': 0.0500841954164207, 'lr': 1.2745523772322463e-05, 'gn': 2.439544916152954, 'it_s': 1.0953567622754905}
{'step': 31300, 'loss': 0.05049117535352707, 'lr': 1.2604315953006268e-05, 'gn': 3.0783534049987793, 'it_s': 1.0954204481320033}
{'step': 31400, 'loss': 0.049833586402237416, 'lr': 1.2466727732763125e-05, 'gn': 2.568045139312744, 'it_s': 1.0954985644994901}
{'step': 31500, 'loss': 0.05018699165433645, 'lr': 1.2332770858406538e-05, 'gn': 6.823446273803711, 'it_s': 1.0955880648533876}
{'step': 31600, 'loss': 0.04791408788412809, 'lr': 1.2202456766718093e-05, 'gn': 2.698631525039673, 'it_s': 1.0956444947457733}
{'step': 31700, 'loss': 0.04933035399764776, 'lr': 1.2075796583470986e-05, 'gn': 3.934286594390869, 'it_s': 1.0957344211536375}
{'step': 31800, 'loss': 0.05022899828851223, 'lr': 1.195280112248017e-05, 'gn': 3.1084978580474854, 'it_s': 1.0957637595320548}
{'step': 31900, 'loss': 0.051068899668753144, 'lr': 1.183348088467908e-05, 'gn': 2.9060935974121094, 'it_s': 1.0958453690491583}
{'step': 32000, 'loss': 0.04876339092850685, 'lr': 1.1717846057223144e-05, 'gn': 3.6284186840057373, 'it_s': 1.0959204836815843}
  val 0.0451
{'step': 32100, 'loss': 0.050108405128121376, 'lr': 1.1605906512619982e-05, 'gn': 3.323420286178589, 'it_s': 1.0956798013354292}
{'step': 32200, 'loss': 0.049734479635953906, 'lr': 1.1497671807886566e-05, 'gn': 3.5539309978485107, 'it_s': 1.0956909735172424}
{'step': 32300, 'loss': 0.04870414428412914, 'lr': 1.1393151183733261e-05, 'gn': 2.8373939990997314, 'it_s': 1.095768057785997}
{'step': 32400, 'loss': 0.0494179742410779, 'lr': 1.1292353563774874e-05, 'gn': 3.366501569747925, 'it_s': 1.0958508530597226}
{'step': 32500, 'loss': 0.04966918930411339, 'lr': 1.1195287553768822e-05, 'gn': 3.5598299503326416, 'it_s': 1.0959251863518633}
{'step': 32600, 'loss': 0.05049906797707081, 'lr': 1.1101961440880354e-05, 'gn': 3.32226300239563, 'it_s': 1.0959738144648676}
{'step': 32700, 'loss': 0.0503615453094244, 'lr': 1.1012383192975042e-05, 'gn': 4.638102054595947, 'it_s': 1.0960669152565294}
{'step': 32800, 'loss': 0.05077015917748213, 'lr': 1.0926560457938536e-05, 'gn': 4.193226337432861, 'it_s': 1.0961310870373369}
{'step': 32900, 'loss': 0.04995207719504833, 'lr': 1.084450056302357e-05, 'gn': 4.19174337387085, 'it_s': 1.096201385126059}
{'step': 33000, 'loss': 0.05085374876856804, 'lr': 1.076621051422442e-05, 'gn': 4.604104518890381, 'it_s': 1.0962699180295332}
  val 0.0383
{'step': 33100, 'loss': 0.05098119407892227, 'lr': 1.069169699567874e-05, 'gn': 5.797393321990967, 'it_s': 1.09624322502007}
{'step': 33200, 'loss': 0.05008473452180624, 'lr': 1.0620966369096884e-05, 'gn': 3.7744383811950684, 'it_s': 1.0963198182164005}
{'step': 33300, 'loss': 0.049938953816890716, 'lr': 1.0554024673218807e-05, 'gn': 4.187489986419678, 'it_s': 1.0963860335409787}
{'step': 33400, 'loss': 0.049838024862110614, 'lr': 1.0490877623298432e-05, 'gn': 4.3253889083862305, 'it_s': 1.0964333722326687}
{'step': 33500, 'loss': 0.051174455620348454, 'lr': 1.0431530610615772e-05, 'gn': 4.2774977684021, 'it_s': 1.096497292940728}
{'step': 33600, 'loss': 0.05172753121703863, 'lr': 1.0375988702016577e-05, 'gn': 3.3378171920776367, 'it_s': 1.0965696448620426}
{'step': 33700, 'loss': 0.05064320955425501, 'lr': 1.0324256639479797e-05, 'gn': 2.8425354957580566, 'it_s': 1.0966144155684832}
{'step': 33800, 'loss': 0.05084695555269718, 'lr': 1.0276338839712688e-05, 'gn': 3.315239667892456, 'it_s': 1.0966326965376174}
{'step': 33900, 'loss': 0.04867856798693538, 'lr': 1.0232239393773752e-05, 'gn': 3.0032541751861572, 'it_s': 1.0966711950469181}
{'step': 34000, 'loss': 0.04868088807910681, 'lr': 1.019196206672345e-05, 'gn': 4.500720977783203, 'it_s': 1.0966855748106563}
  val 0.0462
{'step': 34100, 'loss': 0.049937990643084046, 'lr': 1.0155510297302746e-05, 'gn': 4.7601518630981445, 'it_s': 1.0965871276367027}
{'step': 34200, 'loss': 0.051041143164038655, 'lr': 1.012288719763954e-05, 'gn': 7.297941207885742, 'it_s': 1.0966038017407247}
{'step': 34300, 'loss': 0.05043230945244431, 'lr': 1.0094095552982939e-05, 'gn': 4.277061462402344, 'it_s': 1.0966200528447416}
{'step': 34400, 'loss': 0.05113641228526831, 'lr': 1.0069137821465474e-05, 'gn': 3.056633234024048, 'it_s': 1.0966423935061158}
{'step': 34500, 'loss': 0.049531745240092274, 'lr': 1.0048016133893242e-05, 'gn': 3.327258586883545, 'it_s': 1.0965493692890524}
{'step': 34600, 'loss': 0.05055097378790378, 'lr': 1.003073229356397e-05, 'gn': 4.639371871948242, 'it_s': 1.0965541417688327}
{'step': 34700, 'loss': 0.04948577120900154, 'lr': 1.0017287776113067e-05, 'gn': 4.44061279296875, 'it_s': 1.0965739345469665}
{'step': 34800, 'loss': 0.04932378120720386, 'lr': 1.0007683729387629e-05, 'gn': 6.216164588928223, 'it_s': 1.0966007906028823}
{'step': 34900, 'loss': 0.04813779603689909, 'lr': 1.0001920973348446e-05, 'gn': 3.865208625793457, 'it_s': 1.096633756455144}
{'step': 35000, 'loss': 0.04821824662387371, 'lr': 1e-05, 'gn': 2.76649808883667, 'it_s': 1.0966596861237352}
  val 0.0389
done 35000 steps in 532.0 min; best val 0.0324
