train 55472 frames / 1620 episodes; val 6148 frames
params: 30.381M
{'step': 100, 'loss': 1.603731272816658, 'lr': 1e-05, 'gn': 2.9984238147735596, 'it_s': 1.190246092753399}
{'step': 200, 'loss': 0.7088064157962799, 'lr': 2e-05, 'gn': 2.0842320919036865, 'it_s': 1.1858946268808555}
{'step': 300, 'loss': 0.5788219487667083, 'lr': 3e-05, 'gn': 3.9826884269714355, 'it_s': 1.1815449824033288}
{'step': 400, 'loss': 0.48328356236219405, 'lr': 4e-05, 'gn': 4.4116129875183105, 'it_s': 1.1783513826029792}
{'step': 500, 'loss': 0.42648188054561614, 'lr': 5e-05, 'gn': 3.2607438564300537, 'it_s': 1.1767547992062601}
{'step': 600, 'loss': 0.38440818756818773, 'lr': 6e-05, 'gn': 2.5472583770751953, 'it_s': 1.1778402381187838}
{'step': 700, 'loss': 0.3590147310495377, 'lr': 7.000000000000001e-05, 'gn': 2.728604555130005, 'it_s': 1.176239373675492}
{'step': 800, 'loss': 0.3207686612010002, 'lr': 8e-05, 'gn': 2.077535390853882, 'it_s': 1.1753511936245151}
{'step': 900, 'loss': 0.28822984531521795, 'lr': 9e-05, 'gn': 1.393221139907837, 'it_s': 1.1756591829729748}
{'step': 1000, 'loss': 0.2326924054324627, 'lr': 0.0001, 'gn': 1.7990847826004028, 'it_s': 1.177014649639729}
  val 0.5947
{'step': 1100, 'loss': 0.2028535783290863, 'lr': 9.999807902665156e-05, 'gn': 1.9065196514129639, 'it_s': 1.1720298021511752}
{'step': 1200, 'loss': 0.1716433720290661, 'lr': 9.999231627061237e-05, 'gn': 1.558946132659912, 'it_s': 1.1717626728448243}
{'step': 1300, 'loss': 0.14910436145961284, 'lr': 9.998271222388693e-05, 'gn': 1.1544246673583984, 'it_s': 1.1724857704032194}
{'step': 1400, 'loss': 0.13609208352863789, 'lr': 9.996926770643604e-05, 'gn': 1.1522351503372192, 'it_s': 1.1742280811187}
{'step': 1500, 'loss': 0.12652027197182178, 'lr': 9.995198386610677e-05, 'gn': 1.0985465049743652, 'it_s': 1.1753687225012128}
{'step': 1600, 'loss': 0.11850333310663701, 'lr': 9.993086217853453e-05, 'gn': 1.1347593069076538, 'it_s': 1.1761526539578022}
{'step': 1700, 'loss': 0.11158087477087975, 'lr': 9.990590444701708e-05, 'gn': 1.1243878602981567, 'it_s': 1.17689630991026}
{'step': 1800, 'loss': 0.10682485826313495, 'lr': 9.987711280236048e-05, 'gn': 0.8442542552947998, 'it_s': 1.1785371244214113}
{'step': 1900, 'loss': 0.10024515818804502, 'lr': 9.984448970269726e-05, 'gn': 1.0622743368148804, 'it_s': 1.1792679740947687}
{'step': 2000, 'loss': 0.09669035978615284, 'lr': 9.980803793327656e-05, 'gn': 0.9862157702445984, 'it_s': 1.179214556866219}
  val 0.1978
{'step': 2100, 'loss': 0.08968206781893968, 'lr': 9.976776060622626e-05, 'gn': 0.8325632810592651, 'it_s': 1.1775258692174755}
{'step': 2200, 'loss': 0.09177400305867195, 'lr': 9.972366116028733e-05, 'gn': 0.8591540455818176, 'it_s': 1.1778870496142682}
{'step': 2300, 'loss': 0.08711557600647211, 'lr': 9.967574336052022e-05, 'gn': 0.987362802028656, 'it_s': 1.178417478297837}
{'step': 2400, 'loss': 0.08363594248890877, 'lr': 9.962401129798343e-05, 'gn': 0.8046802878379822, 'it_s': 1.1788231052888833}
{'step': 2500, 'loss': 0.08309204507619143, 'lr': 9.956846938938423e-05, 'gn': 0.9414999485015869, 'it_s': 1.179235553213068}
{'step': 2600, 'loss': 0.0779216618090868, 'lr': 9.950912237670157e-05, 'gn': 0.8819878697395325, 'it_s': 1.1799191437447683}
{'step': 2700, 'loss': 0.07743519846349954, 'lr': 9.94459753267812e-05, 'gn': 0.9404851198196411, 'it_s': 1.1808572858469717}
{'step': 2800, 'loss': 0.07712357424199581, 'lr': 9.937903363090311e-05, 'gn': 0.8717933297157288, 'it_s': 1.181375704960258}
{'step': 2900, 'loss': 0.06898431092500687, 'lr': 9.930830300432126e-05, 'gn': 0.7188557386398315, 'it_s': 1.1816342635548671}
{'step': 3000, 'loss': 0.07364302158355712, 'lr': 9.923378948577559e-05, 'gn': 0.6897108554840088, 'it_s': 1.1818841051960267}
  val 0.0780
{'step': 3100, 'loss': 0.06877553001046181, 'lr': 9.915549943697644e-05, 'gn': 0.8212106227874756, 'it_s': 1.1799275560346365}
{'step': 3200, 'loss': 0.06924331951886416, 'lr': 9.907343954206147e-05, 'gn': 0.7999090552330017, 'it_s': 1.1798616413206853}
{'step': 3300, 'loss': 0.0654235940799117, 'lr': 9.898761680702496e-05, 'gn': 0.754682183265686, 'it_s': 1.1794797185745776}
{'step': 3400, 'loss': 0.06734982393682003, 'lr': 9.889803855911966e-05, 'gn': 0.6846820712089539, 'it_s': 1.1790588786336151}
{'step': 3500, 'loss': 0.06434356521815061, 'lr': 9.880471244623119e-05, 'gn': 0.5951323509216309, 'it_s': 1.178975782333104}
{'step': 3600, 'loss': 0.06377883221954107, 'lr': 9.870764643622512e-05, 'gn': 0.7092119455337524, 'it_s': 1.1789980735749856}
{'step': 3700, 'loss': 0.06446215935051441, 'lr': 9.860684881626674e-05, 'gn': 0.8936706185340881, 'it_s': 1.1787018332802497}
{'step': 3800, 'loss': 0.061905293241143224, 'lr': 9.850232819211343e-05, 'gn': 0.6624748110771179, 'it_s': 1.178835315103988}
{'step': 3900, 'loss': 0.05832261685281992, 'lr': 9.839409348738002e-05, 'gn': 0.626156747341156, 'it_s': 1.1788531290583641}
{'step': 4000, 'loss': 0.05933866184204817, 'lr': 9.828215394277687e-05, 'gn': 0.7085592150688171, 'it_s': 1.1786538586246305}
  val 0.0528
{'step': 4100, 'loss': 0.05686101093888283, 'lr': 9.816651911532093e-05, 'gn': 0.562190592288971, 'it_s': 1.1772408404632}
{'step': 4200, 'loss': 0.057256860733032225, 'lr': 9.804719887751984e-05, 'gn': 0.6862205862998962, 'it_s': 1.1770397322800163}
{'step': 4300, 'loss': 0.05632949315011501, 'lr': 9.792420341652902e-05, 'gn': 0.7078285217285156, 'it_s': 1.1769217388449078}
{'step': 4400, 'loss': 0.05490690656006336, 'lr': 9.779754323328192e-05, 'gn': 0.717308759689331, 'it_s': 1.177019131051244}
{'step': 4500, 'loss': 0.05509271875023842, 'lr': 9.766722914159347e-05, 'gn': 0.6271412372589111, 'it_s': 1.176831062639994}
{'step': 4600, 'loss': 0.051755435205996035, 'lr': 9.753327226723689e-05, 'gn': 0.640798807144165, 'it_s': 1.1766018918155317}
{'step': 4700, 'loss': 0.052661386393010615, 'lr': 9.739568404699373e-05, 'gn': 0.6813629865646362, 'it_s': 1.1766425025035203}
{'step': 4800, 'loss': 0.051669881511479616, 'lr': 9.725447622767756e-05, 'gn': 0.9236570596694946, 'it_s': 1.1763598016795593}
{'step': 4900, 'loss': 0.05336978111416101, 'lr': 9.710966086513087e-05, 'gn': 0.7245035171508789, 'it_s': 1.176153376281034}
{'step': 5000, 'loss': 0.0497633957862854, 'lr': 9.6961250323196e-05, 'gn': 0.6008852124214172, 'it_s': 1.175916722616325}
  val 0.0400
{'step': 5100, 'loss': 0.052443750873208045, 'lr': 9.680925727265946e-05, 'gn': 0.6017097234725952, 'it_s': 1.17456385687095}
{'step': 5200, 'loss': 0.05078700039535761, 'lr': 9.665369469017004e-05, 'gn': 0.5572199821472168, 'it_s': 1.1745873504013744}
{'step': 5300, 'loss': 0.04958911016583443, 'lr': 9.649457585713109e-05, 'gn': 0.535510241985321, 'it_s': 1.1746331277656408}
{'step': 5400, 'loss': 0.04784841950982809, 'lr': 9.633191435856655e-05, 'gn': 0.6773592829704285, 'it_s': 1.17444553105024}
{'step': 5500, 'loss': 0.04782607816159725, 'lr': 9.616572408196095e-05, 'gn': 0.6836994290351868, 'it_s': 1.1742627486564048}
{'step': 5600, 'loss': 0.0483605176769197, 'lr': 9.599601921607398e-05, 'gn': 0.7236431241035461, 'it_s': 1.1744386323615945}
{'step': 5700, 'loss': 0.04848131256178021, 'lr': 9.582281424972894e-05, 'gn': 0.6232953667640686, 'it_s': 1.1742671792126484}
{'step': 5800, 'loss': 0.04633693085983395, 'lr': 9.56461239705758e-05, 'gn': 0.5830774307250977, 'it_s': 1.1741245315855688}
{'step': 5900, 'loss': 0.045721479430794715, 'lr': 9.546596346382866e-05, 'gn': 0.6368556618690491, 'it_s': 1.1739614646931107}
{'step': 6000, 'loss': 0.04488865049555898, 'lr': 9.528234811097782e-05, 'gn': 0.6246156096458435, 'it_s': 1.1740461731709695}
  val 0.0341
{'step': 6100, 'loss': 0.04571250978857279, 'lr': 9.509529358847655e-05, 'gn': 0.6393036246299744, 'it_s': 1.1731928960241211}
{'step': 6200, 'loss': 0.04496168106794357, 'lr': 9.49048158664028e-05, 'gn': 0.4983185827732086, 'it_s': 1.1731765850937428}
{'step': 6300, 'loss': 0.044873882718384266, 'lr': 9.471093120709552e-05, 'gn': 0.5945031642913818, 'it_s': 1.1731233306429807}
{'step': 6400, 'loss': 0.04543037598952651, 'lr': 9.451365616376641e-05, 'gn': 0.5648255348205566, 'it_s': 1.1729671435216928}
{'step': 6500, 'loss': 0.04373816126957536, 'lr': 9.431300757908664e-05, 'gn': 0.5840380787849426, 'it_s': 1.1728884121967786}
{'step': 6600, 'loss': 0.04311412835493684, 'lr': 9.410900258374877e-05, 'gn': 0.5686206817626953, 'it_s': 1.172757220527102}
{'step': 6700, 'loss': 0.043478366658091544, 'lr': 9.390165859500436e-05, 'gn': 0.5671923756599426, 'it_s': 1.1726788458382031}
{'step': 6800, 'loss': 0.04360895773395896, 'lr': 9.369099331517677e-05, 'gn': 0.540463387966156, 'it_s': 1.1725560603916207}
{'step': 6900, 'loss': 0.04178108321502805, 'lr': 9.347702473014991e-05, 'gn': 0.5934551358222961, 'it_s': 1.1724795421408805}
{'step': 7000, 'loss': 0.04416945548728109, 'lr': 9.325977110783264e-05, 'gn': 0.5643759369850159, 'it_s': 1.1725492552446795}
  val 0.0316
{'step': 7100, 'loss': 0.04486601328477263, 'lr': 9.303925099659912e-05, 'gn': 0.6302644610404968, 'it_s': 1.1719089237522031}
{'step': 7200, 'loss': 0.04347637055441737, 'lr': 9.281548322370518e-05, 'gn': 0.6010841131210327, 'it_s': 1.1719046496818453}
{'step': 7300, 'loss': 0.04177568111568689, 'lr': 9.258848689368095e-05, 'gn': 0.5049285888671875, 'it_s': 1.1719528414550902}
{'step': 7400, 'loss': 0.04069925708696246, 'lr': 9.235828138669977e-05, 'gn': 0.5739361643791199, 'it_s': 1.1719005473653692}
{'step': 7500, 'loss': 0.0415066690184176, 'lr': 9.212488635692361e-05, 'gn': 0.5367953777313232, 'it_s': 1.1718907334493929}
{'step': 7600, 'loss': 0.04052904061973095, 'lr': 9.188832173082496e-05, 'gn': 0.5524126291275024, 'it_s': 1.171890858473181}
{'step': 7700, 'loss': 0.040498312842100856, 'lr': 9.164860770548568e-05, 'gn': 0.6351372003555298, 'it_s': 1.1718087942297226}
{'step': 7800, 'loss': 0.040511428378522396, 'lr': 9.140576474687264e-05, 'gn': 0.6727818846702576, 'it_s': 1.171746381110394}
{'step': 7900, 'loss': 0.03832877159118652, 'lr': 9.115981358809032e-05, 'gn': 0.694472074508667, 'it_s': 1.1718995607452818}
{'step': 8000, 'loss': 0.04047253174707294, 'lr': 9.091077522761078e-05, 'gn': 0.5104743838310242, 'it_s': 1.1717999902890128}
  val 0.0285
{'step': 8100, 'loss': 0.039697140026837587, 'lr': 9.065867092748082e-05, 'gn': 0.7314605712890625, 'it_s': 1.171150666229334}
{'step': 8200, 'loss': 0.040905689522624016, 'lr': 9.040352221150677e-05, 'gn': 0.4890260696411133, 'it_s': 1.1710639341982503}
{'step': 8300, 'loss': 0.0396592521481216, 'lr': 9.01453508634167e-05, 'gn': 0.6385126113891602, 'it_s': 1.1710840857819866}
{'step': 8400, 'loss': 0.038663373198360204, 'lr': 8.988417892500084e-05, 'gn': 0.5491097569465637, 'it_s': 1.1710022527398416}
{'step': 8500, 'loss': 0.040168210063129664, 'lr': 8.962002869422955e-05, 'gn': 0.6206136345863342, 'it_s': 1.1708420807286384}
{'step': 8600, 'loss': 0.03929604547098279, 'lr': 8.935292272334964e-05, 'gn': 0.46828246116638184, 'it_s': 1.1707932907319376}
{'step': 8700, 'loss': 0.037352608386427164, 'lr': 8.908288381695893e-05, 'gn': 0.4507581889629364, 'it_s': 1.1708682806888586}
{'step': 8800, 'loss': 0.03936687974259257, 'lr': 8.880993503005932e-05, 'gn': 0.48922327160835266, 'it_s': 1.1708523722535942}
{'step': 8900, 'loss': 0.03790273293852806, 'lr': 8.853409966608832e-05, 'gn': 0.5797411799430847, 'it_s': 1.170753928861861}
{'step': 9000, 'loss': 0.03879820257425308, 'lr': 8.825540127492967e-05, 'gn': 0.5599948167800903, 'it_s': 1.1706462762990981}
  val 0.0268
{'step': 9100, 'loss': 0.03653225747868419, 'lr': 8.797386365090252e-05, 'gn': 0.6039574146270752, 'it_s': 1.1700895583851607}
{'step': 9200, 'loss': 0.037577272821217776, 'lr': 8.76895108307301e-05, 'gn': 0.5777097940444946, 'it_s': 1.1700734280389553}
{'step': 9300, 'loss': 0.038126697652041915, 'lr': 8.740236709148746e-05, 'gn': 0.689941942691803, 'it_s': 1.170035574617338}
{'step': 9400, 'loss': 0.03720223505049944, 'lr': 8.711245694852886e-05, 'gn': 0.6117954850196838, 'it_s': 1.170047213764464}
{'step': 9500, 'loss': 0.036762829571962356, 'lr': 8.681980515339464e-05, 'gn': 0.6381051540374756, 'it_s': 1.1700013411620214}
{'step': 9600, 'loss': 0.03644891351461411, 'lr': 8.652443669169809e-05, 'gn': 0.7079083919525146, 'it_s': 1.1701029763782156}
{'step': 9700, 'loss': 0.036814344990998504, 'lr': 8.622637678099224e-05, 'gn': 0.6620383858680725, 'it_s': 1.170074080510693}
{'step': 9800, 'loss': 0.03650860477238894, 'lr': 8.592565086861683e-05, 'gn': 0.5419789552688599, 'it_s': 1.1699992705294828}
{'step': 9900, 'loss': 0.03861766764894128, 'lr': 8.562228462952577e-05, 'gn': 0.5828377604484558, 'it_s': 1.169936367424562}
{'step': 10000, 'loss': 0.03698588402941823, 'lr': 8.531630396409509e-05, 'gn': 0.5246397852897644, 'it_s': 1.1698945597548742}
  val 0.0283
{'step': 10100, 'loss': 0.03750043446198106, 'lr': 8.500773499591157e-05, 'gn': 0.558553159236908, 'it_s': 1.1680088453168775}
{'step': 10200, 'loss': 0.037422795444726945, 'lr': 8.469660406954253e-05, 'gn': 0.5307265520095825, 'it_s': 1.1656358155218904}
{'step': 10300, 'loss': 0.035866589043289425, 'lr': 8.43829377482865e-05, 'gn': 0.7902098894119263, 'it_s': 1.1628495081844228}
{'step': 10400, 'loss': 0.03633349439129233, 'lr': 8.406676281190543e-05, 'gn': 0.6589999198913574, 'it_s': 1.1599936531538415}
{'step': 10500, 'loss': 0.0377073884755373, 'lr': 8.374810625433825e-05, 'gn': 0.5141502022743225, 'it_s': 1.157069545002696}
{'step': 10600, 'loss': 0.03528331620618701, 'lr': 8.342699528139629e-05, 'gn': 0.5559830069541931, 'it_s': 1.154366847515563}
{'step': 10700, 'loss': 0.03536331061273813, 'lr': 8.310345730844047e-05, 'gn': 0.5967862010002136, 'it_s': 1.151780708734316}
{'step': 10800, 'loss': 0.03608473727479577, 'lr': 8.277751995804069e-05, 'gn': 0.5622668266296387, 'it_s': 1.149318927263354}
{'step': 10900, 'loss': 0.03681066192686558, 'lr': 8.244921105761756e-05, 'gn': 0.6856538653373718, 'it_s': 1.1468449490175365}
{'step': 11000, 'loss': 0.039526887647807596, 'lr': 8.211855863706655e-05, 'gn': 0.6315141916275024, 'it_s': 1.1441089967882716}
  val 0.0244
{'step': 11100, 'loss': 0.034616151731461285, 'lr': 8.178559092636485e-05, 'gn': 0.5493373274803162, 'it_s': 1.1409869642519952}
{'step': 11200, 'loss': 0.035376093853265046, 'lr': 8.14503363531613e-05, 'gn': 0.5267021059989929, 'it_s': 1.138902677824342}
{'step': 11300, 'loss': 0.03610749738290906, 'lr': 8.111282354034922e-05, 'gn': 0.7565716505050659, 'it_s': 1.1367333282044385}
{'step': 11400, 'loss': 0.03625898828729987, 'lr': 8.077308130362274e-05, 'gn': 0.5460071563720703, 'it_s': 1.1344707010332513}
{'step': 11500, 'loss': 0.03315801279619336, 'lr': 8.043113864901664e-05, 'gn': 0.7220765352249146, 'it_s': 1.1325167228218511}
{'step': 11600, 'loss': 0.03481931522488594, 'lr': 8.008702477042986e-05, 'gn': 0.5638697147369385, 'it_s': 1.1299598157345299}
{'step': 11700, 'loss': 0.034470621924847365, 'lr': 7.974076904713303e-05, 'gn': 0.6727921962738037, 'it_s': 1.1278846123611845}
{'step': 11800, 'loss': 0.03526142420247197, 'lr': 7.939240104126023e-05, 'gn': 0.6694188117980957, 'it_s': 1.1259639193040007}
{'step': 11900, 'loss': 0.033750489223748445, 'lr': 7.904195049528498e-05, 'gn': 0.5765982270240784, 'it_s': 1.1237538401705784}
{'step': 12000, 'loss': 0.03539917943999171, 'lr': 7.868944732948101e-05, 'gn': 0.7648149728775024, 'it_s': 1.12169663529853}
  val 0.0255
{'step': 12100, 'loss': 0.03559875775128603, 'lr': 7.833492163936774e-05, 'gn': 0.8110507130622864, 'it_s': 1.1192636888030738}
{'step': 12200, 'loss': 0.03549173822626472, 'lr': 7.797840369314081e-05, 'gn': 0.7253256440162659, 'it_s': 1.1172834842730697}
{'step': 12300, 'loss': 0.03365248152986169, 'lr': 7.761992392908792e-05, 'gn': 0.8061977028846741, 'it_s': 1.1148964483886512}
{'step': 12400, 'loss': 0.03543372809886933, 'lr': 7.725951295299006e-05, 'gn': 0.6361339688301086, 'it_s': 1.1140492539312776}
{'step': 12500, 'loss': 0.03457709845155477, 'lr': 7.689720153550853e-05, 'gn': 0.4749358892440796, 'it_s': 1.1143069595707669}
{'step': 12600, 'loss': 0.03452198352664709, 'lr': 7.653302060955789e-05, 'gn': 0.8910430073738098, 'it_s': 1.1147545762295805}
{'step': 12700, 'loss': 0.03340656533837318, 'lr': 7.616700126766493e-05, 'gn': 0.630588948726654, 'it_s': 1.1145659791552547}
{'step': 12800, 'loss': 0.03336721124127507, 'lr': 7.57991747593141e-05, 'gn': 0.802330732345581, 'it_s': 1.1141547297616958}
{'step': 12900, 'loss': 0.03635916899889707, 'lr': 7.542957248827961e-05, 'gn': 0.4962918162345886, 'it_s': 1.1141582919547486}
{'step': 13000, 'loss': 0.033570896331220866, 'lr': 7.505822600994424e-05, 'gn': 0.5840722918510437, 'it_s': 1.1141135099900956}
  val 0.0233
{'step': 13100, 'loss': 0.03654809057712555, 'lr': 7.468516702860519e-05, 'gn': 0.6759080290794373, 'it_s': 1.113720029173353}
{'step': 13200, 'loss': 0.034056317936629055, 'lr': 7.431042739476742e-05, 'gn': 0.5579406023025513, 'it_s': 1.113567915814397}
{'step': 13300, 'loss': 0.03411187957972288, 'lr': 7.39340391024242e-05, 'gn': 1.005318522453308, 'it_s': 1.1134230638708944}
{'step': 13400, 'loss': 0.03502593364566565, 'lr': 7.355603428632566e-05, 'gn': 0.7070630192756653, 'it_s': 1.1133607288992313}
{'step': 13500, 'loss': 0.03379862016066909, 'lr': 7.317644521923528e-05, 'gn': 0.9627692103385925, 'it_s': 1.1143517967301457}
{'step': 13600, 'loss': 0.035043298844248054, 'lr': 7.279530430917441e-05, 'gn': 0.6958670020103455, 'it_s': 1.0917301909645811}
{'step': 13700, 'loss': 0.03348967550322413, 'lr': 7.241264409665554e-05, 'gn': 0.7490507960319519, 'it_s': 1.0899946038332682}
{'step': 13800, 'loss': 0.033538240138441325, 'lr': 7.202849725190397e-05, 'gn': 0.5114555358886719, 'it_s': 1.0885146052922752}
{'step': 13900, 'loss': 0.033446285873651505, 'lr': 7.164289657206861e-05, 'gn': 0.7368921041488647, 'it_s': 1.086962742131618}
{'step': 14000, 'loss': 0.03370554624125362, 'lr': 7.125587497842189e-05, 'gn': 0.5685359835624695, 'it_s': 1.0858070216155093}
  val 0.0232
{'step': 14100, 'loss': 0.03442036982625723, 'lr': 7.086746551354897e-05, 'gn': 0.6676560044288635, 'it_s': 1.0843261583649795}
{'step': 14200, 'loss': 0.0330175201408565, 'lr': 7.047770133852677e-05, 'gn': 0.6428812146186829, 'it_s': 1.082834089432346}
{'step': 14300, 'loss': 0.0318815609253943, 'lr': 7.008661573009273e-05, 'gn': 0.6828987002372742, 'it_s': 1.0813156944633457}
{'step': 14400, 'loss': 0.03415331054478884, 'lr': 6.969424207780375e-05, 'gn': 0.7279099822044373, 'it_s': 1.0800199527914924}
{'step': 14500, 'loss': 0.03325732937082648, 'lr': 6.930061388118558e-05, 'gn': 0.773783266544342, 'it_s': 1.0787276876394025}
{'step': 14600, 'loss': 0.03536668684333563, 'lr': 6.890576474687264e-05, 'gn': 0.6862358450889587, 'it_s': 1.0774973012876707}
{'step': 14700, 'loss': 0.03421621400862932, 'lr': 6.850972838573888e-05, 'gn': 0.8398664593696594, 'it_s': 1.077802529515253}
{'step': 14800, 'loss': 0.03536235883831978, 'lr': 6.811253861001962e-05, 'gn': 0.676678478717804, 'it_s': 1.078483080054784}
{'step': 14900, 'loss': 0.035111260935664176, 'lr': 6.771422933042479e-05, 'gn': 0.6019277572631836, 'it_s': 1.059841859027718}
{'step': 15000, 'loss': 0.034874980188906196, 'lr': 6.731483455324374e-05, 'gn': 0.6710821986198425, 'it_s': 1.0609990576725652}
  val 0.0253
{'step': 15100, 'loss': 0.03402259698137641, 'lr': 6.691438837744192e-05, 'gn': 0.6994759440422058, 'it_s': 1.0610905298420328}
{'step': 15200, 'loss': 0.03439790591597557, 'lr': 6.651292499174961e-05, 'gn': 0.7111858129501343, 'it_s': 1.0613125708219384}
{'step': 15300, 'loss': 0.03331651736050844, 'lr': 6.611047867174299e-05, 'gn': 0.6972025632858276, 'it_s': 1.0616116850568709}
{'step': 15400, 'loss': 0.03618896175175905, 'lr': 6.570708377691784e-05, 'gn': 0.6075447797775269, 'it_s': 1.0619018202818613}
{'step': 15500, 'loss': 0.036004297100007535, 'lr': 6.530277474775604e-05, 'gn': 0.768912136554718, 'it_s': 1.0622261035978282}
{'step': 15600, 'loss': 0.03460243947803974, 'lr': 6.48975861027851e-05, 'gn': 0.6887122392654419, 'it_s': 1.062534068809189}
{'step': 15700, 'loss': 0.03506037715822458, 'lr': 6.449155243563115e-05, 'gn': 0.6351478695869446, 'it_s': 1.062844954436694}
{'step': 15800, 'loss': 0.035185668114572764, 'lr': 6.408470841206546e-05, 'gn': 0.9656028151512146, 'it_s': 1.0631204849785847}
{'step': 15900, 'loss': 0.03607569269835949, 'lr': 6.367708876704477e-05, 'gn': 0.9386609792709351, 'it_s': 1.063224858502417}
{'step': 16000, 'loss': 0.03715804975479841, 'lr': 6.326872830174567e-05, 'gn': 0.8244147300720215, 'it_s': 1.063392351527981}
  val 0.0259
{'step': 16100, 'loss': 0.036548106987029316, 'lr': 6.285966188059356e-05, 'gn': 0.7799511551856995, 'it_s': 1.0633187809992737}
{'step': 16200, 'loss': 0.03637155303731561, 'lr': 6.244992442828586e-05, 'gn': 1.0297255516052246, 'it_s': 1.0634927031342465}
{'step': 16300, 'loss': 0.0360267948359251, 'lr': 6.20395509268104e-05, 'gn': 0.6896997094154358, 'it_s': 1.0636439544637846}
{'step': 16400, 'loss': 0.036302874498069286, 'lr': 6.16285764124587e-05, 'gn': 0.8644295334815979, 'it_s': 1.0642573192705533}
{'step': 16500, 'loss': 0.038310112822800876, 'lr': 6.12170359728347e-05, 'gn': 1.0149129629135132, 'it_s': 1.0652854781673393}
{'step': 16600, 'loss': 0.03462905399501324, 'lr': 6.080496474385916e-05, 'gn': 0.6159558892250061, 'it_s': 1.0659780823188054}
{'step': 16700, 'loss': 0.03518880853429437, 'lr': 6.039239790676975e-05, 'gn': 0.9982057809829712, 'it_s': 1.0665663685025353}
{'step': 16800, 'loss': 0.036517044510692355, 'lr': 5.997937068511754e-05, 'gn': 1.1538938283920288, 'it_s': 1.0671480170823986}
{'step': 16900, 'loss': 0.03519884640350938, 'lr': 5.956591834175964e-05, 'gn': 0.6883134841918945, 'it_s': 1.0677620268163672}
{'step': 17000, 'loss': 0.035596333239227534, 'lr': 5.9152076175848594e-05, 'gn': 1.0056849718093872, 'it_s': 1.0683481543087414}
  val 0.0218
{'step': 17100, 'loss': 0.04045188602991402, 'lr': 5.873787951981868e-05, 'gn': 1.0834362506866455, 'it_s': 1.0686729421602952}
{'step': 17200, 'loss': 0.03337365198880434, 'lr': 5.8323363736369336e-05, 'gn': 1.1486870050430298, 'it_s': 1.0692208393108455}
{'step': 17300, 'loss': 0.03646993113681674, 'lr': 5.790856421544599e-05, 'gn': 0.9153620004653931, 'it_s': 1.069748317671472}
{'step': 17400, 'loss': 0.03725310187786818, 'lr': 5.749351637121865e-05, 'gn': 1.0142207145690918, 'it_s': 1.0703897784929364}
{'step': 17500, 'loss': 0.03620135117322207, 'lr': 5.707825563905829e-05, 'gn': 0.8613657355308533, 'it_s': 1.070975209533233}
{'step': 17600, 'loss': 0.0363614878244698, 'lr': 5.666281747251153e-05, 'gn': 0.7773523926734924, 'it_s': 1.0714914736176442}
{'step': 17700, 'loss': 0.03744816921651364, 'lr': 5.624723734027374e-05, 'gn': 1.0953068733215332, 'it_s': 1.07199820429593}
{'step': 17800, 'loss': 0.03683398751541972, 'lr': 5.583155072316084e-05, 'gn': 0.7399414777755737, 'it_s': 1.0725096337025064}
{'step': 17900, 'loss': 0.03662175120785832, 'lr': 5.54157931110801e-05, 'gn': 0.9401468634605408, 'it_s': 1.0730106544005544}
{'step': 18000, 'loss': 0.03653787244111299, 'lr': 5.5e-05, 'gn': 1.0633074045181274, 'it_s': 1.0735126493961797}
  val 0.0225
{'step': 18100, 'loss': 0.0370894581079483, 'lr': 5.458420688891992e-05, 'gn': 0.9143189787864685, 'it_s': 1.0737865830215538}
{'step': 18200, 'loss': 0.0384555184841156, 'lr': 5.416844927683916e-05, 'gn': 1.1966447830200195, 'it_s': 1.0743054551003381}
{'step': 18300, 'loss': 0.03695455411449075, 'lr': 5.375276265972627e-05, 'gn': 0.9596145749092102, 'it_s': 1.0748793202211055}
{'step': 18400, 'loss': 0.03898183509707451, 'lr': 5.3337182527488486e-05, 'gn': 0.9588771462440491, 'it_s': 1.0753606925845793}
{'step': 18500, 'loss': 0.036067766714841125, 'lr': 5.292174436094173e-05, 'gn': 0.7721651196479797, 'it_s': 1.075816870296523}
{'step': 18600, 'loss': 0.03928499992936849, 'lr': 5.250648362878135e-05, 'gn': 1.113458275794983, 'it_s': 1.0762823185782722}
{'step': 18700, 'loss': 0.039990285746753215, 'lr': 5.209143578455401e-05, 'gn': 0.8925199508666992, 'it_s': 1.076771786423496}
{'step': 18800, 'loss': 0.03891733814030886, 'lr': 5.1676636263630674e-05, 'gn': 0.8849878311157227, 'it_s': 1.077230126771081}
{'step': 18900, 'loss': 0.038735161311924456, 'lr': 5.126212048018133e-05, 'gn': 0.8654884696006775, 'it_s': 1.0776810508464412}
{'step': 19000, 'loss': 0.04317534275352955, 'lr': 5.084792382415142e-05, 'gn': 0.9598556756973267, 'it_s': 1.0781196224699874}
  val 0.0267
{'step': 19100, 'loss': 0.0410824528709054, 'lr': 5.0434081658240376e-05, 'gn': 1.1492010354995728, 'it_s': 1.0784177829467894}
{'step': 19200, 'loss': 0.041409055348485706, 'lr': 5.002062931488247e-05, 'gn': 1.0683537721633911, 'it_s': 1.0789043440510018}
{'step': 19300, 'loss': 0.043394576124846936, 'lr': 4.960760209323027e-05, 'gn': 1.321427583694458, 'it_s': 1.0793353273814015}
{'step': 19400, 'loss': 0.045261143408715725, 'lr': 4.919503525614086e-05, 'gn': 0.8686287999153137, 'it_s': 1.0797605734919242}
{'step': 19500, 'loss': 0.04294432619586587, 'lr': 4.8782964027165314e-05, 'gn': 1.1541820764541626, 'it_s': 1.0801705657573497}
{'step': 19600, 'loss': 0.04508831089362502, 'lr': 4.8371423587541306e-05, 'gn': 1.3485294580459595, 'it_s': 1.0805868578489848}
{'step': 19700, 'loss': 0.0511708459071815, 'lr': 4.7960449073189606e-05, 'gn': 1.332608938217163, 'it_s': 1.0810041630299723}
{'step': 19800, 'loss': 0.046891098245978355, 'lr': 4.7550075571714146e-05, 'gn': 1.4713845252990723, 'it_s': 1.081406916001353}
{'step': 19900, 'loss': 0.047942527718842026, 'lr': 4.714033811940645e-05, 'gn': 1.5077980756759644, 'it_s': 1.0818085412854437}
{'step': 20000, 'loss': 0.04718935288488865, 'lr': 4.673127169825433e-05, 'gn': 1.8019542694091797, 'it_s': 1.0822979074019883}
  val 0.0347
{'step': 20100, 'loss': 0.047683646827936174, 'lr': 4.632291123295524e-05, 'gn': 1.308139681816101, 'it_s': 1.0825025275781108}
{'step': 20200, 'loss': 0.04472992520779371, 'lr': 4.5915291587934547e-05, 'gn': 1.096605658531189, 'it_s': 1.082884636246444}
{'step': 20300, 'loss': 0.04084243297576904, 'lr': 4.5508447564368866e-05, 'gn': 1.5099767446517944, 'it_s': 1.083266425006625}
{'step': 20400, 'loss': 0.0501986694522202, 'lr': 4.5102413897214926e-05, 'gn': 1.8855009078979492, 'it_s': 1.0836524368469032}
{'step': 20500, 'loss': 0.048145175240933896, 'lr': 4.469722525224398e-05, 'gn': 1.551371455192566, 'it_s': 1.0840448074165208}
{'step': 20600, 'loss': 0.043477748557925223, 'lr': 4.429291622308217e-05, 'gn': 1.3972876071929932, 'it_s': 1.0844259221933858}
{'step': 20700, 'loss': 0.04402493888512254, 'lr': 4.3889521328257005e-05, 'gn': 1.156948447227478, 'it_s': 1.0848004880413682}
{'step': 20800, 'loss': 0.04436336888000369, 'lr': 4.3487075008250396e-05, 'gn': 1.0026285648345947, 'it_s': 1.0851821551330882}
{'step': 20900, 'loss': 0.0469284600391984, 'lr': 4.3085611622558086e-05, 'gn': 1.9251251220703125, 'it_s': 1.0856119857757864}
{'step': 21000, 'loss': 0.04551460387185216, 'lr': 4.268516544675627e-05, 'gn': 1.166276454925537, 'it_s': 1.0860032886996356}
  val 0.0365
{'step': 21100, 'loss': 0.041514155808836224, 'lr': 4.228577066957522e-05, 'gn': 3.2369630336761475, 'it_s': 1.086179092012591}
{'step': 21200, 'loss': 0.04321861675009132, 'lr': 4.1887461389980395e-05, 'gn': 1.4784969091415405, 'it_s': 1.0865341250290736}
{'step': 21300, 'loss': 0.049848903194069864, 'lr': 4.149027161426113e-05, 'gn': 2.104501962661743, 'it_s': 1.0868838198575081}
{'step': 21400, 'loss': 0.04651191679760814, 'lr': 4.109423525312737e-05, 'gn': 1.9803853034973145, 'it_s': 1.0872477963308198}
{'step': 21500, 'loss': 0.04388794891536236, 'lr': 4.069938611881443e-05, 'gn': 1.6526306867599487, 'it_s': 1.0876029111858034}
{'step': 21600, 'loss': 0.04453079007565975, 'lr': 4.030575792219626e-05, 'gn': 1.7567607164382935, 'it_s': 1.0879400065847002}
{'step': 21700, 'loss': 0.04927989358082414, 'lr': 3.991338426990729e-05, 'gn': 1.800593614578247, 'it_s': 1.0883257292804034}
{'step': 21800, 'loss': 0.05096970982849598, 'lr': 3.952229866147324e-05, 'gn': 1.5619826316833496, 'it_s': 1.088684764003281}
{'step': 21900, 'loss': 0.048728644121438264, 'lr': 3.913253448645103e-05, 'gn': 1.5511664152145386, 'it_s': 1.0890172948163925}
{'step': 22000, 'loss': 0.05160902332514525, 'lr': 3.874412502157812e-05, 'gn': 1.8398455381393433, 'it_s': 1.089340879892649}
  val 0.0345
{'step': 22100, 'loss': 0.04847893053665757, 'lr': 3.835710342793139e-05, 'gn': 2.2725915908813477, 'it_s': 1.0894760514686634}
{'step': 22200, 'loss': 0.05015289027243853, 'lr': 3.797150274809604e-05, 'gn': 1.8974076509475708, 'it_s': 1.08979924091068}
{'step': 22300, 'loss': 0.042677779067307714, 'lr': 3.758735590334447e-05, 'gn': 1.6157926321029663, 'it_s': 1.090126151208254}
{'step': 22400, 'loss': 0.049888512827455996, 'lr': 3.720469569082559e-05, 'gn': 2.6770412921905518, 'it_s': 1.0904666730570207}
{'step': 22500, 'loss': 0.05027854148298502, 'lr': 3.6823554780764734e-05, 'gn': 1.8423302173614502, 'it_s': 1.0907771105763004}
{'step': 22600, 'loss': 0.04802940744906664, 'lr': 3.6443965713674355e-05, 'gn': 2.3556559085845947, 'it_s': 1.0911437990587278}
{'step': 22700, 'loss': 0.04513777097687125, 'lr': 3.606596089757584e-05, 'gn': 1.765273094177246, 'it_s': 1.0914662490734828}
{'step': 22800, 'loss': 0.046638730205595495, 'lr': 3.56895726052326e-05, 'gn': 1.5903297662734985, 'it_s': 1.0917874783513242}
{'step': 22900, 'loss': 0.045557066071778535, 'lr': 3.531483297139482e-05, 'gn': 1.9343466758728027, 'it_s': 1.0920830099809633}
{'step': 23000, 'loss': 0.04431090524420142, 'lr': 3.4941773990055786e-05, 'gn': 1.4772030115127563, 'it_s': 1.092373016838195}
  val 0.0341
{'step': 23100, 'loss': 0.0434824313595891, 'lr': 3.45704275117204e-05, 'gn': 1.692845344543457, 'it_s': 1.0924924016558921}
{'step': 23200, 'loss': 0.04740760367363692, 'lr': 3.420082524068592e-05, 'gn': 1.7897365093231201, 'it_s': 1.09279121621719}
{'step': 23300, 'loss': 0.04332559328526259, 'lr': 3.383299873233509e-05, 'gn': 2.3872575759887695, 'it_s': 1.0930734745435116}
{'step': 23400, 'loss': 0.04713506264612079, 'lr': 3.346697939044211e-05, 'gn': 1.9973645210266113, 'it_s': 1.0933691634114187}
{'step': 23500, 'loss': 0.046909448318183423, 'lr': 3.3102798464491474e-05, 'gn': 2.0259745121002197, 'it_s': 1.093709975949128}
{'step': 23600, 'loss': 0.04571525840088725, 'lr': 3.274048704700996e-05, 'gn': 2.3413376808166504, 'it_s': 1.0940004184036063}
{'step': 23700, 'loss': 0.04584944855421782, 'lr': 3.23800760709121e-05, 'gn': 1.6879817247390747, 'it_s': 1.0942844942500782}
{'step': 23800, 'loss': 0.04608547681942582, 'lr': 3.20215963068592e-05, 'gn': 1.6413376331329346, 'it_s': 1.094561368469623}
{'step': 23900, 'loss': 0.04533748481422663, 'lr': 3.1665078360632256e-05, 'gn': 2.7763540744781494, 'it_s': 1.0948255060669179}
{'step': 24000, 'loss': 0.045480105634778736, 'lr': 3.1310552670518986e-05, 'gn': 2.8178951740264893, 'it_s': 1.0951064005760773}
  val 0.0374
{'step': 24100, 'loss': 0.04448367072269321, 'lr': 3.095804950471502e-05, 'gn': 1.6644389629364014, 'it_s': 1.0952226871393984}
{'step': 24200, 'loss': 0.04377999685704708, 'lr': 3.060759895873978e-05, 'gn': 1.8501023054122925, 'it_s': 1.0954825300381879}
{'step': 24300, 'loss': 0.04348936701193452, 'lr': 3.0259230952866975e-05, 'gn': 1.8115756511688232, 'it_s': 1.0958011505783645}
{'step': 24400, 'loss': 0.0424115202203393, 'lr': 2.9912975229570155e-05, 'gn': 2.012192964553833, 'it_s': 1.0960961066216879}
{'step': 24500, 'loss': 0.04282390305772424, 'lr': 2.956886135098337e-05, 'gn': 1.99117112159729, 'it_s': 1.0963539226091996}
{'step': 24600, 'loss': 0.04209511006250977, 'lr': 2.9226918696377267e-05, 'gn': 2.5543372631073, 'it_s': 1.096610083323798}
{'step': 24700, 'loss': 0.04219362422823906, 'lr': 2.8887176459650795e-05, 'gn': 2.140796661376953, 'it_s': 1.0968683566203485}
{'step': 24800, 'loss': 0.044922656137496235, 'lr': 2.8549663646838717e-05, 'gn': 1.5667455196380615, 'it_s': 1.0971248048612012}
{'step': 24900, 'loss': 0.04245474729686975, 'lr': 2.821440907363516e-05, 'gn': 2.001971960067749, 'it_s': 1.097387818504111}
{'step': 25000, 'loss': 0.04163757966831327, 'lr': 2.788144136293347e-05, 'gn': 2.4891273975372314, 'it_s': 1.0976474002545593}
  val 0.0344
{'step': 25100, 'loss': 0.043939681500196455, 'lr': 2.755078894238245e-05, 'gn': 2.0180258750915527, 'it_s': 1.0977019171565685}
{'step': 25200, 'loss': 0.04096780871972441, 'lr': 2.7222480041959326e-05, 'gn': 2.6610512733459473, 'it_s': 1.0980052136982041}
{'step': 25300, 'loss': 0.04211395779624581, 'lr': 2.6896542691559552e-05, 'gn': 2.0018129348754883, 'it_s': 1.0982594804028447}
{'step': 25400, 'loss': 0.04091719936579466, 'lr': 2.6573004718603713e-05, 'gn': 2.1310694217681885, 'it_s': 1.0985079691853665}
{'step': 25500, 'loss': 0.04441611034795642, 'lr': 2.625189374566175e-05, 'gn': 2.029873847961426, 'it_s': 1.0987547140055995}
{'step': 25600, 'loss': 0.041971027851104736, 'lr': 2.593323718809458e-05, 'gn': 3.121056079864502, 'it_s': 1.0989924688075596}
{'step': 25700, 'loss': 0.045790012665092944, 'lr': 2.5617062251713518e-05, 'gn': 1.955217719078064, 'it_s': 1.099257072936633}
{'step': 25800, 'loss': 0.04581988181918859, 'lr': 2.5303395930457492e-05, 'gn': 2.2704153060913086, 'it_s': 1.0994973131947148}
{'step': 25900, 'loss': 0.04482688577845693, 'lr': 2.4992265004088454e-05, 'gn': 2.0206403732299805, 'it_s': 1.0997309155870367}
{'step': 26000, 'loss': 0.04284560795873404, 'lr': 2.4683696035904925e-05, 'gn': 1.8878226280212402, 'it_s': 1.0999777513476077}
  val 0.0369
{'step': 26100, 'loss': 0.043376584239304065, 'lr': 2.437771537047423e-05, 'gn': 1.887256145477295, 'it_s': 1.100116740015015}
{'step': 26200, 'loss': 0.0422066462226212, 'lr': 2.407434913138318e-05, 'gn': 2.088364839553833, 'it_s': 1.1003453102376903}
{'step': 26300, 'loss': 0.040919810328632594, 'lr': 2.377362321900777e-05, 'gn': 2.3597073554992676, 'it_s': 1.1005734737853394}
{'step': 26400, 'loss': 0.04266124542802572, 'lr': 2.347556330830191e-05, 'gn': 2.3667354583740234, 'it_s': 1.1008069242187248}
{'step': 26500, 'loss': 0.03915941448882222, 'lr': 2.3180194846605367e-05, 'gn': 2.1316704750061035, 'it_s': 1.1010425552276686}
{'step': 26600, 'loss': 0.04089051242917776, 'lr': 2.288754305147115e-05, 'gn': 2.7475459575653076, 'it_s': 1.1012648279876573}
{'step': 26700, 'loss': 0.04153714893385768, 'lr': 2.2597632908512553e-05, 'gn': 2.207224130630493, 'it_s': 1.1014877172555502}
{'step': 26800, 'loss': 0.0403995793312788, 'lr': 2.231048916926992e-05, 'gn': 2.8099398612976074, 'it_s': 1.101718523746612}
{'step': 26900, 'loss': 0.042947874758392575, 'lr': 2.2026136349097495e-05, 'gn': 2.8191475868225098, 'it_s': 1.1019750162736213}
{'step': 27000, 'loss': 0.04069839213043451, 'lr': 2.174459872507035e-05, 'gn': 1.946105718612671, 'it_s': 1.1022192605354824}
  val 0.0346
{'step': 27100, 'loss': 0.04084517657756805, 'lr': 2.146590033391168e-05, 'gn': 2.6680076122283936, 'it_s': 1.1022739589041837}
{'step': 27200, 'loss': 0.03946100553497672, 'lr': 2.11900649699407e-05, 'gn': 2.0029561519622803, 'it_s': 1.1024954406944125}
{'step': 27300, 'loss': 0.041510600112378594, 'lr': 2.0917116183041076e-05, 'gn': 2.6097915172576904, 'it_s': 1.10270907331423}
{'step': 27400, 'loss': 0.03840903548523784, 'lr': 2.0647077276650367e-05, 'gn': 2.7646665573120117, 'it_s': 1.102916143925296}
{'step': 27500, 'loss': 0.04100280607119203, 'lr': 2.037997130577045e-05, 'gn': 2.250545024871826, 'it_s': 1.1031329107389967}
{'step': 27600, 'loss': 0.03919210715219378, 'lr': 2.0115821074999156e-05, 'gn': 2.549213171005249, 'it_s': 1.1033399504419896}
{'step': 27700, 'loss': 0.03895859761163592, 'lr': 1.9854649136583302e-05, 'gn': 3.0324862003326416, 'it_s': 1.1035586284076568}
{'step': 27800, 'loss': 0.039286162983626124, 'lr': 1.959647778849326e-05, 'gn': 2.790839910507202, 'it_s': 1.1038253461254495}
{'step': 27900, 'loss': 0.039981491882354024, 'lr': 1.934132907251918e-05, 'gn': 4.272928237915039, 'it_s': 1.104048025360561}
{'step': 28000, 'loss': 0.03988302545621991, 'lr': 1.9089224772389225e-05, 'gn': 2.42077898979187, 'it_s': 1.104248272105448}
  val 0.0338
{'step': 28100, 'loss': 0.038775586802512405, 'lr': 1.8840186411909684e-05, 'gn': 1.7228262424468994, 'it_s': 1.1043190365927769}
{'step': 28200, 'loss': 0.03829204982146621, 'lr': 1.859423525312737e-05, 'gn': 2.5221495628356934, 'it_s': 1.104520188633827}
{'step': 28300, 'loss': 0.039042817391455174, 'lr': 1.8351392294514325e-05, 'gn': 2.9271719455718994, 'it_s': 1.104721297684493}
{'step': 28400, 'loss': 0.040494534987956285, 'lr': 1.8111678269175054e-05, 'gn': 2.58567476272583, 'it_s': 1.1049232570487995}
{'step': 28500, 'loss': 0.040095669031143186, 'lr': 1.7875113643076402e-05, 'gn': 2.3002066612243652, 'it_s': 1.1051142635785511}
{'step': 28600, 'loss': 0.04164166383445263, 'lr': 1.764171861330023e-05, 'gn': 4.308071136474609, 'it_s': 1.1053371632359028}
{'step': 28700, 'loss': 0.038808074034750464, 'lr': 1.741151310631906e-05, 'gn': 3.3465113639831543, 'it_s': 1.1055720956028752}
{'step': 28800, 'loss': 0.03728947415947914, 'lr': 1.7184516776294835e-05, 'gn': 2.38175368309021, 'it_s': 1.10576394309593}
{'step': 28900, 'loss': 0.037875918932259084, 'lr': 1.6960749003400894e-05, 'gn': 2.8649778366088867, 'it_s': 1.1059497837497272}
{'step': 29000, 'loss': 0.039135228097438815, 'lr': 1.674022889216737e-05, 'gn': 2.7758748531341553, 'it_s': 1.106147506500192}
  val 0.0322
{'step': 29100, 'loss': 0.04203204680234194, 'lr': 1.6522975269850107e-05, 'gn': 2.364014148712158, 'it_s': 1.1061946856679479}
{'step': 29200, 'loss': 0.040267574694007637, 'lr': 1.630900668482324e-05, 'gn': 2.8312652111053467, 'it_s': 1.106381957418946}
{'step': 29300, 'loss': 0.04057063007727266, 'lr': 1.6098341404995644e-05, 'gn': 3.716019868850708, 'it_s': 1.1065674248358313}
{'step': 29400, 'loss': 0.039570420514792204, 'lr': 1.5890997416251227e-05, 'gn': 3.026149034500122, 'it_s': 1.1067434831971794}
{'step': 29500, 'loss': 0.039384725876152514, 'lr': 1.568699242091337e-05, 'gn': 2.731893301010132, 'it_s': 1.1069806460312417}
{'step': 29600, 'loss': 0.04242110906168819, 'lr': 1.5486343836233594e-05, 'gn': 2.4356849193573, 'it_s': 1.1071736809294368}
{'step': 29700, 'loss': 0.040771414209157225, 'lr': 1.5289068792904494e-05, 'gn': 2.778923511505127, 'it_s': 1.1073475702944853}
{'step': 29800, 'loss': 0.03889093596488238, 'lr': 1.5095184133597215e-05, 'gn': 2.922823905944824, 'it_s': 1.1075240175527041}
{'step': 29900, 'loss': 0.04071928048506379, 'lr': 1.490470641152345e-05, 'gn': 2.7679104804992676, 'it_s': 1.1077028725655922}
{'step': 30000, 'loss': 0.04117706008255482, 'lr': 1.47176518890222e-05, 'gn': 3.298990249633789, 'it_s': 1.1078766231983899}
  val 0.0314
{'step': 30100, 'loss': 0.039083138164132836, 'lr': 1.4534036536171351e-05, 'gn': 2.40429949760437, 'it_s': 1.1078879484988413}
{'step': 30200, 'loss': 0.04335956180468201, 'lr': 1.4353876029424203e-05, 'gn': 3.6449320316314697, 'it_s': 1.1080586935796564}
{'step': 30300, 'loss': 0.042245752457529304, 'lr': 1.4177185750271057e-05, 'gn': 3.75872802734375, 'it_s': 1.1082302185311006}
{'step': 30400, 'loss': 0.04069683235138655, 'lr': 1.400398078392602e-05, 'gn': 2.7592573165893555, 'it_s': 1.108465391376715}
{'step': 30500, 'loss': 0.039915660973638294, 'lr': 1.3834275918039054e-05, 'gn': 3.377181053161621, 'it_s': 1.1086417940268392}
{'step': 30600, 'loss': 0.0418197925016284, 'lr': 1.3668085641433464e-05, 'gn': 2.494143486022949, 'it_s': 1.1088074099440461}
{'step': 30700, 'loss': 0.038218112085014584, 'lr': 1.3505424142868898e-05, 'gn': 2.636728525161743, 'it_s': 1.1089777684206514}
{'step': 30800, 'loss': 0.03989436591044068, 'lr': 1.3346305309829971e-05, 'gn': 2.706505537033081, 'it_s': 1.1091491890952063}
{'step': 30900, 'loss': 0.038193560857325795, 'lr': 1.3190742727340562e-05, 'gn': 3.7261178493499756, 'it_s': 1.1093223648228885}
{'step': 31000, 'loss': 0.04046189546585083, 'lr': 1.3038749676803994e-05, 'gn': 7.399698257446289, 'it_s': 1.1095011455539654}
  val 0.0273
{'step': 31100, 'loss': 0.03965488029643893, 'lr': 1.289033913486914e-05, 'gn': 3.0927774906158447, 'it_s': 1.1095523057346053}
{'step': 31200, 'loss': 0.038967390041798354, 'lr': 1.2745523772322463e-05, 'gn': 2.7833049297332764, 'it_s': 1.10973330547293}
{'step': 31300, 'loss': 0.038960462994873525, 'lr': 1.2604315953006268e-05, 'gn': 3.351222515106201, 'it_s': 1.1099353115932469}
{'step': 31400, 'loss': 0.039910871591418984, 'lr': 1.2466727732763125e-05, 'gn': 3.5995779037475586, 'it_s': 1.1101144273850088}
{'step': 31500, 'loss': 0.04097792476415634, 'lr': 1.2332770858406538e-05, 'gn': 3.646552085876465, 'it_s': 1.110263134326944}
{'step': 31600, 'loss': 0.03863803597167134, 'lr': 1.2202456766718093e-05, 'gn': 3.846172332763672, 'it_s': 1.110418172641708}
{'step': 31700, 'loss': 0.03878568990156055, 'lr': 1.2075796583470986e-05, 'gn': 2.653621196746826, 'it_s': 1.1105847472415906}
{'step': 31800, 'loss': 0.03828634448349476, 'lr': 1.195280112248017e-05, 'gn': 2.905517101287842, 'it_s': 1.1107628913545395}
{'step': 31900, 'loss': 0.03875506492331624, 'lr': 1.183348088467908e-05, 'gn': 3.1506006717681885, 'it_s': 1.1109189765003669}
{'step': 32000, 'loss': 0.03673985186964274, 'lr': 1.1717846057223144e-05, 'gn': 3.891188621520996, 'it_s': 1.1110681841607521}
  val 0.0400
{'step': 32100, 'loss': 0.037876134496182205, 'lr': 1.1605906512619982e-05, 'gn': 2.6875016689300537, 'it_s': 1.1111292286648256}
{'step': 32200, 'loss': 0.03913627587258816, 'lr': 1.1497671807886566e-05, 'gn': 3.1127283573150635, 'it_s': 1.11129724701041}
{'step': 32300, 'loss': 0.03997143730521202, 'lr': 1.1393151183733261e-05, 'gn': 3.50544810295105, 'it_s': 1.1114506764070673}
{'step': 32400, 'loss': 0.03977417003363371, 'lr': 1.1292353563774874e-05, 'gn': 3.9809932708740234, 'it_s': 1.111600037855313}
{'step': 32500, 'loss': 0.03855928122997284, 'lr': 1.1195287553768822e-05, 'gn': 4.135377883911133, 'it_s': 1.1117507199894396}
{'step': 32600, 'loss': 0.041506964452564715, 'lr': 1.1101961440880354e-05, 'gn': 4.138848304748535, 'it_s': 1.1118965864879582}
{'step': 32700, 'loss': 0.041750157941132786, 'lr': 1.1012383192975042e-05, 'gn': 4.160144329071045, 'it_s': 1.1120518295992918}
{'step': 32800, 'loss': 0.040408366322517396, 'lr': 1.0926560457938536e-05, 'gn': 4.2441792488098145, 'it_s': 1.1121924157749128}
{'step': 32900, 'loss': 0.03912101767957211, 'lr': 1.084450056302357e-05, 'gn': 3.4300549030303955, 'it_s': 1.1123292952588022}
{'step': 33000, 'loss': 0.0419535175524652, 'lr': 1.076621051422442e-05, 'gn': 3.944368362426758, 'it_s': 1.1125390263262962}
  val 0.0331
{'step': 33100, 'loss': 0.04209366848692298, 'lr': 1.069169699567874e-05, 'gn': 5.588790416717529, 'it_s': 1.112560907644931}
{'step': 33200, 'loss': 0.04176024504005909, 'lr': 1.0620966369096884e-05, 'gn': 5.853401184082031, 'it_s': 1.112702694745599}
{'step': 33300, 'loss': 0.041448089461773634, 'lr': 1.0554024673218807e-05, 'gn': 5.110701560974121, 'it_s': 1.1128422151397692}
{'step': 33400, 'loss': 0.04069446427747607, 'lr': 1.0490877623298432e-05, 'gn': 3.38202166557312, 'it_s': 1.1129837003569782}
{'step': 33500, 'loss': 0.0406854554079473, 'lr': 1.0431530610615772e-05, 'gn': 4.445688247680664, 'it_s': 1.113129120972847}
{'step': 33600, 'loss': 0.04110247846692801, 'lr': 1.0375988702016577e-05, 'gn': 4.2382659912109375, 'it_s': 1.1132694753018593}
{'step': 33700, 'loss': 0.040311394203454254, 'lr': 1.0324256639479797e-05, 'gn': 3.5955851078033447, 'it_s': 1.113409238164434}
{'step': 33800, 'loss': 0.040508414823561906, 'lr': 1.0276338839712688e-05, 'gn': 4.131588935852051, 'it_s': 1.1135629478766573}
{'step': 33900, 'loss': 0.03954993791878223, 'lr': 1.0232239393773752e-05, 'gn': 4.0516462326049805, 'it_s': 1.1137339927863508}
{'step': 34000, 'loss': 0.03821108866482973, 'lr': 1.019196206672345e-05, 'gn': 4.855996131896973, 'it_s': 1.1138683177135191}
  val 0.0393
{'step': 34100, 'loss': 0.03965454328805208, 'lr': 1.0155510297302746e-05, 'gn': 5.086001396179199, 'it_s': 1.1138825673219153}
{'step': 34200, 'loss': 0.039964907616376874, 'lr': 1.012288719763954e-05, 'gn': 4.719031810760498, 'it_s': 1.1140113354649253}
{'step': 34300, 'loss': 0.04005425307899713, 'lr': 1.0094095552982939e-05, 'gn': 3.893749952316284, 'it_s': 1.1141401362638568}
{'step': 34400, 'loss': 0.04089644009247422, 'lr': 1.0069137821465474e-05, 'gn': 3.658059597015381, 'it_s': 1.1142796784573332}
{'step': 34500, 'loss': 0.03798762133345008, 'lr': 1.0048016133893242e-05, 'gn': 4.3444061279296875, 'it_s': 1.114413701362869}
{'step': 34600, 'loss': 0.03808852128684521, 'lr': 1.003073229356397e-05, 'gn': 4.515955924987793, 'it_s': 1.1145447408471258}
{'step': 34700, 'loss': 0.040173590555787085, 'lr': 1.0017287776113067e-05, 'gn': 3.318345546722412, 'it_s': 1.114723105272256}
{'step': 34800, 'loss': 0.036769109461456534, 'lr': 1.0007683729387629e-05, 'gn': 3.8866069316864014, 'it_s': 1.114878962739763}
{'step': 34900, 'loss': 0.03760302802547812, 'lr': 1.0001920973348446e-05, 'gn': 3.477734327316284, 'it_s': 1.1150200280285214}
{'step': 35000, 'loss': 0.03854679862037301, 'lr': 1e-05, 'gn': 4.471055030822754, 'it_s': 1.1151510209927167}
  val 0.0349
done 35000 steps in 523.2 min; best val 0.0218
