[transformers] Model config: bos_token_id must be `None` or an integer within the vocabulary (between 0 and 31999), got 49406. This may result in unexpected behavior.
[transformers] Model config: eos_token_id must be `None` or an integer within the vocabulary (between 0 and 31999), got 49407. This may result in unexpected behavior.
Loading weights:   0%|          | 0/408 [00:00<?, ?it/s]Loading weights: 100%|██████████| 408/408 [00:00<00:00, 27303.97it/s]
00:05.825  render           | Saved: '/tmp/clearvla_eval_opaque_13873.png'
00:06.133  render           | Saved: '/tmp/clearvla_eval_opaque_13873.png'
/Users/yogyamehrotra/miniconda3/envs/clearvla/lib/python3.11/site-packages/transformers/image_processing_backends.py:135: UserWarning: The given NumPy array is not writable, and PyTorch does not support non-writable tensors. This means writing to this tensor will result in undefined behavior. You may want to copy the array to protect its data or make it writable before converting it to a tensor. This type of warning will be suppressed for the rest of this program. (Triggered internally at /Users/runner/work/pytorch/pytorch/torch/csrc/utils/tensor_numpy.cpp:219.)
  image = torch.from_numpy(image).contiguous()
00:06.682  render           | Saved: '/tmp/clearvla_eval_opaque_13873.png'
00:06.985  render           | Saved: '/tmp/clearvla_eval_opaque_13873.png'
00:07.542  render           | Saved: '/tmp/clearvla_eval_opaque_13873.png'
00:07.850  render           | Saved: '/tmp/clearvla_eval_opaque_13873.png'
00:08.229  render           | Saved: '/tmp/clearvla_eval_opaque_13873.png'
00:08.534  render           | Saved: '/tmp/clearvla_eval_opaque_13873.png'
00:08.906  render           | Saved: '/tmp/clearvla_eval_opaque_13873.png'
00:09.215  render           | Saved: '/tmp/clearvla_eval_opaque_13873.png'
00:09.582  render           | Saved: '/tmp/clearvla_eval_opaque_13873.png'
00:09.892  render           | Saved: '/tmp/clearvla_eval_opaque_13873.png'
00:10.269  render           | Saved: '/tmp/clearvla_eval_opaque_13873.png'
00:10.577  render           | Saved: '/tmp/clearvla_eval_opaque_13873.png'
00:10.949  render           | Saved: '/tmp/clearvla_eval_opaque_13873.png'
00:11.257  render           | Saved: '/tmp/clearvla_eval_opaque_13873.png'
00:11.632  render           | Saved: '/tmp/clearvla_eval_opaque_13873.png'
00:11.940  render           | Saved: '/tmp/clearvla_eval_opaque_13873.png'
00:12.314  render           | Saved: '/tmp/clearvla_eval_opaque_13873.png'
00:12.617  render           | Saved: '/tmp/clearvla_eval_opaque_13873.png'
00:12.990  render           | Saved: '/tmp/clearvla_eval_opaque_13873.png'
00:13.300  render           | Saved: '/tmp/clearvla_eval_opaque_13873.png'
00:13.674  render           | Saved: '/tmp/clearvla_eval_opaque_13873.png'
00:13.977  render           | Saved: '/tmp/clearvla_eval_opaque_13873.png'
00:14.351  render           | Saved: '/tmp/clearvla_eval_opaque_13873.png'
00:14.656  render           | Saved: '/tmp/clearvla_eval_opaque_13873.png'
00:15.030  render           | Saved: '/tmp/clearvla_eval_opaque_13873.png'
00:15.337  render           | Saved: '/tmp/clearvla_eval_opaque_13873.png'
00:15.706  render           | Saved: '/tmp/clearvla_eval_opaque_13873.png'
00:16.007  render           | Saved: '/tmp/clearvla_eval_opaque_13873.png'
00:16.378  render           | Saved: '/tmp/clearvla_eval_opaque_13873.png'
00:16.687  render           | Saved: '/tmp/clearvla_eval_opaque_13873.png'
00:17.062  render           | Saved: '/tmp/clearvla_eval_opaque_13873.png'
00:17.366  render           | Saved: '/tmp/clearvla_eval_opaque_13873.png'
00:17.742  render           | Saved: '/tmp/clearvla_eval_opaque_13873.png'
00:18.045  render           | Saved: '/tmp/clearvla_eval_opaque_13873.png'
00:18.420  render           | Saved: '/tmp/clearvla_eval_opaque_13873.png'
00:18.720  render           | Saved: '/tmp/clearvla_eval_opaque_13873.png'
00:19.090  render           | Saved: '/tmp/clearvla_eval_opaque_13873.png'
00:19.398  render           | Saved: '/tmp/clearvla_eval_opaque_13873.png'
00:19.771  render           | Saved: '/tmp/clearvla_eval_opaque_13873.png'
00:20.077  render           | Saved: '/tmp/clearvla_eval_opaque_13873.png'
00:20.446  render           | Saved: '/tmp/clearvla_eval_opaque_13873.png'
00:20.749  render           | Saved: '/tmp/clearvla_eval_opaque_13873.png'
00:21.120  render           | Saved: '/tmp/clearvla_eval_opaque_13873.png'
00:21.425  render           | Saved: '/tmp/clearvla_eval_opaque_13873.png'
00:21.791  render           | Saved: '/tmp/clearvla_eval_opaque_13873.png'
00:22.097  render           | Saved: '/tmp/clearvla_eval_opaque_13873.png'
00:22.465  render           | Saved: '/tmp/clearvla_eval_opaque_13873.png'
00:22.770  render           | Saved: '/tmp/clearvla_eval_opaque_13873.png'
00:23.141  render           | Saved: '/tmp/clearvla_eval_opaque_13873.png'
00:23.443  render           | Saved: '/tmp/clearvla_eval_opaque_13873.png'
00:23.812  render           | Saved: '/tmp/clearvla_eval_opaque_13873.png'
00:24.119  render           | Saved: '/tmp/clearvla_eval_opaque_13873.png'
00:24.491  render           | Saved: '/tmp/clearvla_eval_opaque_13873.png'
00:24.797  render           | Saved: '/tmp/clearvla_eval_opaque_13873.png'
00:25.170  render           | Saved: '/tmp/clearvla_eval_opaque_13873.png'
00:25.474  render           | Saved: '/tmp/clearvla_eval_opaque_13873.png'
00:25.852  render           | Saved: '/tmp/clearvla_eval_opaque_13873.png'
00:26.155  render           | Saved: '/tmp/clearvla_eval_opaque_13873.png'
00:26.527  render           | Saved: '/tmp/clearvla_eval_opaque_13873.png'
00:26.834  render           | Saved: '/tmp/clearvla_eval_opaque_13873.png'
00:27.204  render           | Saved: '/tmp/clearvla_eval_opaque_13873.png'
00:27.506  render           | Saved: '/tmp/clearvla_eval_opaque_13873.png'
00:27.875  render           | Saved: '/tmp/clearvla_eval_opaque_13873.png'
00:28.180  render           | Saved: '/tmp/clearvla_eval_opaque_13873.png'
00:28.547  render           | Saved: '/tmp/clearvla_eval_opaque_13873.png'
00:28.854  render           | Saved: '/tmp/clearvla_eval_opaque_13873.png'
00:29.227  render           | Saved: '/tmp/clearvla_eval_opaque_13873.png'
00:29.531  render           | Saved: '/tmp/clearvla_eval_opaque_13873.png'
00:29.903  render           | Saved: '/tmp/clearvla_eval_opaque_13873.png'
00:30.205  render           | Saved: '/tmp/clearvla_eval_opaque_13873.png'
00:30.587  render           | Saved: '/tmp/clearvla_eval_opaque_13873.png'
00:30.890  render           | Saved: '/tmp/clearvla_eval_opaque_13873.png'
00:31.266  render           | Saved: '/tmp/clearvla_eval_opaque_13873.png'
00:31.568  render           | Saved: '/tmp/clearvla_eval_opaque_13873.png'
00:32.341  render           | Saved: '/tmp/clearvla_eval_opaque_13873.png'
00:32.655  render           | Saved: '/tmp/clearvla_eval_opaque_13873.png'
00:33.032  render           | Saved: '/tmp/clearvla_eval_opaque_13873.png'
00:33.346  render           | Saved: '/tmp/clearvla_eval_opaque_13873.png'
00:33.716  render           | Saved: '/tmp/clearvla_eval_opaque_13873.png'
00:34.021  render           | Saved: '/tmp/clearvla_eval_opaque_13873.png'
00:34.392  render           | Saved: '/tmp/clearvla_eval_opaque_13873.png'
00:34.700  render           | Saved: '/tmp/clearvla_eval_opaque_13873.png'
00:35.069  render           | Saved: '/tmp/clearvla_eval_opaque_13873.png'
00:35.376  render           | Saved: '/tmp/clearvla_eval_opaque_13873.png'
00:35.749  render           | Saved: '/tmp/clearvla_eval_opaque_13873.png'
00:36.056  render           | Saved: '/tmp/clearvla_eval_opaque_13873.png'
00:36.434  render           | Saved: '/tmp/clearvla_eval_opaque_13873.png'
00:36.744  render           | Saved: '/tmp/clearvla_eval_opaque_13873.png'
00:37.122  render           | Saved: '/tmp/clearvla_eval_opaque_13873.png'
00:37.432  render           | Saved: '/tmp/clearvla_eval_opaque_13873.png'
00:37.805  render           | Saved: '/tmp/clearvla_eval_opaque_13873.png'
00:38.110  render           | Saved: '/tmp/clearvla_eval_opaque_13873.png'
00:38.482  render           | Saved: '/tmp/clearvla_eval_opaque_13873.png'
00:38.791  render           | Saved: '/tmp/clearvla_eval_opaque_13873.png'
00:39.164  render           | Saved: '/tmp/clearvla_eval_opaque_13873.png'
00:39.467  render           | Saved: '/tmp/clearvla_eval_opaque_13873.png'
00:39.842  render           | Saved: '/tmp/clearvla_eval_opaque_13873.png'
00:40.144  render           | Saved: '/tmp/clearvla_eval_opaque_13873.png'
00:40.517  render           | Saved: '/tmp/clearvla_eval_opaque_13873.png'
00:40.822  render           | Saved: '/tmp/clearvla_eval_opaque_13873.png'
00:41.195  render           | Saved: '/tmp/clearvla_eval_opaque_13873.png'
00:41.505  render           | Saved: '/tmp/clearvla_eval_opaque_13873.png'
00:41.882  render           | Saved: '/tmp/clearvla_eval_opaque_13873.png'
00:42.185  render           | Saved: '/tmp/clearvla_eval_opaque_13873.png'
00:42.559  render           | Saved: '/tmp/clearvla_eval_opaque_13873.png'
00:42.861  render           | Saved: '/tmp/clearvla_eval_opaque_13873.png'
00:43.233  render           | Saved: '/tmp/clearvla_eval_opaque_13873.png'
00:43.537  render           | Saved: '/tmp/clearvla_eval_opaque_13873.png'
00:43.911  render           | Saved: '/tmp/clearvla_eval_opaque_13873.png'
00:44.218  render           | Saved: '/tmp/clearvla_eval_opaque_13873.png'
00:44.592  render           | Saved: '/tmp/clearvla_eval_opaque_13873.png'
00:44.900  render           | Saved: '/tmp/clearvla_eval_opaque_13873.png'
00:45.280  render           | Saved: '/tmp/clearvla_eval_opaque_13873.png'
00:45.587  render           | Saved: '/tmp/clearvla_eval_opaque_13873.png'
00:45.962  render           | Saved: '/tmp/clearvla_eval_opaque_13873.png'
00:46.266  render           | Saved: '/tmp/clearvla_eval_opaque_13873.png'
00:46.636  render           | Saved: '/tmp/clearvla_eval_opaque_13873.png'
00:46.945  render           | Saved: '/tmp/clearvla_eval_opaque_13873.png'
00:47.327  render           | Saved: '/tmp/clearvla_eval_opaque_13873.png'
00:47.634  render           | Saved: '/tmp/clearvla_eval_opaque_13873.png'
00:48.009  render           | Saved: '/tmp/clearvla_eval_opaque_13873.png'
00:48.314  render           | Saved: '/tmp/clearvla_eval_opaque_13873.png'
00:48.691  render           | Saved: '/tmp/clearvla_eval_opaque_13873.png'
00:48.992  render           | Saved: '/tmp/clearvla_eval_opaque_13873.png'
00:49.363  render           | Saved: '/tmp/clearvla_eval_opaque_13873.png'
00:49.663  render           | Saved: '/tmp/clearvla_eval_opaque_13873.png'
00:50.036  render           | Saved: '/tmp/clearvla_eval_opaque_13873.png'
00:50.337  render           | Saved: '/tmp/clearvla_eval_opaque_13873.png'
00:50.708  render           | Saved: '/tmp/clearvla_eval_opaque_13873.png'
00:51.014  render           | Saved: '/tmp/clearvla_eval_opaque_13873.png'
00:51.392  render           | Saved: '/tmp/clearvla_eval_opaque_13873.png'
00:51.693  render           | Saved: '/tmp/clearvla_eval_opaque_13873.png'
00:52.070  render           | Saved: '/tmp/clearvla_eval_opaque_13873.png'
00:52.377  render           | Saved: '/tmp/clearvla_eval_opaque_13873.png'
00:52.755  render           | Saved: '/tmp/clearvla_eval_opaque_13873.png'
00:53.061  render           | Saved: '/tmp/clearvla_eval_opaque_13873.png'
00:53.438  render           | Saved: '/tmp/clearvla_eval_opaque_13873.png'
00:53.746  render           | Saved: '/tmp/clearvla_eval_opaque_13873.png'
00:54.125  render           | Saved: '/tmp/clearvla_eval_opaque_13873.png'
00:54.436  render           | Saved: '/tmp/clearvla_eval_opaque_13873.png'
00:54.807  render           | Saved: '/tmp/clearvla_eval_opaque_13873.png'
00:55.112  render           | Saved: '/tmp/clearvla_eval_opaque_13873.png'
00:55.486  render           | Saved: '/tmp/clearvla_eval_opaque_13873.png'
00:55.794  render           | Saved: '/tmp/clearvla_eval_opaque_13873.png'
00:56.166  render           | Saved: '/tmp/clearvla_eval_opaque_13873.png'
00:56.472  render           | Saved: '/tmp/clearvla_eval_opaque_13873.png'
00:56.844  render           | Saved: '/tmp/clearvla_eval_opaque_13873.png'
00:57.159  render           | Saved: '/tmp/clearvla_eval_opaque_13873.png'
00:57.533  render           | Saved: '/tmp/clearvla_eval_opaque_13873.png'
00:57.837  render           | Saved: '/tmp/clearvla_eval_opaque_13873.png'
00:58.576  render           | Saved: '/tmp/clearvla_eval_opaque_13873.png'
00:58.883  render           | Saved: '/tmp/clearvla_eval_opaque_13873.png'
00:59.260  render           | Saved: '/tmp/clearvla_eval_opaque_13873.png'
00:59.570  render           | Saved: '/tmp/clearvla_eval_opaque_13873.png'
00:59.943  render           | Saved: '/tmp/clearvla_eval_opaque_13873.png'
01:00.253  render           | Saved: '/tmp/clearvla_eval_opaque_13873.png'
01:00.639  render           | Saved: '/tmp/clearvla_eval_opaque_13873.png'
01:00.949  render           | Saved: '/tmp/clearvla_eval_opaque_13873.png'
01:01.321  render           | Saved: '/tmp/clearvla_eval_opaque_13873.png'
01:01.633  render           | Saved: '/tmp/clearvla_eval_opaque_13873.png'
01:02.009  render           | Saved: '/tmp/clearvla_eval_opaque_13873.png'
01:02.315  render           | Saved: '/tmp/clearvla_eval_opaque_13873.png'
01:02.693  render           | Saved: '/tmp/clearvla_eval_opaque_13873.png'
01:02.997  render           | Saved: '/tmp/clearvla_eval_opaque_13873.png'
01:03.370  render           | Saved: '/tmp/clearvla_eval_opaque_13873.png'
01:03.682  render           | Saved: '/tmp/clearvla_eval_opaque_13873.png'
01:04.055  render           | Saved: '/tmp/clearvla_eval_opaque_13873.png'
01:04.363  render           | Saved: '/tmp/clearvla_eval_opaque_13873.png'
01:04.742  render           | Saved: '/tmp/clearvla_eval_opaque_13873.png'
01:05.051  render           | Saved: '/tmp/clearvla_eval_opaque_13873.png'
01:05.431  render           | Saved: '/tmp/clearvla_eval_opaque_13873.png'
01:05.743  render           | Saved: '/tmp/clearvla_eval_opaque_13873.png'
01:06.122  render           | Saved: '/tmp/clearvla_eval_opaque_13873.png'
01:06.430  render           | Saved: '/tmp/clearvla_eval_opaque_13873.png'
01:06.811  render           | Saved: '/tmp/clearvla_eval_opaque_13873.png'
01:07.125  render           | Saved: '/tmp/clearvla_eval_opaque_13873.png'
01:07.505  render           | Saved: '/tmp/clearvla_eval_opaque_13873.png'
01:07.815  render           | Saved: '/tmp/clearvla_eval_opaque_13873.png'
01:08.193  render           | Saved: '/tmp/clearvla_eval_opaque_13873.png'
01:08.500  render           | Saved: '/tmp/clearvla_eval_opaque_13873.png'
01:08.877  render           | Saved: '/tmp/clearvla_eval_opaque_13873.png'
01:09.183  render           | Saved: '/tmp/clearvla_eval_opaque_13873.png'
01:09.557  render           | Saved: '/tmp/clearvla_eval_opaque_13873.png'
01:09.865  render           | Saved: '/tmp/clearvla_eval_opaque_13873.png'
01:10.239  render           | Saved: '/tmp/clearvla_eval_opaque_13873.png'
01:10.555  render           | Saved: '/tmp/clearvla_eval_opaque_13873.png'
01:10.937  render           | Saved: '/tmp/clearvla_eval_opaque_13873.png'
01:11.246  render           | Saved: '/tmp/clearvla_eval_opaque_13873.png'
01:11.621  render           | Saved: '/tmp/clearvla_eval_opaque_13873.png'
01:11.931  render           | Saved: '/tmp/clearvla_eval_opaque_13873.png'
01:12.306  render           | Saved: '/tmp/clearvla_eval_opaque_13873.png'
01:12.619  render           | Saved: '/tmp/clearvla_eval_opaque_13873.png'
01:12.997  render           | Saved: '/tmp/clearvla_eval_opaque_13873.png'
01:13.307  render           | Saved: '/tmp/clearvla_eval_opaque_13873.png'
01:13.684  render           | Saved: '/tmp/clearvla_eval_opaque_13873.png'
01:13.990  render           | Saved: '/tmp/clearvla_eval_opaque_13873.png'
01:14.366  render           | Saved: '/tmp/clearvla_eval_opaque_13873.png'
01:14.675  render           | Saved: '/tmp/clearvla_eval_opaque_13873.png'
01:15.054  render           | Saved: '/tmp/clearvla_eval_opaque_13873.png'
01:15.364  render           | Saved: '/tmp/clearvla_eval_opaque_13873.png'
01:15.744  render           | Saved: '/tmp/clearvla_eval_opaque_13873.png'
01:16.052  render           | Saved: '/tmp/clearvla_eval_opaque_13873.png'
01:16.429  render           | Saved: '/tmp/clearvla_eval_opaque_13873.png'
01:16.740  render           | Saved: '/tmp/clearvla_eval_opaque_13873.png'
01:17.117  render           | Saved: '/tmp/clearvla_eval_opaque_13873.png'
01:17.424  render           | Saved: '/tmp/clearvla_eval_opaque_13873.png'
01:17.795  render           | Saved: '/tmp/clearvla_eval_opaque_13873.png'
01:18.100  render           | Saved: '/tmp/clearvla_eval_opaque_13873.png'
01:18.469  render           | Saved: '/tmp/clearvla_eval_opaque_13873.png'
01:18.779  render           | Saved: '/tmp/clearvla_eval_opaque_13873.png'
01:19.155  render           | Saved: '/tmp/clearvla_eval_opaque_13873.png'
01:19.464  render           | Saved: '/tmp/clearvla_eval_opaque_13873.png'
01:19.840  render           | Saved: '/tmp/clearvla_eval_opaque_13873.png'
01:20.152  render           | Saved: '/tmp/clearvla_eval_opaque_13873.png'
01:20.523  render           | Saved: '/tmp/clearvla_eval_opaque_13873.png'
01:20.831  render           | Saved: '/tmp/clearvla_eval_opaque_13873.png'
01:21.206  render           | Saved: '/tmp/clearvla_eval_opaque_13873.png'
01:21.515  render           | Saved: '/tmp/clearvla_eval_opaque_13873.png'
01:21.889  render           | Saved: '/tmp/clearvla_eval_opaque_13873.png'
01:22.196  render           | Saved: '/tmp/clearvla_eval_opaque_13873.png'
01:22.573  render           | Saved: '/tmp/clearvla_eval_opaque_13873.png'
01:22.884  render           | Saved: '/tmp/clearvla_eval_opaque_13873.png'
01:23.266  render           | Saved: '/tmp/clearvla_eval_opaque_13873.png'
01:23.572  render           | Saved: '/tmp/clearvla_eval_opaque_13873.png'
01:23.947  render           | Saved: '/tmp/clearvla_eval_opaque_13873.png'
01:24.252  render           | Saved: '/tmp/clearvla_eval_opaque_13873.png'
01:24.988  render           | Saved: '/tmp/clearvla_eval_opaque_13873.png'
01:25.298  render           | Saved: '/tmp/clearvla_eval_opaque_13873.png'
01:25.677  render           | Saved: '/tmp/clearvla_eval_opaque_13873.png'
01:25.989  render           | Saved: '/tmp/clearvla_eval_opaque_13873.png'
01:26.370  render           | Saved: '/tmp/clearvla_eval_opaque_13873.png'
01:26.680  render           | Saved: '/tmp/clearvla_eval_opaque_13873.png'
01:27.060  render           | Saved: '/tmp/clearvla_eval_opaque_13873.png'
01:27.375  render           | Saved: '/tmp/clearvla_eval_opaque_13873.png'
01:27.749  render           | Saved: '/tmp/clearvla_eval_opaque_13873.png'
01:28.063  render           | Saved: '/tmp/clearvla_eval_opaque_13873.png'
01:28.447  render           | Saved: '/tmp/clearvla_eval_opaque_13873.png'
01:28.761  render           | Saved: '/tmp/clearvla_eval_opaque_13873.png'
01:29.137  render           | Saved: '/tmp/clearvla_eval_opaque_13873.png'
01:29.442  render           | Saved: '/tmp/clearvla_eval_opaque_13873.png'
01:29.818  render           | Saved: '/tmp/clearvla_eval_opaque_13873.png'
01:30.130  render           | Saved: '/tmp/clearvla_eval_opaque_13873.png'
01:30.510  render           | Saved: '/tmp/clearvla_eval_opaque_13873.png'
01:30.821  render           | Saved: '/tmp/clearvla_eval_opaque_13873.png'
01:31.206  render           | Saved: '/tmp/clearvla_eval_opaque_13873.png'
01:31.511  render           | Saved: '/tmp/clearvla_eval_opaque_13873.png'
01:31.887  render           | Saved: '/tmp/clearvla_eval_opaque_13873.png'
01:32.192  render           | Saved: '/tmp/clearvla_eval_opaque_13873.png'
01:32.573  render           | Saved: '/tmp/clearvla_eval_opaque_13873.png'
01:32.880  render           | Saved: '/tmp/clearvla_eval_opaque_13873.png'
01:33.260  render           | Saved: '/tmp/clearvla_eval_opaque_13873.png'
01:33.566  render           | Saved: '/tmp/clearvla_eval_opaque_13873.png'
01:33.941  render           | Saved: '/tmp/clearvla_eval_opaque_13873.png'
01:34.250  render           | Saved: '/tmp/clearvla_eval_opaque_13873.png'
01:34.636  render           | Saved: '/tmp/clearvla_eval_opaque_13873.png'
01:34.944  render           | Saved: '/tmp/clearvla_eval_opaque_13873.png'
01:35.318  render           | Saved: '/tmp/clearvla_eval_opaque_13873.png'
01:35.629  render           | Saved: '/tmp/clearvla_eval_opaque_13873.png'
01:36.006  render           | Saved: '/tmp/clearvla_eval_opaque_13873.png'
01:36.316  render           | Saved: '/tmp/clearvla_eval_opaque_13873.png'
01:36.694  render           | Saved: '/tmp/clearvla_eval_opaque_13873.png'
01:36.998  render           | Saved: '/tmp/clearvla_eval_opaque_13873.png'
01:37.371  render           | Saved: '/tmp/clearvla_eval_opaque_13873.png'
01:37.677  render           | Saved: '/tmp/clearvla_eval_opaque_13873.png'
01:38.052  render           | Saved: '/tmp/clearvla_eval_opaque_13873.png'
01:38.358  render           | Saved: '/tmp/clearvla_eval_opaque_13873.png'
01:38.732  render           | Saved: '/tmp/clearvla_eval_opaque_13873.png'
01:39.040  render           | Saved: '/tmp/clearvla_eval_opaque_13873.png'
01:39.418  render           | Saved: '/tmp/clearvla_eval_opaque_13873.png'
01:39.726  render           | Saved: '/tmp/clearvla_eval_opaque_13873.png'
01:40.101  render           | Saved: '/tmp/clearvla_eval_opaque_13873.png'
01:40.410  render           | Saved: '/tmp/clearvla_eval_opaque_13873.png'
01:40.790  render           | Saved: '/tmp/clearvla_eval_opaque_13873.png'
01:41.099  render           | Saved: '/tmp/clearvla_eval_opaque_13873.png'
01:41.472  render           | Saved: '/tmp/clearvla_eval_opaque_13873.png'
01:41.780  render           | Saved: '/tmp/clearvla_eval_opaque_13873.png'
01:42.160  render           | Saved: '/tmp/clearvla_eval_opaque_13873.png'
01:42.465  render           | Saved: '/tmp/clearvla_eval_opaque_13873.png'
01:42.842  render           | Saved: '/tmp/clearvla_eval_opaque_13873.png'
01:43.153  render           | Saved: '/tmp/clearvla_eval_opaque_13873.png'
01:43.531  render           | Saved: '/tmp/clearvla_eval_opaque_13873.png'
01:43.838  render           | Saved: '/tmp/clearvla_eval_opaque_13873.png'
01:44.217  render           | Saved: '/tmp/clearvla_eval_opaque_13873.png'
01:44.524  render           | Saved: '/tmp/clearvla_eval_opaque_13873.png'
01:44.897  render           | Saved: '/tmp/clearvla_eval_opaque_13873.png'
01:45.206  render           | Saved: '/tmp/clearvla_eval_opaque_13873.png'
01:45.588  render           | Saved: '/tmp/clearvla_eval_opaque_13873.png'
01:45.894  render           | Saved: '/tmp/clearvla_eval_opaque_13873.png'
01:46.278  render           | Saved: '/tmp/clearvla_eval_opaque_13873.png'
01:46.586  render           | Saved: '/tmp/clearvla_eval_opaque_13873.png'
01:46.963  render           | Saved: '/tmp/clearvla_eval_opaque_13873.png'
01:47.280  render           | Saved: '/tmp/clearvla_eval_opaque_13873.png'
01:47.656  render           | Saved: '/tmp/clearvla_eval_opaque_13873.png'
01:47.968  render           | Saved: '/tmp/clearvla_eval_opaque_13873.png'
01:48.344  render           | Saved: '/tmp/clearvla_eval_opaque_13873.png'
01:48.650  render           | Saved: '/tmp/clearvla_eval_opaque_13873.png'
01:49.024  render           | Saved: '/tmp/clearvla_eval_opaque_13873.png'
01:49.333  render           | Saved: '/tmp/clearvla_eval_opaque_13873.png'
01:49.706  render           | Saved: '/tmp/clearvla_eval_opaque_13873.png'
01:50.017  render           | Saved: '/tmp/clearvla_eval_opaque_13873.png'
01:50.395  render           | Saved: '/tmp/clearvla_eval_opaque_13873.png'
01:50.703  render           | Saved: '/tmp/clearvla_eval_opaque_13873.png'
01:51.456  render           | Saved: '/tmp/clearvla_eval_opaque_13873.png'
01:51.767  render           | Saved: '/tmp/clearvla_eval_opaque_13873.png'
01:52.149  render           | Saved: '/tmp/clearvla_eval_opaque_13873.png'
01:52.461  render           | Saved: '/tmp/clearvla_eval_opaque_13873.png'
01:52.840  render           | Saved: '/tmp/clearvla_eval_opaque_13873.png'
01:53.154  render           | Saved: '/tmp/clearvla_eval_opaque_13873.png'
01:53.525  render           | Saved: '/tmp/clearvla_eval_opaque_13873.png'
01:53.837  render           | Saved: '/tmp/clearvla_eval_opaque_13873.png'
01:54.215  render           | Saved: '/tmp/clearvla_eval_opaque_13873.png'
01:54.530  render           | Saved: '/tmp/clearvla_eval_opaque_13873.png'
01:54.907  render           | Saved: '/tmp/clearvla_eval_opaque_13873.png'
01:55.218  render           | Saved: '/tmp/clearvla_eval_opaque_13873.png'
01:55.599  render           | Saved: '/tmp/clearvla_eval_opaque_13873.png'
01:55.915  render           | Saved: '/tmp/clearvla_eval_opaque_13873.png'
01:56.294  render           | Saved: '/tmp/clearvla_eval_opaque_13873.png'
01:56.617  render           | Saved: '/tmp/clearvla_eval_opaque_13873.png'
01:56.995  render           | Saved: '/tmp/clearvla_eval_opaque_13873.png'
01:57.302  render           | Saved: '/tmp/clearvla_eval_opaque_13873.png'
01:57.679  render           | Saved: '/tmp/clearvla_eval_opaque_13873.png'
01:57.989  render           | Saved: '/tmp/clearvla_eval_opaque_13873.png'
01:58.365  render           | Saved: '/tmp/clearvla_eval_opaque_13873.png'
01:58.678  render           | Saved: '/tmp/clearvla_eval_opaque_13873.png'
01:59.062  render           | Saved: '/tmp/clearvla_eval_opaque_13873.png'
01:59.367  render           | Saved: '/tmp/clearvla_eval_opaque_13873.png'
01:59.744  render           | Saved: '/tmp/clearvla_eval_opaque_13873.png'
02:00.051  render           | Saved: '/tmp/clearvla_eval_opaque_13873.png'
02:00.429  render           | Saved: '/tmp/clearvla_eval_opaque_13873.png'
02:00.736  render           | Saved: '/tmp/clearvla_eval_opaque_13873.png'
02:01.112  render           | Saved: '/tmp/clearvla_eval_opaque_13873.png'
02:01.423  render           | Saved: '/tmp/clearvla_eval_opaque_13873.png'
02:01.800  render           | Saved: '/tmp/clearvla_eval_opaque_13873.png'
02:02.107  render           | Saved: '/tmp/clearvla_eval_opaque_13873.png'
02:02.484  render           | Saved: '/tmp/clearvla_eval_opaque_13873.png'
02:02.799  render           | Saved: '/tmp/clearvla_eval_opaque_13873.png'
02:03.177  render           | Saved: '/tmp/clearvla_eval_opaque_13873.png'
02:03.488  render           | Saved: '/tmp/clearvla_eval_opaque_13873.png'
02:03.863  render           | Saved: '/tmp/clearvla_eval_opaque_13873.png'
02:04.171  render           | Saved: '/tmp/clearvla_eval_opaque_13873.png'
02:04.553  render           | Saved: '/tmp/clearvla_eval_opaque_13873.png'
02:04.857  render           | Saved: '/tmp/clearvla_eval_opaque_13873.png'
02:05.236  render           | Saved: '/tmp/clearvla_eval_opaque_13873.png'
02:05.540  render           | Saved: '/tmp/clearvla_eval_opaque_13873.png'
02:05.918  render           | Saved: '/tmp/clearvla_eval_opaque_13873.png'
02:06.226  render           | Saved: '/tmp/clearvla_eval_opaque_13873.png'
02:06.609  render           | Saved: '/tmp/clearvla_eval_opaque_13873.png'
02:06.919  render           | Saved: '/tmp/clearvla_eval_opaque_13873.png'
02:07.296  render           | Saved: '/tmp/clearvla_eval_opaque_13873.png'
02:07.610  render           | Saved: '/tmp/clearvla_eval_opaque_13873.png'
02:07.990  render           | Saved: '/tmp/clearvla_eval_opaque_13873.png'
02:08.303  render           | Saved: '/tmp/clearvla_eval_opaque_13873.png'
02:08.687  render           | Saved: '/tmp/clearvla_eval_opaque_13873.png'
02:08.998  render           | Saved: '/tmp/clearvla_eval_opaque_13873.png'
02:09.377  render           | Saved: '/tmp/clearvla_eval_opaque_13873.png'
02:09.684  render           | Saved: '/tmp/clearvla_eval_opaque_13873.png'
02:10.065  render           | Saved: '/tmp/clearvla_eval_opaque_13873.png'
02:10.374  render           | Saved: '/tmp/clearvla_eval_opaque_13873.png'
02:10.755  render           | Saved: '/tmp/clearvla_eval_opaque_13873.png'
02:11.068  render           | Saved: '/tmp/clearvla_eval_opaque_13873.png'
02:11.449  render           | Saved: '/tmp/clearvla_eval_opaque_13873.png'
02:11.761  render           | Saved: '/tmp/clearvla_eval_opaque_13873.png'
02:12.138  render           | Saved: '/tmp/clearvla_eval_opaque_13873.png'
02:12.445  render           | Saved: '/tmp/clearvla_eval_opaque_13873.png'
02:12.828  render           | Saved: '/tmp/clearvla_eval_opaque_13873.png'
02:13.135  render           | Saved: '/tmp/clearvla_eval_opaque_13873.png'
02:13.511  render           | Saved: '/tmp/clearvla_eval_opaque_13873.png'
02:13.818  render           | Saved: '/tmp/clearvla_eval_opaque_13873.png'
02:14.196  render           | Saved: '/tmp/clearvla_eval_opaque_13873.png'
02:14.500  render           | Saved: '/tmp/clearvla_eval_opaque_13873.png'
02:14.875  render           | Saved: '/tmp/clearvla_eval_opaque_13873.png'
02:15.182  render           | Saved: '/tmp/clearvla_eval_opaque_13873.png'
02:15.557  render           | Saved: '/tmp/clearvla_eval_opaque_13873.png'
02:15.864  render           | Saved: '/tmp/clearvla_eval_opaque_13873.png'
02:16.240  render           | Saved: '/tmp/clearvla_eval_opaque_13873.png'
02:16.553  render           | Saved: '/tmp/clearvla_eval_opaque_13873.png'
02:16.934  render           | Saved: '/tmp/clearvla_eval_opaque_13873.png'
02:17.240  render           | Saved: '/tmp/clearvla_eval_opaque_13873.png'
02:17.992  render           | Saved: '/tmp/clearvla_eval_opaque_13873.png'
02:18.298  render           | Saved: '/tmp/clearvla_eval_opaque_13873.png'
02:18.680  render           | Saved: '/tmp/clearvla_eval_opaque_13873.png'
02:18.991  render           | Saved: '/tmp/clearvla_eval_opaque_13873.png'
02:19.365  render           | Saved: '/tmp/clearvla_eval_opaque_13873.png'
02:19.676  render           | Saved: '/tmp/clearvla_eval_opaque_13873.png'
02:20.054  render           | Saved: '/tmp/clearvla_eval_opaque_13873.png'
02:20.361  render           | Saved: '/tmp/clearvla_eval_opaque_13873.png'
02:20.735  render           | Saved: '/tmp/clearvla_eval_opaque_13873.png'
02:21.048  render           | Saved: '/tmp/clearvla_eval_opaque_13873.png'
02:21.421  render           | Saved: '/tmp/clearvla_eval_opaque_13873.png'
02:21.731  render           | Saved: '/tmp/clearvla_eval_opaque_13873.png'
02:22.107  render           | Saved: '/tmp/clearvla_eval_opaque_13873.png'
02:22.414  render           | Saved: '/tmp/clearvla_eval_opaque_13873.png'
02:22.795  render           | Saved: '/tmp/clearvla_eval_opaque_13873.png'
02:23.106  render           | Saved: '/tmp/clearvla_eval_opaque_13873.png'
02:23.489  render           | Saved: '/tmp/clearvla_eval_opaque_13873.png'
02:23.799  render           | Saved: '/tmp/clearvla_eval_opaque_13873.png'
02:24.182  render           | Saved: '/tmp/clearvla_eval_opaque_13873.png'
02:24.493  render           | Saved: '/tmp/clearvla_eval_opaque_13873.png'
02:24.872  render           | Saved: '/tmp/clearvla_eval_opaque_13873.png'
02:25.183  render           | Saved: '/tmp/clearvla_eval_opaque_13873.png'
02:25.567  render           | Saved: '/tmp/clearvla_eval_opaque_13873.png'
02:25.878  render           | Saved: '/tmp/clearvla_eval_opaque_13873.png'
02:26.258  render           | Saved: '/tmp/clearvla_eval_opaque_13873.png'
02:26.564  render           | Saved: '/tmp/clearvla_eval_opaque_13873.png'
02:26.946  render           | Saved: '/tmp/clearvla_eval_opaque_13873.png'
02:27.256  render           | Saved: '/tmp/clearvla_eval_opaque_13873.png'
02:27.637  render           | Saved: '/tmp/clearvla_eval_opaque_13873.png'
02:27.948  render           | Saved: '/tmp/clearvla_eval_opaque_13873.png'
02:28.324  render           | Saved: '/tmp/clearvla_eval_opaque_13873.png'
02:28.630  render           | Saved: '/tmp/clearvla_eval_opaque_13873.png'
02:29.010  render           | Saved: '/tmp/clearvla_eval_opaque_13873.png'
02:29.321  render           | Saved: '/tmp/clearvla_eval_opaque_13873.png'
02:29.699  render           | Saved: '/tmp/clearvla_eval_opaque_13873.png'
02:30.007  render           | Saved: '/tmp/clearvla_eval_opaque_13873.png'
02:30.387  render           | Saved: '/tmp/clearvla_eval_opaque_13873.png'
02:30.697  render           | Saved: '/tmp/clearvla_eval_opaque_13873.png'
02:31.076  render           | Saved: '/tmp/clearvla_eval_opaque_13873.png'
02:31.385  render           | Saved: '/tmp/clearvla_eval_opaque_13873.png'
02:31.782  render           | Saved: '/tmp/clearvla_eval_opaque_13873.png'
02:32.092  render           | Saved: '/tmp/clearvla_eval_opaque_13873.png'
02:32.469  render           | Saved: '/tmp/clearvla_eval_opaque_13873.png'
02:32.793  render           | Saved: '/tmp/clearvla_eval_opaque_13873.png'
02:33.173  render           | Saved: '/tmp/clearvla_eval_opaque_13873.png'
02:33.481  render           | Saved: '/tmp/clearvla_eval_opaque_13873.png'
02:33.857  render           | Saved: '/tmp/clearvla_eval_opaque_13873.png'
02:34.167  render           | Saved: '/tmp/clearvla_eval_opaque_13873.png'
02:34.545  render           | Saved: '/tmp/clearvla_eval_opaque_13873.png'
02:34.854  render           | Saved: '/tmp/clearvla_eval_opaque_13873.png'
02:35.230  render           | Saved: '/tmp/clearvla_eval_opaque_13873.png'
02:35.541  render           | Saved: '/tmp/clearvla_eval_opaque_13873.png'
02:35.915  render           | Saved: '/tmp/clearvla_eval_opaque_13873.png'
02:36.226  render           | Saved: '/tmp/clearvla_eval_opaque_13873.png'
02:36.605  render           | Saved: '/tmp/clearvla_eval_opaque_13873.png'
02:36.910  render           | Saved: '/tmp/clearvla_eval_opaque_13873.png'
02:37.284  render           | Saved: '/tmp/clearvla_eval_opaque_13873.png'
02:37.593  render           | Saved: '/tmp/clearvla_eval_opaque_13873.png'
02:37.970  render           | Saved: '/tmp/clearvla_eval_opaque_13873.png'
02:38.274  render           | Saved: '/tmp/clearvla_eval_opaque_13873.png'
02:38.650  render           | Saved: '/tmp/clearvla_eval_opaque_13873.png'
02:38.955  render           | Saved: '/tmp/clearvla_eval_opaque_13873.png'
02:39.339  render           | Saved: '/tmp/clearvla_eval_opaque_13873.png'
02:39.652  render           | Saved: '/tmp/clearvla_eval_opaque_13873.png'
02:40.029  render           | Saved: '/tmp/clearvla_eval_opaque_13873.png'
02:40.338  render           | Saved: '/tmp/clearvla_eval_opaque_13873.png'
02:40.720  render           | Saved: '/tmp/clearvla_eval_opaque_13873.png'
02:41.036  render           | Saved: '/tmp/clearvla_eval_opaque_13873.png'
02:41.410  render           | Saved: '/tmp/clearvla_eval_opaque_13873.png'
02:41.723  render           | Saved: '/tmp/clearvla_eval_opaque_13873.png'
02:42.105  render           | Saved: '/tmp/clearvla_eval_opaque_13873.png'
02:42.412  render           | Saved: '/tmp/clearvla_eval_opaque_13873.png'
02:42.791  render           | Saved: '/tmp/clearvla_eval_opaque_13873.png'
02:43.098  render           | Saved: '/tmp/clearvla_eval_opaque_13873.png'
02:43.479  render           | Saved: '/tmp/clearvla_eval_opaque_13873.png'
02:43.790  render           | Saved: '/tmp/clearvla_eval_opaque_13873.png'
02:44.536  render           | Saved: '/tmp/clearvla_eval_opaque_13873.png'
02:44.845  render           | Saved: '/tmp/clearvla_eval_opaque_13873.png'
02:45.222  render           | Saved: '/tmp/clearvla_eval_opaque_13873.png'
02:45.538  render           | Saved: '/tmp/clearvla_eval_opaque_13873.png'
02:45.917  render           | Saved: '/tmp/clearvla_eval_opaque_13873.png'
02:46.228  render           | Saved: '/tmp/clearvla_eval_opaque_13873.png'
02:46.604  render           | Saved: '/tmp/clearvla_eval_opaque_13873.png'
02:46.919  render           | Saved: '/tmp/clearvla_eval_opaque_13873.png'
02:47.299  render           | Saved: '/tmp/clearvla_eval_opaque_13873.png'
02:47.612  render           | Saved: '/tmp/clearvla_eval_opaque_13873.png'
02:47.987  render           | Saved: '/tmp/clearvla_eval_opaque_13873.png'
02:48.298  render           | Saved: '/tmp/clearvla_eval_opaque_13873.png'
02:48.679  render           | Saved: '/tmp/clearvla_eval_opaque_13873.png'
02:48.986  render           | Saved: '/tmp/clearvla_eval_opaque_13873.png'
02:49.367  render           | Saved: '/tmp/clearvla_eval_opaque_13873.png'
02:49.680  render           | Saved: '/tmp/clearvla_eval_opaque_13873.png'
02:50.056  render           | Saved: '/tmp/clearvla_eval_opaque_13873.png'
02:50.366  render           | Saved: '/tmp/clearvla_eval_opaque_13873.png'
02:50.754  render           | Saved: '/tmp/clearvla_eval_opaque_13873.png'
02:51.063  render           | Saved: '/tmp/clearvla_eval_opaque_13873.png'
02:51.445  render           | Saved: '/tmp/clearvla_eval_opaque_13873.png'
02:51.756  render           | Saved: '/tmp/clearvla_eval_opaque_13873.png'
02:52.132  render           | Saved: '/tmp/clearvla_eval_opaque_13873.png'
02:52.443  render           | Saved: '/tmp/clearvla_eval_opaque_13873.png'
02:52.818  render           | Saved: '/tmp/clearvla_eval_opaque_13873.png'
02:53.124  render           | Saved: '/tmp/clearvla_eval_opaque_13873.png'
02:53.503  render           | Saved: '/tmp/clearvla_eval_opaque_13873.png'
02:53.811  render           | Saved: '/tmp/clearvla_eval_opaque_13873.png'
02:54.191  render           | Saved: '/tmp/clearvla_eval_opaque_13873.png'
02:54.502  render           | Saved: '/tmp/clearvla_eval_opaque_13873.png'
02:54.878  render           | Saved: '/tmp/clearvla_eval_opaque_13873.png'
02:55.186  render           | Saved: '/tmp/clearvla_eval_opaque_13873.png'
02:55.566  render           | Saved: '/tmp/clearvla_eval_opaque_13873.png'
02:55.874  render           | Saved: '/tmp/clearvla_eval_opaque_13873.png'
02:56.254  render           | Saved: '/tmp/clearvla_eval_opaque_13873.png'
02:56.560  render           | Saved: '/tmp/clearvla_eval_opaque_13873.png'
02:56.936  render           | Saved: '/tmp/clearvla_eval_opaque_13873.png'
02:57.248  render           | Saved: '/tmp/clearvla_eval_opaque_13873.png'
02:57.625  render           | Saved: '/tmp/clearvla_eval_opaque_13873.png'
02:57.932  render           | Saved: '/tmp/clearvla_eval_opaque_13873.png'
02:58.304  render           | Saved: '/tmp/clearvla_eval_opaque_13873.png'
02:58.611  render           | Saved: '/tmp/clearvla_eval_opaque_13873.png'
02:58.998  render           | Saved: '/tmp/clearvla_eval_opaque_13873.png'
02:59.313  render           | Saved: '/tmp/clearvla_eval_opaque_13873.png'
02:59.691  render           | Saved: '/tmp/clearvla_eval_opaque_13873.png'
02:59.997  render           | Saved: '/tmp/clearvla_eval_opaque_13873.png'
03:00.376  render           | Saved: '/tmp/clearvla_eval_opaque_13873.png'
03:00.683  render           | Saved: '/tmp/clearvla_eval_opaque_13873.png'
03:01.054  render           | Saved: '/tmp/clearvla_eval_opaque_13873.png'
03:01.377  render           | Saved: '/tmp/clearvla_eval_opaque_13873.png'
03:01.761  render           | Saved: '/tmp/clearvla_eval_opaque_13873.png'
03:02.070  render           | Saved: '/tmp/clearvla_eval_opaque_13873.png'
03:02.443  render           | Saved: '/tmp/clearvla_eval_opaque_13873.png'
03:02.755  render           | Saved: '/tmp/clearvla_eval_opaque_13873.png'
03:03.136  render           | Saved: '/tmp/clearvla_eval_opaque_13873.png'
03:03.448  render           | Saved: '/tmp/clearvla_eval_opaque_13873.png'
03:03.825  render           | Saved: '/tmp/clearvla_eval_opaque_13873.png'
03:04.134  render           | Saved: '/tmp/clearvla_eval_opaque_13873.png'
03:04.511  render           | Saved: '/tmp/clearvla_eval_opaque_13873.png'
03:04.819  render           | Saved: '/tmp/clearvla_eval_opaque_13873.png'
03:05.198  render           | Saved: '/tmp/clearvla_eval_opaque_13873.png'
03:05.505  render           | Saved: '/tmp/clearvla_eval_opaque_13873.png'
03:05.885  render           | Saved: '/tmp/clearvla_eval_opaque_13873.png'
03:06.190  render           | Saved: '/tmp/clearvla_eval_opaque_13873.png'
03:06.568  render           | Saved: '/tmp/clearvla_eval_opaque_13873.png'
03:06.876  render           | Saved: '/tmp/clearvla_eval_opaque_13873.png'
03:07.251  render           | Saved: '/tmp/clearvla_eval_opaque_13873.png'
03:07.556  render           | Saved: '/tmp/clearvla_eval_opaque_13873.png'
03:07.931  render           | Saved: '/tmp/clearvla_eval_opaque_13873.png'
03:08.238  render           | Saved: '/tmp/clearvla_eval_opaque_13873.png'
03:08.612  render           | Saved: '/tmp/clearvla_eval_opaque_13873.png'
03:08.923  render           | Saved: '/tmp/clearvla_eval_opaque_13873.png'
03:09.302  render           | Saved: '/tmp/clearvla_eval_opaque_13873.png'
03:09.611  render           | Saved: '/tmp/clearvla_eval_opaque_13873.png'
03:09.990  render           | Saved: '/tmp/clearvla_eval_opaque_13873.png'
03:10.300  render           | Saved: '/tmp/clearvla_eval_opaque_13873.png'
03:11.040  render           | Saved: '/tmp/clearvla_eval_opaque_13873.png'
03:11.357  render           | Saved: '/tmp/clearvla_eval_opaque_13873.png'
03:11.743  render           | Saved: '/tmp/clearvla_eval_opaque_13873.png'
03:12.056  render           | Saved: '/tmp/clearvla_eval_opaque_13873.png'
03:12.435  render           | Saved: '/tmp/clearvla_eval_opaque_13873.png'
03:12.743  render           | Saved: '/tmp/clearvla_eval_opaque_13873.png'
03:13.119  render           | Saved: '/tmp/clearvla_eval_opaque_13873.png'
03:13.431  render           | Saved: '/tmp/clearvla_eval_opaque_13873.png'
03:13.807  render           | Saved: '/tmp/clearvla_eval_opaque_13873.png'
03:14.122  render           | Saved: '/tmp/clearvla_eval_opaque_13873.png'
03:14.507  render           | Saved: '/tmp/clearvla_eval_opaque_13873.png'
03:14.815  render           | Saved: '/tmp/clearvla_eval_opaque_13873.png'
03:15.189  render           | Saved: '/tmp/clearvla_eval_opaque_13873.png'
03:15.499  render           | Saved: '/tmp/clearvla_eval_opaque_13873.png'
03:15.878  render           | Saved: '/tmp/clearvla_eval_opaque_13873.png'
03:16.186  render           | Saved: '/tmp/clearvla_eval_opaque_13873.png'
03:16.562  render           | Saved: '/tmp/clearvla_eval_opaque_13873.png'
03:16.870  render           | Saved: '/tmp/clearvla_eval_opaque_13873.png'
03:17.243  render           | Saved: '/tmp/clearvla_eval_opaque_13873.png'
03:17.552  render           | Saved: '/tmp/clearvla_eval_opaque_13873.png'
03:17.929  render           | Saved: '/tmp/clearvla_eval_opaque_13873.png'
03:18.241  render           | Saved: '/tmp/clearvla_eval_opaque_13873.png'
03:18.619  render           | Saved: '/tmp/clearvla_eval_opaque_13873.png'
03:18.923  render           | Saved: '/tmp/clearvla_eval_opaque_13873.png'
03:19.305  render           | Saved: '/tmp/clearvla_eval_opaque_13873.png'
03:19.615  render           | Saved: '/tmp/clearvla_eval_opaque_13873.png'
03:19.995  render           | Saved: '/tmp/clearvla_eval_opaque_13873.png'
03:20.308  render           | Saved: '/tmp/clearvla_eval_opaque_13873.png'
03:20.685  render           | Saved: '/tmp/clearvla_eval_opaque_13873.png'
03:20.993  render           | Saved: '/tmp/clearvla_eval_opaque_13873.png'
03:21.372  render           | Saved: '/tmp/clearvla_eval_opaque_13873.png'
03:21.683  render           | Saved: '/tmp/clearvla_eval_opaque_13873.png'
03:22.060  render           | Saved: '/tmp/clearvla_eval_opaque_13873.png'
03:22.369  render           | Saved: '/tmp/clearvla_eval_opaque_13873.png'
03:22.746  render           | Saved: '/tmp/clearvla_eval_opaque_13873.png'
03:23.054  render           | Saved: '/tmp/clearvla_eval_opaque_13873.png'
03:23.428  render           | Saved: '/tmp/clearvla_eval_opaque_13873.png'
03:23.737  render           | Saved: '/tmp/clearvla_eval_opaque_13873.png'
03:24.123  render           | Saved: '/tmp/clearvla_eval_opaque_13873.png'
03:24.433  render           | Saved: '/tmp/clearvla_eval_opaque_13873.png'
03:24.810  render           | Saved: '/tmp/clearvla_eval_opaque_13873.png'
03:25.119  render           | Saved: '/tmp/clearvla_eval_opaque_13873.png'
03:25.495  render           | Saved: '/tmp/clearvla_eval_opaque_13873.png'
03:25.808  render           | Saved: '/tmp/clearvla_eval_opaque_13873.png'
03:26.189  render           | Saved: '/tmp/clearvla_eval_opaque_13873.png'
03:26.495  render           | Saved: '/tmp/clearvla_eval_opaque_13873.png'
03:26.874  render           | Saved: '/tmp/clearvla_eval_opaque_13873.png'
03:27.182  render           | Saved: '/tmp/clearvla_eval_opaque_13873.png'
03:27.564  render           | Saved: '/tmp/clearvla_eval_opaque_13873.png'
03:27.873  render           | Saved: '/tmp/clearvla_eval_opaque_13873.png'
03:28.250  render           | Saved: '/tmp/clearvla_eval_opaque_13873.png'
03:28.554  render           | Saved: '/tmp/clearvla_eval_opaque_13873.png'
03:28.931  render           | Saved: '/tmp/clearvla_eval_opaque_13873.png'
03:29.241  render           | Saved: '/tmp/clearvla_eval_opaque_13873.png'
03:29.620  render           | Saved: '/tmp/clearvla_eval_opaque_13873.png'
03:29.924  render           | Saved: '/tmp/clearvla_eval_opaque_13873.png'
03:30.302  render           | Saved: '/tmp/clearvla_eval_opaque_13873.png'
03:30.612  render           | Saved: '/tmp/clearvla_eval_opaque_13873.png'
03:30.996  render           | Saved: '/tmp/clearvla_eval_opaque_13873.png'
03:31.301  render           | Saved: '/tmp/clearvla_eval_opaque_13873.png'
03:31.678  render           | Saved: '/tmp/clearvla_eval_opaque_13873.png'
03:31.987  render           | Saved: '/tmp/clearvla_eval_opaque_13873.png'
03:32.371  render           | Saved: '/tmp/clearvla_eval_opaque_13873.png'
03:32.683  render           | Saved: '/tmp/clearvla_eval_opaque_13873.png'
03:33.065  render           | Saved: '/tmp/clearvla_eval_opaque_13873.png'
03:33.371  render           | Saved: '/tmp/clearvla_eval_opaque_13873.png'
03:33.746  render           | Saved: '/tmp/clearvla_eval_opaque_13873.png'
03:34.054  render           | Saved: '/tmp/clearvla_eval_opaque_13873.png'
03:34.437  render           | Saved: '/tmp/clearvla_eval_opaque_13873.png'
03:34.748  render           | Saved: '/tmp/clearvla_eval_opaque_13873.png'
03:35.127  render           | Saved: '/tmp/clearvla_eval_opaque_13873.png'
03:35.432  render           | Saved: '/tmp/clearvla_eval_opaque_13873.png'
03:35.810  render           | Saved: '/tmp/clearvla_eval_opaque_13873.png'
03:36.119  render           | Saved: '/tmp/clearvla_eval_opaque_13873.png'
03:36.494  render           | Saved: '/tmp/clearvla_eval_opaque_13873.png'
03:36.818  render           | Saved: '/tmp/clearvla_eval_opaque_13873.png'
03:37.563  render           | Saved: '/tmp/clearvla_eval_opaque_13873.png'
03:37.875  render           | Saved: '/tmp/clearvla_eval_opaque_13873.png'
03:38.249  render           | Saved: '/tmp/clearvla_eval_opaque_13873.png'
03:38.563  render           | Saved: '/tmp/clearvla_eval_opaque_13873.png'
03:38.936  render           | Saved: '/tmp/clearvla_eval_opaque_13873.png'
03:39.260  render           | Saved: '/tmp/clearvla_eval_opaque_13873.png'
03:39.637  render           | Saved: '/tmp/clearvla_eval_opaque_13873.png'
03:39.948  render           | Saved: '/tmp/clearvla_eval_opaque_13873.png'
03:40.319  render           | Saved: '/tmp/clearvla_eval_opaque_13873.png'
03:40.636  render           | Saved: '/tmp/clearvla_eval_opaque_13873.png'
03:41.011  render           | Saved: '/tmp/clearvla_eval_opaque_13873.png'
03:41.318  render           | Saved: '/tmp/clearvla_eval_opaque_13873.png'
03:41.696  render           | Saved: '/tmp/clearvla_eval_opaque_13873.png'
03:42.003  render           | Saved: '/tmp/clearvla_eval_opaque_13873.png'
03:42.382  render           | Saved: '/tmp/clearvla_eval_opaque_13873.png'
03:42.694  render           | Saved: '/tmp/clearvla_eval_opaque_13873.png'
03:43.071  render           | Saved: '/tmp/clearvla_eval_opaque_13873.png'
03:43.378  render           | Saved: '/tmp/clearvla_eval_opaque_13873.png'
03:43.757  render           | Saved: '/tmp/clearvla_eval_opaque_13873.png'
03:44.067  render           | Saved: '/tmp/clearvla_eval_opaque_13873.png'
03:44.445  render           | Saved: '/tmp/clearvla_eval_opaque_13873.png'
03:44.753  render           | Saved: '/tmp/clearvla_eval_opaque_13873.png'
03:45.128  render           | Saved: '/tmp/clearvla_eval_opaque_13873.png'
03:45.435  render           | Saved: '/tmp/clearvla_eval_opaque_13873.png'
03:45.808  render           | Saved: '/tmp/clearvla_eval_opaque_13873.png'
03:46.118  render           | Saved: '/tmp/clearvla_eval_opaque_13873.png'
03:46.497  render           | Saved: '/tmp/clearvla_eval_opaque_13873.png'
03:46.802  render           | Saved: '/tmp/clearvla_eval_opaque_13873.png'
03:47.176  render           | Saved: '/tmp/clearvla_eval_opaque_13873.png'
03:47.498  render           | Saved: '/tmp/clearvla_eval_opaque_13873.png'
03:47.884  render           | Saved: '/tmp/clearvla_eval_opaque_13873.png'
03:48.193  render           | Saved: '/tmp/clearvla_eval_opaque_13873.png'
03:48.568  render           | Saved: '/tmp/clearvla_eval_opaque_13873.png'
03:48.882  render           | Saved: '/tmp/clearvla_eval_opaque_13873.png'
03:49.260  render           | Saved: '/tmp/clearvla_eval_opaque_13873.png'
03:49.569  render           | Saved: '/tmp/clearvla_eval_opaque_13873.png'
03:49.948  render           | Saved: '/tmp/clearvla_eval_opaque_13873.png'
03:50.259  render           | Saved: '/tmp/clearvla_eval_opaque_13873.png'
03:50.637  render           | Saved: '/tmp/clearvla_eval_opaque_13873.png'
03:50.945  render           | Saved: '/tmp/clearvla_eval_opaque_13873.png'
03:51.323  render           | Saved: '/tmp/clearvla_eval_opaque_13873.png'
03:51.629  render           | Saved: '/tmp/clearvla_eval_opaque_13873.png'
03:52.016  render           | Saved: '/tmp/clearvla_eval_opaque_13873.png'
03:52.326  render           | Saved: '/tmp/clearvla_eval_opaque_13873.png'
03:52.703  render           | Saved: '/tmp/clearvla_eval_opaque_13873.png'
03:53.012  render           | Saved: '/tmp/clearvla_eval_opaque_13873.png'
03:53.386  render           | Saved: '/tmp/clearvla_eval_opaque_13873.png'
03:53.692  render           | Saved: '/tmp/clearvla_eval_opaque_13873.png'
03:54.073  render           | Saved: '/tmp/clearvla_eval_opaque_13873.png'
03:54.380  render           | Saved: '/tmp/clearvla_eval_opaque_13873.png'
03:54.758  render           | Saved: '/tmp/clearvla_eval_opaque_13873.png'
03:55.067  render           | Saved: '/tmp/clearvla_eval_opaque_13873.png'
03:55.447  render           | Saved: '/tmp/clearvla_eval_opaque_13873.png'
03:55.751  render           | Saved: '/tmp/clearvla_eval_opaque_13873.png'
03:56.126  render           | Saved: '/tmp/clearvla_eval_opaque_13873.png'
03:56.435  render           | Saved: '/tmp/clearvla_eval_opaque_13873.png'
03:56.811  render           | Saved: '/tmp/clearvla_eval_opaque_13873.png'
03:57.118  render           | Saved: '/tmp/clearvla_eval_opaque_13873.png'
03:57.489  render           | Saved: '/tmp/clearvla_eval_opaque_13873.png'
03:57.797  render           | Saved: '/tmp/clearvla_eval_opaque_13873.png'
03:58.174  render           | Saved: '/tmp/clearvla_eval_opaque_13873.png'
03:58.484  render           | Saved: '/tmp/clearvla_eval_opaque_13873.png'
03:58.861  render           | Saved: '/tmp/clearvla_eval_opaque_13873.png'
03:59.169  render           | Saved: '/tmp/clearvla_eval_opaque_13873.png'
03:59.548  render           | Saved: '/tmp/clearvla_eval_opaque_13873.png'
03:59.857  render           | Saved: '/tmp/clearvla_eval_opaque_13873.png'
04:00.236  render           | Saved: '/tmp/clearvla_eval_opaque_13873.png'
04:00.549  render           | Saved: '/tmp/clearvla_eval_opaque_13873.png'
04:00.929  render           | Saved: '/tmp/clearvla_eval_opaque_13873.png'
04:01.238  render           | Saved: '/tmp/clearvla_eval_opaque_13873.png'
04:01.620  render           | Saved: '/tmp/clearvla_eval_opaque_13873.png'
04:01.930  render           | Saved: '/tmp/clearvla_eval_opaque_13873.png'
04:02.312  render           | Saved: '/tmp/clearvla_eval_opaque_13873.png'
04:02.623  render           | Saved: '/tmp/clearvla_eval_opaque_13873.png'
04:03.000  render           | Saved: '/tmp/clearvla_eval_opaque_13873.png'
04:03.305  render           | Saved: '/tmp/clearvla_eval_opaque_13873.png'
04:04.049  render           | Saved: '/tmp/clearvla_eval_opaque_13873.png'
04:04.361  render           | Saved: '/tmp/clearvla_eval_opaque_13873.png'
04:04.739  render           | Saved: '/tmp/clearvla_eval_opaque_13873.png'
04:05.048  render           | Saved: '/tmp/clearvla_eval_opaque_13873.png'
04:05.423  render           | Saved: '/tmp/clearvla_eval_opaque_13873.png'
04:05.730  render           | Saved: '/tmp/clearvla_eval_opaque_13873.png'
04:06.107  render           | Saved: '/tmp/clearvla_eval_opaque_13873.png'
04:06.416  render           | Saved: '/tmp/clearvla_eval_opaque_13873.png'
04:06.799  render           | Saved: '/tmp/clearvla_eval_opaque_13873.png'
04:07.130  render           | Saved: '/tmp/clearvla_eval_opaque_13873.png'
04:07.504  render           | Saved: '/tmp/clearvla_eval_opaque_13873.png'
04:07.821  render           | Saved: '/tmp/clearvla_eval_opaque_13873.png'
04:08.201  render           | Saved: '/tmp/clearvla_eval_opaque_13873.png'
04:08.510  render           | Saved: '/tmp/clearvla_eval_opaque_13873.png'
04:08.891  render           | Saved: '/tmp/clearvla_eval_opaque_13873.png'
04:09.200  render           | Saved: '/tmp/clearvla_eval_opaque_13873.png'
04:09.575  render           | Saved: '/tmp/clearvla_eval_opaque_13873.png'
04:09.883  render           | Saved: '/tmp/clearvla_eval_opaque_13873.png'
04:10.264  render           | Saved: '/tmp/clearvla_eval_opaque_13873.png'
04:10.570  render           | Saved: '/tmp/clearvla_eval_opaque_13873.png'
04:10.956  render           | Saved: '/tmp/clearvla_eval_opaque_13873.png'
04:11.268  render           | Saved: '/tmp/clearvla_eval_opaque_13873.png'
04:11.645  render           | Saved: '/tmp/clearvla_eval_opaque_13873.png'
04:11.959  render           | Saved: '/tmp/clearvla_eval_opaque_13873.png'
04:12.336  render           | Saved: '/tmp/clearvla_eval_opaque_13873.png'
04:12.639  render           | Saved: '/tmp/clearvla_eval_opaque_13873.png'
04:13.018  render           | Saved: '/tmp/clearvla_eval_opaque_13873.png'
04:13.326  render           | Saved: '/tmp/clearvla_eval_opaque_13873.png'
04:13.705  render           | Saved: '/tmp/clearvla_eval_opaque_13873.png'
04:14.016  render           | Saved: '/tmp/clearvla_eval_opaque_13873.png'
04:14.396  render           | Saved: '/tmp/clearvla_eval_opaque_13873.png'
04:14.708  render           | Saved: '/tmp/clearvla_eval_opaque_13873.png'
04:15.090  render           | Saved: '/tmp/clearvla_eval_opaque_13873.png'
04:15.407  render           | Saved: '/tmp/clearvla_eval_opaque_13873.png'
04:15.787  render           | Saved: '/tmp/clearvla_eval_opaque_13873.png'
04:16.093  render           | Saved: '/tmp/clearvla_eval_opaque_13873.png'
04:16.477  render           | Saved: '/tmp/clearvla_eval_opaque_13873.png'
04:16.784  render           | Saved: '/tmp/clearvla_eval_opaque_13873.png'
04:17.164  render           | Saved: '/tmp/clearvla_eval_opaque_13873.png'
04:17.476  render           | Saved: '/tmp/clearvla_eval_opaque_13873.png'
04:17.850  render           | Saved: '/tmp/clearvla_eval_opaque_13873.png'
04:18.152  render           | Saved: '/tmp/clearvla_eval_opaque_13873.png'
04:18.528  render           | Saved: '/tmp/clearvla_eval_opaque_13873.png'
04:18.835  render           | Saved: '/tmp/clearvla_eval_opaque_13873.png'
04:19.216  render           | Saved: '/tmp/clearvla_eval_opaque_13873.png'
04:19.523  render           | Saved: '/tmp/clearvla_eval_opaque_13873.png'
04:19.912  render           | Saved: '/tmp/clearvla_eval_opaque_13873.png'
04:20.218  render           | Saved: '/tmp/clearvla_eval_opaque_13873.png'
04:20.597  render           | Saved: '/tmp/clearvla_eval_opaque_13873.png'
04:20.901  render           | Saved: '/tmp/clearvla_eval_opaque_13873.png'
04:21.281  render           | Saved: '/tmp/clearvla_eval_opaque_13873.png'
04:21.585  render           | Saved: '/tmp/clearvla_eval_opaque_13873.png'
04:21.962  render           | Saved: '/tmp/clearvla_eval_opaque_13873.png'
04:22.267  render           | Saved: '/tmp/clearvla_eval_opaque_13873.png'
04:22.644  render           | Saved: '/tmp/clearvla_eval_opaque_13873.png'
04:22.948  render           | Saved: '/tmp/clearvla_eval_opaque_13873.png'
04:23.329  render           | Saved: '/tmp/clearvla_eval_opaque_13873.png'
04:23.635  render           | Saved: '/tmp/clearvla_eval_opaque_13873.png'
04:24.008  render           | Saved: '/tmp/clearvla_eval_opaque_13873.png'
04:24.312  render           | Saved: '/tmp/clearvla_eval_opaque_13873.png'
04:24.689  render           | Saved: '/tmp/clearvla_eval_opaque_13873.png'
04:24.997  render           | Saved: '/tmp/clearvla_eval_opaque_13873.png'
04:25.373  render           | Saved: '/tmp/clearvla_eval_opaque_13873.png'
04:25.681  render           | Saved: '/tmp/clearvla_eval_opaque_13873.png'
04:26.055  render           | Saved: '/tmp/clearvla_eval_opaque_13873.png'
04:26.364  render           | Saved: '/tmp/clearvla_eval_opaque_13873.png'
04:26.740  render           | Saved: '/tmp/clearvla_eval_opaque_13873.png'
04:27.044  render           | Saved: '/tmp/clearvla_eval_opaque_13873.png'
04:27.415  render           | Saved: '/tmp/clearvla_eval_opaque_13873.png'
04:27.722  render           | Saved: '/tmp/clearvla_eval_opaque_13873.png'
04:28.103  render           | Saved: '/tmp/clearvla_eval_opaque_13873.png'
04:28.405  render           | Saved: '/tmp/clearvla_eval_opaque_13873.png'
04:28.782  render           | Saved: '/tmp/clearvla_eval_opaque_13873.png'
04:29.095  render           | Saved: '/tmp/clearvla_eval_opaque_13873.png'
04:29.468  render           | Saved: '/tmp/clearvla_eval_opaque_13873.png'
04:29.774  render           | Saved: '/tmp/clearvla_eval_opaque_13873.png'
[cache12/opaque] grasp: 0/10  (4.4 min, 26.1 s/ep)
done 10 new episodes in 4.4 min -> /Users/yogyamehrotra/Desktop/ClearVLA/results/week4/smoke/cache12_opaque.jsonl
