[transformers] Model config: bos_token_id must be `None` or an integer within the vocabulary (between 0 and 31999), got 49406. This may result in unexpected behavior.
[transformers] Model config: eos_token_id must be `None` or an integer within the vocabulary (between 0 and 31999), got 49407. This may result in unexpected behavior.
Loading weights:   0%|          | 0/408 [00:00<?, ?it/s]Loading weights: 100%|██████████| 408/408 [00:00<00:00, 17454.70it/s]
00:06.976  render           | Saved: '/tmp/clearvla_eval_opaque_11994.png'
00:07.296  render           | Saved: '/tmp/clearvla_eval_opaque_11994.png'
/Users/yogyamehrotra/miniconda3/envs/clearvla/lib/python3.11/site-packages/transformers/image_processing_backends.py:135: UserWarning: The given NumPy array is not writable, and PyTorch does not support non-writable tensors. This means writing to this tensor will result in undefined behavior. You may want to copy the array to protect its data or make it writable before converting it to a tensor. This type of warning will be suppressed for the rest of this program. (Triggered internally at /Users/runner/work/pytorch/pytorch/torch/csrc/utils/tensor_numpy.cpp:219.)
  image = torch.from_numpy(image).contiguous()
00:07.818  render           | Saved: '/tmp/clearvla_eval_opaque_11994.png'
00:08.178  render           | Saved: '/tmp/clearvla_eval_opaque_11994.png'
00:08.600  render           | Saved: '/tmp/clearvla_eval_opaque_11994.png'
00:08.934  render           | Saved: '/tmp/clearvla_eval_opaque_11994.png'
00:09.334  render           | Saved: '/tmp/clearvla_eval_opaque_11994.png'
00:09.661  render           | Saved: '/tmp/clearvla_eval_opaque_11994.png'
00:10.056  render           | Saved: '/tmp/clearvla_eval_opaque_11994.png'
00:10.380  render           | Saved: '/tmp/clearvla_eval_opaque_11994.png'
00:10.783  render           | Saved: '/tmp/clearvla_eval_opaque_11994.png'
00:11.106  render           | Saved: '/tmp/clearvla_eval_opaque_11994.png'
00:11.502  render           | Saved: '/tmp/clearvla_eval_opaque_11994.png'
00:11.824  render           | Saved: '/tmp/clearvla_eval_opaque_11994.png'
00:12.229  render           | Saved: '/tmp/clearvla_eval_opaque_11994.png'
00:12.549  render           | Saved: '/tmp/clearvla_eval_opaque_11994.png'
00:12.941  render           | Saved: '/tmp/clearvla_eval_opaque_11994.png'
00:13.273  render           | Saved: '/tmp/clearvla_eval_opaque_11994.png'
00:13.667  render           | Saved: '/tmp/clearvla_eval_opaque_11994.png'
00:13.992  render           | Saved: '/tmp/clearvla_eval_opaque_11994.png'
00:14.393  render           | Saved: '/tmp/clearvla_eval_opaque_11994.png'
00:14.716  render           | Saved: '/tmp/clearvla_eval_opaque_11994.png'
00:15.112  render           | Saved: '/tmp/clearvla_eval_opaque_11994.png'
00:15.434  render           | Saved: '/tmp/clearvla_eval_opaque_11994.png'
00:15.824  render           | Saved: '/tmp/clearvla_eval_opaque_11994.png'
00:16.181  render           | Saved: '/tmp/clearvla_eval_opaque_11994.png'
00:16.589  render           | Saved: '/tmp/clearvla_eval_opaque_11994.png'
00:16.917  render           | Saved: '/tmp/clearvla_eval_opaque_11994.png'
00:17.328  render           | Saved: '/tmp/clearvla_eval_opaque_11994.png'
00:17.680  render           | Saved: '/tmp/clearvla_eval_opaque_11994.png'
00:18.097  render           | Saved: '/tmp/clearvla_eval_opaque_11994.png'
00:18.436  render           | Saved: '/tmp/clearvla_eval_opaque_11994.png'
00:18.842  render           | Saved: '/tmp/clearvla_eval_opaque_11994.png'
00:19.178  render           | Saved: '/tmp/clearvla_eval_opaque_11994.png'
00:19.598  render           | Saved: '/tmp/clearvla_eval_opaque_11994.png'
00:19.931  render           | Saved: '/tmp/clearvla_eval_opaque_11994.png'
00:20.345  render           | Saved: '/tmp/clearvla_eval_opaque_11994.png'
00:20.668  render           | Saved: '/tmp/clearvla_eval_opaque_11994.png'
00:21.074  render           | Saved: '/tmp/clearvla_eval_opaque_11994.png'
00:21.397  render           | Saved: '/tmp/clearvla_eval_opaque_11994.png'
00:21.792  render           | Saved: '/tmp/clearvla_eval_opaque_11994.png'
00:22.127  render           | Saved: '/tmp/clearvla_eval_opaque_11994.png'
00:22.535  render           | Saved: '/tmp/clearvla_eval_opaque_11994.png'
00:22.873  render           | Saved: '/tmp/clearvla_eval_opaque_11994.png'
00:23.282  render           | Saved: '/tmp/clearvla_eval_opaque_11994.png'
00:23.609  render           | Saved: '/tmp/clearvla_eval_opaque_11994.png'
00:24.001  render           | Saved: '/tmp/clearvla_eval_opaque_11994.png'
00:24.321  render           | Saved: '/tmp/clearvla_eval_opaque_11994.png'
00:24.705  render           | Saved: '/tmp/clearvla_eval_opaque_11994.png'
00:25.034  render           | Saved: '/tmp/clearvla_eval_opaque_11994.png'
00:25.444  render           | Saved: '/tmp/clearvla_eval_opaque_11994.png'
00:25.788  render           | Saved: '/tmp/clearvla_eval_opaque_11994.png'
00:26.193  render           | Saved: '/tmp/clearvla_eval_opaque_11994.png'
00:26.531  render           | Saved: '/tmp/clearvla_eval_opaque_11994.png'
00:26.941  render           | Saved: '/tmp/clearvla_eval_opaque_11994.png'
00:27.261  render           | Saved: '/tmp/clearvla_eval_opaque_11994.png'
00:27.691  render           | Saved: '/tmp/clearvla_eval_opaque_11994.png'
00:28.013  render           | Saved: '/tmp/clearvla_eval_opaque_11994.png'
00:28.422  render           | Saved: '/tmp/clearvla_eval_opaque_11994.png'
00:28.740  render           | Saved: '/tmp/clearvla_eval_opaque_11994.png'
00:29.140  render           | Saved: '/tmp/clearvla_eval_opaque_11994.png'
00:29.461  render           | Saved: '/tmp/clearvla_eval_opaque_11994.png'
00:29.856  render           | Saved: '/tmp/clearvla_eval_opaque_11994.png'
00:30.188  render           | Saved: '/tmp/clearvla_eval_opaque_11994.png'
00:30.571  render           | Saved: '/tmp/clearvla_eval_opaque_11994.png'
00:30.895  render           | Saved: '/tmp/clearvla_eval_opaque_11994.png'
00:31.299  render           | Saved: '/tmp/clearvla_eval_opaque_11994.png'
00:31.617  render           | Saved: '/tmp/clearvla_eval_opaque_11994.png'
00:32.016  render           | Saved: '/tmp/clearvla_eval_opaque_11994.png'
00:32.336  render           | Saved: '/tmp/clearvla_eval_opaque_11994.png'
00:32.729  render           | Saved: '/tmp/clearvla_eval_opaque_11994.png'
00:33.057  render           | Saved: '/tmp/clearvla_eval_opaque_11994.png'
00:33.453  render           | Saved: '/tmp/clearvla_eval_opaque_11994.png'
00:33.772  render           | Saved: '/tmp/clearvla_eval_opaque_11994.png'
00:34.175  render           | Saved: '/tmp/clearvla_eval_opaque_11994.png'
00:34.524  render           | Saved: '/tmp/clearvla_eval_opaque_11994.png'
00:35.430  render           | Saved: '/tmp/clearvla_eval_opaque_11994.png'
00:35.769  render           | Saved: '/tmp/clearvla_eval_opaque_11994.png'
00:36.173  render           | Saved: '/tmp/clearvla_eval_opaque_11994.png'
00:36.508  render           | Saved: '/tmp/clearvla_eval_opaque_11994.png'
00:36.915  render           | Saved: '/tmp/clearvla_eval_opaque_11994.png'
00:37.252  render           | Saved: '/tmp/clearvla_eval_opaque_11994.png'
00:37.655  render           | Saved: '/tmp/clearvla_eval_opaque_11994.png'
00:37.977  render           | Saved: '/tmp/clearvla_eval_opaque_11994.png'
00:38.389  render           | Saved: '/tmp/clearvla_eval_opaque_11994.png'
00:38.714  render           | Saved: '/tmp/clearvla_eval_opaque_11994.png'
00:39.119  render           | Saved: '/tmp/clearvla_eval_opaque_11994.png'
00:39.438  render           | Saved: '/tmp/clearvla_eval_opaque_11994.png'
00:39.829  render           | Saved: '/tmp/clearvla_eval_opaque_11994.png'
00:40.173  render           | Saved: '/tmp/clearvla_eval_opaque_11994.png'
00:40.576  render           | Saved: '/tmp/clearvla_eval_opaque_11994.png'
00:40.900  render           | Saved: '/tmp/clearvla_eval_opaque_11994.png'
00:41.289  render           | Saved: '/tmp/clearvla_eval_opaque_11994.png'
00:41.614  render           | Saved: '/tmp/clearvla_eval_opaque_11994.png'
00:42.005  render           | Saved: '/tmp/clearvla_eval_opaque_11994.png'
00:42.341  render           | Saved: '/tmp/clearvla_eval_opaque_11994.png'
00:42.749  render           | Saved: '/tmp/clearvla_eval_opaque_11994.png'
00:43.068  render           | Saved: '/tmp/clearvla_eval_opaque_11994.png'
00:43.470  render           | Saved: '/tmp/clearvla_eval_opaque_11994.png'
00:43.786  render           | Saved: '/tmp/clearvla_eval_opaque_11994.png'
00:44.181  render           | Saved: '/tmp/clearvla_eval_opaque_11994.png'
00:44.503  render           | Saved: '/tmp/clearvla_eval_opaque_11994.png'
00:44.917  render           | Saved: '/tmp/clearvla_eval_opaque_11994.png'
00:45.275  render           | Saved: '/tmp/clearvla_eval_opaque_11994.png'
00:45.710  render           | Saved: '/tmp/clearvla_eval_opaque_11994.png'
00:46.072  render           | Saved: '/tmp/clearvla_eval_opaque_11994.png'
00:46.482  render           | Saved: '/tmp/clearvla_eval_opaque_11994.png'
00:46.817  render           | Saved: '/tmp/clearvla_eval_opaque_11994.png'
00:47.225  render           | Saved: '/tmp/clearvla_eval_opaque_11994.png'
00:47.541  render           | Saved: '/tmp/clearvla_eval_opaque_11994.png'
00:47.950  render           | Saved: '/tmp/clearvla_eval_opaque_11994.png'
00:48.270  render           | Saved: '/tmp/clearvla_eval_opaque_11994.png'
00:48.685  render           | Saved: '/tmp/clearvla_eval_opaque_11994.png'
00:49.019  render           | Saved: '/tmp/clearvla_eval_opaque_11994.png'
00:49.431  render           | Saved: '/tmp/clearvla_eval_opaque_11994.png'
00:49.761  render           | Saved: '/tmp/clearvla_eval_opaque_11994.png'
00:50.168  render           | Saved: '/tmp/clearvla_eval_opaque_11994.png'
00:50.501  render           | Saved: '/tmp/clearvla_eval_opaque_11994.png'
00:50.901  render           | Saved: '/tmp/clearvla_eval_opaque_11994.png'
00:51.230  render           | Saved: '/tmp/clearvla_eval_opaque_11994.png'
00:51.639  render           | Saved: '/tmp/clearvla_eval_opaque_11994.png'
00:51.970  render           | Saved: '/tmp/clearvla_eval_opaque_11994.png'
00:52.363  render           | Saved: '/tmp/clearvla_eval_opaque_11994.png'
00:52.683  render           | Saved: '/tmp/clearvla_eval_opaque_11994.png'
00:53.091  render           | Saved: '/tmp/clearvla_eval_opaque_11994.png'
00:53.409  render           | Saved: '/tmp/clearvla_eval_opaque_11994.png'
00:53.819  render           | Saved: '/tmp/clearvla_eval_opaque_11994.png'
00:54.157  render           | Saved: '/tmp/clearvla_eval_opaque_11994.png'
00:54.559  render           | Saved: '/tmp/clearvla_eval_opaque_11994.png'
00:54.901  render           | Saved: '/tmp/clearvla_eval_opaque_11994.png'
00:55.311  render           | Saved: '/tmp/clearvla_eval_opaque_11994.png'
00:55.648  render           | Saved: '/tmp/clearvla_eval_opaque_11994.png'
00:56.064  render           | Saved: '/tmp/clearvla_eval_opaque_11994.png'
00:56.384  render           | Saved: '/tmp/clearvla_eval_opaque_11994.png'
00:56.815  render           | Saved: '/tmp/clearvla_eval_opaque_11994.png'
00:57.135  render           | Saved: '/tmp/clearvla_eval_opaque_11994.png'
00:57.542  render           | Saved: '/tmp/clearvla_eval_opaque_11994.png'
00:57.882  render           | Saved: '/tmp/clearvla_eval_opaque_11994.png'
00:58.287  render           | Saved: '/tmp/clearvla_eval_opaque_11994.png'
00:58.613  render           | Saved: '/tmp/clearvla_eval_opaque_11994.png'
00:59.016  render           | Saved: '/tmp/clearvla_eval_opaque_11994.png'
00:59.352  render           | Saved: '/tmp/clearvla_eval_opaque_11994.png'
00:59.746  render           | Saved: '/tmp/clearvla_eval_opaque_11994.png'
01:00.084  render           | Saved: '/tmp/clearvla_eval_opaque_11994.png'
01:00.483  render           | Saved: '/tmp/clearvla_eval_opaque_11994.png'
01:00.810  render           | Saved: '/tmp/clearvla_eval_opaque_11994.png'
01:01.202  render           | Saved: '/tmp/clearvla_eval_opaque_11994.png'
01:01.524  render           | Saved: '/tmp/clearvla_eval_opaque_11994.png'
01:01.921  render           | Saved: '/tmp/clearvla_eval_opaque_11994.png'
01:02.261  render           | Saved: '/tmp/clearvla_eval_opaque_11994.png'
01:02.677  render           | Saved: '/tmp/clearvla_eval_opaque_11994.png'
01:03.021  render           | Saved: '/tmp/clearvla_eval_opaque_11994.png'
01:03.818  render           | Saved: '/tmp/clearvla_eval_opaque_11994.png'
01:04.143  render           | Saved: '/tmp/clearvla_eval_opaque_11994.png'
01:04.542  render           | Saved: '/tmp/clearvla_eval_opaque_11994.png'
01:04.865  render           | Saved: '/tmp/clearvla_eval_opaque_11994.png'
01:05.279  render           | Saved: '/tmp/clearvla_eval_opaque_11994.png'
01:05.598  render           | Saved: '/tmp/clearvla_eval_opaque_11994.png'
01:05.999  render           | Saved: '/tmp/clearvla_eval_opaque_11994.png'
01:06.355  render           | Saved: '/tmp/clearvla_eval_opaque_11994.png'
01:06.759  render           | Saved: '/tmp/clearvla_eval_opaque_11994.png'
01:07.108  render           | Saved: '/tmp/clearvla_eval_opaque_11994.png'
01:07.499  render           | Saved: '/tmp/clearvla_eval_opaque_11994.png'
01:07.846  render           | Saved: '/tmp/clearvla_eval_opaque_11994.png'
01:08.263  render           | Saved: '/tmp/clearvla_eval_opaque_11994.png'
01:08.592  render           | Saved: '/tmp/clearvla_eval_opaque_11994.png'
01:08.990  render           | Saved: '/tmp/clearvla_eval_opaque_11994.png'
01:09.316  render           | Saved: '/tmp/clearvla_eval_opaque_11994.png'
01:09.718  render           | Saved: '/tmp/clearvla_eval_opaque_11994.png'
01:10.048  render           | Saved: '/tmp/clearvla_eval_opaque_11994.png'
01:10.461  render           | Saved: '/tmp/clearvla_eval_opaque_11994.png'
01:10.782  render           | Saved: '/tmp/clearvla_eval_opaque_11994.png'
01:11.171  render           | Saved: '/tmp/clearvla_eval_opaque_11994.png'
01:11.499  render           | Saved: '/tmp/clearvla_eval_opaque_11994.png'
01:11.900  render           | Saved: '/tmp/clearvla_eval_opaque_11994.png'
01:12.226  render           | Saved: '/tmp/clearvla_eval_opaque_11994.png'
01:12.628  render           | Saved: '/tmp/clearvla_eval_opaque_11994.png'
01:12.948  render           | Saved: '/tmp/clearvla_eval_opaque_11994.png'
01:13.355  render           | Saved: '/tmp/clearvla_eval_opaque_11994.png'
01:13.675  render           | Saved: '/tmp/clearvla_eval_opaque_11994.png'
01:14.093  render           | Saved: '/tmp/clearvla_eval_opaque_11994.png'
01:14.415  render           | Saved: '/tmp/clearvla_eval_opaque_11994.png'
01:14.844  render           | Saved: '/tmp/clearvla_eval_opaque_11994.png'
01:15.162  render           | Saved: '/tmp/clearvla_eval_opaque_11994.png'
01:15.571  render           | Saved: '/tmp/clearvla_eval_opaque_11994.png'
01:15.894  render           | Saved: '/tmp/clearvla_eval_opaque_11994.png'
01:16.317  render           | Saved: '/tmp/clearvla_eval_opaque_11994.png'
01:16.655  render           | Saved: '/tmp/clearvla_eval_opaque_11994.png'
01:17.057  render           | Saved: '/tmp/clearvla_eval_opaque_11994.png'
01:17.375  render           | Saved: '/tmp/clearvla_eval_opaque_11994.png'
01:17.773  render           | Saved: '/tmp/clearvla_eval_opaque_11994.png'
01:18.101  render           | Saved: '/tmp/clearvla_eval_opaque_11994.png'
01:18.505  render           | Saved: '/tmp/clearvla_eval_opaque_11994.png'
01:18.830  render           | Saved: '/tmp/clearvla_eval_opaque_11994.png'
01:19.232  render           | Saved: '/tmp/clearvla_eval_opaque_11994.png'
01:19.557  render           | Saved: '/tmp/clearvla_eval_opaque_11994.png'
01:19.978  render           | Saved: '/tmp/clearvla_eval_opaque_11994.png'
01:20.303  render           | Saved: '/tmp/clearvla_eval_opaque_11994.png'
01:20.718  render           | Saved: '/tmp/clearvla_eval_opaque_11994.png'
01:21.057  render           | Saved: '/tmp/clearvla_eval_opaque_11994.png'
01:21.479  render           | Saved: '/tmp/clearvla_eval_opaque_11994.png'
01:21.842  render           | Saved: '/tmp/clearvla_eval_opaque_11994.png'
01:22.249  render           | Saved: '/tmp/clearvla_eval_opaque_11994.png'
01:22.588  render           | Saved: '/tmp/clearvla_eval_opaque_11994.png'
01:22.990  render           | Saved: '/tmp/clearvla_eval_opaque_11994.png'
01:23.326  render           | Saved: '/tmp/clearvla_eval_opaque_11994.png'
01:23.725  render           | Saved: '/tmp/clearvla_eval_opaque_11994.png'
01:24.047  render           | Saved: '/tmp/clearvla_eval_opaque_11994.png'
01:24.438  render           | Saved: '/tmp/clearvla_eval_opaque_11994.png'
01:24.765  render           | Saved: '/tmp/clearvla_eval_opaque_11994.png'
01:25.165  render           | Saved: '/tmp/clearvla_eval_opaque_11994.png'
01:25.487  render           | Saved: '/tmp/clearvla_eval_opaque_11994.png'
01:25.882  render           | Saved: '/tmp/clearvla_eval_opaque_11994.png'
01:26.206  render           | Saved: '/tmp/clearvla_eval_opaque_11994.png'
01:26.614  render           | Saved: '/tmp/clearvla_eval_opaque_11994.png'
01:26.972  render           | Saved: '/tmp/clearvla_eval_opaque_11994.png'
01:27.383  render           | Saved: '/tmp/clearvla_eval_opaque_11994.png'
01:27.721  render           | Saved: '/tmp/clearvla_eval_opaque_11994.png'
01:28.136  render           | Saved: '/tmp/clearvla_eval_opaque_11994.png'
01:28.459  render           | Saved: '/tmp/clearvla_eval_opaque_11994.png'
01:28.867  render           | Saved: '/tmp/clearvla_eval_opaque_11994.png'
01:29.190  render           | Saved: '/tmp/clearvla_eval_opaque_11994.png'
01:29.586  render           | Saved: '/tmp/clearvla_eval_opaque_11994.png'
01:29.910  render           | Saved: '/tmp/clearvla_eval_opaque_11994.png'
01:30.322  render           | Saved: '/tmp/clearvla_eval_opaque_11994.png'
01:30.659  render           | Saved: '/tmp/clearvla_eval_opaque_11994.png'
01:31.049  render           | Saved: '/tmp/clearvla_eval_opaque_11994.png'
01:31.368  render           | Saved: '/tmp/clearvla_eval_opaque_11994.png'
01:32.178  render           | Saved: '/tmp/clearvla_eval_opaque_11994.png'
01:32.507  render           | Saved: '/tmp/clearvla_eval_opaque_11994.png'
01:32.922  render           | Saved: '/tmp/clearvla_eval_opaque_11994.png'
01:33.253  render           | Saved: '/tmp/clearvla_eval_opaque_11994.png'
01:33.653  render           | Saved: '/tmp/clearvla_eval_opaque_11994.png'
01:33.994  render           | Saved: '/tmp/clearvla_eval_opaque_11994.png'
01:34.398  render           | Saved: '/tmp/clearvla_eval_opaque_11994.png'
01:34.726  render           | Saved: '/tmp/clearvla_eval_opaque_11994.png'
01:35.127  render           | Saved: '/tmp/clearvla_eval_opaque_11994.png'
01:35.458  render           | Saved: '/tmp/clearvla_eval_opaque_11994.png'
01:35.845  render           | Saved: '/tmp/clearvla_eval_opaque_11994.png'
01:36.181  render           | Saved: '/tmp/clearvla_eval_opaque_11994.png'
01:36.585  render           | Saved: '/tmp/clearvla_eval_opaque_11994.png'
01:36.916  render           | Saved: '/tmp/clearvla_eval_opaque_11994.png'
01:37.327  render           | Saved: '/tmp/clearvla_eval_opaque_11994.png'
01:37.659  render           | Saved: '/tmp/clearvla_eval_opaque_11994.png'
01:38.062  render           | Saved: '/tmp/clearvla_eval_opaque_11994.png'
01:38.402  render           | Saved: '/tmp/clearvla_eval_opaque_11994.png'
01:38.810  render           | Saved: '/tmp/clearvla_eval_opaque_11994.png'
01:39.153  render           | Saved: '/tmp/clearvla_eval_opaque_11994.png'
01:39.575  render           | Saved: '/tmp/clearvla_eval_opaque_11994.png'
01:39.897  render           | Saved: '/tmp/clearvla_eval_opaque_11994.png'
01:40.307  render           | Saved: '/tmp/clearvla_eval_opaque_11994.png'
01:40.623  render           | Saved: '/tmp/clearvla_eval_opaque_11994.png'
01:41.021  render           | Saved: '/tmp/clearvla_eval_opaque_11994.png'
01:41.337  render           | Saved: '/tmp/clearvla_eval_opaque_11994.png'
01:41.743  render           | Saved: '/tmp/clearvla_eval_opaque_11994.png'
01:42.061  render           | Saved: '/tmp/clearvla_eval_opaque_11994.png'
01:42.478  render           | Saved: '/tmp/clearvla_eval_opaque_11994.png'
01:42.807  render           | Saved: '/tmp/clearvla_eval_opaque_11994.png'
01:43.213  render           | Saved: '/tmp/clearvla_eval_opaque_11994.png'
01:43.543  render           | Saved: '/tmp/clearvla_eval_opaque_11994.png'
01:43.936  render           | Saved: '/tmp/clearvla_eval_opaque_11994.png'
01:44.255  render           | Saved: '/tmp/clearvla_eval_opaque_11994.png'
01:44.654  render           | Saved: '/tmp/clearvla_eval_opaque_11994.png'
01:44.969  render           | Saved: '/tmp/clearvla_eval_opaque_11994.png'
01:45.376  render           | Saved: '/tmp/clearvla_eval_opaque_11994.png'
01:45.709  render           | Saved: '/tmp/clearvla_eval_opaque_11994.png'
01:46.114  render           | Saved: '/tmp/clearvla_eval_opaque_11994.png'
01:46.448  render           | Saved: '/tmp/clearvla_eval_opaque_11994.png'
01:46.836  render           | Saved: '/tmp/clearvla_eval_opaque_11994.png'
01:47.172  render           | Saved: '/tmp/clearvla_eval_opaque_11994.png'
01:47.561  render           | Saved: '/tmp/clearvla_eval_opaque_11994.png'
01:47.883  render           | Saved: '/tmp/clearvla_eval_opaque_11994.png'
01:48.293  render           | Saved: '/tmp/clearvla_eval_opaque_11994.png'
01:48.616  render           | Saved: '/tmp/clearvla_eval_opaque_11994.png'
01:49.012  render           | Saved: '/tmp/clearvla_eval_opaque_11994.png'
01:49.341  render           | Saved: '/tmp/clearvla_eval_opaque_11994.png'
01:49.724  render           | Saved: '/tmp/clearvla_eval_opaque_11994.png'
01:50.037  render           | Saved: '/tmp/clearvla_eval_opaque_11994.png'
01:50.448  render           | Saved: '/tmp/clearvla_eval_opaque_11994.png'
01:50.813  render           | Saved: '/tmp/clearvla_eval_opaque_11994.png'
01:51.211  render           | Saved: '/tmp/clearvla_eval_opaque_11994.png'
01:51.533  render           | Saved: '/tmp/clearvla_eval_opaque_11994.png'
01:51.928  render           | Saved: '/tmp/clearvla_eval_opaque_11994.png'
01:52.251  render           | Saved: '/tmp/clearvla_eval_opaque_11994.png'
01:52.642  render           | Saved: '/tmp/clearvla_eval_opaque_11994.png'
01:52.957  render           | Saved: '/tmp/clearvla_eval_opaque_11994.png'
01:53.351  render           | Saved: '/tmp/clearvla_eval_opaque_11994.png'
01:53.664  render           | Saved: '/tmp/clearvla_eval_opaque_11994.png'
01:54.055  render           | Saved: '/tmp/clearvla_eval_opaque_11994.png'
01:54.389  render           | Saved: '/tmp/clearvla_eval_opaque_11994.png'
01:54.785  render           | Saved: '/tmp/clearvla_eval_opaque_11994.png'
01:55.111  render           | Saved: '/tmp/clearvla_eval_opaque_11994.png'
01:55.500  render           | Saved: '/tmp/clearvla_eval_opaque_11994.png'
01:55.815  render           | Saved: '/tmp/clearvla_eval_opaque_11994.png'
01:56.202  render           | Saved: '/tmp/clearvla_eval_opaque_11994.png'
01:56.516  render           | Saved: '/tmp/clearvla_eval_opaque_11994.png'
01:56.920  render           | Saved: '/tmp/clearvla_eval_opaque_11994.png'
01:57.247  render           | Saved: '/tmp/clearvla_eval_opaque_11994.png'
01:57.644  render           | Saved: '/tmp/clearvla_eval_opaque_11994.png'
01:57.966  render           | Saved: '/tmp/clearvla_eval_opaque_11994.png'
01:58.351  render           | Saved: '/tmp/clearvla_eval_opaque_11994.png'
01:58.665  render           | Saved: '/tmp/clearvla_eval_opaque_11994.png'
01:59.068  render           | Saved: '/tmp/clearvla_eval_opaque_11994.png'
01:59.381  render           | Saved: '/tmp/clearvla_eval_opaque_11994.png'
02:00.158  render           | Saved: '/tmp/clearvla_eval_opaque_11994.png'
02:00.487  render           | Saved: '/tmp/clearvla_eval_opaque_11994.png'
02:00.885  render           | Saved: '/tmp/clearvla_eval_opaque_11994.png'
02:01.202  render           | Saved: '/tmp/clearvla_eval_opaque_11994.png'
02:01.588  render           | Saved: '/tmp/clearvla_eval_opaque_11994.png'
02:01.904  render           | Saved: '/tmp/clearvla_eval_opaque_11994.png'
02:02.299  render           | Saved: '/tmp/clearvla_eval_opaque_11994.png'
02:02.640  render           | Saved: '/tmp/clearvla_eval_opaque_11994.png'
02:03.019  render           | Saved: '/tmp/clearvla_eval_opaque_11994.png'
02:03.350  render           | Saved: '/tmp/clearvla_eval_opaque_11994.png'
02:03.738  render           | Saved: '/tmp/clearvla_eval_opaque_11994.png'
02:04.060  render           | Saved: '/tmp/clearvla_eval_opaque_11994.png'
02:04.441  render           | Saved: '/tmp/clearvla_eval_opaque_11994.png'
02:04.758  render           | Saved: '/tmp/clearvla_eval_opaque_11994.png'
02:05.148  render           | Saved: '/tmp/clearvla_eval_opaque_11994.png'
02:05.470  render           | Saved: '/tmp/clearvla_eval_opaque_11994.png'
02:05.857  render           | Saved: '/tmp/clearvla_eval_opaque_11994.png'
02:06.182  render           | Saved: '/tmp/clearvla_eval_opaque_11994.png'
02:06.567  render           | Saved: '/tmp/clearvla_eval_opaque_11994.png'
02:06.878  render           | Saved: '/tmp/clearvla_eval_opaque_11994.png'
02:07.274  render           | Saved: '/tmp/clearvla_eval_opaque_11994.png'
02:07.591  render           | Saved: '/tmp/clearvla_eval_opaque_11994.png'
02:07.990  render           | Saved: '/tmp/clearvla_eval_opaque_11994.png'
02:08.306  render           | Saved: '/tmp/clearvla_eval_opaque_11994.png'
02:08.703  render           | Saved: '/tmp/clearvla_eval_opaque_11994.png'
02:09.025  render           | Saved: '/tmp/clearvla_eval_opaque_11994.png'
02:09.409  render           | Saved: '/tmp/clearvla_eval_opaque_11994.png'
02:09.727  render           | Saved: '/tmp/clearvla_eval_opaque_11994.png'
02:10.116  render           | Saved: '/tmp/clearvla_eval_opaque_11994.png'
02:10.432  render           | Saved: '/tmp/clearvla_eval_opaque_11994.png'
02:10.814  render           | Saved: '/tmp/clearvla_eval_opaque_11994.png'
02:11.128  render           | Saved: '/tmp/clearvla_eval_opaque_11994.png'
02:11.518  render           | Saved: '/tmp/clearvla_eval_opaque_11994.png'
02:11.834  render           | Saved: '/tmp/clearvla_eval_opaque_11994.png'
02:12.225  render           | Saved: '/tmp/clearvla_eval_opaque_11994.png'
02:12.552  render           | Saved: '/tmp/clearvla_eval_opaque_11994.png'
02:12.935  render           | Saved: '/tmp/clearvla_eval_opaque_11994.png'
02:13.248  render           | Saved: '/tmp/clearvla_eval_opaque_11994.png'
02:13.640  render           | Saved: '/tmp/clearvla_eval_opaque_11994.png'
02:13.951  render           | Saved: '/tmp/clearvla_eval_opaque_11994.png'
02:14.333  render           | Saved: '/tmp/clearvla_eval_opaque_11994.png'
02:14.647  render           | Saved: '/tmp/clearvla_eval_opaque_11994.png'
02:15.034  render           | Saved: '/tmp/clearvla_eval_opaque_11994.png'
02:15.354  render           | Saved: '/tmp/clearvla_eval_opaque_11994.png'
02:15.745  render           | Saved: '/tmp/clearvla_eval_opaque_11994.png'
02:16.069  render           | Saved: '/tmp/clearvla_eval_opaque_11994.png'
02:16.451  render           | Saved: '/tmp/clearvla_eval_opaque_11994.png'
02:16.763  render           | Saved: '/tmp/clearvla_eval_opaque_11994.png'
02:17.149  render           | Saved: '/tmp/clearvla_eval_opaque_11994.png'
02:17.458  render           | Saved: '/tmp/clearvla_eval_opaque_11994.png'
02:17.839  render           | Saved: '/tmp/clearvla_eval_opaque_11994.png'
02:18.155  render           | Saved: '/tmp/clearvla_eval_opaque_11994.png'
02:18.544  render           | Saved: '/tmp/clearvla_eval_opaque_11994.png'
02:18.863  render           | Saved: '/tmp/clearvla_eval_opaque_11994.png'
02:19.245  render           | Saved: '/tmp/clearvla_eval_opaque_11994.png'
02:19.573  render           | Saved: '/tmp/clearvla_eval_opaque_11994.png'
02:19.958  render           | Saved: '/tmp/clearvla_eval_opaque_11994.png'
02:20.268  render           | Saved: '/tmp/clearvla_eval_opaque_11994.png'
02:20.657  render           | Saved: '/tmp/clearvla_eval_opaque_11994.png'
02:20.968  render           | Saved: '/tmp/clearvla_eval_opaque_11994.png'
02:21.350  render           | Saved: '/tmp/clearvla_eval_opaque_11994.png'
02:21.664  render           | Saved: '/tmp/clearvla_eval_opaque_11994.png'
02:22.061  render           | Saved: '/tmp/clearvla_eval_opaque_11994.png'
02:22.380  render           | Saved: '/tmp/clearvla_eval_opaque_11994.png'
02:22.763  render           | Saved: '/tmp/clearvla_eval_opaque_11994.png'
02:23.077  render           | Saved: '/tmp/clearvla_eval_opaque_11994.png'
02:23.465  render           | Saved: '/tmp/clearvla_eval_opaque_11994.png'
02:23.780  render           | Saved: '/tmp/clearvla_eval_opaque_11994.png'
02:24.164  render           | Saved: '/tmp/clearvla_eval_opaque_11994.png'
02:24.477  render           | Saved: '/tmp/clearvla_eval_opaque_11994.png'
02:24.866  render           | Saved: '/tmp/clearvla_eval_opaque_11994.png'
02:25.182  render           | Saved: '/tmp/clearvla_eval_opaque_11994.png'
02:25.573  render           | Saved: '/tmp/clearvla_eval_opaque_11994.png'
02:25.899  render           | Saved: '/tmp/clearvla_eval_opaque_11994.png'
02:26.281  render           | Saved: '/tmp/clearvla_eval_opaque_11994.png'
02:26.592  render           | Saved: '/tmp/clearvla_eval_opaque_11994.png'
02:27.370  render           | Saved: '/tmp/clearvla_eval_opaque_11994.png'
02:27.688  render           | Saved: '/tmp/clearvla_eval_opaque_11994.png'
02:28.072  render           | Saved: '/tmp/clearvla_eval_opaque_11994.png'
02:28.394  render           | Saved: '/tmp/clearvla_eval_opaque_11994.png'
02:28.778  render           | Saved: '/tmp/clearvla_eval_opaque_11994.png'
02:29.093  render           | Saved: '/tmp/clearvla_eval_opaque_11994.png'
02:29.479  render           | Saved: '/tmp/clearvla_eval_opaque_11994.png'
02:29.795  render           | Saved: '/tmp/clearvla_eval_opaque_11994.png'
02:30.180  render           | Saved: '/tmp/clearvla_eval_opaque_11994.png'
02:30.506  render           | Saved: '/tmp/clearvla_eval_opaque_11994.png'
02:30.893  render           | Saved: '/tmp/clearvla_eval_opaque_11994.png'
02:31.219  render           | Saved: '/tmp/clearvla_eval_opaque_11994.png'
02:31.606  render           | Saved: '/tmp/clearvla_eval_opaque_11994.png'
02:31.917  render           | Saved: '/tmp/clearvla_eval_opaque_11994.png'
02:32.306  render           | Saved: '/tmp/clearvla_eval_opaque_11994.png'
02:32.615  render           | Saved: '/tmp/clearvla_eval_opaque_11994.png'
02:33.016  render           | Saved: '/tmp/clearvla_eval_opaque_11994.png'
02:33.334  render           | Saved: '/tmp/clearvla_eval_opaque_11994.png'
02:33.727  render           | Saved: '/tmp/clearvla_eval_opaque_11994.png'
02:34.052  render           | Saved: '/tmp/clearvla_eval_opaque_11994.png'
02:34.436  render           | Saved: '/tmp/clearvla_eval_opaque_11994.png'
02:34.748  render           | Saved: '/tmp/clearvla_eval_opaque_11994.png'
02:35.141  render           | Saved: '/tmp/clearvla_eval_opaque_11994.png'
02:35.457  render           | Saved: '/tmp/clearvla_eval_opaque_11994.png'
02:35.848  render           | Saved: '/tmp/clearvla_eval_opaque_11994.png'
02:36.166  render           | Saved: '/tmp/clearvla_eval_opaque_11994.png'
02:36.554  render           | Saved: '/tmp/clearvla_eval_opaque_11994.png'
02:36.875  render           | Saved: '/tmp/clearvla_eval_opaque_11994.png'
02:37.271  render           | Saved: '/tmp/clearvla_eval_opaque_11994.png'
02:37.585  render           | Saved: '/tmp/clearvla_eval_opaque_11994.png'
02:37.988  render           | Saved: '/tmp/clearvla_eval_opaque_11994.png'
02:38.324  render           | Saved: '/tmp/clearvla_eval_opaque_11994.png'
02:38.710  render           | Saved: '/tmp/clearvla_eval_opaque_11994.png'
02:39.027  render           | Saved: '/tmp/clearvla_eval_opaque_11994.png'
02:39.405  render           | Saved: '/tmp/clearvla_eval_opaque_11994.png'
02:39.718  render           | Saved: '/tmp/clearvla_eval_opaque_11994.png'
02:40.110  render           | Saved: '/tmp/clearvla_eval_opaque_11994.png'
02:40.438  render           | Saved: '/tmp/clearvla_eval_opaque_11994.png'
02:40.834  render           | Saved: '/tmp/clearvla_eval_opaque_11994.png'
02:41.158  render           | Saved: '/tmp/clearvla_eval_opaque_11994.png'
02:41.540  render           | Saved: '/tmp/clearvla_eval_opaque_11994.png'
02:41.852  render           | Saved: '/tmp/clearvla_eval_opaque_11994.png'
02:42.244  render           | Saved: '/tmp/clearvla_eval_opaque_11994.png'
02:42.553  render           | Saved: '/tmp/clearvla_eval_opaque_11994.png'
02:42.929  render           | Saved: '/tmp/clearvla_eval_opaque_11994.png'
02:43.241  render           | Saved: '/tmp/clearvla_eval_opaque_11994.png'
02:43.629  render           | Saved: '/tmp/clearvla_eval_opaque_11994.png'
02:43.948  render           | Saved: '/tmp/clearvla_eval_opaque_11994.png'
02:44.332  render           | Saved: '/tmp/clearvla_eval_opaque_11994.png'
02:44.653  render           | Saved: '/tmp/clearvla_eval_opaque_11994.png'
02:45.045  render           | Saved: '/tmp/clearvla_eval_opaque_11994.png'
02:45.358  render           | Saved: '/tmp/clearvla_eval_opaque_11994.png'
02:45.758  render           | Saved: '/tmp/clearvla_eval_opaque_11994.png'
02:46.080  render           | Saved: '/tmp/clearvla_eval_opaque_11994.png'
02:46.470  render           | Saved: '/tmp/clearvla_eval_opaque_11994.png'
02:46.797  render           | Saved: '/tmp/clearvla_eval_opaque_11994.png'
02:47.173  render           | Saved: '/tmp/clearvla_eval_opaque_11994.png'
02:47.481  render           | Saved: '/tmp/clearvla_eval_opaque_11994.png'
02:47.872  render           | Saved: '/tmp/clearvla_eval_opaque_11994.png'
02:48.184  render           | Saved: '/tmp/clearvla_eval_opaque_11994.png'
02:48.559  render           | Saved: '/tmp/clearvla_eval_opaque_11994.png'
02:48.872  render           | Saved: '/tmp/clearvla_eval_opaque_11994.png'
02:49.253  render           | Saved: '/tmp/clearvla_eval_opaque_11994.png'
02:49.571  render           | Saved: '/tmp/clearvla_eval_opaque_11994.png'
02:49.957  render           | Saved: '/tmp/clearvla_eval_opaque_11994.png'
02:50.280  render           | Saved: '/tmp/clearvla_eval_opaque_11994.png'
02:50.662  render           | Saved: '/tmp/clearvla_eval_opaque_11994.png'
02:50.973  render           | Saved: '/tmp/clearvla_eval_opaque_11994.png'
02:51.365  render           | Saved: '/tmp/clearvla_eval_opaque_11994.png'
02:51.678  render           | Saved: '/tmp/clearvla_eval_opaque_11994.png'
02:52.074  render           | Saved: '/tmp/clearvla_eval_opaque_11994.png'
02:52.398  render           | Saved: '/tmp/clearvla_eval_opaque_11994.png'
02:52.798  render           | Saved: '/tmp/clearvla_eval_opaque_11994.png'
02:53.125  render           | Saved: '/tmp/clearvla_eval_opaque_11994.png'
02:53.512  render           | Saved: '/tmp/clearvla_eval_opaque_11994.png'
02:53.837  render           | Saved: '/tmp/clearvla_eval_opaque_11994.png'
02:54.610  render           | Saved: '/tmp/clearvla_eval_opaque_11994.png'
02:54.932  render           | Saved: '/tmp/clearvla_eval_opaque_11994.png'
02:55.328  render           | Saved: '/tmp/clearvla_eval_opaque_11994.png'
02:55.648  render           | Saved: '/tmp/clearvla_eval_opaque_11994.png'
02:56.034  render           | Saved: '/tmp/clearvla_eval_opaque_11994.png'
02:56.361  render           | Saved: '/tmp/clearvla_eval_opaque_11994.png'
02:56.749  render           | Saved: '/tmp/clearvla_eval_opaque_11994.png'
02:57.080  render           | Saved: '/tmp/clearvla_eval_opaque_11994.png'
02:57.474  render           | Saved: '/tmp/clearvla_eval_opaque_11994.png'
02:57.796  render           | Saved: '/tmp/clearvla_eval_opaque_11994.png'
02:58.259  render           | Saved: '/tmp/clearvla_eval_opaque_11994.png'
02:58.595  render           | Saved: '/tmp/clearvla_eval_opaque_11994.png'
02:58.998  render           | Saved: '/tmp/clearvla_eval_opaque_11994.png'
02:59.320  render           | Saved: '/tmp/clearvla_eval_opaque_11994.png'
02:59.712  render           | Saved: '/tmp/clearvla_eval_opaque_11994.png'
03:00.036  render           | Saved: '/tmp/clearvla_eval_opaque_11994.png'
03:00.429  render           | Saved: '/tmp/clearvla_eval_opaque_11994.png'
03:00.747  render           | Saved: '/tmp/clearvla_eval_opaque_11994.png'
03:01.144  render           | Saved: '/tmp/clearvla_eval_opaque_11994.png'
03:01.467  render           | Saved: '/tmp/clearvla_eval_opaque_11994.png'
03:01.859  render           | Saved: '/tmp/clearvla_eval_opaque_11994.png'
03:02.180  render           | Saved: '/tmp/clearvla_eval_opaque_11994.png'
03:02.574  render           | Saved: '/tmp/clearvla_eval_opaque_11994.png'
03:02.896  render           | Saved: '/tmp/clearvla_eval_opaque_11994.png'
03:03.289  render           | Saved: '/tmp/clearvla_eval_opaque_11994.png'
03:03.611  render           | Saved: '/tmp/clearvla_eval_opaque_11994.png'
03:04.000  render           | Saved: '/tmp/clearvla_eval_opaque_11994.png'
03:04.319  render           | Saved: '/tmp/clearvla_eval_opaque_11994.png'
03:04.706  render           | Saved: '/tmp/clearvla_eval_opaque_11994.png'
03:05.028  render           | Saved: '/tmp/clearvla_eval_opaque_11994.png'
03:05.414  render           | Saved: '/tmp/clearvla_eval_opaque_11994.png'
03:05.734  render           | Saved: '/tmp/clearvla_eval_opaque_11994.png'
03:06.126  render           | Saved: '/tmp/clearvla_eval_opaque_11994.png'
03:06.446  render           | Saved: '/tmp/clearvla_eval_opaque_11994.png'
03:06.836  render           | Saved: '/tmp/clearvla_eval_opaque_11994.png'
03:07.155  render           | Saved: '/tmp/clearvla_eval_opaque_11994.png'
03:07.548  render           | Saved: '/tmp/clearvla_eval_opaque_11994.png'
03:07.871  render           | Saved: '/tmp/clearvla_eval_opaque_11994.png'
03:08.259  render           | Saved: '/tmp/clearvla_eval_opaque_11994.png'
03:08.575  render           | Saved: '/tmp/clearvla_eval_opaque_11994.png'
03:08.964  render           | Saved: '/tmp/clearvla_eval_opaque_11994.png'
03:09.285  render           | Saved: '/tmp/clearvla_eval_opaque_11994.png'
03:09.674  render           | Saved: '/tmp/clearvla_eval_opaque_11994.png'
03:09.989  render           | Saved: '/tmp/clearvla_eval_opaque_11994.png'
03:10.370  render           | Saved: '/tmp/clearvla_eval_opaque_11994.png'
03:10.690  render           | Saved: '/tmp/clearvla_eval_opaque_11994.png'
03:11.082  render           | Saved: '/tmp/clearvla_eval_opaque_11994.png'
03:11.404  render           | Saved: '/tmp/clearvla_eval_opaque_11994.png'
03:11.794  render           | Saved: '/tmp/clearvla_eval_opaque_11994.png'
03:12.120  render           | Saved: '/tmp/clearvla_eval_opaque_11994.png'
03:12.519  render           | Saved: '/tmp/clearvla_eval_opaque_11994.png'
03:12.841  render           | Saved: '/tmp/clearvla_eval_opaque_11994.png'
03:13.231  render           | Saved: '/tmp/clearvla_eval_opaque_11994.png'
03:13.551  render           | Saved: '/tmp/clearvla_eval_opaque_11994.png'
03:13.940  render           | Saved: '/tmp/clearvla_eval_opaque_11994.png'
03:14.266  render           | Saved: '/tmp/clearvla_eval_opaque_11994.png'
03:14.653  render           | Saved: '/tmp/clearvla_eval_opaque_11994.png'
03:14.977  render           | Saved: '/tmp/clearvla_eval_opaque_11994.png'
03:15.366  render           | Saved: '/tmp/clearvla_eval_opaque_11994.png'
03:15.690  render           | Saved: '/tmp/clearvla_eval_opaque_11994.png'
03:16.076  render           | Saved: '/tmp/clearvla_eval_opaque_11994.png'
03:16.394  render           | Saved: '/tmp/clearvla_eval_opaque_11994.png'
03:16.782  render           | Saved: '/tmp/clearvla_eval_opaque_11994.png'
03:17.103  render           | Saved: '/tmp/clearvla_eval_opaque_11994.png'
03:17.491  render           | Saved: '/tmp/clearvla_eval_opaque_11994.png'
03:17.810  render           | Saved: '/tmp/clearvla_eval_opaque_11994.png'
03:18.199  render           | Saved: '/tmp/clearvla_eval_opaque_11994.png'
03:18.520  render           | Saved: '/tmp/clearvla_eval_opaque_11994.png'
03:18.912  render           | Saved: '/tmp/clearvla_eval_opaque_11994.png'
03:19.225  render           | Saved: '/tmp/clearvla_eval_opaque_11994.png'
03:19.615  render           | Saved: '/tmp/clearvla_eval_opaque_11994.png'
03:19.935  render           | Saved: '/tmp/clearvla_eval_opaque_11994.png'
03:20.325  render           | Saved: '/tmp/clearvla_eval_opaque_11994.png'
03:20.645  render           | Saved: '/tmp/clearvla_eval_opaque_11994.png'
03:21.033  render           | Saved: '/tmp/clearvla_eval_opaque_11994.png'
03:21.350  render           | Saved: '/tmp/clearvla_eval_opaque_11994.png'
03:22.127  render           | Saved: '/tmp/clearvla_eval_opaque_11994.png'
03:22.454  render           | Saved: '/tmp/clearvla_eval_opaque_11994.png'
03:22.845  render           | Saved: '/tmp/clearvla_eval_opaque_11994.png'
03:23.167  render           | Saved: '/tmp/clearvla_eval_opaque_11994.png'
03:23.554  render           | Saved: '/tmp/clearvla_eval_opaque_11994.png'
03:23.879  render           | Saved: '/tmp/clearvla_eval_opaque_11994.png'
03:24.269  render           | Saved: '/tmp/clearvla_eval_opaque_11994.png'
03:24.593  render           | Saved: '/tmp/clearvla_eval_opaque_11994.png'
03:24.990  render           | Saved: '/tmp/clearvla_eval_opaque_11994.png'
03:25.317  render           | Saved: '/tmp/clearvla_eval_opaque_11994.png'
03:25.708  render           | Saved: '/tmp/clearvla_eval_opaque_11994.png'
03:26.031  render           | Saved: '/tmp/clearvla_eval_opaque_11994.png'
03:26.420  render           | Saved: '/tmp/clearvla_eval_opaque_11994.png'
03:26.740  render           | Saved: '/tmp/clearvla_eval_opaque_11994.png'
03:27.132  render           | Saved: '/tmp/clearvla_eval_opaque_11994.png'
03:27.454  render           | Saved: '/tmp/clearvla_eval_opaque_11994.png'
03:27.847  render           | Saved: '/tmp/clearvla_eval_opaque_11994.png'
03:28.173  render           | Saved: '/tmp/clearvla_eval_opaque_11994.png'
03:28.565  render           | Saved: '/tmp/clearvla_eval_opaque_11994.png'
03:28.888  render           | Saved: '/tmp/clearvla_eval_opaque_11994.png'
03:29.284  render           | Saved: '/tmp/clearvla_eval_opaque_11994.png'
03:29.607  render           | Saved: '/tmp/clearvla_eval_opaque_11994.png'
03:30.001  render           | Saved: '/tmp/clearvla_eval_opaque_11994.png'
03:30.319  render           | Saved: '/tmp/clearvla_eval_opaque_11994.png'
03:30.702  render           | Saved: '/tmp/clearvla_eval_opaque_11994.png'
03:31.025  render           | Saved: '/tmp/clearvla_eval_opaque_11994.png'
03:31.417  render           | Saved: '/tmp/clearvla_eval_opaque_11994.png'
03:31.737  render           | Saved: '/tmp/clearvla_eval_opaque_11994.png'
03:32.133  render           | Saved: '/tmp/clearvla_eval_opaque_11994.png'
03:32.458  render           | Saved: '/tmp/clearvla_eval_opaque_11994.png'
03:32.850  render           | Saved: '/tmp/clearvla_eval_opaque_11994.png'
03:33.173  render           | Saved: '/tmp/clearvla_eval_opaque_11994.png'
03:33.579  render           | Saved: '/tmp/clearvla_eval_opaque_11994.png'
03:33.907  render           | Saved: '/tmp/clearvla_eval_opaque_11994.png'
03:34.312  render           | Saved: '/tmp/clearvla_eval_opaque_11994.png'
03:34.636  render           | Saved: '/tmp/clearvla_eval_opaque_11994.png'
03:35.026  render           | Saved: '/tmp/clearvla_eval_opaque_11994.png'
03:35.345  render           | Saved: '/tmp/clearvla_eval_opaque_11994.png'
03:35.740  render           | Saved: '/tmp/clearvla_eval_opaque_11994.png'
03:36.065  render           | Saved: '/tmp/clearvla_eval_opaque_11994.png'
03:36.455  render           | Saved: '/tmp/clearvla_eval_opaque_11994.png'
03:36.771  render           | Saved: '/tmp/clearvla_eval_opaque_11994.png'
03:37.167  render           | Saved: '/tmp/clearvla_eval_opaque_11994.png'
03:37.490  render           | Saved: '/tmp/clearvla_eval_opaque_11994.png'
03:37.888  render           | Saved: '/tmp/clearvla_eval_opaque_11994.png'
03:38.211  render           | Saved: '/tmp/clearvla_eval_opaque_11994.png'
03:38.606  render           | Saved: '/tmp/clearvla_eval_opaque_11994.png'
03:38.928  render           | Saved: '/tmp/clearvla_eval_opaque_11994.png'
03:39.320  render           | Saved: '/tmp/clearvla_eval_opaque_11994.png'
03:39.647  render           | Saved: '/tmp/clearvla_eval_opaque_11994.png'
03:40.042  render           | Saved: '/tmp/clearvla_eval_opaque_11994.png'
03:40.362  render           | Saved: '/tmp/clearvla_eval_opaque_11994.png'
03:40.751  render           | Saved: '/tmp/clearvla_eval_opaque_11994.png'
03:41.071  render           | Saved: '/tmp/clearvla_eval_opaque_11994.png'
03:41.462  render           | Saved: '/tmp/clearvla_eval_opaque_11994.png'
03:41.783  render           | Saved: '/tmp/clearvla_eval_opaque_11994.png'
03:42.174  render           | Saved: '/tmp/clearvla_eval_opaque_11994.png'
03:42.498  render           | Saved: '/tmp/clearvla_eval_opaque_11994.png'
03:42.893  render           | Saved: '/tmp/clearvla_eval_opaque_11994.png'
03:43.210  render           | Saved: '/tmp/clearvla_eval_opaque_11994.png'
03:43.600  render           | Saved: '/tmp/clearvla_eval_opaque_11994.png'
03:43.916  render           | Saved: '/tmp/clearvla_eval_opaque_11994.png'
03:44.310  render           | Saved: '/tmp/clearvla_eval_opaque_11994.png'
03:44.629  render           | Saved: '/tmp/clearvla_eval_opaque_11994.png'
03:45.027  render           | Saved: '/tmp/clearvla_eval_opaque_11994.png'
03:45.350  render           | Saved: '/tmp/clearvla_eval_opaque_11994.png'
03:45.740  render           | Saved: '/tmp/clearvla_eval_opaque_11994.png'
03:46.063  render           | Saved: '/tmp/clearvla_eval_opaque_11994.png'
03:46.456  render           | Saved: '/tmp/clearvla_eval_opaque_11994.png'
03:46.775  render           | Saved: '/tmp/clearvla_eval_opaque_11994.png'
03:47.164  render           | Saved: '/tmp/clearvla_eval_opaque_11994.png'
03:47.488  render           | Saved: '/tmp/clearvla_eval_opaque_11994.png'
03:47.884  render           | Saved: '/tmp/clearvla_eval_opaque_11994.png'
03:48.203  render           | Saved: '/tmp/clearvla_eval_opaque_11994.png'
03:48.595  render           | Saved: '/tmp/clearvla_eval_opaque_11994.png'
03:48.918  render           | Saved: '/tmp/clearvla_eval_opaque_11994.png'
03:49.676  render           | Saved: '/tmp/clearvla_eval_opaque_11994.png'
03:49.995  render           | Saved: '/tmp/clearvla_eval_opaque_11994.png'
03:50.385  render           | Saved: '/tmp/clearvla_eval_opaque_11994.png'
03:50.710  render           | Saved: '/tmp/clearvla_eval_opaque_11994.png'
03:51.095  render           | Saved: '/tmp/clearvla_eval_opaque_11994.png'
03:51.417  render           | Saved: '/tmp/clearvla_eval_opaque_11994.png'
03:51.801  render           | Saved: '/tmp/clearvla_eval_opaque_11994.png'
03:52.124  render           | Saved: '/tmp/clearvla_eval_opaque_11994.png'
03:52.510  render           | Saved: '/tmp/clearvla_eval_opaque_11994.png'
03:52.829  render           | Saved: '/tmp/clearvla_eval_opaque_11994.png'
03:53.217  render           | Saved: '/tmp/clearvla_eval_opaque_11994.png'
03:53.538  render           | Saved: '/tmp/clearvla_eval_opaque_11994.png'
03:53.922  render           | Saved: '/tmp/clearvla_eval_opaque_11994.png'
03:54.244  render           | Saved: '/tmp/clearvla_eval_opaque_11994.png'
03:54.633  render           | Saved: '/tmp/clearvla_eval_opaque_11994.png'
03:54.953  render           | Saved: '/tmp/clearvla_eval_opaque_11994.png'
03:55.334  render           | Saved: '/tmp/clearvla_eval_opaque_11994.png'
03:55.653  render           | Saved: '/tmp/clearvla_eval_opaque_11994.png'
03:56.040  render           | Saved: '/tmp/clearvla_eval_opaque_11994.png'
03:56.362  render           | Saved: '/tmp/clearvla_eval_opaque_11994.png'
03:56.755  render           | Saved: '/tmp/clearvla_eval_opaque_11994.png'
03:57.071  render           | Saved: '/tmp/clearvla_eval_opaque_11994.png'
03:57.465  render           | Saved: '/tmp/clearvla_eval_opaque_11994.png'
03:57.790  render           | Saved: '/tmp/clearvla_eval_opaque_11994.png'
03:58.177  render           | Saved: '/tmp/clearvla_eval_opaque_11994.png'
03:58.494  render           | Saved: '/tmp/clearvla_eval_opaque_11994.png'
03:58.880  render           | Saved: '/tmp/clearvla_eval_opaque_11994.png'
03:59.201  render           | Saved: '/tmp/clearvla_eval_opaque_11994.png'
03:59.589  render           | Saved: '/tmp/clearvla_eval_opaque_11994.png'
03:59.907  render           | Saved: '/tmp/clearvla_eval_opaque_11994.png'
04:00.299  render           | Saved: '/tmp/clearvla_eval_opaque_11994.png'
04:00.617  render           | Saved: '/tmp/clearvla_eval_opaque_11994.png'
04:01.010  render           | Saved: '/tmp/clearvla_eval_opaque_11994.png'
04:01.330  render           | Saved: '/tmp/clearvla_eval_opaque_11994.png'
04:01.718  render           | Saved: '/tmp/clearvla_eval_opaque_11994.png'
04:02.037  render           | Saved: '/tmp/clearvla_eval_opaque_11994.png'
04:02.430  render           | Saved: '/tmp/clearvla_eval_opaque_11994.png'
04:02.747  render           | Saved: '/tmp/clearvla_eval_opaque_11994.png'
04:03.135  render           | Saved: '/tmp/clearvla_eval_opaque_11994.png'
04:03.451  render           | Saved: '/tmp/clearvla_eval_opaque_11994.png'
04:03.840  render           | Saved: '/tmp/clearvla_eval_opaque_11994.png'
04:04.160  render           | Saved: '/tmp/clearvla_eval_opaque_11994.png'
04:04.545  render           | Saved: '/tmp/clearvla_eval_opaque_11994.png'
04:04.866  render           | Saved: '/tmp/clearvla_eval_opaque_11994.png'
04:05.258  render           | Saved: '/tmp/clearvla_eval_opaque_11994.png'
04:05.578  render           | Saved: '/tmp/clearvla_eval_opaque_11994.png'
04:05.967  render           | Saved: '/tmp/clearvla_eval_opaque_11994.png'
04:06.285  render           | Saved: '/tmp/clearvla_eval_opaque_11994.png'
04:06.671  render           | Saved: '/tmp/clearvla_eval_opaque_11994.png'
04:06.988  render           | Saved: '/tmp/clearvla_eval_opaque_11994.png'
04:07.379  render           | Saved: '/tmp/clearvla_eval_opaque_11994.png'
04:07.696  render           | Saved: '/tmp/clearvla_eval_opaque_11994.png'
04:08.088  render           | Saved: '/tmp/clearvla_eval_opaque_11994.png'
04:08.402  render           | Saved: '/tmp/clearvla_eval_opaque_11994.png'
04:08.788  render           | Saved: '/tmp/clearvla_eval_opaque_11994.png'
04:09.109  render           | Saved: '/tmp/clearvla_eval_opaque_11994.png'
04:09.501  render           | Saved: '/tmp/clearvla_eval_opaque_11994.png'
04:09.819  render           | Saved: '/tmp/clearvla_eval_opaque_11994.png'
04:10.210  render           | Saved: '/tmp/clearvla_eval_opaque_11994.png'
04:10.530  render           | Saved: '/tmp/clearvla_eval_opaque_11994.png'
04:10.917  render           | Saved: '/tmp/clearvla_eval_opaque_11994.png'
04:11.238  render           | Saved: '/tmp/clearvla_eval_opaque_11994.png'
04:11.634  render           | Saved: '/tmp/clearvla_eval_opaque_11994.png'
04:11.962  render           | Saved: '/tmp/clearvla_eval_opaque_11994.png'
04:12.349  render           | Saved: '/tmp/clearvla_eval_opaque_11994.png'
04:12.664  render           | Saved: '/tmp/clearvla_eval_opaque_11994.png'
04:13.049  render           | Saved: '/tmp/clearvla_eval_opaque_11994.png'
04:13.366  render           | Saved: '/tmp/clearvla_eval_opaque_11994.png'
04:13.759  render           | Saved: '/tmp/clearvla_eval_opaque_11994.png'
04:14.087  render           | Saved: '/tmp/clearvla_eval_opaque_11994.png'
04:14.477  render           | Saved: '/tmp/clearvla_eval_opaque_11994.png'
04:14.794  render           | Saved: '/tmp/clearvla_eval_opaque_11994.png'
04:15.184  render           | Saved: '/tmp/clearvla_eval_opaque_11994.png'
04:15.505  render           | Saved: '/tmp/clearvla_eval_opaque_11994.png'
04:15.888  render           | Saved: '/tmp/clearvla_eval_opaque_11994.png'
04:16.206  render           | Saved: '/tmp/clearvla_eval_opaque_11994.png'
04:16.951  render           | Saved: '/tmp/clearvla_eval_opaque_11994.png'
04:17.271  render           | Saved: '/tmp/clearvla_eval_opaque_11994.png'
04:17.655  render           | Saved: '/tmp/clearvla_eval_opaque_11994.png'
04:17.974  render           | Saved: '/tmp/clearvla_eval_opaque_11994.png'
04:18.351  render           | Saved: '/tmp/clearvla_eval_opaque_11994.png'
04:18.670  render           | Saved: '/tmp/clearvla_eval_opaque_11994.png'
04:19.054  render           | Saved: '/tmp/clearvla_eval_opaque_11994.png'
04:19.375  render           | Saved: '/tmp/clearvla_eval_opaque_11994.png'
04:19.756  render           | Saved: '/tmp/clearvla_eval_opaque_11994.png'
04:20.076  render           | Saved: '/tmp/clearvla_eval_opaque_11994.png'
04:20.463  render           | Saved: '/tmp/clearvla_eval_opaque_11994.png'
04:20.787  render           | Saved: '/tmp/clearvla_eval_opaque_11994.png'
04:21.175  render           | Saved: '/tmp/clearvla_eval_opaque_11994.png'
04:21.496  render           | Saved: '/tmp/clearvla_eval_opaque_11994.png'
04:21.886  render           | Saved: '/tmp/clearvla_eval_opaque_11994.png'
04:22.204  render           | Saved: '/tmp/clearvla_eval_opaque_11994.png'
04:22.598  render           | Saved: '/tmp/clearvla_eval_opaque_11994.png'
04:22.920  render           | Saved: '/tmp/clearvla_eval_opaque_11994.png'
04:23.308  render           | Saved: '/tmp/clearvla_eval_opaque_11994.png'
04:23.629  render           | Saved: '/tmp/clearvla_eval_opaque_11994.png'
04:24.019  render           | Saved: '/tmp/clearvla_eval_opaque_11994.png'
04:24.338  render           | Saved: '/tmp/clearvla_eval_opaque_11994.png'
04:24.724  render           | Saved: '/tmp/clearvla_eval_opaque_11994.png'
04:25.042  render           | Saved: '/tmp/clearvla_eval_opaque_11994.png'
04:25.435  render           | Saved: '/tmp/clearvla_eval_opaque_11994.png'
04:25.754  render           | Saved: '/tmp/clearvla_eval_opaque_11994.png'
04:26.149  render           | Saved: '/tmp/clearvla_eval_opaque_11994.png'
04:26.467  render           | Saved: '/tmp/clearvla_eval_opaque_11994.png'
04:26.859  render           | Saved: '/tmp/clearvla_eval_opaque_11994.png'
04:27.179  render           | Saved: '/tmp/clearvla_eval_opaque_11994.png'
04:27.571  render           | Saved: '/tmp/clearvla_eval_opaque_11994.png'
04:27.895  render           | Saved: '/tmp/clearvla_eval_opaque_11994.png'
04:28.284  render           | Saved: '/tmp/clearvla_eval_opaque_11994.png'
04:28.621  render           | Saved: '/tmp/clearvla_eval_opaque_11994.png'
04:29.009  render           | Saved: '/tmp/clearvla_eval_opaque_11994.png'
04:29.329  render           | Saved: '/tmp/clearvla_eval_opaque_11994.png'
04:29.716  render           | Saved: '/tmp/clearvla_eval_opaque_11994.png'
04:30.035  render           | Saved: '/tmp/clearvla_eval_opaque_11994.png'
04:30.429  render           | Saved: '/tmp/clearvla_eval_opaque_11994.png'
04:30.744  render           | Saved: '/tmp/clearvla_eval_opaque_11994.png'
04:31.135  render           | Saved: '/tmp/clearvla_eval_opaque_11994.png'
04:31.453  render           | Saved: '/tmp/clearvla_eval_opaque_11994.png'
04:31.844  render           | Saved: '/tmp/clearvla_eval_opaque_11994.png'
04:32.169  render           | Saved: '/tmp/clearvla_eval_opaque_11994.png'
04:32.555  render           | Saved: '/tmp/clearvla_eval_opaque_11994.png'
04:32.868  render           | Saved: '/tmp/clearvla_eval_opaque_11994.png'
04:33.256  render           | Saved: '/tmp/clearvla_eval_opaque_11994.png'
04:33.571  render           | Saved: '/tmp/clearvla_eval_opaque_11994.png'
04:33.962  render           | Saved: '/tmp/clearvla_eval_opaque_11994.png'
04:34.288  render           | Saved: '/tmp/clearvla_eval_opaque_11994.png'
04:34.678  render           | Saved: '/tmp/clearvla_eval_opaque_11994.png'
04:34.997  render           | Saved: '/tmp/clearvla_eval_opaque_11994.png'
04:35.386  render           | Saved: '/tmp/clearvla_eval_opaque_11994.png'
04:35.701  render           | Saved: '/tmp/clearvla_eval_opaque_11994.png'
04:36.096  render           | Saved: '/tmp/clearvla_eval_opaque_11994.png'
04:36.409  render           | Saved: '/tmp/clearvla_eval_opaque_11994.png'
04:36.800  render           | Saved: '/tmp/clearvla_eval_opaque_11994.png'
04:37.118  render           | Saved: '/tmp/clearvla_eval_opaque_11994.png'
04:37.504  render           | Saved: '/tmp/clearvla_eval_opaque_11994.png'
04:37.818  render           | Saved: '/tmp/clearvla_eval_opaque_11994.png'
04:38.212  render           | Saved: '/tmp/clearvla_eval_opaque_11994.png'
04:38.530  render           | Saved: '/tmp/clearvla_eval_opaque_11994.png'
04:38.917  render           | Saved: '/tmp/clearvla_eval_opaque_11994.png'
04:39.238  render           | Saved: '/tmp/clearvla_eval_opaque_11994.png'
04:39.624  render           | Saved: '/tmp/clearvla_eval_opaque_11994.png'
04:39.945  render           | Saved: '/tmp/clearvla_eval_opaque_11994.png'
04:40.335  render           | Saved: '/tmp/clearvla_eval_opaque_11994.png'
04:40.653  render           | Saved: '/tmp/clearvla_eval_opaque_11994.png'
04:41.045  render           | Saved: '/tmp/clearvla_eval_opaque_11994.png'
04:41.365  render           | Saved: '/tmp/clearvla_eval_opaque_11994.png'
04:41.746  render           | Saved: '/tmp/clearvla_eval_opaque_11994.png'
04:42.061  render           | Saved: '/tmp/clearvla_eval_opaque_11994.png'
04:42.448  render           | Saved: '/tmp/clearvla_eval_opaque_11994.png'
04:42.772  render           | Saved: '/tmp/clearvla_eval_opaque_11994.png'
04:43.171  render           | Saved: '/tmp/clearvla_eval_opaque_11994.png'
04:43.491  render           | Saved: '/tmp/clearvla_eval_opaque_11994.png'
[cache50/opaque] grasp: 0/10  (4.6 min, 26.9 s/ep)
done 10 new episodes in 4.6 min -> /Users/yogyamehrotra/Desktop/ClearVLA/results/week4/smoke/cache50_opaque.jsonl
