[transformers] Model config: bos_token_id must be `None` or an integer within the vocabulary (between 0 and 31999), got 49406. This may result in unexpected behavior.
[transformers] Model config: eos_token_id must be `None` or an integer within the vocabulary (between 0 and 31999), got 49407. This may result in unexpected behavior.
Loading weights:   0%|          | 0/408 [00:00<?, ?it/s]Loading weights: 100%|██████████| 408/408 [00:00<00:00, 24991.98it/s]
00:05.856  render           | Saved: '/tmp/clearvla_eval_opaque_17350.png'
00:06.169  render           | Saved: '/tmp/clearvla_eval_opaque_17350.png'
/Users/yogyamehrotra/miniconda3/envs/clearvla/lib/python3.11/site-packages/transformers/image_processing_backends.py:135: UserWarning: The given NumPy array is not writable, and PyTorch does not support non-writable tensors. This means writing to this tensor will result in undefined behavior. You may want to copy the array to protect its data or make it writable before converting it to a tensor. This type of warning will be suppressed for the rest of this program. (Triggered internally at /Users/runner/work/pytorch/pytorch/torch/csrc/utils/tensor_numpy.cpp:219.)
  image = torch.from_numpy(image).contiguous()
00:06.669  render           | Saved: '/tmp/clearvla_eval_opaque_17350.png'
00:06.982  render           | Saved: '/tmp/clearvla_eval_opaque_17350.png'
00:07.359  render           | Saved: '/tmp/clearvla_eval_opaque_17350.png'
00:07.666  render           | Saved: '/tmp/clearvla_eval_opaque_17350.png'
00:08.040  render           | Saved: '/tmp/clearvla_eval_opaque_17350.png'
00:08.350  render           | Saved: '/tmp/clearvla_eval_opaque_17350.png'
00:08.722  render           | Saved: '/tmp/clearvla_eval_opaque_17350.png'
00:09.032  render           | Saved: '/tmp/clearvla_eval_opaque_17350.png'
00:09.406  render           | Saved: '/tmp/clearvla_eval_opaque_17350.png'
00:09.717  render           | Saved: '/tmp/clearvla_eval_opaque_17350.png'
00:10.089  render           | Saved: '/tmp/clearvla_eval_opaque_17350.png'
00:10.395  render           | Saved: '/tmp/clearvla_eval_opaque_17350.png'
00:10.770  render           | Saved: '/tmp/clearvla_eval_opaque_17350.png'
00:11.075  render           | Saved: '/tmp/clearvla_eval_opaque_17350.png'
00:11.447  render           | Saved: '/tmp/clearvla_eval_opaque_17350.png'
00:11.755  render           | Saved: '/tmp/clearvla_eval_opaque_17350.png'
00:12.134  render           | Saved: '/tmp/clearvla_eval_opaque_17350.png'
00:12.447  render           | Saved: '/tmp/clearvla_eval_opaque_17350.png'
00:12.825  render           | Saved: '/tmp/clearvla_eval_opaque_17350.png'
00:13.132  render           | Saved: '/tmp/clearvla_eval_opaque_17350.png'
00:13.513  render           | Saved: '/tmp/clearvla_eval_opaque_17350.png'
00:13.817  render           | Saved: '/tmp/clearvla_eval_opaque_17350.png'
00:14.195  render           | Saved: '/tmp/clearvla_eval_opaque_17350.png'
00:14.507  render           | Saved: '/tmp/clearvla_eval_opaque_17350.png'
00:14.880  render           | Saved: '/tmp/clearvla_eval_opaque_17350.png'
00:15.191  render           | Saved: '/tmp/clearvla_eval_opaque_17350.png'
00:15.569  render           | Saved: '/tmp/clearvla_eval_opaque_17350.png'
00:15.878  render           | Saved: '/tmp/clearvla_eval_opaque_17350.png'
00:16.253  render           | Saved: '/tmp/clearvla_eval_opaque_17350.png'
00:16.563  render           | Saved: '/tmp/clearvla_eval_opaque_17350.png'
00:16.940  render           | Saved: '/tmp/clearvla_eval_opaque_17350.png'
00:17.246  render           | Saved: '/tmp/clearvla_eval_opaque_17350.png'
00:17.621  render           | Saved: '/tmp/clearvla_eval_opaque_17350.png'
00:17.925  render           | Saved: '/tmp/clearvla_eval_opaque_17350.png'
00:18.301  render           | Saved: '/tmp/clearvla_eval_opaque_17350.png'
00:18.603  render           | Saved: '/tmp/clearvla_eval_opaque_17350.png'
00:18.979  render           | Saved: '/tmp/clearvla_eval_opaque_17350.png'
00:19.287  render           | Saved: '/tmp/clearvla_eval_opaque_17350.png'
00:19.657  render           | Saved: '/tmp/clearvla_eval_opaque_17350.png'
00:19.962  render           | Saved: '/tmp/clearvla_eval_opaque_17350.png'
00:20.337  render           | Saved: '/tmp/clearvla_eval_opaque_17350.png'
00:20.643  render           | Saved: '/tmp/clearvla_eval_opaque_17350.png'
00:21.019  render           | Saved: '/tmp/clearvla_eval_opaque_17350.png'
00:21.321  render           | Saved: '/tmp/clearvla_eval_opaque_17350.png'
00:21.690  render           | Saved: '/tmp/clearvla_eval_opaque_17350.png'
00:22.014  render           | Saved: '/tmp/clearvla_eval_opaque_17350.png'
00:22.392  render           | Saved: '/tmp/clearvla_eval_opaque_17350.png'
00:22.701  render           | Saved: '/tmp/clearvla_eval_opaque_17350.png'
00:23.090  render           | Saved: '/tmp/clearvla_eval_opaque_17350.png'
00:23.395  render           | Saved: '/tmp/clearvla_eval_opaque_17350.png'
00:23.769  render           | Saved: '/tmp/clearvla_eval_opaque_17350.png'
00:24.069  render           | Saved: '/tmp/clearvla_eval_opaque_17350.png'
00:24.443  render           | Saved: '/tmp/clearvla_eval_opaque_17350.png'
00:24.742  render           | Saved: '/tmp/clearvla_eval_opaque_17350.png'
00:25.122  render           | Saved: '/tmp/clearvla_eval_opaque_17350.png'
00:25.430  render           | Saved: '/tmp/clearvla_eval_opaque_17350.png'
00:25.803  render           | Saved: '/tmp/clearvla_eval_opaque_17350.png'
00:26.112  render           | Saved: '/tmp/clearvla_eval_opaque_17350.png'
00:26.485  render           | Saved: '/tmp/clearvla_eval_opaque_17350.png'
00:26.789  render           | Saved: '/tmp/clearvla_eval_opaque_17350.png'
00:27.163  render           | Saved: '/tmp/clearvla_eval_opaque_17350.png'
00:27.466  render           | Saved: '/tmp/clearvla_eval_opaque_17350.png'
00:27.839  render           | Saved: '/tmp/clearvla_eval_opaque_17350.png'
00:28.140  render           | Saved: '/tmp/clearvla_eval_opaque_17350.png'
00:28.516  render           | Saved: '/tmp/clearvla_eval_opaque_17350.png'
00:28.825  render           | Saved: '/tmp/clearvla_eval_opaque_17350.png'
00:29.197  render           | Saved: '/tmp/clearvla_eval_opaque_17350.png'
00:29.500  render           | Saved: '/tmp/clearvla_eval_opaque_17350.png'
00:29.872  render           | Saved: '/tmp/clearvla_eval_opaque_17350.png'
00:30.174  render           | Saved: '/tmp/clearvla_eval_opaque_17350.png'
00:30.547  render           | Saved: '/tmp/clearvla_eval_opaque_17350.png'
00:30.851  render           | Saved: '/tmp/clearvla_eval_opaque_17350.png'
00:31.224  render           | Saved: '/tmp/clearvla_eval_opaque_17350.png'
00:31.532  render           | Saved: '/tmp/clearvla_eval_opaque_17350.png'
00:32.308  render           | Saved: '/tmp/clearvla_eval_opaque_17350.png'
00:32.616  render           | Saved: '/tmp/clearvla_eval_opaque_17350.png'
00:32.998  render           | Saved: '/tmp/clearvla_eval_opaque_17350.png'
00:33.309  render           | Saved: '/tmp/clearvla_eval_opaque_17350.png'
00:33.679  render           | Saved: '/tmp/clearvla_eval_opaque_17350.png'
00:33.993  render           | Saved: '/tmp/clearvla_eval_opaque_17350.png'
00:34.370  render           | Saved: '/tmp/clearvla_eval_opaque_17350.png'
00:34.680  render           | Saved: '/tmp/clearvla_eval_opaque_17350.png'
00:35.057  render           | Saved: '/tmp/clearvla_eval_opaque_17350.png'
00:35.371  render           | Saved: '/tmp/clearvla_eval_opaque_17350.png'
00:35.745  render           | Saved: '/tmp/clearvla_eval_opaque_17350.png'
00:36.052  render           | Saved: '/tmp/clearvla_eval_opaque_17350.png'
00:36.430  render           | Saved: '/tmp/clearvla_eval_opaque_17350.png'
00:36.736  render           | Saved: '/tmp/clearvla_eval_opaque_17350.png'
00:37.116  render           | Saved: '/tmp/clearvla_eval_opaque_17350.png'
00:37.426  render           | Saved: '/tmp/clearvla_eval_opaque_17350.png'
00:37.800  render           | Saved: '/tmp/clearvla_eval_opaque_17350.png'
00:38.108  render           | Saved: '/tmp/clearvla_eval_opaque_17350.png'
00:38.483  render           | Saved: '/tmp/clearvla_eval_opaque_17350.png'
00:38.792  render           | Saved: '/tmp/clearvla_eval_opaque_17350.png'
00:39.168  render           | Saved: '/tmp/clearvla_eval_opaque_17350.png'
00:39.478  render           | Saved: '/tmp/clearvla_eval_opaque_17350.png'
00:39.858  render           | Saved: '/tmp/clearvla_eval_opaque_17350.png'
00:40.165  render           | Saved: '/tmp/clearvla_eval_opaque_17350.png'
00:40.545  render           | Saved: '/tmp/clearvla_eval_opaque_17350.png'
00:40.854  render           | Saved: '/tmp/clearvla_eval_opaque_17350.png'
00:41.233  render           | Saved: '/tmp/clearvla_eval_opaque_17350.png'
00:41.541  render           | Saved: '/tmp/clearvla_eval_opaque_17350.png'
00:41.920  render           | Saved: '/tmp/clearvla_eval_opaque_17350.png'
00:42.226  render           | Saved: '/tmp/clearvla_eval_opaque_17350.png'
00:42.602  render           | Saved: '/tmp/clearvla_eval_opaque_17350.png'
00:42.912  render           | Saved: '/tmp/clearvla_eval_opaque_17350.png'
00:43.289  render           | Saved: '/tmp/clearvla_eval_opaque_17350.png'
00:43.598  render           | Saved: '/tmp/clearvla_eval_opaque_17350.png'
00:43.972  render           | Saved: '/tmp/clearvla_eval_opaque_17350.png'
00:44.279  render           | Saved: '/tmp/clearvla_eval_opaque_17350.png'
00:44.657  render           | Saved: '/tmp/clearvla_eval_opaque_17350.png'
00:44.965  render           | Saved: '/tmp/clearvla_eval_opaque_17350.png'
00:45.349  render           | Saved: '/tmp/clearvla_eval_opaque_17350.png'
00:45.659  render           | Saved: '/tmp/clearvla_eval_opaque_17350.png'
00:46.037  render           | Saved: '/tmp/clearvla_eval_opaque_17350.png'
00:46.350  render           | Saved: '/tmp/clearvla_eval_opaque_17350.png'
00:46.729  render           | Saved: '/tmp/clearvla_eval_opaque_17350.png'
00:47.040  render           | Saved: '/tmp/clearvla_eval_opaque_17350.png'
00:47.415  render           | Saved: '/tmp/clearvla_eval_opaque_17350.png'
00:47.718  render           | Saved: '/tmp/clearvla_eval_opaque_17350.png'
00:48.090  render           | Saved: '/tmp/clearvla_eval_opaque_17350.png'
00:48.396  render           | Saved: '/tmp/clearvla_eval_opaque_17350.png'
00:48.773  render           | Saved: '/tmp/clearvla_eval_opaque_17350.png'
00:49.083  render           | Saved: '/tmp/clearvla_eval_opaque_17350.png'
00:49.459  render           | Saved: '/tmp/clearvla_eval_opaque_17350.png'
00:49.767  render           | Saved: '/tmp/clearvla_eval_opaque_17350.png'
00:50.147  render           | Saved: '/tmp/clearvla_eval_opaque_17350.png'
00:50.456  render           | Saved: '/tmp/clearvla_eval_opaque_17350.png'
00:50.847  render           | Saved: '/tmp/clearvla_eval_opaque_17350.png'
00:51.152  render           | Saved: '/tmp/clearvla_eval_opaque_17350.png'
00:51.528  render           | Saved: '/tmp/clearvla_eval_opaque_17350.png'
00:51.835  render           | Saved: '/tmp/clearvla_eval_opaque_17350.png'
00:52.211  render           | Saved: '/tmp/clearvla_eval_opaque_17350.png'
00:52.520  render           | Saved: '/tmp/clearvla_eval_opaque_17350.png'
00:52.895  render           | Saved: '/tmp/clearvla_eval_opaque_17350.png'
00:53.202  render           | Saved: '/tmp/clearvla_eval_opaque_17350.png'
00:53.577  render           | Saved: '/tmp/clearvla_eval_opaque_17350.png'
00:53.886  render           | Saved: '/tmp/clearvla_eval_opaque_17350.png'
00:54.265  render           | Saved: '/tmp/clearvla_eval_opaque_17350.png'
00:54.577  render           | Saved: '/tmp/clearvla_eval_opaque_17350.png'
00:54.954  render           | Saved: '/tmp/clearvla_eval_opaque_17350.png'
00:55.259  render           | Saved: '/tmp/clearvla_eval_opaque_17350.png'
00:55.641  render           | Saved: '/tmp/clearvla_eval_opaque_17350.png'
00:55.951  render           | Saved: '/tmp/clearvla_eval_opaque_17350.png'
00:56.332  render           | Saved: '/tmp/clearvla_eval_opaque_17350.png'
00:56.636  render           | Saved: '/tmp/clearvla_eval_opaque_17350.png'
00:57.011  render           | Saved: '/tmp/clearvla_eval_opaque_17350.png'
00:57.321  render           | Saved: '/tmp/clearvla_eval_opaque_17350.png'
00:57.698  render           | Saved: '/tmp/clearvla_eval_opaque_17350.png'
00:58.009  render           | Saved: '/tmp/clearvla_eval_opaque_17350.png'
00:58.752  render           | Saved: '/tmp/clearvla_eval_opaque_17350.png'
00:59.067  render           | Saved: '/tmp/clearvla_eval_opaque_17350.png'
00:59.453  render           | Saved: '/tmp/clearvla_eval_opaque_17350.png'
00:59.763  render           | Saved: '/tmp/clearvla_eval_opaque_17350.png'
01:00.142  render           | Saved: '/tmp/clearvla_eval_opaque_17350.png'
01:00.454  render           | Saved: '/tmp/clearvla_eval_opaque_17350.png'
01:00.829  render           | Saved: '/tmp/clearvla_eval_opaque_17350.png'
01:01.135  render           | Saved: '/tmp/clearvla_eval_opaque_17350.png'
01:01.509  render           | Saved: '/tmp/clearvla_eval_opaque_17350.png'
01:01.818  render           | Saved: '/tmp/clearvla_eval_opaque_17350.png'
01:02.201  render           | Saved: '/tmp/clearvla_eval_opaque_17350.png'
01:02.514  render           | Saved: '/tmp/clearvla_eval_opaque_17350.png'
01:02.893  render           | Saved: '/tmp/clearvla_eval_opaque_17350.png'
01:03.203  render           | Saved: '/tmp/clearvla_eval_opaque_17350.png'
01:03.599  render           | Saved: '/tmp/clearvla_eval_opaque_17350.png'
01:03.906  render           | Saved: '/tmp/clearvla_eval_opaque_17350.png'
01:04.288  render           | Saved: '/tmp/clearvla_eval_opaque_17350.png'
01:04.597  render           | Saved: '/tmp/clearvla_eval_opaque_17350.png'
01:04.978  render           | Saved: '/tmp/clearvla_eval_opaque_17350.png'
01:05.290  render           | Saved: '/tmp/clearvla_eval_opaque_17350.png'
01:05.668  render           | Saved: '/tmp/clearvla_eval_opaque_17350.png'
01:05.973  render           | Saved: '/tmp/clearvla_eval_opaque_17350.png'
01:06.347  render           | Saved: '/tmp/clearvla_eval_opaque_17350.png'
01:06.661  render           | Saved: '/tmp/clearvla_eval_opaque_17350.png'
01:07.040  render           | Saved: '/tmp/clearvla_eval_opaque_17350.png'
01:07.352  render           | Saved: '/tmp/clearvla_eval_opaque_17350.png'
01:07.733  render           | Saved: '/tmp/clearvla_eval_opaque_17350.png'
01:08.038  render           | Saved: '/tmp/clearvla_eval_opaque_17350.png'
01:08.420  render           | Saved: '/tmp/clearvla_eval_opaque_17350.png'
01:08.726  render           | Saved: '/tmp/clearvla_eval_opaque_17350.png'
01:09.109  render           | Saved: '/tmp/clearvla_eval_opaque_17350.png'
01:09.414  render           | Saved: '/tmp/clearvla_eval_opaque_17350.png'
01:09.794  render           | Saved: '/tmp/clearvla_eval_opaque_17350.png'
01:10.102  render           | Saved: '/tmp/clearvla_eval_opaque_17350.png'
01:10.481  render           | Saved: '/tmp/clearvla_eval_opaque_17350.png'
01:10.790  render           | Saved: '/tmp/clearvla_eval_opaque_17350.png'
01:11.173  render           | Saved: '/tmp/clearvla_eval_opaque_17350.png'
01:11.482  render           | Saved: '/tmp/clearvla_eval_opaque_17350.png'
01:11.865  render           | Saved: '/tmp/clearvla_eval_opaque_17350.png'
01:12.174  render           | Saved: '/tmp/clearvla_eval_opaque_17350.png'
01:12.548  render           | Saved: '/tmp/clearvla_eval_opaque_17350.png'
01:12.851  render           | Saved: '/tmp/clearvla_eval_opaque_17350.png'
01:13.231  render           | Saved: '/tmp/clearvla_eval_opaque_17350.png'
01:13.545  render           | Saved: '/tmp/clearvla_eval_opaque_17350.png'
01:13.922  render           | Saved: '/tmp/clearvla_eval_opaque_17350.png'
01:14.232  render           | Saved: '/tmp/clearvla_eval_opaque_17350.png'
01:14.611  render           | Saved: '/tmp/clearvla_eval_opaque_17350.png'
01:14.918  render           | Saved: '/tmp/clearvla_eval_opaque_17350.png'
01:15.297  render           | Saved: '/tmp/clearvla_eval_opaque_17350.png'
01:15.615  render           | Saved: '/tmp/clearvla_eval_opaque_17350.png'
01:15.995  render           | Saved: '/tmp/clearvla_eval_opaque_17350.png'
01:16.305  render           | Saved: '/tmp/clearvla_eval_opaque_17350.png'
01:16.683  render           | Saved: '/tmp/clearvla_eval_opaque_17350.png'
01:16.991  render           | Saved: '/tmp/clearvla_eval_opaque_17350.png'
01:17.368  render           | Saved: '/tmp/clearvla_eval_opaque_17350.png'
01:17.682  render           | Saved: '/tmp/clearvla_eval_opaque_17350.png'
01:18.056  render           | Saved: '/tmp/clearvla_eval_opaque_17350.png'
01:18.365  render           | Saved: '/tmp/clearvla_eval_opaque_17350.png'
01:18.747  render           | Saved: '/tmp/clearvla_eval_opaque_17350.png'
01:19.056  render           | Saved: '/tmp/clearvla_eval_opaque_17350.png'
01:19.437  render           | Saved: '/tmp/clearvla_eval_opaque_17350.png'
01:19.745  render           | Saved: '/tmp/clearvla_eval_opaque_17350.png'
01:20.130  render           | Saved: '/tmp/clearvla_eval_opaque_17350.png'
01:20.439  render           | Saved: '/tmp/clearvla_eval_opaque_17350.png'
01:20.819  render           | Saved: '/tmp/clearvla_eval_opaque_17350.png'
01:21.123  render           | Saved: '/tmp/clearvla_eval_opaque_17350.png'
01:21.501  render           | Saved: '/tmp/clearvla_eval_opaque_17350.png'
01:21.813  render           | Saved: '/tmp/clearvla_eval_opaque_17350.png'
01:22.189  render           | Saved: '/tmp/clearvla_eval_opaque_17350.png'
01:22.495  render           | Saved: '/tmp/clearvla_eval_opaque_17350.png'
01:22.870  render           | Saved: '/tmp/clearvla_eval_opaque_17350.png'
01:23.181  render           | Saved: '/tmp/clearvla_eval_opaque_17350.png'
01:23.562  render           | Saved: '/tmp/clearvla_eval_opaque_17350.png'
01:23.874  render           | Saved: '/tmp/clearvla_eval_opaque_17350.png'
01:24.248  render           | Saved: '/tmp/clearvla_eval_opaque_17350.png'
01:24.554  render           | Saved: '/tmp/clearvla_eval_opaque_17350.png'
01:25.289  render           | Saved: '/tmp/clearvla_eval_opaque_17350.png'
01:25.614  render           | Saved: '/tmp/clearvla_eval_opaque_17350.png'
01:25.987  render           | Saved: '/tmp/clearvla_eval_opaque_17350.png'
01:26.298  render           | Saved: '/tmp/clearvla_eval_opaque_17350.png'
01:26.678  render           | Saved: '/tmp/clearvla_eval_opaque_17350.png'
01:26.984  render           | Saved: '/tmp/clearvla_eval_opaque_17350.png'
01:27.359  render           | Saved: '/tmp/clearvla_eval_opaque_17350.png'
01:27.666  render           | Saved: '/tmp/clearvla_eval_opaque_17350.png'
01:28.044  render           | Saved: '/tmp/clearvla_eval_opaque_17350.png'
01:28.359  render           | Saved: '/tmp/clearvla_eval_opaque_17350.png'
01:28.732  render           | Saved: '/tmp/clearvla_eval_opaque_17350.png'
01:29.043  render           | Saved: '/tmp/clearvla_eval_opaque_17350.png'
01:29.420  render           | Saved: '/tmp/clearvla_eval_opaque_17350.png'
01:29.722  render           | Saved: '/tmp/clearvla_eval_opaque_17350.png'
01:30.099  render           | Saved: '/tmp/clearvla_eval_opaque_17350.png'
01:30.409  render           | Saved: '/tmp/clearvla_eval_opaque_17350.png'
01:30.786  render           | Saved: '/tmp/clearvla_eval_opaque_17350.png'
01:31.093  render           | Saved: '/tmp/clearvla_eval_opaque_17350.png'
01:31.469  render           | Saved: '/tmp/clearvla_eval_opaque_17350.png'
01:31.780  render           | Saved: '/tmp/clearvla_eval_opaque_17350.png'
01:32.157  render           | Saved: '/tmp/clearvla_eval_opaque_17350.png'
01:32.462  render           | Saved: '/tmp/clearvla_eval_opaque_17350.png'
01:32.841  render           | Saved: '/tmp/clearvla_eval_opaque_17350.png'
01:33.150  render           | Saved: '/tmp/clearvla_eval_opaque_17350.png'
01:33.533  render           | Saved: '/tmp/clearvla_eval_opaque_17350.png'
01:33.839  render           | Saved: '/tmp/clearvla_eval_opaque_17350.png'
01:34.220  render           | Saved: '/tmp/clearvla_eval_opaque_17350.png'
01:34.525  render           | Saved: '/tmp/clearvla_eval_opaque_17350.png'
01:34.905  render           | Saved: '/tmp/clearvla_eval_opaque_17350.png'
01:35.208  render           | Saved: '/tmp/clearvla_eval_opaque_17350.png'
01:35.590  render           | Saved: '/tmp/clearvla_eval_opaque_17350.png'
01:35.902  render           | Saved: '/tmp/clearvla_eval_opaque_17350.png'
01:36.276  render           | Saved: '/tmp/clearvla_eval_opaque_17350.png'
01:36.583  render           | Saved: '/tmp/clearvla_eval_opaque_17350.png'
01:36.967  render           | Saved: '/tmp/clearvla_eval_opaque_17350.png'
01:37.275  render           | Saved: '/tmp/clearvla_eval_opaque_17350.png'
01:37.654  render           | Saved: '/tmp/clearvla_eval_opaque_17350.png'
01:37.963  render           | Saved: '/tmp/clearvla_eval_opaque_17350.png'
01:38.333  render           | Saved: '/tmp/clearvla_eval_opaque_17350.png'
01:38.639  render           | Saved: '/tmp/clearvla_eval_opaque_17350.png'
01:39.018  render           | Saved: '/tmp/clearvla_eval_opaque_17350.png'
01:39.324  render           | Saved: '/tmp/clearvla_eval_opaque_17350.png'
01:39.704  render           | Saved: '/tmp/clearvla_eval_opaque_17350.png'
01:40.012  render           | Saved: '/tmp/clearvla_eval_opaque_17350.png'
01:40.390  render           | Saved: '/tmp/clearvla_eval_opaque_17350.png'
01:40.703  render           | Saved: '/tmp/clearvla_eval_opaque_17350.png'
01:41.080  render           | Saved: '/tmp/clearvla_eval_opaque_17350.png'
01:41.392  render           | Saved: '/tmp/clearvla_eval_opaque_17350.png'
01:41.771  render           | Saved: '/tmp/clearvla_eval_opaque_17350.png'
01:42.078  render           | Saved: '/tmp/clearvla_eval_opaque_17350.png'
01:42.458  render           | Saved: '/tmp/clearvla_eval_opaque_17350.png'
01:42.765  render           | Saved: '/tmp/clearvla_eval_opaque_17350.png'
01:43.145  render           | Saved: '/tmp/clearvla_eval_opaque_17350.png'
01:43.453  render           | Saved: '/tmp/clearvla_eval_opaque_17350.png'
01:43.833  render           | Saved: '/tmp/clearvla_eval_opaque_17350.png'
01:44.137  render           | Saved: '/tmp/clearvla_eval_opaque_17350.png'
01:44.520  render           | Saved: '/tmp/clearvla_eval_opaque_17350.png'
01:44.827  render           | Saved: '/tmp/clearvla_eval_opaque_17350.png'
01:45.206  render           | Saved: '/tmp/clearvla_eval_opaque_17350.png'
01:45.515  render           | Saved: '/tmp/clearvla_eval_opaque_17350.png'
01:45.892  render           | Saved: '/tmp/clearvla_eval_opaque_17350.png'
01:46.198  render           | Saved: '/tmp/clearvla_eval_opaque_17350.png'
01:46.575  render           | Saved: '/tmp/clearvla_eval_opaque_17350.png'
01:46.885  render           | Saved: '/tmp/clearvla_eval_opaque_17350.png'
01:47.266  render           | Saved: '/tmp/clearvla_eval_opaque_17350.png'
01:47.578  render           | Saved: '/tmp/clearvla_eval_opaque_17350.png'
01:47.959  render           | Saved: '/tmp/clearvla_eval_opaque_17350.png'
01:48.265  render           | Saved: '/tmp/clearvla_eval_opaque_17350.png'
01:48.650  render           | Saved: '/tmp/clearvla_eval_opaque_17350.png'
01:48.960  render           | Saved: '/tmp/clearvla_eval_opaque_17350.png'
01:49.341  render           | Saved: '/tmp/clearvla_eval_opaque_17350.png'
01:49.646  render           | Saved: '/tmp/clearvla_eval_opaque_17350.png'
01:50.022  render           | Saved: '/tmp/clearvla_eval_opaque_17350.png'
01:50.332  render           | Saved: '/tmp/clearvla_eval_opaque_17350.png'
01:50.709  render           | Saved: '/tmp/clearvla_eval_opaque_17350.png'
01:51.015  render           | Saved: '/tmp/clearvla_eval_opaque_17350.png'
01:51.756  render           | Saved: '/tmp/clearvla_eval_opaque_17350.png'
01:52.069  render           | Saved: '/tmp/clearvla_eval_opaque_17350.png'
01:52.447  render           | Saved: '/tmp/clearvla_eval_opaque_17350.png'
01:52.756  render           | Saved: '/tmp/clearvla_eval_opaque_17350.png'
01:53.136  render           | Saved: '/tmp/clearvla_eval_opaque_17350.png'
01:53.461  render           | Saved: '/tmp/clearvla_eval_opaque_17350.png'
01:53.837  render           | Saved: '/tmp/clearvla_eval_opaque_17350.png'
01:54.151  render           | Saved: '/tmp/clearvla_eval_opaque_17350.png'
01:54.529  render           | Saved: '/tmp/clearvla_eval_opaque_17350.png'
01:54.838  render           | Saved: '/tmp/clearvla_eval_opaque_17350.png'
01:55.209  render           | Saved: '/tmp/clearvla_eval_opaque_17350.png'
01:55.523  render           | Saved: '/tmp/clearvla_eval_opaque_17350.png'
01:55.904  render           | Saved: '/tmp/clearvla_eval_opaque_17350.png'
01:56.218  render           | Saved: '/tmp/clearvla_eval_opaque_17350.png'
01:56.599  render           | Saved: '/tmp/clearvla_eval_opaque_17350.png'
01:56.912  render           | Saved: '/tmp/clearvla_eval_opaque_17350.png'
01:57.293  render           | Saved: '/tmp/clearvla_eval_opaque_17350.png'
01:57.598  render           | Saved: '/tmp/clearvla_eval_opaque_17350.png'
01:57.979  render           | Saved: '/tmp/clearvla_eval_opaque_17350.png'
01:58.288  render           | Saved: '/tmp/clearvla_eval_opaque_17350.png'
01:58.667  render           | Saved: '/tmp/clearvla_eval_opaque_17350.png'
01:58.980  render           | Saved: '/tmp/clearvla_eval_opaque_17350.png'
01:59.357  render           | Saved: '/tmp/clearvla_eval_opaque_17350.png'
01:59.667  render           | Saved: '/tmp/clearvla_eval_opaque_17350.png'
02:00.048  render           | Saved: '/tmp/clearvla_eval_opaque_17350.png'
02:00.360  render           | Saved: '/tmp/clearvla_eval_opaque_17350.png'
02:00.735  render           | Saved: '/tmp/clearvla_eval_opaque_17350.png'
02:01.041  render           | Saved: '/tmp/clearvla_eval_opaque_17350.png'
02:01.422  render           | Saved: '/tmp/clearvla_eval_opaque_17350.png'
02:01.730  render           | Saved: '/tmp/clearvla_eval_opaque_17350.png'
02:02.111  render           | Saved: '/tmp/clearvla_eval_opaque_17350.png'
02:02.420  render           | Saved: '/tmp/clearvla_eval_opaque_17350.png'
02:02.796  render           | Saved: '/tmp/clearvla_eval_opaque_17350.png'
02:03.114  render           | Saved: '/tmp/clearvla_eval_opaque_17350.png'
02:03.496  render           | Saved: '/tmp/clearvla_eval_opaque_17350.png'
02:03.802  render           | Saved: '/tmp/clearvla_eval_opaque_17350.png'
02:04.179  render           | Saved: '/tmp/clearvla_eval_opaque_17350.png'
02:04.487  render           | Saved: '/tmp/clearvla_eval_opaque_17350.png'
02:04.866  render           | Saved: '/tmp/clearvla_eval_opaque_17350.png'
02:05.173  render           | Saved: '/tmp/clearvla_eval_opaque_17350.png'
02:05.548  render           | Saved: '/tmp/clearvla_eval_opaque_17350.png'
02:05.858  render           | Saved: '/tmp/clearvla_eval_opaque_17350.png'
02:06.237  render           | Saved: '/tmp/clearvla_eval_opaque_17350.png'
02:06.545  render           | Saved: '/tmp/clearvla_eval_opaque_17350.png'
02:06.928  render           | Saved: '/tmp/clearvla_eval_opaque_17350.png'
02:07.235  render           | Saved: '/tmp/clearvla_eval_opaque_17350.png'
02:07.615  render           | Saved: '/tmp/clearvla_eval_opaque_17350.png'
02:07.919  render           | Saved: '/tmp/clearvla_eval_opaque_17350.png'
02:08.301  render           | Saved: '/tmp/clearvla_eval_opaque_17350.png'
02:08.611  render           | Saved: '/tmp/clearvla_eval_opaque_17350.png'
02:08.988  render           | Saved: '/tmp/clearvla_eval_opaque_17350.png'
02:09.293  render           | Saved: '/tmp/clearvla_eval_opaque_17350.png'
02:09.667  render           | Saved: '/tmp/clearvla_eval_opaque_17350.png'
02:09.973  render           | Saved: '/tmp/clearvla_eval_opaque_17350.png'
02:10.353  render           | Saved: '/tmp/clearvla_eval_opaque_17350.png'
02:10.655  render           | Saved: '/tmp/clearvla_eval_opaque_17350.png'
02:11.033  render           | Saved: '/tmp/clearvla_eval_opaque_17350.png'
02:11.345  render           | Saved: '/tmp/clearvla_eval_opaque_17350.png'
02:11.725  render           | Saved: '/tmp/clearvla_eval_opaque_17350.png'
02:12.034  render           | Saved: '/tmp/clearvla_eval_opaque_17350.png'
02:12.412  render           | Saved: '/tmp/clearvla_eval_opaque_17350.png'
02:12.725  render           | Saved: '/tmp/clearvla_eval_opaque_17350.png'
02:13.105  render           | Saved: '/tmp/clearvla_eval_opaque_17350.png'
02:13.414  render           | Saved: '/tmp/clearvla_eval_opaque_17350.png'
02:13.794  render           | Saved: '/tmp/clearvla_eval_opaque_17350.png'
02:14.100  render           | Saved: '/tmp/clearvla_eval_opaque_17350.png'
02:14.479  render           | Saved: '/tmp/clearvla_eval_opaque_17350.png'
02:14.791  render           | Saved: '/tmp/clearvla_eval_opaque_17350.png'
02:15.172  render           | Saved: '/tmp/clearvla_eval_opaque_17350.png'
02:15.479  render           | Saved: '/tmp/clearvla_eval_opaque_17350.png'
02:15.856  render           | Saved: '/tmp/clearvla_eval_opaque_17350.png'
02:16.164  render           | Saved: '/tmp/clearvla_eval_opaque_17350.png'
02:16.540  render           | Saved: '/tmp/clearvla_eval_opaque_17350.png'
02:16.848  render           | Saved: '/tmp/clearvla_eval_opaque_17350.png'
02:17.228  render           | Saved: '/tmp/clearvla_eval_opaque_17350.png'
02:17.534  render           | Saved: '/tmp/clearvla_eval_opaque_17350.png'
02:18.276  render           | Saved: '/tmp/clearvla_eval_opaque_17350.png'
02:18.582  render           | Saved: '/tmp/clearvla_eval_opaque_17350.png'
02:18.960  render           | Saved: '/tmp/clearvla_eval_opaque_17350.png'
02:19.269  render           | Saved: '/tmp/clearvla_eval_opaque_17350.png'
02:19.650  render           | Saved: '/tmp/clearvla_eval_opaque_17350.png'
02:19.957  render           | Saved: '/tmp/clearvla_eval_opaque_17350.png'
02:20.336  render           | Saved: '/tmp/clearvla_eval_opaque_17350.png'
02:20.648  render           | Saved: '/tmp/clearvla_eval_opaque_17350.png'
02:21.022  render           | Saved: '/tmp/clearvla_eval_opaque_17350.png'
02:21.338  render           | Saved: '/tmp/clearvla_eval_opaque_17350.png'
02:21.717  render           | Saved: '/tmp/clearvla_eval_opaque_17350.png'
02:22.032  render           | Saved: '/tmp/clearvla_eval_opaque_17350.png'
02:22.413  render           | Saved: '/tmp/clearvla_eval_opaque_17350.png'
02:22.718  render           | Saved: '/tmp/clearvla_eval_opaque_17350.png'
02:23.098  render           | Saved: '/tmp/clearvla_eval_opaque_17350.png'
02:23.408  render           | Saved: '/tmp/clearvla_eval_opaque_17350.png'
02:23.783  render           | Saved: '/tmp/clearvla_eval_opaque_17350.png'
02:24.091  render           | Saved: '/tmp/clearvla_eval_opaque_17350.png'
02:24.470  render           | Saved: '/tmp/clearvla_eval_opaque_17350.png'
02:24.783  render           | Saved: '/tmp/clearvla_eval_opaque_17350.png'
02:25.159  render           | Saved: '/tmp/clearvla_eval_opaque_17350.png'
02:25.469  render           | Saved: '/tmp/clearvla_eval_opaque_17350.png'
02:25.853  render           | Saved: '/tmp/clearvla_eval_opaque_17350.png'
02:26.160  render           | Saved: '/tmp/clearvla_eval_opaque_17350.png'
02:26.538  render           | Saved: '/tmp/clearvla_eval_opaque_17350.png'
02:26.841  render           | Saved: '/tmp/clearvla_eval_opaque_17350.png'
02:27.228  render           | Saved: '/tmp/clearvla_eval_opaque_17350.png'
02:27.536  render           | Saved: '/tmp/clearvla_eval_opaque_17350.png'
02:27.916  render           | Saved: '/tmp/clearvla_eval_opaque_17350.png'
02:28.224  render           | Saved: '/tmp/clearvla_eval_opaque_17350.png'
02:28.605  render           | Saved: '/tmp/clearvla_eval_opaque_17350.png'
02:28.910  render           | Saved: '/tmp/clearvla_eval_opaque_17350.png'
02:29.298  render           | Saved: '/tmp/clearvla_eval_opaque_17350.png'
02:29.608  render           | Saved: '/tmp/clearvla_eval_opaque_17350.png'
02:29.982  render           | Saved: '/tmp/clearvla_eval_opaque_17350.png'
02:30.291  render           | Saved: '/tmp/clearvla_eval_opaque_17350.png'
02:30.671  render           | Saved: '/tmp/clearvla_eval_opaque_17350.png'
02:30.977  render           | Saved: '/tmp/clearvla_eval_opaque_17350.png'
02:31.355  render           | Saved: '/tmp/clearvla_eval_opaque_17350.png'
02:31.657  render           | Saved: '/tmp/clearvla_eval_opaque_17350.png'
02:32.035  render           | Saved: '/tmp/clearvla_eval_opaque_17350.png'
02:32.345  render           | Saved: '/tmp/clearvla_eval_opaque_17350.png'
02:32.721  render           | Saved: '/tmp/clearvla_eval_opaque_17350.png'
02:33.025  render           | Saved: '/tmp/clearvla_eval_opaque_17350.png'
02:33.395  render           | Saved: '/tmp/clearvla_eval_opaque_17350.png'
02:33.704  render           | Saved: '/tmp/clearvla_eval_opaque_17350.png'
02:34.085  render           | Saved: '/tmp/clearvla_eval_opaque_17350.png'
02:34.392  render           | Saved: '/tmp/clearvla_eval_opaque_17350.png'
02:34.769  render           | Saved: '/tmp/clearvla_eval_opaque_17350.png'
02:35.077  render           | Saved: '/tmp/clearvla_eval_opaque_17350.png'
02:35.453  render           | Saved: '/tmp/clearvla_eval_opaque_17350.png'
02:35.761  render           | Saved: '/tmp/clearvla_eval_opaque_17350.png'
02:36.136  render           | Saved: '/tmp/clearvla_eval_opaque_17350.png'
02:36.443  render           | Saved: '/tmp/clearvla_eval_opaque_17350.png'
02:36.812  render           | Saved: '/tmp/clearvla_eval_opaque_17350.png'
02:37.114  render           | Saved: '/tmp/clearvla_eval_opaque_17350.png'
02:37.498  render           | Saved: '/tmp/clearvla_eval_opaque_17350.png'
02:37.807  render           | Saved: '/tmp/clearvla_eval_opaque_17350.png'
02:38.184  render           | Saved: '/tmp/clearvla_eval_opaque_17350.png'
02:38.492  render           | Saved: '/tmp/clearvla_eval_opaque_17350.png'
02:38.872  render           | Saved: '/tmp/clearvla_eval_opaque_17350.png'
02:39.183  render           | Saved: '/tmp/clearvla_eval_opaque_17350.png'
02:39.562  render           | Saved: '/tmp/clearvla_eval_opaque_17350.png'
02:39.868  render           | Saved: '/tmp/clearvla_eval_opaque_17350.png'
02:40.246  render           | Saved: '/tmp/clearvla_eval_opaque_17350.png'
02:40.553  render           | Saved: '/tmp/clearvla_eval_opaque_17350.png'
02:40.932  render           | Saved: '/tmp/clearvla_eval_opaque_17350.png'
02:41.240  render           | Saved: '/tmp/clearvla_eval_opaque_17350.png'
02:41.619  render           | Saved: '/tmp/clearvla_eval_opaque_17350.png'
02:41.927  render           | Saved: '/tmp/clearvla_eval_opaque_17350.png'
02:42.301  render           | Saved: '/tmp/clearvla_eval_opaque_17350.png'
02:42.608  render           | Saved: '/tmp/clearvla_eval_opaque_17350.png'
02:42.985  render           | Saved: '/tmp/clearvla_eval_opaque_17350.png'
02:43.294  render           | Saved: '/tmp/clearvla_eval_opaque_17350.png'
02:43.673  render           | Saved: '/tmp/clearvla_eval_opaque_17350.png'
02:43.978  render           | Saved: '/tmp/clearvla_eval_opaque_17350.png'
02:44.722  render           | Saved: '/tmp/clearvla_eval_opaque_17350.png'
02:45.033  render           | Saved: '/tmp/clearvla_eval_opaque_17350.png'
02:45.414  render           | Saved: '/tmp/clearvla_eval_opaque_17350.png'
02:45.724  render           | Saved: '/tmp/clearvla_eval_opaque_17350.png'
02:46.096  render           | Saved: '/tmp/clearvla_eval_opaque_17350.png'
02:46.405  render           | Saved: '/tmp/clearvla_eval_opaque_17350.png'
02:46.778  render           | Saved: '/tmp/clearvla_eval_opaque_17350.png'
02:47.092  render           | Saved: '/tmp/clearvla_eval_opaque_17350.png'
02:47.470  render           | Saved: '/tmp/clearvla_eval_opaque_17350.png'
02:47.779  render           | Saved: '/tmp/clearvla_eval_opaque_17350.png'
02:48.150  render           | Saved: '/tmp/clearvla_eval_opaque_17350.png'
02:48.461  render           | Saved: '/tmp/clearvla_eval_opaque_17350.png'
02:48.840  render           | Saved: '/tmp/clearvla_eval_opaque_17350.png'
02:49.151  render           | Saved: '/tmp/clearvla_eval_opaque_17350.png'
02:49.529  render           | Saved: '/tmp/clearvla_eval_opaque_17350.png'
02:49.839  render           | Saved: '/tmp/clearvla_eval_opaque_17350.png'
02:50.214  render           | Saved: '/tmp/clearvla_eval_opaque_17350.png'
02:50.520  render           | Saved: '/tmp/clearvla_eval_opaque_17350.png'
02:50.897  render           | Saved: '/tmp/clearvla_eval_opaque_17350.png'
02:51.203  render           | Saved: '/tmp/clearvla_eval_opaque_17350.png'
02:51.586  render           | Saved: '/tmp/clearvla_eval_opaque_17350.png'
02:51.893  render           | Saved: '/tmp/clearvla_eval_opaque_17350.png'
02:52.273  render           | Saved: '/tmp/clearvla_eval_opaque_17350.png'
02:52.583  render           | Saved: '/tmp/clearvla_eval_opaque_17350.png'
02:52.964  render           | Saved: '/tmp/clearvla_eval_opaque_17350.png'
02:53.270  render           | Saved: '/tmp/clearvla_eval_opaque_17350.png'
02:53.648  render           | Saved: '/tmp/clearvla_eval_opaque_17350.png'
02:53.954  render           | Saved: '/tmp/clearvla_eval_opaque_17350.png'
02:54.333  render           | Saved: '/tmp/clearvla_eval_opaque_17350.png'
02:54.642  render           | Saved: '/tmp/clearvla_eval_opaque_17350.png'
02:55.014  render           | Saved: '/tmp/clearvla_eval_opaque_17350.png'
02:55.328  render           | Saved: '/tmp/clearvla_eval_opaque_17350.png'
02:55.703  render           | Saved: '/tmp/clearvla_eval_opaque_17350.png'
02:56.005  render           | Saved: '/tmp/clearvla_eval_opaque_17350.png'
02:56.388  render           | Saved: '/tmp/clearvla_eval_opaque_17350.png'
02:56.699  render           | Saved: '/tmp/clearvla_eval_opaque_17350.png'
02:57.079  render           | Saved: '/tmp/clearvla_eval_opaque_17350.png'
02:57.385  render           | Saved: '/tmp/clearvla_eval_opaque_17350.png'
02:57.761  render           | Saved: '/tmp/clearvla_eval_opaque_17350.png'
02:58.074  render           | Saved: '/tmp/clearvla_eval_opaque_17350.png'
02:58.453  render           | Saved: '/tmp/clearvla_eval_opaque_17350.png'
02:58.763  render           | Saved: '/tmp/clearvla_eval_opaque_17350.png'
02:59.141  render           | Saved: '/tmp/clearvla_eval_opaque_17350.png'
02:59.448  render           | Saved: '/tmp/clearvla_eval_opaque_17350.png'
02:59.825  render           | Saved: '/tmp/clearvla_eval_opaque_17350.png'
03:00.134  render           | Saved: '/tmp/clearvla_eval_opaque_17350.png'
03:00.511  render           | Saved: '/tmp/clearvla_eval_opaque_17350.png'
03:00.822  render           | Saved: '/tmp/clearvla_eval_opaque_17350.png'
03:01.197  render           | Saved: '/tmp/clearvla_eval_opaque_17350.png'
03:01.507  render           | Saved: '/tmp/clearvla_eval_opaque_17350.png'
03:01.886  render           | Saved: '/tmp/clearvla_eval_opaque_17350.png'
03:02.194  render           | Saved: '/tmp/clearvla_eval_opaque_17350.png'
03:02.570  render           | Saved: '/tmp/clearvla_eval_opaque_17350.png'
03:02.878  render           | Saved: '/tmp/clearvla_eval_opaque_17350.png'
03:03.257  render           | Saved: '/tmp/clearvla_eval_opaque_17350.png'
03:03.560  render           | Saved: '/tmp/clearvla_eval_opaque_17350.png'
03:03.935  render           | Saved: '/tmp/clearvla_eval_opaque_17350.png'
03:04.241  render           | Saved: '/tmp/clearvla_eval_opaque_17350.png'
03:04.620  render           | Saved: '/tmp/clearvla_eval_opaque_17350.png'
03:04.926  render           | Saved: '/tmp/clearvla_eval_opaque_17350.png'
03:05.303  render           | Saved: '/tmp/clearvla_eval_opaque_17350.png'
03:05.608  render           | Saved: '/tmp/clearvla_eval_opaque_17350.png'
03:05.985  render           | Saved: '/tmp/clearvla_eval_opaque_17350.png'
03:06.294  render           | Saved: '/tmp/clearvla_eval_opaque_17350.png'
03:06.670  render           | Saved: '/tmp/clearvla_eval_opaque_17350.png'
03:06.980  render           | Saved: '/tmp/clearvla_eval_opaque_17350.png'
03:07.355  render           | Saved: '/tmp/clearvla_eval_opaque_17350.png'
03:07.664  render           | Saved: '/tmp/clearvla_eval_opaque_17350.png'
03:08.039  render           | Saved: '/tmp/clearvla_eval_opaque_17350.png'
03:08.364  render           | Saved: '/tmp/clearvla_eval_opaque_17350.png'
03:08.740  render           | Saved: '/tmp/clearvla_eval_opaque_17350.png'
03:09.047  render           | Saved: '/tmp/clearvla_eval_opaque_17350.png'
03:09.422  render           | Saved: '/tmp/clearvla_eval_opaque_17350.png'
03:09.728  render           | Saved: '/tmp/clearvla_eval_opaque_17350.png'
03:10.097  render           | Saved: '/tmp/clearvla_eval_opaque_17350.png'
03:10.398  render           | Saved: '/tmp/clearvla_eval_opaque_17350.png'
03:11.138  render           | Saved: '/tmp/clearvla_eval_opaque_17350.png'
03:11.444  render           | Saved: '/tmp/clearvla_eval_opaque_17350.png'
03:11.822  render           | Saved: '/tmp/clearvla_eval_opaque_17350.png'
03:12.130  render           | Saved: '/tmp/clearvla_eval_opaque_17350.png'
03:12.503  render           | Saved: '/tmp/clearvla_eval_opaque_17350.png'
03:12.813  render           | Saved: '/tmp/clearvla_eval_opaque_17350.png'
03:13.193  render           | Saved: '/tmp/clearvla_eval_opaque_17350.png'
03:13.503  render           | Saved: '/tmp/clearvla_eval_opaque_17350.png'
03:13.877  render           | Saved: '/tmp/clearvla_eval_opaque_17350.png'
03:14.190  render           | Saved: '/tmp/clearvla_eval_opaque_17350.png'
03:14.567  render           | Saved: '/tmp/clearvla_eval_opaque_17350.png'
03:14.876  render           | Saved: '/tmp/clearvla_eval_opaque_17350.png'
03:15.254  render           | Saved: '/tmp/clearvla_eval_opaque_17350.png'
03:15.565  render           | Saved: '/tmp/clearvla_eval_opaque_17350.png'
03:15.945  render           | Saved: '/tmp/clearvla_eval_opaque_17350.png'
03:16.252  render           | Saved: '/tmp/clearvla_eval_opaque_17350.png'
03:16.630  render           | Saved: '/tmp/clearvla_eval_opaque_17350.png'
03:16.940  render           | Saved: '/tmp/clearvla_eval_opaque_17350.png'
03:17.315  render           | Saved: '/tmp/clearvla_eval_opaque_17350.png'
03:17.625  render           | Saved: '/tmp/clearvla_eval_opaque_17350.png'
03:18.002  render           | Saved: '/tmp/clearvla_eval_opaque_17350.png'
03:18.311  render           | Saved: '/tmp/clearvla_eval_opaque_17350.png'
03:18.692  render           | Saved: '/tmp/clearvla_eval_opaque_17350.png'
03:19.004  render           | Saved: '/tmp/clearvla_eval_opaque_17350.png'
03:19.383  render           | Saved: '/tmp/clearvla_eval_opaque_17350.png'
03:19.690  render           | Saved: '/tmp/clearvla_eval_opaque_17350.png'
03:20.073  render           | Saved: '/tmp/clearvla_eval_opaque_17350.png'
03:20.377  render           | Saved: '/tmp/clearvla_eval_opaque_17350.png'
03:20.753  render           | Saved: '/tmp/clearvla_eval_opaque_17350.png'
03:21.062  render           | Saved: '/tmp/clearvla_eval_opaque_17350.png'
03:21.441  render           | Saved: '/tmp/clearvla_eval_opaque_17350.png'
03:21.754  render           | Saved: '/tmp/clearvla_eval_opaque_17350.png'
03:22.125  render           | Saved: '/tmp/clearvla_eval_opaque_17350.png'
03:22.428  render           | Saved: '/tmp/clearvla_eval_opaque_17350.png'
03:22.801  render           | Saved: '/tmp/clearvla_eval_opaque_17350.png'
03:23.109  render           | Saved: '/tmp/clearvla_eval_opaque_17350.png'
03:23.486  render           | Saved: '/tmp/clearvla_eval_opaque_17350.png'
03:23.797  render           | Saved: '/tmp/clearvla_eval_opaque_17350.png'
03:24.174  render           | Saved: '/tmp/clearvla_eval_opaque_17350.png'
03:24.476  render           | Saved: '/tmp/clearvla_eval_opaque_17350.png'
03:24.853  render           | Saved: '/tmp/clearvla_eval_opaque_17350.png'
03:25.161  render           | Saved: '/tmp/clearvla_eval_opaque_17350.png'
03:25.539  render           | Saved: '/tmp/clearvla_eval_opaque_17350.png'
03:25.845  render           | Saved: '/tmp/clearvla_eval_opaque_17350.png'
03:26.222  render           | Saved: '/tmp/clearvla_eval_opaque_17350.png'
03:26.535  render           | Saved: '/tmp/clearvla_eval_opaque_17350.png'
03:26.911  render           | Saved: '/tmp/clearvla_eval_opaque_17350.png'
03:27.214  render           | Saved: '/tmp/clearvla_eval_opaque_17350.png'
03:27.587  render           | Saved: '/tmp/clearvla_eval_opaque_17350.png'
03:27.894  render           | Saved: '/tmp/clearvla_eval_opaque_17350.png'
03:28.269  render           | Saved: '/tmp/clearvla_eval_opaque_17350.png'
03:28.574  render           | Saved: '/tmp/clearvla_eval_opaque_17350.png'
03:28.950  render           | Saved: '/tmp/clearvla_eval_opaque_17350.png'
03:29.259  render           | Saved: '/tmp/clearvla_eval_opaque_17350.png'
03:29.636  render           | Saved: '/tmp/clearvla_eval_opaque_17350.png'
03:29.945  render           | Saved: '/tmp/clearvla_eval_opaque_17350.png'
03:30.326  render           | Saved: '/tmp/clearvla_eval_opaque_17350.png'
03:30.637  render           | Saved: '/tmp/clearvla_eval_opaque_17350.png'
03:31.011  render           | Saved: '/tmp/clearvla_eval_opaque_17350.png'
03:31.316  render           | Saved: '/tmp/clearvla_eval_opaque_17350.png'
03:31.696  render           | Saved: '/tmp/clearvla_eval_opaque_17350.png'
03:32.000  render           | Saved: '/tmp/clearvla_eval_opaque_17350.png'
03:32.380  render           | Saved: '/tmp/clearvla_eval_opaque_17350.png'
03:32.686  render           | Saved: '/tmp/clearvla_eval_opaque_17350.png'
03:33.071  render           | Saved: '/tmp/clearvla_eval_opaque_17350.png'
03:33.374  render           | Saved: '/tmp/clearvla_eval_opaque_17350.png'
03:33.756  render           | Saved: '/tmp/clearvla_eval_opaque_17350.png'
03:34.057  render           | Saved: '/tmp/clearvla_eval_opaque_17350.png'
03:34.437  render           | Saved: '/tmp/clearvla_eval_opaque_17350.png'
03:34.742  render           | Saved: '/tmp/clearvla_eval_opaque_17350.png'
03:35.119  render           | Saved: '/tmp/clearvla_eval_opaque_17350.png'
03:35.423  render           | Saved: '/tmp/clearvla_eval_opaque_17350.png'
03:35.801  render           | Saved: '/tmp/clearvla_eval_opaque_17350.png'
03:36.107  render           | Saved: '/tmp/clearvla_eval_opaque_17350.png'
03:36.482  render           | Saved: '/tmp/clearvla_eval_opaque_17350.png'
03:36.786  render           | Saved: '/tmp/clearvla_eval_opaque_17350.png'
03:37.530  render           | Saved: '/tmp/clearvla_eval_opaque_17350.png'
03:37.841  render           | Saved: '/tmp/clearvla_eval_opaque_17350.png'
03:38.222  render           | Saved: '/tmp/clearvla_eval_opaque_17350.png'
03:38.532  render           | Saved: '/tmp/clearvla_eval_opaque_17350.png'
03:38.911  render           | Saved: '/tmp/clearvla_eval_opaque_17350.png'
03:39.222  render           | Saved: '/tmp/clearvla_eval_opaque_17350.png'
03:39.597  render           | Saved: '/tmp/clearvla_eval_opaque_17350.png'
03:39.911  render           | Saved: '/tmp/clearvla_eval_opaque_17350.png'
03:40.288  render           | Saved: '/tmp/clearvla_eval_opaque_17350.png'
03:40.601  render           | Saved: '/tmp/clearvla_eval_opaque_17350.png'
03:40.980  render           | Saved: '/tmp/clearvla_eval_opaque_17350.png'
03:41.288  render           | Saved: '/tmp/clearvla_eval_opaque_17350.png'
03:41.674  render           | Saved: '/tmp/clearvla_eval_opaque_17350.png'
03:41.987  render           | Saved: '/tmp/clearvla_eval_opaque_17350.png'
03:42.369  render           | Saved: '/tmp/clearvla_eval_opaque_17350.png'
03:42.678  render           | Saved: '/tmp/clearvla_eval_opaque_17350.png'
03:43.055  render           | Saved: '/tmp/clearvla_eval_opaque_17350.png'
03:43.369  render           | Saved: '/tmp/clearvla_eval_opaque_17350.png'
03:43.745  render           | Saved: '/tmp/clearvla_eval_opaque_17350.png'
03:44.052  render           | Saved: '/tmp/clearvla_eval_opaque_17350.png'
03:44.432  render           | Saved: '/tmp/clearvla_eval_opaque_17350.png'
03:44.736  render           | Saved: '/tmp/clearvla_eval_opaque_17350.png'
03:45.114  render           | Saved: '/tmp/clearvla_eval_opaque_17350.png'
03:45.419  render           | Saved: '/tmp/clearvla_eval_opaque_17350.png'
03:45.797  render           | Saved: '/tmp/clearvla_eval_opaque_17350.png'
03:46.103  render           | Saved: '/tmp/clearvla_eval_opaque_17350.png'
03:46.481  render           | Saved: '/tmp/clearvla_eval_opaque_17350.png'
03:46.789  render           | Saved: '/tmp/clearvla_eval_opaque_17350.png'
03:47.167  render           | Saved: '/tmp/clearvla_eval_opaque_17350.png'
03:47.481  render           | Saved: '/tmp/clearvla_eval_opaque_17350.png'
03:47.858  render           | Saved: '/tmp/clearvla_eval_opaque_17350.png'
03:48.169  render           | Saved: '/tmp/clearvla_eval_opaque_17350.png'
03:48.550  render           | Saved: '/tmp/clearvla_eval_opaque_17350.png'
03:48.866  render           | Saved: '/tmp/clearvla_eval_opaque_17350.png'
03:49.247  render           | Saved: '/tmp/clearvla_eval_opaque_17350.png'
03:49.552  render           | Saved: '/tmp/clearvla_eval_opaque_17350.png'
03:49.934  render           | Saved: '/tmp/clearvla_eval_opaque_17350.png'
03:50.245  render           | Saved: '/tmp/clearvla_eval_opaque_17350.png'
03:50.621  render           | Saved: '/tmp/clearvla_eval_opaque_17350.png'
03:50.929  render           | Saved: '/tmp/clearvla_eval_opaque_17350.png'
03:51.308  render           | Saved: '/tmp/clearvla_eval_opaque_17350.png'
03:51.617  render           | Saved: '/tmp/clearvla_eval_opaque_17350.png'
03:51.994  render           | Saved: '/tmp/clearvla_eval_opaque_17350.png'
03:52.305  render           | Saved: '/tmp/clearvla_eval_opaque_17350.png'
03:52.682  render           | Saved: '/tmp/clearvla_eval_opaque_17350.png'
03:52.991  render           | Saved: '/tmp/clearvla_eval_opaque_17350.png'
03:53.378  render           | Saved: '/tmp/clearvla_eval_opaque_17350.png'
03:53.686  render           | Saved: '/tmp/clearvla_eval_opaque_17350.png'
03:54.067  render           | Saved: '/tmp/clearvla_eval_opaque_17350.png'
03:54.375  render           | Saved: '/tmp/clearvla_eval_opaque_17350.png'
03:54.749  render           | Saved: '/tmp/clearvla_eval_opaque_17350.png'
03:55.052  render           | Saved: '/tmp/clearvla_eval_opaque_17350.png'
03:55.425  render           | Saved: '/tmp/clearvla_eval_opaque_17350.png'
03:55.738  render           | Saved: '/tmp/clearvla_eval_opaque_17350.png'
03:56.120  render           | Saved: '/tmp/clearvla_eval_opaque_17350.png'
03:56.425  render           | Saved: '/tmp/clearvla_eval_opaque_17350.png'
03:56.807  render           | Saved: '/tmp/clearvla_eval_opaque_17350.png'
03:57.112  render           | Saved: '/tmp/clearvla_eval_opaque_17350.png'
03:57.488  render           | Saved: '/tmp/clearvla_eval_opaque_17350.png'
03:57.795  render           | Saved: '/tmp/clearvla_eval_opaque_17350.png'
03:58.177  render           | Saved: '/tmp/clearvla_eval_opaque_17350.png'
03:58.485  render           | Saved: '/tmp/clearvla_eval_opaque_17350.png'
03:58.862  render           | Saved: '/tmp/clearvla_eval_opaque_17350.png'
03:59.170  render           | Saved: '/tmp/clearvla_eval_opaque_17350.png'
03:59.545  render           | Saved: '/tmp/clearvla_eval_opaque_17350.png'
03:59.851  render           | Saved: '/tmp/clearvla_eval_opaque_17350.png'
04:00.232  render           | Saved: '/tmp/clearvla_eval_opaque_17350.png'
04:00.544  render           | Saved: '/tmp/clearvla_eval_opaque_17350.png'
04:00.920  render           | Saved: '/tmp/clearvla_eval_opaque_17350.png'
04:01.228  render           | Saved: '/tmp/clearvla_eval_opaque_17350.png'
04:01.609  render           | Saved: '/tmp/clearvla_eval_opaque_17350.png'
04:01.919  render           | Saved: '/tmp/clearvla_eval_opaque_17350.png'
04:02.301  render           | Saved: '/tmp/clearvla_eval_opaque_17350.png'
04:02.616  render           | Saved: '/tmp/clearvla_eval_opaque_17350.png'
04:02.998  render           | Saved: '/tmp/clearvla_eval_opaque_17350.png'
04:03.307  render           | Saved: '/tmp/clearvla_eval_opaque_17350.png'
04:04.055  render           | Saved: '/tmp/clearvla_eval_opaque_17350.png'
04:04.362  render           | Saved: '/tmp/clearvla_eval_opaque_17350.png'
04:04.741  render           | Saved: '/tmp/clearvla_eval_opaque_17350.png'
04:05.050  render           | Saved: '/tmp/clearvla_eval_opaque_17350.png'
04:05.427  render           | Saved: '/tmp/clearvla_eval_opaque_17350.png'
04:05.740  render           | Saved: '/tmp/clearvla_eval_opaque_17350.png'
04:06.117  render           | Saved: '/tmp/clearvla_eval_opaque_17350.png'
04:06.429  render           | Saved: '/tmp/clearvla_eval_opaque_17350.png'
04:06.806  render           | Saved: '/tmp/clearvla_eval_opaque_17350.png'
04:07.122  render           | Saved: '/tmp/clearvla_eval_opaque_17350.png'
04:07.500  render           | Saved: '/tmp/clearvla_eval_opaque_17350.png'
04:07.810  render           | Saved: '/tmp/clearvla_eval_opaque_17350.png'
04:08.191  render           | Saved: '/tmp/clearvla_eval_opaque_17350.png'
04:08.497  render           | Saved: '/tmp/clearvla_eval_opaque_17350.png'
04:08.875  render           | Saved: '/tmp/clearvla_eval_opaque_17350.png'
04:09.186  render           | Saved: '/tmp/clearvla_eval_opaque_17350.png'
04:09.563  render           | Saved: '/tmp/clearvla_eval_opaque_17350.png'
04:09.870  render           | Saved: '/tmp/clearvla_eval_opaque_17350.png'
04:10.247  render           | Saved: '/tmp/clearvla_eval_opaque_17350.png'
04:10.557  render           | Saved: '/tmp/clearvla_eval_opaque_17350.png'
04:10.938  render           | Saved: '/tmp/clearvla_eval_opaque_17350.png'
04:11.244  render           | Saved: '/tmp/clearvla_eval_opaque_17350.png'
04:11.625  render           | Saved: '/tmp/clearvla_eval_opaque_17350.png'
04:11.936  render           | Saved: '/tmp/clearvla_eval_opaque_17350.png'
04:12.313  render           | Saved: '/tmp/clearvla_eval_opaque_17350.png'
04:12.623  render           | Saved: '/tmp/clearvla_eval_opaque_17350.png'
04:13.001  render           | Saved: '/tmp/clearvla_eval_opaque_17350.png'
04:13.308  render           | Saved: '/tmp/clearvla_eval_opaque_17350.png'
04:13.688  render           | Saved: '/tmp/clearvla_eval_opaque_17350.png'
04:13.992  render           | Saved: '/tmp/clearvla_eval_opaque_17350.png'
04:14.376  render           | Saved: '/tmp/clearvla_eval_opaque_17350.png'
04:14.686  render           | Saved: '/tmp/clearvla_eval_opaque_17350.png'
04:15.067  render           | Saved: '/tmp/clearvla_eval_opaque_17350.png'
04:15.377  render           | Saved: '/tmp/clearvla_eval_opaque_17350.png'
04:15.760  render           | Saved: '/tmp/clearvla_eval_opaque_17350.png'
04:16.069  render           | Saved: '/tmp/clearvla_eval_opaque_17350.png'
04:16.448  render           | Saved: '/tmp/clearvla_eval_opaque_17350.png'
04:16.761  render           | Saved: '/tmp/clearvla_eval_opaque_17350.png'
04:17.141  render           | Saved: '/tmp/clearvla_eval_opaque_17350.png'
04:17.447  render           | Saved: '/tmp/clearvla_eval_opaque_17350.png'
04:17.829  render           | Saved: '/tmp/clearvla_eval_opaque_17350.png'
04:18.134  render           | Saved: '/tmp/clearvla_eval_opaque_17350.png'
04:18.512  render           | Saved: '/tmp/clearvla_eval_opaque_17350.png'
04:18.822  render           | Saved: '/tmp/clearvla_eval_opaque_17350.png'
04:19.208  render           | Saved: '/tmp/clearvla_eval_opaque_17350.png'
04:19.517  render           | Saved: '/tmp/clearvla_eval_opaque_17350.png'
04:19.899  render           | Saved: '/tmp/clearvla_eval_opaque_17350.png'
04:20.201  render           | Saved: '/tmp/clearvla_eval_opaque_17350.png'
04:20.575  render           | Saved: '/tmp/clearvla_eval_opaque_17350.png'
04:20.875  render           | Saved: '/tmp/clearvla_eval_opaque_17350.png'
04:21.252  render           | Saved: '/tmp/clearvla_eval_opaque_17350.png'
04:21.562  render           | Saved: '/tmp/clearvla_eval_opaque_17350.png'
04:21.937  render           | Saved: '/tmp/clearvla_eval_opaque_17350.png'
04:22.241  render           | Saved: '/tmp/clearvla_eval_opaque_17350.png'
04:22.611  render           | Saved: '/tmp/clearvla_eval_opaque_17350.png'
04:22.918  render           | Saved: '/tmp/clearvla_eval_opaque_17350.png'
04:23.292  render           | Saved: '/tmp/clearvla_eval_opaque_17350.png'
04:23.601  render           | Saved: '/tmp/clearvla_eval_opaque_17350.png'
04:23.977  render           | Saved: '/tmp/clearvla_eval_opaque_17350.png'
04:24.277  render           | Saved: '/tmp/clearvla_eval_opaque_17350.png'
04:24.653  render           | Saved: '/tmp/clearvla_eval_opaque_17350.png'
04:24.958  render           | Saved: '/tmp/clearvla_eval_opaque_17350.png'
04:25.337  render           | Saved: '/tmp/clearvla_eval_opaque_17350.png'
04:25.642  render           | Saved: '/tmp/clearvla_eval_opaque_17350.png'
04:26.017  render           | Saved: '/tmp/clearvla_eval_opaque_17350.png'
04:26.323  render           | Saved: '/tmp/clearvla_eval_opaque_17350.png'
04:26.696  render           | Saved: '/tmp/clearvla_eval_opaque_17350.png'
04:26.999  render           | Saved: '/tmp/clearvla_eval_opaque_17350.png'
04:27.368  render           | Saved: '/tmp/clearvla_eval_opaque_17350.png'
04:27.672  render           | Saved: '/tmp/clearvla_eval_opaque_17350.png'
04:28.044  render           | Saved: '/tmp/clearvla_eval_opaque_17350.png'
04:28.347  render           | Saved: '/tmp/clearvla_eval_opaque_17350.png'
04:28.721  render           | Saved: '/tmp/clearvla_eval_opaque_17350.png'
04:29.031  render           | Saved: '/tmp/clearvla_eval_opaque_17350.png'
04:29.408  render           | Saved: '/tmp/clearvla_eval_opaque_17350.png'
04:29.709  render           | Saved: '/tmp/clearvla_eval_opaque_17350.png'
[protect_cache25/opaque] grasp: 0/10  (4.4 min, 26.0 s/ep)
done 10 new episodes in 4.4 min -> /Users/yogyamehrotra/Desktop/ClearVLA/results/week4/smoke/protect_cache25_opaque.jsonl
