[transformers] Model config: bos_token_id must be `None` or an integer within the vocabulary (between 0 and 31999), got 49406. This may result in unexpected behavior.
[transformers] Model config: eos_token_id must be `None` or an integer within the vocabulary (between 0 and 31999), got 49407. This may result in unexpected behavior.
Loading weights:   0%|          | 0/408 [00:00<?, ?it/s]Loading weights: 100%|██████████| 408/408 [00:00<00:00, 23002.88it/s]
00:05.791  render           | Saved: '/tmp/clearvla_eval_opaque_16432.png'
00:06.100  render           | Saved: '/tmp/clearvla_eval_opaque_16432.png'
/Users/yogyamehrotra/miniconda3/envs/clearvla/lib/python3.11/site-packages/transformers/image_processing_backends.py:135: UserWarning: The given NumPy array is not writable, and PyTorch does not support non-writable tensors. This means writing to this tensor will result in undefined behavior. You may want to copy the array to protect its data or make it writable before converting it to a tensor. This type of warning will be suppressed for the rest of this program. (Triggered internally at /Users/runner/work/pytorch/pytorch/torch/csrc/utils/tensor_numpy.cpp:219.)
  image = torch.from_numpy(image).contiguous()
00:06.989  render           | Saved: '/tmp/clearvla_eval_opaque_16432.png'
00:07.295  render           | Saved: '/tmp/clearvla_eval_opaque_16432.png'
00:07.672  render           | Saved: '/tmp/clearvla_eval_opaque_16432.png'
00:07.979  render           | Saved: '/tmp/clearvla_eval_opaque_16432.png'
00:08.363  render           | Saved: '/tmp/clearvla_eval_opaque_16432.png'
00:08.677  render           | Saved: '/tmp/clearvla_eval_opaque_16432.png'
00:09.048  render           | Saved: '/tmp/clearvla_eval_opaque_16432.png'
00:09.363  render           | Saved: '/tmp/clearvla_eval_opaque_16432.png'
00:09.739  render           | Saved: '/tmp/clearvla_eval_opaque_16432.png'
00:10.047  render           | Saved: '/tmp/clearvla_eval_opaque_16432.png'
00:10.424  render           | Saved: '/tmp/clearvla_eval_opaque_16432.png'
00:10.733  render           | Saved: '/tmp/clearvla_eval_opaque_16432.png'
00:11.111  render           | Saved: '/tmp/clearvla_eval_opaque_16432.png'
00:11.424  render           | Saved: '/tmp/clearvla_eval_opaque_16432.png'
00:11.802  render           | Saved: '/tmp/clearvla_eval_opaque_16432.png'
00:12.117  render           | Saved: '/tmp/clearvla_eval_opaque_16432.png'
00:12.493  render           | Saved: '/tmp/clearvla_eval_opaque_16432.png'
00:12.803  render           | Saved: '/tmp/clearvla_eval_opaque_16432.png'
00:13.186  render           | Saved: '/tmp/clearvla_eval_opaque_16432.png'
00:13.493  render           | Saved: '/tmp/clearvla_eval_opaque_16432.png'
00:13.867  render           | Saved: '/tmp/clearvla_eval_opaque_16432.png'
00:14.180  render           | Saved: '/tmp/clearvla_eval_opaque_16432.png'
00:14.563  render           | Saved: '/tmp/clearvla_eval_opaque_16432.png'
00:14.873  render           | Saved: '/tmp/clearvla_eval_opaque_16432.png'
00:15.247  render           | Saved: '/tmp/clearvla_eval_opaque_16432.png'
00:15.554  render           | Saved: '/tmp/clearvla_eval_opaque_16432.png'
00:15.935  render           | Saved: '/tmp/clearvla_eval_opaque_16432.png'
00:16.247  render           | Saved: '/tmp/clearvla_eval_opaque_16432.png'
00:17.033  render           | Saved: '/tmp/clearvla_eval_opaque_16432.png'
00:17.348  render           | Saved: '/tmp/clearvla_eval_opaque_16432.png'
00:17.726  render           | Saved: '/tmp/clearvla_eval_opaque_16432.png'
00:18.038  render           | Saved: '/tmp/clearvla_eval_opaque_16432.png'
00:18.417  render           | Saved: '/tmp/clearvla_eval_opaque_16432.png'
00:18.719  render           | Saved: '/tmp/clearvla_eval_opaque_16432.png'
00:19.096  render           | Saved: '/tmp/clearvla_eval_opaque_16432.png'
00:19.407  render           | Saved: '/tmp/clearvla_eval_opaque_16432.png'
00:19.777  render           | Saved: '/tmp/clearvla_eval_opaque_16432.png'
00:20.091  render           | Saved: '/tmp/clearvla_eval_opaque_16432.png'
00:20.470  render           | Saved: '/tmp/clearvla_eval_opaque_16432.png'
00:20.784  render           | Saved: '/tmp/clearvla_eval_opaque_16432.png'
00:21.160  render           | Saved: '/tmp/clearvla_eval_opaque_16432.png'
00:21.467  render           | Saved: '/tmp/clearvla_eval_opaque_16432.png'
00:21.846  render           | Saved: '/tmp/clearvla_eval_opaque_16432.png'
00:22.156  render           | Saved: '/tmp/clearvla_eval_opaque_16432.png'
00:22.532  render           | Saved: '/tmp/clearvla_eval_opaque_16432.png'
00:22.843  render           | Saved: '/tmp/clearvla_eval_opaque_16432.png'
00:23.222  render           | Saved: '/tmp/clearvla_eval_opaque_16432.png'
00:23.529  render           | Saved: '/tmp/clearvla_eval_opaque_16432.png'
00:23.911  render           | Saved: '/tmp/clearvla_eval_opaque_16432.png'
00:24.228  render           | Saved: '/tmp/clearvla_eval_opaque_16432.png'
00:24.608  render           | Saved: '/tmp/clearvla_eval_opaque_16432.png'
00:24.919  render           | Saved: '/tmp/clearvla_eval_opaque_16432.png'
00:25.300  render           | Saved: '/tmp/clearvla_eval_opaque_16432.png'
00:25.612  render           | Saved: '/tmp/clearvla_eval_opaque_16432.png'
00:25.987  render           | Saved: '/tmp/clearvla_eval_opaque_16432.png'
00:26.294  render           | Saved: '/tmp/clearvla_eval_opaque_16432.png'
00:26.666  render           | Saved: '/tmp/clearvla_eval_opaque_16432.png'
00:26.974  render           | Saved: '/tmp/clearvla_eval_opaque_16432.png'
00:27.712  render           | Saved: '/tmp/clearvla_eval_opaque_16432.png'
00:28.023  render           | Saved: '/tmp/clearvla_eval_opaque_16432.png'
00:28.406  render           | Saved: '/tmp/clearvla_eval_opaque_16432.png'
00:28.722  render           | Saved: '/tmp/clearvla_eval_opaque_16432.png'
00:29.099  render           | Saved: '/tmp/clearvla_eval_opaque_16432.png'
00:29.408  render           | Saved: '/tmp/clearvla_eval_opaque_16432.png'
00:29.782  render           | Saved: '/tmp/clearvla_eval_opaque_16432.png'
00:30.089  render           | Saved: '/tmp/clearvla_eval_opaque_16432.png'
00:30.462  render           | Saved: '/tmp/clearvla_eval_opaque_16432.png'
00:30.773  render           | Saved: '/tmp/clearvla_eval_opaque_16432.png'
00:31.155  render           | Saved: '/tmp/clearvla_eval_opaque_16432.png'
00:31.467  render           | Saved: '/tmp/clearvla_eval_opaque_16432.png'
00:31.846  render           | Saved: '/tmp/clearvla_eval_opaque_16432.png'
00:32.158  render           | Saved: '/tmp/clearvla_eval_opaque_16432.png'
00:32.537  render           | Saved: '/tmp/clearvla_eval_opaque_16432.png'
00:32.849  render           | Saved: '/tmp/clearvla_eval_opaque_16432.png'
00:33.232  render           | Saved: '/tmp/clearvla_eval_opaque_16432.png'
00:33.543  render           | Saved: '/tmp/clearvla_eval_opaque_16432.png'
00:33.926  render           | Saved: '/tmp/clearvla_eval_opaque_16432.png'
00:34.236  render           | Saved: '/tmp/clearvla_eval_opaque_16432.png'
00:34.616  render           | Saved: '/tmp/clearvla_eval_opaque_16432.png'
00:34.927  render           | Saved: '/tmp/clearvla_eval_opaque_16432.png'
00:35.305  render           | Saved: '/tmp/clearvla_eval_opaque_16432.png'
00:35.614  render           | Saved: '/tmp/clearvla_eval_opaque_16432.png'
00:35.996  render           | Saved: '/tmp/clearvla_eval_opaque_16432.png'
00:36.307  render           | Saved: '/tmp/clearvla_eval_opaque_16432.png'
00:36.689  render           | Saved: '/tmp/clearvla_eval_opaque_16432.png'
00:36.998  render           | Saved: '/tmp/clearvla_eval_opaque_16432.png'
00:37.377  render           | Saved: '/tmp/clearvla_eval_opaque_16432.png'
00:37.688  render           | Saved: '/tmp/clearvla_eval_opaque_16432.png'
00:38.065  render           | Saved: '/tmp/clearvla_eval_opaque_16432.png'
00:38.374  render           | Saved: '/tmp/clearvla_eval_opaque_16432.png'
00:39.111  render           | Saved: '/tmp/clearvla_eval_opaque_16432.png'
00:39.423  render           | Saved: '/tmp/clearvla_eval_opaque_16432.png'
00:39.806  render           | Saved: '/tmp/clearvla_eval_opaque_16432.png'
00:40.114  render           | Saved: '/tmp/clearvla_eval_opaque_16432.png'
00:40.491  render           | Saved: '/tmp/clearvla_eval_opaque_16432.png'
00:40.796  render           | Saved: '/tmp/clearvla_eval_opaque_16432.png'
00:41.173  render           | Saved: '/tmp/clearvla_eval_opaque_16432.png'
00:41.485  render           | Saved: '/tmp/clearvla_eval_opaque_16432.png'
00:41.856  render           | Saved: '/tmp/clearvla_eval_opaque_16432.png'
00:42.171  render           | Saved: '/tmp/clearvla_eval_opaque_16432.png'
00:42.548  render           | Saved: '/tmp/clearvla_eval_opaque_16432.png'
00:42.858  render           | Saved: '/tmp/clearvla_eval_opaque_16432.png'
00:43.243  render           | Saved: '/tmp/clearvla_eval_opaque_16432.png'
00:43.554  render           | Saved: '/tmp/clearvla_eval_opaque_16432.png'
00:43.937  render           | Saved: '/tmp/clearvla_eval_opaque_16432.png'
00:44.246  render           | Saved: '/tmp/clearvla_eval_opaque_16432.png'
00:44.628  render           | Saved: '/tmp/clearvla_eval_opaque_16432.png'
00:44.942  render           | Saved: '/tmp/clearvla_eval_opaque_16432.png'
00:45.318  render           | Saved: '/tmp/clearvla_eval_opaque_16432.png'
00:45.623  render           | Saved: '/tmp/clearvla_eval_opaque_16432.png'
00:46.005  render           | Saved: '/tmp/clearvla_eval_opaque_16432.png'
00:46.318  render           | Saved: '/tmp/clearvla_eval_opaque_16432.png'
00:46.697  render           | Saved: '/tmp/clearvla_eval_opaque_16432.png'
00:47.007  render           | Saved: '/tmp/clearvla_eval_opaque_16432.png'
00:47.386  render           | Saved: '/tmp/clearvla_eval_opaque_16432.png'
00:47.700  render           | Saved: '/tmp/clearvla_eval_opaque_16432.png'
00:48.081  render           | Saved: '/tmp/clearvla_eval_opaque_16432.png'
00:48.394  render           | Saved: '/tmp/clearvla_eval_opaque_16432.png'
00:48.782  render           | Saved: '/tmp/clearvla_eval_opaque_16432.png'
00:49.089  render           | Saved: '/tmp/clearvla_eval_opaque_16432.png'
00:49.826  render           | Saved: '/tmp/clearvla_eval_opaque_16432.png'
00:50.136  render           | Saved: '/tmp/clearvla_eval_opaque_16432.png'
00:50.519  render           | Saved: '/tmp/clearvla_eval_opaque_16432.png'
00:50.828  render           | Saved: '/tmp/clearvla_eval_opaque_16432.png'
00:51.204  render           | Saved: '/tmp/clearvla_eval_opaque_16432.png'
00:51.515  render           | Saved: '/tmp/clearvla_eval_opaque_16432.png'
00:51.892  render           | Saved: '/tmp/clearvla_eval_opaque_16432.png'
00:52.203  render           | Saved: '/tmp/clearvla_eval_opaque_16432.png'
00:52.576  render           | Saved: '/tmp/clearvla_eval_opaque_16432.png'
00:52.887  render           | Saved: '/tmp/clearvla_eval_opaque_16432.png'
00:53.265  render           | Saved: '/tmp/clearvla_eval_opaque_16432.png'
00:53.578  render           | Saved: '/tmp/clearvla_eval_opaque_16432.png'
00:53.959  render           | Saved: '/tmp/clearvla_eval_opaque_16432.png'
00:54.269  render           | Saved: '/tmp/clearvla_eval_opaque_16432.png'
00:54.645  render           | Saved: '/tmp/clearvla_eval_opaque_16432.png'
00:54.957  render           | Saved: '/tmp/clearvla_eval_opaque_16432.png'
00:55.333  render           | Saved: '/tmp/clearvla_eval_opaque_16432.png'
00:55.641  render           | Saved: '/tmp/clearvla_eval_opaque_16432.png'
00:56.019  render           | Saved: '/tmp/clearvla_eval_opaque_16432.png'
00:56.339  render           | Saved: '/tmp/clearvla_eval_opaque_16432.png'
00:56.732  render           | Saved: '/tmp/clearvla_eval_opaque_16432.png'
00:57.050  render           | Saved: '/tmp/clearvla_eval_opaque_16432.png'
00:57.428  render           | Saved: '/tmp/clearvla_eval_opaque_16432.png'
00:57.736  render           | Saved: '/tmp/clearvla_eval_opaque_16432.png'
00:58.117  render           | Saved: '/tmp/clearvla_eval_opaque_16432.png'
00:58.429  render           | Saved: '/tmp/clearvla_eval_opaque_16432.png'
00:58.805  render           | Saved: '/tmp/clearvla_eval_opaque_16432.png'
00:59.116  render           | Saved: '/tmp/clearvla_eval_opaque_16432.png'
00:59.494  render           | Saved: '/tmp/clearvla_eval_opaque_16432.png'
00:59.806  render           | Saved: '/tmp/clearvla_eval_opaque_16432.png'
01:00.555  render           | Saved: '/tmp/clearvla_eval_opaque_16432.png'
01:00.866  render           | Saved: '/tmp/clearvla_eval_opaque_16432.png'
01:01.248  render           | Saved: '/tmp/clearvla_eval_opaque_16432.png'
01:01.558  render           | Saved: '/tmp/clearvla_eval_opaque_16432.png'
01:01.940  render           | Saved: '/tmp/clearvla_eval_opaque_16432.png'
01:02.253  render           | Saved: '/tmp/clearvla_eval_opaque_16432.png'
01:02.636  render           | Saved: '/tmp/clearvla_eval_opaque_16432.png'
01:02.947  render           | Saved: '/tmp/clearvla_eval_opaque_16432.png'
01:03.325  render           | Saved: '/tmp/clearvla_eval_opaque_16432.png'
01:03.637  render           | Saved: '/tmp/clearvla_eval_opaque_16432.png'
01:04.021  render           | Saved: '/tmp/clearvla_eval_opaque_16432.png'
01:04.334  render           | Saved: '/tmp/clearvla_eval_opaque_16432.png'
01:04.715  render           | Saved: '/tmp/clearvla_eval_opaque_16432.png'
01:05.028  render           | Saved: '/tmp/clearvla_eval_opaque_16432.png'
01:05.407  render           | Saved: '/tmp/clearvla_eval_opaque_16432.png'
01:05.717  render           | Saved: '/tmp/clearvla_eval_opaque_16432.png'
01:06.101  render           | Saved: '/tmp/clearvla_eval_opaque_16432.png'
01:06.412  render           | Saved: '/tmp/clearvla_eval_opaque_16432.png'
01:06.798  render           | Saved: '/tmp/clearvla_eval_opaque_16432.png'
01:07.105  render           | Saved: '/tmp/clearvla_eval_opaque_16432.png'
01:07.488  render           | Saved: '/tmp/clearvla_eval_opaque_16432.png'
01:07.798  render           | Saved: '/tmp/clearvla_eval_opaque_16432.png'
01:08.179  render           | Saved: '/tmp/clearvla_eval_opaque_16432.png'
01:08.494  render           | Saved: '/tmp/clearvla_eval_opaque_16432.png'
01:08.872  render           | Saved: '/tmp/clearvla_eval_opaque_16432.png'
01:09.183  render           | Saved: '/tmp/clearvla_eval_opaque_16432.png'
01:09.562  render           | Saved: '/tmp/clearvla_eval_opaque_16432.png'
01:09.872  render           | Saved: '/tmp/clearvla_eval_opaque_16432.png'
01:10.249  render           | Saved: '/tmp/clearvla_eval_opaque_16432.png'
01:10.561  render           | Saved: '/tmp/clearvla_eval_opaque_16432.png'
01:10.941  render           | Saved: '/tmp/clearvla_eval_opaque_16432.png'
01:11.256  render           | Saved: '/tmp/clearvla_eval_opaque_16432.png'
01:11.633  render           | Saved: '/tmp/clearvla_eval_opaque_16432.png'
01:11.949  render           | Saved: '/tmp/clearvla_eval_opaque_16432.png'
01:12.329  render           | Saved: '/tmp/clearvla_eval_opaque_16432.png'
01:12.641  render           | Saved: '/tmp/clearvla_eval_opaque_16432.png'
01:13.019  render           | Saved: '/tmp/clearvla_eval_opaque_16432.png'
01:13.330  render           | Saved: '/tmp/clearvla_eval_opaque_16432.png'
01:13.711  render           | Saved: '/tmp/clearvla_eval_opaque_16432.png'
01:14.028  render           | Saved: '/tmp/clearvla_eval_opaque_16432.png'
01:14.407  render           | Saved: '/tmp/clearvla_eval_opaque_16432.png'
01:14.716  render           | Saved: '/tmp/clearvla_eval_opaque_16432.png'
01:15.097  render           | Saved: '/tmp/clearvla_eval_opaque_16432.png'
01:15.409  render           | Saved: '/tmp/clearvla_eval_opaque_16432.png'
01:15.789  render           | Saved: '/tmp/clearvla_eval_opaque_16432.png'
01:16.105  render           | Saved: '/tmp/clearvla_eval_opaque_16432.png'
01:16.488  render           | Saved: '/tmp/clearvla_eval_opaque_16432.png'
01:16.805  render           | Saved: '/tmp/clearvla_eval_opaque_16432.png'
01:17.187  render           | Saved: '/tmp/clearvla_eval_opaque_16432.png'
01:17.502  render           | Saved: '/tmp/clearvla_eval_opaque_16432.png'
01:17.886  render           | Saved: '/tmp/clearvla_eval_opaque_16432.png'
01:18.198  render           | Saved: '/tmp/clearvla_eval_opaque_16432.png'
01:18.572  render           | Saved: '/tmp/clearvla_eval_opaque_16432.png'
01:18.882  render           | Saved: '/tmp/clearvla_eval_opaque_16432.png'
01:19.257  render           | Saved: '/tmp/clearvla_eval_opaque_16432.png'
01:19.565  render           | Saved: '/tmp/clearvla_eval_opaque_16432.png'
01:19.941  render           | Saved: '/tmp/clearvla_eval_opaque_16432.png'
01:20.253  render           | Saved: '/tmp/clearvla_eval_opaque_16432.png'
01:20.624  render           | Saved: '/tmp/clearvla_eval_opaque_16432.png'
01:20.935  render           | Saved: '/tmp/clearvla_eval_opaque_16432.png'
01:21.308  render           | Saved: '/tmp/clearvla_eval_opaque_16432.png'
01:21.617  render           | Saved: '/tmp/clearvla_eval_opaque_16432.png'
01:21.989  render           | Saved: '/tmp/clearvla_eval_opaque_16432.png'
01:22.295  render           | Saved: '/tmp/clearvla_eval_opaque_16432.png'
01:22.669  render           | Saved: '/tmp/clearvla_eval_opaque_16432.png'
01:22.979  render           | Saved: '/tmp/clearvla_eval_opaque_16432.png'
01:23.351  render           | Saved: '/tmp/clearvla_eval_opaque_16432.png'
01:23.656  render           | Saved: '/tmp/clearvla_eval_opaque_16432.png'
01:24.029  render           | Saved: '/tmp/clearvla_eval_opaque_16432.png'
01:24.343  render           | Saved: '/tmp/clearvla_eval_opaque_16432.png'
01:24.717  render           | Saved: '/tmp/clearvla_eval_opaque_16432.png'
01:25.027  render           | Saved: '/tmp/clearvla_eval_opaque_16432.png'
01:25.400  render           | Saved: '/tmp/clearvla_eval_opaque_16432.png'
01:25.710  render           | Saved: '/tmp/clearvla_eval_opaque_16432.png'
01:26.085  render           | Saved: '/tmp/clearvla_eval_opaque_16432.png'
01:26.397  render           | Saved: '/tmp/clearvla_eval_opaque_16432.png'
01:27.152  render           | Saved: '/tmp/clearvla_eval_opaque_16432.png'
01:27.464  render           | Saved: '/tmp/clearvla_eval_opaque_16432.png'
01:27.845  render           | Saved: '/tmp/clearvla_eval_opaque_16432.png'
01:28.153  render           | Saved: '/tmp/clearvla_eval_opaque_16432.png'
01:28.530  render           | Saved: '/tmp/clearvla_eval_opaque_16432.png'
01:28.846  render           | Saved: '/tmp/clearvla_eval_opaque_16432.png'
01:29.229  render           | Saved: '/tmp/clearvla_eval_opaque_16432.png'
01:29.542  render           | Saved: '/tmp/clearvla_eval_opaque_16432.png'
01:29.924  render           | Saved: '/tmp/clearvla_eval_opaque_16432.png'
01:30.230  render           | Saved: '/tmp/clearvla_eval_opaque_16432.png'
01:30.614  render           | Saved: '/tmp/clearvla_eval_opaque_16432.png'
01:30.925  render           | Saved: '/tmp/clearvla_eval_opaque_16432.png'
01:31.316  render           | Saved: '/tmp/clearvla_eval_opaque_16432.png'
01:31.625  render           | Saved: '/tmp/clearvla_eval_opaque_16432.png'
01:32.007  render           | Saved: '/tmp/clearvla_eval_opaque_16432.png'
01:32.322  render           | Saved: '/tmp/clearvla_eval_opaque_16432.png'
01:32.704  render           | Saved: '/tmp/clearvla_eval_opaque_16432.png'
01:33.012  render           | Saved: '/tmp/clearvla_eval_opaque_16432.png'
01:33.395  render           | Saved: '/tmp/clearvla_eval_opaque_16432.png'
01:33.711  render           | Saved: '/tmp/clearvla_eval_opaque_16432.png'
01:34.095  render           | Saved: '/tmp/clearvla_eval_opaque_16432.png'
01:34.408  render           | Saved: '/tmp/clearvla_eval_opaque_16432.png'
01:34.791  render           | Saved: '/tmp/clearvla_eval_opaque_16432.png'
01:35.102  render           | Saved: '/tmp/clearvla_eval_opaque_16432.png'
01:35.496  render           | Saved: '/tmp/clearvla_eval_opaque_16432.png'
01:35.808  render           | Saved: '/tmp/clearvla_eval_opaque_16432.png'
01:36.190  render           | Saved: '/tmp/clearvla_eval_opaque_16432.png'
01:36.507  render           | Saved: '/tmp/clearvla_eval_opaque_16432.png'
01:36.891  render           | Saved: '/tmp/clearvla_eval_opaque_16432.png'
01:37.200  render           | Saved: '/tmp/clearvla_eval_opaque_16432.png'
01:37.580  render           | Saved: '/tmp/clearvla_eval_opaque_16432.png'
01:37.894  render           | Saved: '/tmp/clearvla_eval_opaque_16432.png'
01:38.641  render           | Saved: '/tmp/clearvla_eval_opaque_16432.png'
01:38.950  render           | Saved: '/tmp/clearvla_eval_opaque_16432.png'
01:39.331  render           | Saved: '/tmp/clearvla_eval_opaque_16432.png'
01:39.639  render           | Saved: '/tmp/clearvla_eval_opaque_16432.png'
01:40.020  render           | Saved: '/tmp/clearvla_eval_opaque_16432.png'
01:40.331  render           | Saved: '/tmp/clearvla_eval_opaque_16432.png'
01:40.716  render           | Saved: '/tmp/clearvla_eval_opaque_16432.png'
01:41.032  render           | Saved: '/tmp/clearvla_eval_opaque_16432.png'
01:41.416  render           | Saved: '/tmp/clearvla_eval_opaque_16432.png'
01:41.727  render           | Saved: '/tmp/clearvla_eval_opaque_16432.png'
01:42.104  render           | Saved: '/tmp/clearvla_eval_opaque_16432.png'
01:42.422  render           | Saved: '/tmp/clearvla_eval_opaque_16432.png'
01:42.807  render           | Saved: '/tmp/clearvla_eval_opaque_16432.png'
01:43.121  render           | Saved: '/tmp/clearvla_eval_opaque_16432.png'
01:43.508  render           | Saved: '/tmp/clearvla_eval_opaque_16432.png'
01:43.822  render           | Saved: '/tmp/clearvla_eval_opaque_16432.png'
01:44.208  render           | Saved: '/tmp/clearvla_eval_opaque_16432.png'
01:44.523  render           | Saved: '/tmp/clearvla_eval_opaque_16432.png'
01:44.910  render           | Saved: '/tmp/clearvla_eval_opaque_16432.png'
01:45.227  render           | Saved: '/tmp/clearvla_eval_opaque_16432.png'
01:45.613  render           | Saved: '/tmp/clearvla_eval_opaque_16432.png'
01:45.924  render           | Saved: '/tmp/clearvla_eval_opaque_16432.png'
01:46.306  render           | Saved: '/tmp/clearvla_eval_opaque_16432.png'
01:46.616  render           | Saved: '/tmp/clearvla_eval_opaque_16432.png'
01:47.004  render           | Saved: '/tmp/clearvla_eval_opaque_16432.png'
01:47.317  render           | Saved: '/tmp/clearvla_eval_opaque_16432.png'
01:47.706  render           | Saved: '/tmp/clearvla_eval_opaque_16432.png'
01:48.014  render           | Saved: '/tmp/clearvla_eval_opaque_16432.png'
01:48.392  render           | Saved: '/tmp/clearvla_eval_opaque_16432.png'
01:48.703  render           | Saved: '/tmp/clearvla_eval_opaque_16432.png'
01:49.079  render           | Saved: '/tmp/clearvla_eval_opaque_16432.png'
01:49.389  render           | Saved: '/tmp/clearvla_eval_opaque_16432.png'
01:50.132  render           | Saved: '/tmp/clearvla_eval_opaque_16432.png'
01:50.442  render           | Saved: '/tmp/clearvla_eval_opaque_16432.png'
01:50.824  render           | Saved: '/tmp/clearvla_eval_opaque_16432.png'
01:51.139  render           | Saved: '/tmp/clearvla_eval_opaque_16432.png'
01:51.513  render           | Saved: '/tmp/clearvla_eval_opaque_16432.png'
01:51.818  render           | Saved: '/tmp/clearvla_eval_opaque_16432.png'
01:52.186  render           | Saved: '/tmp/clearvla_eval_opaque_16432.png'
01:52.492  render           | Saved: '/tmp/clearvla_eval_opaque_16432.png'
01:52.867  render           | Saved: '/tmp/clearvla_eval_opaque_16432.png'
01:53.175  render           | Saved: '/tmp/clearvla_eval_opaque_16432.png'
01:53.547  render           | Saved: '/tmp/clearvla_eval_opaque_16432.png'
01:53.858  render           | Saved: '/tmp/clearvla_eval_opaque_16432.png'
01:54.241  render           | Saved: '/tmp/clearvla_eval_opaque_16432.png'
01:54.551  render           | Saved: '/tmp/clearvla_eval_opaque_16432.png'
01:54.924  render           | Saved: '/tmp/clearvla_eval_opaque_16432.png'
01:55.234  render           | Saved: '/tmp/clearvla_eval_opaque_16432.png'
01:55.612  render           | Saved: '/tmp/clearvla_eval_opaque_16432.png'
01:55.918  render           | Saved: '/tmp/clearvla_eval_opaque_16432.png'
01:56.300  render           | Saved: '/tmp/clearvla_eval_opaque_16432.png'
01:56.611  render           | Saved: '/tmp/clearvla_eval_opaque_16432.png'
01:56.989  render           | Saved: '/tmp/clearvla_eval_opaque_16432.png'
01:57.295  render           | Saved: '/tmp/clearvla_eval_opaque_16432.png'
01:57.674  render           | Saved: '/tmp/clearvla_eval_opaque_16432.png'
01:57.981  render           | Saved: '/tmp/clearvla_eval_opaque_16432.png'
01:58.364  render           | Saved: '/tmp/clearvla_eval_opaque_16432.png'
01:58.674  render           | Saved: '/tmp/clearvla_eval_opaque_16432.png'
01:59.053  render           | Saved: '/tmp/clearvla_eval_opaque_16432.png'
01:59.370  render           | Saved: '/tmp/clearvla_eval_opaque_16432.png'
01:59.754  render           | Saved: '/tmp/clearvla_eval_opaque_16432.png'
02:00.064  render           | Saved: '/tmp/clearvla_eval_opaque_16432.png'
02:00.447  render           | Saved: '/tmp/clearvla_eval_opaque_16432.png'
02:00.758  render           | Saved: '/tmp/clearvla_eval_opaque_16432.png'
02:01.504  render           | Saved: '/tmp/clearvla_eval_opaque_16432.png'
02:01.815  render           | Saved: '/tmp/clearvla_eval_opaque_16432.png'
02:02.198  render           | Saved: '/tmp/clearvla_eval_opaque_16432.png'
02:02.514  render           | Saved: '/tmp/clearvla_eval_opaque_16432.png'
02:02.895  render           | Saved: '/tmp/clearvla_eval_opaque_16432.png'
02:03.200  render           | Saved: '/tmp/clearvla_eval_opaque_16432.png'
02:03.577  render           | Saved: '/tmp/clearvla_eval_opaque_16432.png'
02:03.889  render           | Saved: '/tmp/clearvla_eval_opaque_16432.png'
02:04.272  render           | Saved: '/tmp/clearvla_eval_opaque_16432.png'
02:04.591  render           | Saved: '/tmp/clearvla_eval_opaque_16432.png'
02:04.971  render           | Saved: '/tmp/clearvla_eval_opaque_16432.png'
02:05.288  render           | Saved: '/tmp/clearvla_eval_opaque_16432.png'
02:05.670  render           | Saved: '/tmp/clearvla_eval_opaque_16432.png'
02:05.987  render           | Saved: '/tmp/clearvla_eval_opaque_16432.png'
02:06.374  render           | Saved: '/tmp/clearvla_eval_opaque_16432.png'
02:06.689  render           | Saved: '/tmp/clearvla_eval_opaque_16432.png'
02:07.070  render           | Saved: '/tmp/clearvla_eval_opaque_16432.png'
02:07.383  render           | Saved: '/tmp/clearvla_eval_opaque_16432.png'
02:07.765  render           | Saved: '/tmp/clearvla_eval_opaque_16432.png'
02:08.081  render           | Saved: '/tmp/clearvla_eval_opaque_16432.png'
02:08.463  render           | Saved: '/tmp/clearvla_eval_opaque_16432.png'
02:08.775  render           | Saved: '/tmp/clearvla_eval_opaque_16432.png'
02:09.160  render           | Saved: '/tmp/clearvla_eval_opaque_16432.png'
02:09.468  render           | Saved: '/tmp/clearvla_eval_opaque_16432.png'
02:09.856  render           | Saved: '/tmp/clearvla_eval_opaque_16432.png'
02:10.174  render           | Saved: '/tmp/clearvla_eval_opaque_16432.png'
02:10.553  render           | Saved: '/tmp/clearvla_eval_opaque_16432.png'
02:10.863  render           | Saved: '/tmp/clearvla_eval_opaque_16432.png'
02:11.242  render           | Saved: '/tmp/clearvla_eval_opaque_16432.png'
02:11.558  render           | Saved: '/tmp/clearvla_eval_opaque_16432.png'
02:11.934  render           | Saved: '/tmp/clearvla_eval_opaque_16432.png'
02:12.248  render           | Saved: '/tmp/clearvla_eval_opaque_16432.png'
02:12.629  render           | Saved: '/tmp/clearvla_eval_opaque_16432.png'
02:12.940  render           | Saved: '/tmp/clearvla_eval_opaque_16432.png'
02:13.321  render           | Saved: '/tmp/clearvla_eval_opaque_16432.png'
02:13.634  render           | Saved: '/tmp/clearvla_eval_opaque_16432.png'
02:14.016  render           | Saved: '/tmp/clearvla_eval_opaque_16432.png'
02:14.329  render           | Saved: '/tmp/clearvla_eval_opaque_16432.png'
02:14.707  render           | Saved: '/tmp/clearvla_eval_opaque_16432.png'
02:15.016  render           | Saved: '/tmp/clearvla_eval_opaque_16432.png'
02:15.397  render           | Saved: '/tmp/clearvla_eval_opaque_16432.png'
02:15.707  render           | Saved: '/tmp/clearvla_eval_opaque_16432.png'
02:16.091  render           | Saved: '/tmp/clearvla_eval_opaque_16432.png'
02:16.401  render           | Saved: '/tmp/clearvla_eval_opaque_16432.png'
02:16.776  render           | Saved: '/tmp/clearvla_eval_opaque_16432.png'
02:17.092  render           | Saved: '/tmp/clearvla_eval_opaque_16432.png'
02:17.476  render           | Saved: '/tmp/clearvla_eval_opaque_16432.png'
02:17.785  render           | Saved: '/tmp/clearvla_eval_opaque_16432.png'
02:18.167  render           | Saved: '/tmp/clearvla_eval_opaque_16432.png'
02:18.480  render           | Saved: '/tmp/clearvla_eval_opaque_16432.png'
02:18.864  render           | Saved: '/tmp/clearvla_eval_opaque_16432.png'
02:19.178  render           | Saved: '/tmp/clearvla_eval_opaque_16432.png'
02:19.562  render           | Saved: '/tmp/clearvla_eval_opaque_16432.png'
02:19.874  render           | Saved: '/tmp/clearvla_eval_opaque_16432.png'
02:20.258  render           | Saved: '/tmp/clearvla_eval_opaque_16432.png'
02:20.567  render           | Saved: '/tmp/clearvla_eval_opaque_16432.png'
02:20.949  render           | Saved: '/tmp/clearvla_eval_opaque_16432.png'
02:21.262  render           | Saved: '/tmp/clearvla_eval_opaque_16432.png'
02:21.648  render           | Saved: '/tmp/clearvla_eval_opaque_16432.png'
02:21.959  render           | Saved: '/tmp/clearvla_eval_opaque_16432.png'
02:22.346  render           | Saved: '/tmp/clearvla_eval_opaque_16432.png'
02:22.660  render           | Saved: '/tmp/clearvla_eval_opaque_16432.png'
02:23.037  render           | Saved: '/tmp/clearvla_eval_opaque_16432.png'
02:23.342  render           | Saved: '/tmp/clearvla_eval_opaque_16432.png'
02:23.715  render           | Saved: '/tmp/clearvla_eval_opaque_16432.png'
02:24.024  render           | Saved: '/tmp/clearvla_eval_opaque_16432.png'
02:24.407  render           | Saved: '/tmp/clearvla_eval_opaque_16432.png'
02:24.714  render           | Saved: '/tmp/clearvla_eval_opaque_16432.png'
02:25.092  render           | Saved: '/tmp/clearvla_eval_opaque_16432.png'
02:25.406  render           | Saved: '/tmp/clearvla_eval_opaque_16432.png'
02:25.786  render           | Saved: '/tmp/clearvla_eval_opaque_16432.png'
02:26.101  render           | Saved: '/tmp/clearvla_eval_opaque_16432.png'
02:26.481  render           | Saved: '/tmp/clearvla_eval_opaque_16432.png'
02:26.792  render           | Saved: '/tmp/clearvla_eval_opaque_16432.png'
02:27.187  render           | Saved: '/tmp/clearvla_eval_opaque_16432.png'
02:27.501  render           | Saved: '/tmp/clearvla_eval_opaque_16432.png'
[protect_prune25/opaque] grasp: 8/10  (2.4 min, 26.4 s/ep)
done 10 new episodes in 2.4 min -> /Users/yogyamehrotra/Desktop/ClearVLA/results/week4/smoke/protect_prune25_opaque.jsonl
