[transformers] Model config: bos_token_id must be `None` or an integer within the vocabulary (between 0 and 31999), got 49406. This may result in unexpected behavior.
[transformers] Model config: eos_token_id must be `None` or an integer within the vocabulary (between 0 and 31999), got 49407. This may result in unexpected behavior.
Loading weights:   0%|          | 0/408 [00:00<?, ?it/s]Loading weights: 100%|██████████| 408/408 [00:00<00:00, 21763.65it/s]
00:05.941  render           | Saved: '/tmp/clearvla_eval_opaque_10999.png'
00:06.267  render           | Saved: '/tmp/clearvla_eval_opaque_10999.png'
/Users/yogyamehrotra/miniconda3/envs/clearvla/lib/python3.11/site-packages/transformers/image_processing_backends.py:135: UserWarning: The given NumPy array is not writable, and PyTorch does not support non-writable tensors. This means writing to this tensor will result in undefined behavior. You may want to copy the array to protect its data or make it writable before converting it to a tensor. This type of warning will be suppressed for the rest of this program. (Triggered internally at /Users/runner/work/pytorch/pytorch/torch/csrc/utils/tensor_numpy.cpp:219.)
  image = torch.from_numpy(image).contiguous()
00:06.829  render           | Saved: '/tmp/clearvla_eval_opaque_10999.png'
00:07.190  render           | Saved: '/tmp/clearvla_eval_opaque_10999.png'
00:07.611  render           | Saved: '/tmp/clearvla_eval_opaque_10999.png'
00:07.961  render           | Saved: '/tmp/clearvla_eval_opaque_10999.png'
00:08.373  render           | Saved: '/tmp/clearvla_eval_opaque_10999.png'
00:08.721  render           | Saved: '/tmp/clearvla_eval_opaque_10999.png'
00:09.137  render           | Saved: '/tmp/clearvla_eval_opaque_10999.png'
00:09.485  render           | Saved: '/tmp/clearvla_eval_opaque_10999.png'
00:09.902  render           | Saved: '/tmp/clearvla_eval_opaque_10999.png'
00:10.244  render           | Saved: '/tmp/clearvla_eval_opaque_10999.png'
00:10.662  render           | Saved: '/tmp/clearvla_eval_opaque_10999.png'
00:10.992  render           | Saved: '/tmp/clearvla_eval_opaque_10999.png'
00:11.407  render           | Saved: '/tmp/clearvla_eval_opaque_10999.png'
00:11.729  render           | Saved: '/tmp/clearvla_eval_opaque_10999.png'
00:12.157  render           | Saved: '/tmp/clearvla_eval_opaque_10999.png'
00:12.482  render           | Saved: '/tmp/clearvla_eval_opaque_10999.png'
00:12.901  render           | Saved: '/tmp/clearvla_eval_opaque_10999.png'
00:13.241  render           | Saved: '/tmp/clearvla_eval_opaque_10999.png'
00:13.641  render           | Saved: '/tmp/clearvla_eval_opaque_10999.png'
00:13.967  render           | Saved: '/tmp/clearvla_eval_opaque_10999.png'
00:14.358  render           | Saved: '/tmp/clearvla_eval_opaque_10999.png'
00:14.701  render           | Saved: '/tmp/clearvla_eval_opaque_10999.png'
00:15.109  render           | Saved: '/tmp/clearvla_eval_opaque_10999.png'
00:15.436  render           | Saved: '/tmp/clearvla_eval_opaque_10999.png'
00:15.838  render           | Saved: '/tmp/clearvla_eval_opaque_10999.png'
00:16.167  render           | Saved: '/tmp/clearvla_eval_opaque_10999.png'
00:16.992  render           | Saved: '/tmp/clearvla_eval_opaque_10999.png'
00:17.311  render           | Saved: '/tmp/clearvla_eval_opaque_10999.png'
00:17.715  render           | Saved: '/tmp/clearvla_eval_opaque_10999.png'
00:18.045  render           | Saved: '/tmp/clearvla_eval_opaque_10999.png'
00:18.445  render           | Saved: '/tmp/clearvla_eval_opaque_10999.png'
00:18.768  render           | Saved: '/tmp/clearvla_eval_opaque_10999.png'
00:19.168  render           | Saved: '/tmp/clearvla_eval_opaque_10999.png'
00:19.492  render           | Saved: '/tmp/clearvla_eval_opaque_10999.png'
00:19.888  render           | Saved: '/tmp/clearvla_eval_opaque_10999.png'
00:20.211  render           | Saved: '/tmp/clearvla_eval_opaque_10999.png'
00:20.618  render           | Saved: '/tmp/clearvla_eval_opaque_10999.png'
00:20.975  render           | Saved: '/tmp/clearvla_eval_opaque_10999.png'
00:21.389  render           | Saved: '/tmp/clearvla_eval_opaque_10999.png'
00:21.744  render           | Saved: '/tmp/clearvla_eval_opaque_10999.png'
00:22.160  render           | Saved: '/tmp/clearvla_eval_opaque_10999.png'
00:22.515  render           | Saved: '/tmp/clearvla_eval_opaque_10999.png'
00:22.934  render           | Saved: '/tmp/clearvla_eval_opaque_10999.png'
00:23.300  render           | Saved: '/tmp/clearvla_eval_opaque_10999.png'
00:23.716  render           | Saved: '/tmp/clearvla_eval_opaque_10999.png'
00:24.046  render           | Saved: '/tmp/clearvla_eval_opaque_10999.png'
00:24.461  render           | Saved: '/tmp/clearvla_eval_opaque_10999.png'
00:24.788  render           | Saved: '/tmp/clearvla_eval_opaque_10999.png'
00:25.198  render           | Saved: '/tmp/clearvla_eval_opaque_10999.png'
00:25.525  render           | Saved: '/tmp/clearvla_eval_opaque_10999.png'
00:25.930  render           | Saved: '/tmp/clearvla_eval_opaque_10999.png'
00:26.262  render           | Saved: '/tmp/clearvla_eval_opaque_10999.png'
00:26.677  render           | Saved: '/tmp/clearvla_eval_opaque_10999.png'
00:27.005  render           | Saved: '/tmp/clearvla_eval_opaque_10999.png'
00:27.396  render           | Saved: '/tmp/clearvla_eval_opaque_10999.png'
00:27.740  render           | Saved: '/tmp/clearvla_eval_opaque_10999.png'
00:28.139  render           | Saved: '/tmp/clearvla_eval_opaque_10999.png'
00:28.462  render           | Saved: '/tmp/clearvla_eval_opaque_10999.png'
00:28.865  render           | Saved: '/tmp/clearvla_eval_opaque_10999.png'
00:29.190  render           | Saved: '/tmp/clearvla_eval_opaque_10999.png'
00:29.595  render           | Saved: '/tmp/clearvla_eval_opaque_10999.png'
00:29.938  render           | Saved: '/tmp/clearvla_eval_opaque_10999.png'
00:30.336  render           | Saved: '/tmp/clearvla_eval_opaque_10999.png'
00:30.695  render           | Saved: '/tmp/clearvla_eval_opaque_10999.png'
00:31.113  render           | Saved: '/tmp/clearvla_eval_opaque_10999.png'
00:31.474  render           | Saved: '/tmp/clearvla_eval_opaque_10999.png'
00:31.897  render           | Saved: '/tmp/clearvla_eval_opaque_10999.png'
00:32.230  render           | Saved: '/tmp/clearvla_eval_opaque_10999.png'
00:32.648  render           | Saved: '/tmp/clearvla_eval_opaque_10999.png'
00:32.986  render           | Saved: '/tmp/clearvla_eval_opaque_10999.png'
00:33.391  render           | Saved: '/tmp/clearvla_eval_opaque_10999.png'
00:33.721  render           | Saved: '/tmp/clearvla_eval_opaque_10999.png'
00:34.129  render           | Saved: '/tmp/clearvla_eval_opaque_10999.png'
00:34.451  render           | Saved: '/tmp/clearvla_eval_opaque_10999.png'
00:34.853  render           | Saved: '/tmp/clearvla_eval_opaque_10999.png'
00:35.184  render           | Saved: '/tmp/clearvla_eval_opaque_10999.png'
00:35.602  render           | Saved: '/tmp/clearvla_eval_opaque_10999.png'
00:35.931  render           | Saved: '/tmp/clearvla_eval_opaque_10999.png'
00:36.330  render           | Saved: '/tmp/clearvla_eval_opaque_10999.png'
00:36.685  render           | Saved: '/tmp/clearvla_eval_opaque_10999.png'
00:37.084  render           | Saved: '/tmp/clearvla_eval_opaque_10999.png'
00:37.412  render           | Saved: '/tmp/clearvla_eval_opaque_10999.png'
00:37.814  render           | Saved: '/tmp/clearvla_eval_opaque_10999.png'
00:38.140  render           | Saved: '/tmp/clearvla_eval_opaque_10999.png'
00:38.537  render           | Saved: '/tmp/clearvla_eval_opaque_10999.png'
00:38.866  render           | Saved: '/tmp/clearvla_eval_opaque_10999.png'
00:39.273  render           | Saved: '/tmp/clearvla_eval_opaque_10999.png'
00:39.618  render           | Saved: '/tmp/clearvla_eval_opaque_10999.png'
00:40.008  render           | Saved: '/tmp/clearvla_eval_opaque_10999.png'
00:40.347  render           | Saved: '/tmp/clearvla_eval_opaque_10999.png'
00:40.762  render           | Saved: '/tmp/clearvla_eval_opaque_10999.png'
00:41.108  render           | Saved: '/tmp/clearvla_eval_opaque_10999.png'
00:41.523  render           | Saved: '/tmp/clearvla_eval_opaque_10999.png'
00:41.888  render           | Saved: '/tmp/clearvla_eval_opaque_10999.png'
00:42.303  render           | Saved: '/tmp/clearvla_eval_opaque_10999.png'
00:42.663  render           | Saved: '/tmp/clearvla_eval_opaque_10999.png'
00:43.074  render           | Saved: '/tmp/clearvla_eval_opaque_10999.png'
00:43.430  render           | Saved: '/tmp/clearvla_eval_opaque_10999.png'
00:43.850  render           | Saved: '/tmp/clearvla_eval_opaque_10999.png'
00:44.198  render           | Saved: '/tmp/clearvla_eval_opaque_10999.png'
00:44.622  render           | Saved: '/tmp/clearvla_eval_opaque_10999.png'
00:44.963  render           | Saved: '/tmp/clearvla_eval_opaque_10999.png'
00:45.796  render           | Saved: '/tmp/clearvla_eval_opaque_10999.png'
00:46.113  render           | Saved: '/tmp/clearvla_eval_opaque_10999.png'
00:46.527  render           | Saved: '/tmp/clearvla_eval_opaque_10999.png'
00:46.869  render           | Saved: '/tmp/clearvla_eval_opaque_10999.png'
00:47.285  render           | Saved: '/tmp/clearvla_eval_opaque_10999.png'
00:47.631  render           | Saved: '/tmp/clearvla_eval_opaque_10999.png'
00:48.029  render           | Saved: '/tmp/clearvla_eval_opaque_10999.png'
00:48.378  render           | Saved: '/tmp/clearvla_eval_opaque_10999.png'
00:48.774  render           | Saved: '/tmp/clearvla_eval_opaque_10999.png'
00:49.137  render           | Saved: '/tmp/clearvla_eval_opaque_10999.png'
00:49.564  render           | Saved: '/tmp/clearvla_eval_opaque_10999.png'
00:49.902  render           | Saved: '/tmp/clearvla_eval_opaque_10999.png'
00:50.338  render           | Saved: '/tmp/clearvla_eval_opaque_10999.png'
00:50.705  render           | Saved: '/tmp/clearvla_eval_opaque_10999.png'
00:51.123  render           | Saved: '/tmp/clearvla_eval_opaque_10999.png'
00:51.474  render           | Saved: '/tmp/clearvla_eval_opaque_10999.png'
00:51.897  render           | Saved: '/tmp/clearvla_eval_opaque_10999.png'
00:52.235  render           | Saved: '/tmp/clearvla_eval_opaque_10999.png'
00:52.651  render           | Saved: '/tmp/clearvla_eval_opaque_10999.png'
00:52.985  render           | Saved: '/tmp/clearvla_eval_opaque_10999.png'
00:53.412  render           | Saved: '/tmp/clearvla_eval_opaque_10999.png'
00:53.742  render           | Saved: '/tmp/clearvla_eval_opaque_10999.png'
00:54.155  render           | Saved: '/tmp/clearvla_eval_opaque_10999.png'
00:54.488  render           | Saved: '/tmp/clearvla_eval_opaque_10999.png'
00:54.904  render           | Saved: '/tmp/clearvla_eval_opaque_10999.png'
00:55.234  render           | Saved: '/tmp/clearvla_eval_opaque_10999.png'
00:55.655  render           | Saved: '/tmp/clearvla_eval_opaque_10999.png'
00:55.990  render           | Saved: '/tmp/clearvla_eval_opaque_10999.png'
00:56.400  render           | Saved: '/tmp/clearvla_eval_opaque_10999.png'
00:56.735  render           | Saved: '/tmp/clearvla_eval_opaque_10999.png'
00:57.581  render           | Saved: '/tmp/clearvla_eval_opaque_10999.png'
00:57.908  render           | Saved: '/tmp/clearvla_eval_opaque_10999.png'
00:58.344  render           | Saved: '/tmp/clearvla_eval_opaque_10999.png'
00:58.682  render           | Saved: '/tmp/clearvla_eval_opaque_10999.png'
00:59.102  render           | Saved: '/tmp/clearvla_eval_opaque_10999.png'
00:59.444  render           | Saved: '/tmp/clearvla_eval_opaque_10999.png'
00:59.865  render           | Saved: '/tmp/clearvla_eval_opaque_10999.png'
01:00.218  render           | Saved: '/tmp/clearvla_eval_opaque_10999.png'
01:00.623  render           | Saved: '/tmp/clearvla_eval_opaque_10999.png'
01:00.961  render           | Saved: '/tmp/clearvla_eval_opaque_10999.png'
01:01.368  render           | Saved: '/tmp/clearvla_eval_opaque_10999.png'
01:01.702  render           | Saved: '/tmp/clearvla_eval_opaque_10999.png'
01:02.143  render           | Saved: '/tmp/clearvla_eval_opaque_10999.png'
01:02.503  render           | Saved: '/tmp/clearvla_eval_opaque_10999.png'
01:02.916  render           | Saved: '/tmp/clearvla_eval_opaque_10999.png'
01:03.262  render           | Saved: '/tmp/clearvla_eval_opaque_10999.png'
01:03.679  render           | Saved: '/tmp/clearvla_eval_opaque_10999.png'
01:04.023  render           | Saved: '/tmp/clearvla_eval_opaque_10999.png'
01:04.452  render           | Saved: '/tmp/clearvla_eval_opaque_10999.png'
01:04.793  render           | Saved: '/tmp/clearvla_eval_opaque_10999.png'
01:05.219  render           | Saved: '/tmp/clearvla_eval_opaque_10999.png'
01:05.545  render           | Saved: '/tmp/clearvla_eval_opaque_10999.png'
01:05.967  render           | Saved: '/tmp/clearvla_eval_opaque_10999.png'
01:06.290  render           | Saved: '/tmp/clearvla_eval_opaque_10999.png'
01:06.711  render           | Saved: '/tmp/clearvla_eval_opaque_10999.png'
01:07.042  render           | Saved: '/tmp/clearvla_eval_opaque_10999.png'
01:07.462  render           | Saved: '/tmp/clearvla_eval_opaque_10999.png'
01:07.800  render           | Saved: '/tmp/clearvla_eval_opaque_10999.png'
01:08.213  render           | Saved: '/tmp/clearvla_eval_opaque_10999.png'
01:08.537  render           | Saved: '/tmp/clearvla_eval_opaque_10999.png'
01:08.948  render           | Saved: '/tmp/clearvla_eval_opaque_10999.png'
01:09.286  render           | Saved: '/tmp/clearvla_eval_opaque_10999.png'
01:10.123  render           | Saved: '/tmp/clearvla_eval_opaque_10999.png'
01:10.438  render           | Saved: '/tmp/clearvla_eval_opaque_10999.png'
01:10.854  render           | Saved: '/tmp/clearvla_eval_opaque_10999.png'
01:11.177  render           | Saved: '/tmp/clearvla_eval_opaque_10999.png'
01:11.585  render           | Saved: '/tmp/clearvla_eval_opaque_10999.png'
01:11.921  render           | Saved: '/tmp/clearvla_eval_opaque_10999.png'
01:12.340  render           | Saved: '/tmp/clearvla_eval_opaque_10999.png'
01:12.690  render           | Saved: '/tmp/clearvla_eval_opaque_10999.png'
01:13.104  render           | Saved: '/tmp/clearvla_eval_opaque_10999.png'
01:13.451  render           | Saved: '/tmp/clearvla_eval_opaque_10999.png'
01:13.871  render           | Saved: '/tmp/clearvla_eval_opaque_10999.png'
01:14.215  render           | Saved: '/tmp/clearvla_eval_opaque_10999.png'
01:14.636  render           | Saved: '/tmp/clearvla_eval_opaque_10999.png'
01:14.984  render           | Saved: '/tmp/clearvla_eval_opaque_10999.png'
01:15.404  render           | Saved: '/tmp/clearvla_eval_opaque_10999.png'
01:15.737  render           | Saved: '/tmp/clearvla_eval_opaque_10999.png'
01:16.152  render           | Saved: '/tmp/clearvla_eval_opaque_10999.png'
01:16.492  render           | Saved: '/tmp/clearvla_eval_opaque_10999.png'
01:16.914  render           | Saved: '/tmp/clearvla_eval_opaque_10999.png'
01:17.254  render           | Saved: '/tmp/clearvla_eval_opaque_10999.png'
01:17.671  render           | Saved: '/tmp/clearvla_eval_opaque_10999.png'
01:17.997  render           | Saved: '/tmp/clearvla_eval_opaque_10999.png'
01:18.417  render           | Saved: '/tmp/clearvla_eval_opaque_10999.png'
01:18.745  render           | Saved: '/tmp/clearvla_eval_opaque_10999.png'
01:19.158  render           | Saved: '/tmp/clearvla_eval_opaque_10999.png'
01:19.508  render           | Saved: '/tmp/clearvla_eval_opaque_10999.png'
01:19.925  render           | Saved: '/tmp/clearvla_eval_opaque_10999.png'
01:20.269  render           | Saved: '/tmp/clearvla_eval_opaque_10999.png'
01:20.684  render           | Saved: '/tmp/clearvla_eval_opaque_10999.png'
01:21.022  render           | Saved: '/tmp/clearvla_eval_opaque_10999.png'
01:21.434  render           | Saved: '/tmp/clearvla_eval_opaque_10999.png'
01:21.784  render           | Saved: '/tmp/clearvla_eval_opaque_10999.png'
01:22.203  render           | Saved: '/tmp/clearvla_eval_opaque_10999.png'
01:22.560  render           | Saved: '/tmp/clearvla_eval_opaque_10999.png'
01:22.979  render           | Saved: '/tmp/clearvla_eval_opaque_10999.png'
01:23.319  render           | Saved: '/tmp/clearvla_eval_opaque_10999.png'
01:24.141  render           | Saved: '/tmp/clearvla_eval_opaque_10999.png'
01:24.464  render           | Saved: '/tmp/clearvla_eval_opaque_10999.png'
01:24.902  render           | Saved: '/tmp/clearvla_eval_opaque_10999.png'
01:25.224  render           | Saved: '/tmp/clearvla_eval_opaque_10999.png'
01:25.627  render           | Saved: '/tmp/clearvla_eval_opaque_10999.png'
01:25.960  render           | Saved: '/tmp/clearvla_eval_opaque_10999.png'
01:26.379  render           | Saved: '/tmp/clearvla_eval_opaque_10999.png'
01:26.719  render           | Saved: '/tmp/clearvla_eval_opaque_10999.png'
01:27.130  render           | Saved: '/tmp/clearvla_eval_opaque_10999.png'
01:27.479  render           | Saved: '/tmp/clearvla_eval_opaque_10999.png'
01:27.894  render           | Saved: '/tmp/clearvla_eval_opaque_10999.png'
01:28.245  render           | Saved: '/tmp/clearvla_eval_opaque_10999.png'
01:28.666  render           | Saved: '/tmp/clearvla_eval_opaque_10999.png'
01:29.020  render           | Saved: '/tmp/clearvla_eval_opaque_10999.png'
01:29.438  render           | Saved: '/tmp/clearvla_eval_opaque_10999.png'
01:29.781  render           | Saved: '/tmp/clearvla_eval_opaque_10999.png'
01:30.203  render           | Saved: '/tmp/clearvla_eval_opaque_10999.png'
01:30.555  render           | Saved: '/tmp/clearvla_eval_opaque_10999.png'
01:30.971  render           | Saved: '/tmp/clearvla_eval_opaque_10999.png'
01:31.315  render           | Saved: '/tmp/clearvla_eval_opaque_10999.png'
01:31.730  render           | Saved: '/tmp/clearvla_eval_opaque_10999.png'
01:32.073  render           | Saved: '/tmp/clearvla_eval_opaque_10999.png'
01:32.486  render           | Saved: '/tmp/clearvla_eval_opaque_10999.png'
01:32.820  render           | Saved: '/tmp/clearvla_eval_opaque_10999.png'
01:33.237  render           | Saved: '/tmp/clearvla_eval_opaque_10999.png'
01:33.590  render           | Saved: '/tmp/clearvla_eval_opaque_10999.png'
01:34.014  render           | Saved: '/tmp/clearvla_eval_opaque_10999.png'
01:34.357  render           | Saved: '/tmp/clearvla_eval_opaque_10999.png'
01:34.769  render           | Saved: '/tmp/clearvla_eval_opaque_10999.png'
01:35.107  render           | Saved: '/tmp/clearvla_eval_opaque_10999.png'
01:35.923  render           | Saved: '/tmp/clearvla_eval_opaque_10999.png'
01:36.255  render           | Saved: '/tmp/clearvla_eval_opaque_10999.png'
01:36.668  render           | Saved: '/tmp/clearvla_eval_opaque_10999.png'
01:37.005  render           | Saved: '/tmp/clearvla_eval_opaque_10999.png'
01:37.426  render           | Saved: '/tmp/clearvla_eval_opaque_10999.png'
01:37.764  render           | Saved: '/tmp/clearvla_eval_opaque_10999.png'
01:38.179  render           | Saved: '/tmp/clearvla_eval_opaque_10999.png'
01:38.527  render           | Saved: '/tmp/clearvla_eval_opaque_10999.png'
01:38.954  render           | Saved: '/tmp/clearvla_eval_opaque_10999.png'
01:39.305  render           | Saved: '/tmp/clearvla_eval_opaque_10999.png'
01:39.721  render           | Saved: '/tmp/clearvla_eval_opaque_10999.png'
01:40.055  render           | Saved: '/tmp/clearvla_eval_opaque_10999.png'
01:40.471  render           | Saved: '/tmp/clearvla_eval_opaque_10999.png'
01:40.812  render           | Saved: '/tmp/clearvla_eval_opaque_10999.png'
01:41.228  render           | Saved: '/tmp/clearvla_eval_opaque_10999.png'
01:41.576  render           | Saved: '/tmp/clearvla_eval_opaque_10999.png'
01:41.995  render           | Saved: '/tmp/clearvla_eval_opaque_10999.png'
01:42.338  render           | Saved: '/tmp/clearvla_eval_opaque_10999.png'
01:42.764  render           | Saved: '/tmp/clearvla_eval_opaque_10999.png'
01:43.108  render           | Saved: '/tmp/clearvla_eval_opaque_10999.png'
01:43.526  render           | Saved: '/tmp/clearvla_eval_opaque_10999.png'
01:43.855  render           | Saved: '/tmp/clearvla_eval_opaque_10999.png'
01:44.265  render           | Saved: '/tmp/clearvla_eval_opaque_10999.png'
01:44.604  render           | Saved: '/tmp/clearvla_eval_opaque_10999.png'
01:45.018  render           | Saved: '/tmp/clearvla_eval_opaque_10999.png'
01:45.355  render           | Saved: '/tmp/clearvla_eval_opaque_10999.png'
01:45.763  render           | Saved: '/tmp/clearvla_eval_opaque_10999.png'
01:46.112  render           | Saved: '/tmp/clearvla_eval_opaque_10999.png'
01:46.929  render           | Saved: '/tmp/clearvla_eval_opaque_10999.png'
01:47.258  render           | Saved: '/tmp/clearvla_eval_opaque_10999.png'
01:47.677  render           | Saved: '/tmp/clearvla_eval_opaque_10999.png'
01:48.005  render           | Saved: '/tmp/clearvla_eval_opaque_10999.png'
01:48.421  render           | Saved: '/tmp/clearvla_eval_opaque_10999.png'
01:48.763  render           | Saved: '/tmp/clearvla_eval_opaque_10999.png'
01:49.180  render           | Saved: '/tmp/clearvla_eval_opaque_10999.png'
01:49.514  render           | Saved: '/tmp/clearvla_eval_opaque_10999.png'
01:49.924  render           | Saved: '/tmp/clearvla_eval_opaque_10999.png'
01:50.282  render           | Saved: '/tmp/clearvla_eval_opaque_10999.png'
01:50.699  render           | Saved: '/tmp/clearvla_eval_opaque_10999.png'
01:51.045  render           | Saved: '/tmp/clearvla_eval_opaque_10999.png'
01:51.463  render           | Saved: '/tmp/clearvla_eval_opaque_10999.png'
01:51.801  render           | Saved: '/tmp/clearvla_eval_opaque_10999.png'
01:52.230  render           | Saved: '/tmp/clearvla_eval_opaque_10999.png'
01:52.566  render           | Saved: '/tmp/clearvla_eval_opaque_10999.png'
01:52.991  render           | Saved: '/tmp/clearvla_eval_opaque_10999.png'
01:53.318  render           | Saved: '/tmp/clearvla_eval_opaque_10999.png'
01:53.741  render           | Saved: '/tmp/clearvla_eval_opaque_10999.png'
01:54.081  render           | Saved: '/tmp/clearvla_eval_opaque_10999.png'
01:54.506  render           | Saved: '/tmp/clearvla_eval_opaque_10999.png'
01:54.841  render           | Saved: '/tmp/clearvla_eval_opaque_10999.png'
01:55.251  render           | Saved: '/tmp/clearvla_eval_opaque_10999.png'
01:55.602  render           | Saved: '/tmp/clearvla_eval_opaque_10999.png'
01:56.011  render           | Saved: '/tmp/clearvla_eval_opaque_10999.png'
01:56.352  render           | Saved: '/tmp/clearvla_eval_opaque_10999.png'
01:56.763  render           | Saved: '/tmp/clearvla_eval_opaque_10999.png'
01:57.110  render           | Saved: '/tmp/clearvla_eval_opaque_10999.png'
01:57.516  render           | Saved: '/tmp/clearvla_eval_opaque_10999.png'
01:57.846  render           | Saved: '/tmp/clearvla_eval_opaque_10999.png'
01:58.676  render           | Saved: '/tmp/clearvla_eval_opaque_10999.png'
01:58.993  render           | Saved: '/tmp/clearvla_eval_opaque_10999.png'
01:59.406  render           | Saved: '/tmp/clearvla_eval_opaque_10999.png'
01:59.724  render           | Saved: '/tmp/clearvla_eval_opaque_10999.png'
02:00.150  render           | Saved: '/tmp/clearvla_eval_opaque_10999.png'
02:00.489  render           | Saved: '/tmp/clearvla_eval_opaque_10999.png'
02:00.897  render           | Saved: '/tmp/clearvla_eval_opaque_10999.png'
02:01.219  render           | Saved: '/tmp/clearvla_eval_opaque_10999.png'
02:01.628  render           | Saved: '/tmp/clearvla_eval_opaque_10999.png'
02:01.949  render           | Saved: '/tmp/clearvla_eval_opaque_10999.png'
02:02.345  render           | Saved: '/tmp/clearvla_eval_opaque_10999.png'
02:02.666  render           | Saved: '/tmp/clearvla_eval_opaque_10999.png'
02:03.071  render           | Saved: '/tmp/clearvla_eval_opaque_10999.png'
02:03.393  render           | Saved: '/tmp/clearvla_eval_opaque_10999.png'
02:03.795  render           | Saved: '/tmp/clearvla_eval_opaque_10999.png'
02:04.118  render           | Saved: '/tmp/clearvla_eval_opaque_10999.png'
02:04.529  render           | Saved: '/tmp/clearvla_eval_opaque_10999.png'
02:04.867  render           | Saved: '/tmp/clearvla_eval_opaque_10999.png'
02:05.286  render           | Saved: '/tmp/clearvla_eval_opaque_10999.png'
02:05.614  render           | Saved: '/tmp/clearvla_eval_opaque_10999.png'
02:06.023  render           | Saved: '/tmp/clearvla_eval_opaque_10999.png'
02:06.351  render           | Saved: '/tmp/clearvla_eval_opaque_10999.png'
02:06.754  render           | Saved: '/tmp/clearvla_eval_opaque_10999.png'
02:07.080  render           | Saved: '/tmp/clearvla_eval_opaque_10999.png'
02:07.491  render           | Saved: '/tmp/clearvla_eval_opaque_10999.png'
02:07.818  render           | Saved: '/tmp/clearvla_eval_opaque_10999.png'
02:08.215  render           | Saved: '/tmp/clearvla_eval_opaque_10999.png'
02:08.546  render           | Saved: '/tmp/clearvla_eval_opaque_10999.png'
02:08.950  render           | Saved: '/tmp/clearvla_eval_opaque_10999.png'
02:09.286  render           | Saved: '/tmp/clearvla_eval_opaque_10999.png'
02:10.102  render           | Saved: '/tmp/clearvla_eval_opaque_10999.png'
02:10.419  render           | Saved: '/tmp/clearvla_eval_opaque_10999.png'
02:10.835  render           | Saved: '/tmp/clearvla_eval_opaque_10999.png'
02:11.157  render           | Saved: '/tmp/clearvla_eval_opaque_10999.png'
02:11.566  render           | Saved: '/tmp/clearvla_eval_opaque_10999.png'
02:11.900  render           | Saved: '/tmp/clearvla_eval_opaque_10999.png'
02:12.311  render           | Saved: '/tmp/clearvla_eval_opaque_10999.png'
02:12.665  render           | Saved: '/tmp/clearvla_eval_opaque_10999.png'
02:13.089  render           | Saved: '/tmp/clearvla_eval_opaque_10999.png'
02:13.427  render           | Saved: '/tmp/clearvla_eval_opaque_10999.png'
02:13.837  render           | Saved: '/tmp/clearvla_eval_opaque_10999.png'
02:14.174  render           | Saved: '/tmp/clearvla_eval_opaque_10999.png'
02:14.591  render           | Saved: '/tmp/clearvla_eval_opaque_10999.png'
02:14.919  render           | Saved: '/tmp/clearvla_eval_opaque_10999.png'
02:15.324  render           | Saved: '/tmp/clearvla_eval_opaque_10999.png'
02:15.663  render           | Saved: '/tmp/clearvla_eval_opaque_10999.png'
02:16.074  render           | Saved: '/tmp/clearvla_eval_opaque_10999.png'
02:16.410  render           | Saved: '/tmp/clearvla_eval_opaque_10999.png'
02:16.832  render           | Saved: '/tmp/clearvla_eval_opaque_10999.png'
02:17.168  render           | Saved: '/tmp/clearvla_eval_opaque_10999.png'
02:17.581  render           | Saved: '/tmp/clearvla_eval_opaque_10999.png'
02:17.918  render           | Saved: '/tmp/clearvla_eval_opaque_10999.png'
02:18.338  render           | Saved: '/tmp/clearvla_eval_opaque_10999.png'
02:18.672  render           | Saved: '/tmp/clearvla_eval_opaque_10999.png'
02:19.086  render           | Saved: '/tmp/clearvla_eval_opaque_10999.png'
02:19.426  render           | Saved: '/tmp/clearvla_eval_opaque_10999.png'
02:19.833  render           | Saved: '/tmp/clearvla_eval_opaque_10999.png'
02:20.173  render           | Saved: '/tmp/clearvla_eval_opaque_10999.png'
02:20.583  render           | Saved: '/tmp/clearvla_eval_opaque_10999.png'
02:20.910  render           | Saved: '/tmp/clearvla_eval_opaque_10999.png'
02:21.314  render           | Saved: '/tmp/clearvla_eval_opaque_10999.png'
02:21.657  render           | Saved: '/tmp/clearvla_eval_opaque_10999.png'
02:22.075  render           | Saved: '/tmp/clearvla_eval_opaque_10999.png'
02:22.407  render           | Saved: '/tmp/clearvla_eval_opaque_10999.png'
02:22.818  render           | Saved: '/tmp/clearvla_eval_opaque_10999.png'
02:23.156  render           | Saved: '/tmp/clearvla_eval_opaque_10999.png'
02:23.565  render           | Saved: '/tmp/clearvla_eval_opaque_10999.png'
02:23.904  render           | Saved: '/tmp/clearvla_eval_opaque_10999.png'
02:24.314  render           | Saved: '/tmp/clearvla_eval_opaque_10999.png'
02:24.653  render           | Saved: '/tmp/clearvla_eval_opaque_10999.png'
02:25.063  render           | Saved: '/tmp/clearvla_eval_opaque_10999.png'
02:25.395  render           | Saved: '/tmp/clearvla_eval_opaque_10999.png'
02:25.803  render           | Saved: '/tmp/clearvla_eval_opaque_10999.png'
02:26.137  render           | Saved: '/tmp/clearvla_eval_opaque_10999.png'
02:26.543  render           | Saved: '/tmp/clearvla_eval_opaque_10999.png'
02:26.883  render           | Saved: '/tmp/clearvla_eval_opaque_10999.png'
02:27.294  render           | Saved: '/tmp/clearvla_eval_opaque_10999.png'
02:27.627  render           | Saved: '/tmp/clearvla_eval_opaque_10999.png'
02:28.043  render           | Saved: '/tmp/clearvla_eval_opaque_10999.png'
02:28.394  render           | Saved: '/tmp/clearvla_eval_opaque_10999.png'
02:28.827  render           | Saved: '/tmp/clearvla_eval_opaque_10999.png'
02:29.151  render           | Saved: '/tmp/clearvla_eval_opaque_10999.png'
02:29.562  render           | Saved: '/tmp/clearvla_eval_opaque_10999.png'
02:29.901  render           | Saved: '/tmp/clearvla_eval_opaque_10999.png'
02:30.311  render           | Saved: '/tmp/clearvla_eval_opaque_10999.png'
02:30.645  render           | Saved: '/tmp/clearvla_eval_opaque_10999.png'
02:31.058  render           | Saved: '/tmp/clearvla_eval_opaque_10999.png'
02:31.395  render           | Saved: '/tmp/clearvla_eval_opaque_10999.png'
02:31.794  render           | Saved: '/tmp/clearvla_eval_opaque_10999.png'
02:32.124  render           | Saved: '/tmp/clearvla_eval_opaque_10999.png'
02:32.533  render           | Saved: '/tmp/clearvla_eval_opaque_10999.png'
02:32.881  render           | Saved: '/tmp/clearvla_eval_opaque_10999.png'
02:33.304  render           | Saved: '/tmp/clearvla_eval_opaque_10999.png'
02:33.642  render           | Saved: '/tmp/clearvla_eval_opaque_10999.png'
02:34.058  render           | Saved: '/tmp/clearvla_eval_opaque_10999.png'
02:34.398  render           | Saved: '/tmp/clearvla_eval_opaque_10999.png'
02:34.810  render           | Saved: '/tmp/clearvla_eval_opaque_10999.png'
02:35.142  render           | Saved: '/tmp/clearvla_eval_opaque_10999.png'
02:35.556  render           | Saved: '/tmp/clearvla_eval_opaque_10999.png'
02:35.880  render           | Saved: '/tmp/clearvla_eval_opaque_10999.png'
02:36.285  render           | Saved: '/tmp/clearvla_eval_opaque_10999.png'
02:36.620  render           | Saved: '/tmp/clearvla_eval_opaque_10999.png'
02:37.027  render           | Saved: '/tmp/clearvla_eval_opaque_10999.png'
02:37.359  render           | Saved: '/tmp/clearvla_eval_opaque_10999.png'
02:37.768  render           | Saved: '/tmp/clearvla_eval_opaque_10999.png'
02:38.099  render           | Saved: '/tmp/clearvla_eval_opaque_10999.png'
[prune12/opaque] grasp: 8/10  (2.6 min, 28.4 s/ep)
done 10 new episodes in 2.6 min -> /Users/yogyamehrotra/Desktop/ClearVLA/results/week4/smoke/prune12_opaque.jsonl
